--------- beginning of main
D/wpa_supplicant(27986): wlan0: Control interface command 'SIGNAL_POLL'
V/WLAN_PSA(  281): NL MSG, len[4067], NL type[0x1C] WNI type[0x5900] len[51983]
V/WLAN_PSA(  281): NL MSG, PID: 281
I/ServiceManager(12361): Waiting for service AtCmdFwd...
D/AndroidRuntime(12372): >>>>>> START com.android.internal.os.RuntimeInit uid 2000 <<<<<<
D/AndroidRuntime(12372): CheckJNI is OFF
D/AndroidRuntime(12372): Calling main entry com.android.commands.pm.Pm
I/art     (12372): System.exit called, status: 0
I/AndroidRuntime(12372): VM exiting with result code 0.
I/ServiceManager(12361): Waiting for service AtCmdFwd...
D/AndroidRuntime(12387): >>>>>> START com.android.internal.os.RuntimeInit uid 2000 <<<<<<
D/AndroidRuntime(12387): CheckJNI is OFF
D/AndroidRuntime(12387): Calling main entry com.android.commands.pm.Pm
I/art     (12387): System.exit called, status: 0
I/AndroidRuntime(12387): VM exiting with result code 0.
D/AndroidRuntime(12402): >>>>>> START com.android.internal.os.RuntimeInit uid 2000 <<<<<<
D/AndroidRuntime(12402): CheckJNI is OFF
D/AndroidRuntime(12402): Calling main entry com.android.commands.monkey.Monkey
--------- beginning of system
W/BroadcastQueue(  791): Skipping deliver [background] BroadcastRecord{2654f5bd u-1 android.net.conn.CONNECTIVITY_CHANGE} to ReceiverList{23a67b2 12402 (unknown name)/2000/u-1 remote:14f8e767}: process crashing
I/Timeline(12402): Timeline: Activity_launch_request id:com.test.ui.activities.nihao time:43195483
I/ActivityManager(  791): START u0 {act=android.intent.action.MAIN cat=[android.intent.category.LAUNCHER] flg=0x10200000 cmp=com.test.ui.activities.nihao/com.test.ui.activities.MainActivity} from uid 2000 on display 0
V/WindowManager(  791): addAppToken: AppWindowToken{6030b9 token=Token{22d5b280 ActivityRecord{24229303 u0 com.test.ui.activities.nihao/com.test.ui.activities.MainActivity t1025}}} to stack=1 task=1025 at 0
I/ViewRootImpl(  791): CPU Rendering VSync enable = true
V/WindowManager(  791): Adding window Window{9a75198 u0 Starting com.test.ui.activities.nihao} at 4 of 9 (after Window{bc046b1 u0 com.verifone.scb.presentation/com.verifone.adc.presentation.view.activities.MainActivity})
I/SurfaceFlinger(  259): FPS: 1
D/MyApplication(12335): Add activity=com.test.ui.activities.MainActivity
W/art     (12335): Before Android 4.1, method android.graphics.PorterDuffColorFilter android.support.graphics.drawable.VectorDrawableCompat.updateTintFilter(android.graphics.PorterDuffColorFilter, android.content.res.ColorStateList, android.graphics.PorterDuff$Mode) would have incorrectly overridden the package-private method in android.graphics.drawable.Drawable
I/art     (12402): System.exit called, status: 0
I/AndroidRuntime(12402): VM exiting with result code 0.
D/UIAutomatorStub( 6033): URI: /jsonrpc/0, Method: POST, params, {NanoHttpd.QUERY_STRING=null}, files: {postData={"jsonrpc": "2.0", "id": "a79a9a708d79f25bc40dac39d8ea4b4a", "method": "waitForExists", "params": [{"mask": 1, "childOrSibling": [], "childOrSiblingSelector": [], "text": "\u6d4b\u8bd5\u5de5\u5177"}, 5000]}}
W/QueryController( 6033): Could not detect idle state.
D/PackageUtil(12335): className=com.test.logic.service_accesser.ADCServiceAccesser
D/PackageUtil(12335): idx=-1
D/PackageUtil(12335): className=com.test.logic.service_accesser.BOCServiceAccesser
D/PackageUtil(12335): idx=-1
D/PackageUtil(12335): className=com.test.logic.service_accesser.CBCServiceAccesser
D/PackageUtil(12335): idx=-1
D/PackageUtil(12335): className=com.test.logic.service_accesser.ICBCServiceAccesser
D/PackageUtil(12335): idx=-1
D/PackageUtil(12335): className=com.test.logic.service_accesser.RKServiceAccesser
D/PackageUtil(12335): idx=-1
D/PackageUtil(12335): className=com.test.logic.service_accesser.UMSServiceAccesser
D/PackageUtil(12335): idx=-1
D/PackageUtil(12335): className=com.test.logic.service_accesser.VFIServiceAccesser
D/PackageUtil(12335): idx=-1
D/PackageUtil(12335): className=com.test.logic.service_accesser.interfaces.ServiceAccessInterface
D/PackageUtil(12335): idx=10
D/PackageUtil(12335): className=com.test.logic.service_accesser.service_accesser.ServiceAccesser
D/PackageUtil(12335): idx=16
D/ServiceTester(12335): ClassFullName[com.test.logic.service_accesser.ADCServiceAccesser]
D/ServiceTester(12335): ClassName[ADCServiceAccesser]
D/ServiceTester(12335): Module package path=[com.test.logic.testmodules.adc_modules].
W/UiDevice( 6033): Skipping null root node for window: AccessibilityWindowInfo[id=12, type=TYPE_APPLICATION, layer=21015, bounds=Rect(0, 0 - 720, 1280), focused=true, active=true, hasParent=false, hasChildren=false]
D/ServiceTester(12335): ClassFullName[com.test.logic.service_accesser.BOCServiceAccesser]
D/ServiceTester(12335): ClassName[BOCServiceAccesser]
D/ServiceTester(12335): Module package path=[com.test.logic.testmodules.boc_modules].
I/ServiceManager(12361): Waiting for service AtCmdFwd...
D/PackageUtil(12335): className=com.test.logic.testmodules.boc_modules.BeepTestCase
D/PackageUtil(12335): idx=-1
D/PackageUtil(12335): className=com.test.logic.testmodules.boc_modules.CardReaderTestCase
D/PackageUtil(12335): idx=-1
D/PackageUtil(12335): className=com.test.logic.testmodules.boc_modules.DeviceInfoTestCase
D/PackageUtil(12335): idx=-1
D/PackageUtil(12335): className=com.test.logic.testmodules.boc_modules.DeviceServiceTestCase
D/PackageUtil(12335): idx=-1
D/PackageUtil(12335): className=com.test.logic.testmodules.boc_modules.ICCardTestCase
D/PackageUtil(12335): idx=-1
D/PackageUtil(12335): className=com.test.logic.testmodules.boc_modules.LedTestCase
D/PackageUtil(12335): idx=-1
D/PackageUtil(12335): className=com.test.logic.testmodules.boc_modules.PinpadTestCase
D/PackageUtil(12335): idx=-1
D/PackageUtil(12335): className=com.test.logic.testmodules.boc_modules.PrinterTestCase
D/PackageUtil(12335): idx=-1
D/PackageUtil(12335): className=com.test.logic.testmodules.boc_modules.RFCardTestCase
D/PackageUtil(12335): idx=-1
D/PackageUtil(12335): className=com.test.logic.testmodules.boc_modules.ScannerTestCase
D/PackageUtil(12335): idx=-1
D/PackageUtil(12335): className=com.test.logic.testmodules.boc_modules.SwiperTestCase
D/PackageUtil(12335): idx=-1
D/PackageUtil(12335): className=com.test.logic.testmodules.boc_modules.TerminalManageTestCase
D/PackageUtil(12335): idx=-1
D/PackageUtil(12335): className=com.test.logic.testmodules.boc_modules.common.DeviceService
D/PackageUtil(12335): idx=6
D/ServiceTester(12335): ClassName[com.test.logic.testmodules.boc_modules.BeepTestCase]
D/ServiceTester(12335): ModuleName[BeepTestCase]
D/ServiceTester(12335): ClassName[com.test.logic.testmodules.boc_modules.CardReaderTestCase]
D/ServiceTester(12335): ModuleName[CardReaderTestCase]
D/ServiceTester(12335): ClassName[com.test.logic.testmodules.boc_modules.DeviceInfoTestCase]
D/ServiceTester(12335): ModuleName[DeviceInfoTestCase]
D/ServiceTester(12335): ClassName[com.test.logic.testmodules.boc_modules.DeviceServiceTestCase]
D/ServiceTester(12335): ModuleName[DeviceServiceTestCase]
D/ServiceTester(12335): ClassName[com.test.logic.testmodules.boc_modules.ICCardTestCase]
D/ServiceTester(12335): ModuleName[ICCardTestCase]
D/ServiceTester(12335): ClassName[com.test.logic.testmodules.boc_modules.LedTestCase]
D/ServiceTester(12335): ModuleName[LedTestCase]
D/ServiceTester(12335): ClassName[com.test.logic.testmodules.boc_modules.PinpadTestCase]
D/ServiceTester(12335): ModuleName[PinpadTestCase]
D/ServiceTester(12335): ClassName[com.test.logic.testmodules.boc_modules.PrinterTestCase]
D/ServiceTester(12335): ModuleName[PrinterTestCase]
D/ServiceTester(12335): ClassName[com.test.logic.testmodules.boc_modules.RFCardTestCase]
D/ServiceTester(12335): ModuleName[RFCardTestCase]
D/ServiceTester(12335): ClassName[com.test.logic.testmodules.boc_modules.ScannerTestCase]
D/ServiceTester(12335): ModuleName[ScannerTestCase]
D/ServiceTester(12335): ClassName[com.test.logic.testmodules.boc_modules.SwiperTestCase]
D/ServiceTester(12335): ModuleName[SwiperTestCase]
D/ServiceTester(12335): ClassName[com.test.logic.testmodules.boc_modules.TerminalManageTestCase]
D/ServiceTester(12335): ModuleName[TerminalManageTestCase]
D/ServiceTester(12335): ClassFullName[com.test.logic.service_accesser.CBCServiceAccesser]
D/ServiceTester(12335): ClassName[CBCServiceAccesser]
D/ServiceTester(12335): Module package path=[com.test.logic.testmodules.cbc_modules].
D/ServiceTester(12335): ClassFullName[com.test.logic.service_accesser.ICBCServiceAccesser]
D/ServiceTester(12335): ClassName[ICBCServiceAccesser]
D/ServiceTester(12335): Module package path=[com.test.logic.testmodules.icbc_modules].
D/PackageUtil(12335): className=com.test.logic.testmodules.icbc_modules.ModuleExternalSerial
D/PackageUtil(12335): idx=-1
D/PackageUtil(12335): className=com.test.logic.testmodules.icbc_modules.ModulePinpad
D/PackageUtil(12335): idx=-1
D/PackageUtil(12335): className=com.test.logic.testmodules.icbc_modules.common.DeviceService
D/PackageUtil(12335): idx=6
D/ServiceTester(12335): ClassName[com.test.logic.testmodules.icbc_modules.ModuleExternalSerial]
D/ServiceTester(12335): ModuleName[ModuleExternalSerial]
D/ServiceTester(12335): ClassName[com.test.logic.testmodules.icbc_modules.ModulePinpad]
D/ServiceTester(12335): ModuleName[ModulePinpad]
D/ServiceTester(12335): ClassFullName[com.test.logic.service_accesser.RKServiceAccesser]
D/ServiceTester(12335): ClassName[RKServiceAccesser]
D/ServiceTester(12335): Module package path=[com.test.logic.testmodules.rk_modules].
D/PackageUtil(12335): className=com.test.logic.testmodules.rk_modules.ModuleScanner
D/PackageUtil(12335): idx=-1
D/PackageUtil(12335): className=com.test.logic.testmodules.rk_modules.common.DeviceService
D/PackageUtil(12335): idx=6
D/ServiceTester(12335): ClassName[com.test.logic.testmodules.rk_modules.ModuleScanner]
D/ServiceTester(12335): ModuleName[ModuleScanner]
D/ServiceTester(12335): ClassFullName[com.test.logic.service_accesser.UMSServiceAccesser]
D/ServiceTester(12335): ClassName[UMSServiceAccesser]
D/ServiceTester(12335): Module package path=[com.test.logic.testmodules.ums_modules].
D/ServiceTester(12335): ClassFullName[com.test.logic.service_accesser.VFIServiceAccesser]
D/ServiceTester(12335): ClassName[VFIServiceAccesser]
D/ServiceTester(12335): Module package path=[com.test.logic.testmodules.vfi_modules].
D/PackageUtil(12335): className=com.test.logic.testmodules.vfi_modules.ModulePinpad
D/PackageUtil(12335): idx=-1
D/PackageUtil(12335): className=com.test.logic.testmodules.vfi_modules.common.DeviceService
D/PackageUtil(12335): idx=6
D/ServiceTester(12335): ClassName[com.test.logic.testmodules.vfi_modules.ModulePinpad]
D/ServiceTester(12335): ModuleName[ModulePinpad]
I/ViewRootImpl(12335): CPU Rendering VSync enable = true
D/OpenGLRenderer(12335): Use EGL_SWAP_BEHAVIOR_PRESERVED: true
D/Atlas   (12335): Validating map...
V/WindowManager(  791): Adding window Window{3ee2cfe5 u0 com.test.ui.activities.nihao/com.test.ui.activities.MainActivity} at 4 of 10 (before Window{9a75198 u0 Starting com.test.ui.activities.nihao})
I/Adreno-EGL(12335): <qeglDrvAPI_eglInitialize:379>: EGL 1.4 QUALCOMM build: AU_LINUX_ANDROID_LA.BR.1.2.3_RB1.05.01.00.036.053_msm8909_LA.BR.1.2.3_RB1__release_AU (Ibddc658e36)
I/Adreno-EGL(12335): OpenGL ES Shader Compiler Version: E031.25.03.04
I/Adreno-EGL(12335): Build Date: 09/10/15 Thu
I/Adreno-EGL(12335): Local Branch: mybranch13976726
I/Adreno-EGL(12335): Remote Branch: quic/LA.BR.1.2.3_rb1.79
I/Adreno-EGL(12335): Local Patches: NONE
I/Adreno-EGL(12335): Reconstruct Branch: AU_LINUX_ANDROID_LA.BR.1.2.3_RB1.05.01.00.036.053 + 7c4888a + 22ca218 + 855d166 + 95575a0 + 4193eef + 64d916f + 88f4cbe + c272012 + 046ce63 + 9b2bddc + d5b5339 + a2bdc2f +  NOTHING
I/OpenGLRenderer(12335): Initialized EGL, version 1.4
D/OpenGLRenderer(12335): Enabling debug mode 0
I/ActivityManager(  791): Displayed com.test.ui.activities.nihao/com.test.ui.activities.MainActivity: +1s45ms (total +42s212ms)
I/Timeline(  791): Timeline: Activity_windows_visible id: ActivityRecord{24229303 u0 com.test.ui.activities.nihao/com.test.ui.activities.MainActivity t1025} time:43196541
I/SurfaceFlinger(  259): FPS: 44
I/Timeline(12335): Timeline: Activity_idle id: android.os.BinderProxy@12421135 time:43196576
D/wpa_supplicant(27986): wlan0: Control interface command 'SIGNAL_POLL'
W/QueryController( 6033): Could not detect idle state.
D/UIAutomatorStub( 6033): URI: /jsonrpc/0, Method: POST, params, {NanoHttpd.QUERY_STRING=null}, files: {postData={"jsonrpc": "2.0", "id": "54386184630c1ab0529b7bf153be8e0d", "method": "objInfo", "params": [{"mask": 1, "childOrSibling": [], "childOrSiblingSelector": [], "text": "\u6d4b\u8bd5\u5de5\u5177"}]}}
W/QueryController( 6033): Could not detect idle state.
W/QueryController( 6033): Could not detect idle state.
W/QueryController( 6033): Could not detect idle state.
W/QueryController( 6033): Could not detect idle state.
W/QueryController( 6033): Could not detect idle state.
I/ServiceManager(12361): Waiting for service AtCmdFwd...
W/QueryController( 6033): Could not detect idle state.
W/QueryController( 6033): Could not detect idle state.
W/QueryController( 6033): Could not detect idle state.
W/QueryController( 6033): Could not detect idle state.
W/QueryController( 6033): Could not detect idle state.
W/QueryController( 6033): Could not detect idle state.
W/QueryController( 6033): Could not detect idle state.
W/QueryController( 6033): Could not detect idle state.
W/QueryController( 6033): Could not detect idle state.
W/QueryController( 6033): Could not detect idle state.
W/QueryController( 6033): Could not detect idle state.
W/QueryController( 6033): Could not detect idle state.
W/QueryController( 6033): Could not detect idle state.
D/UIAutomatorStub( 6033): URI: /jsonrpc/0, Method: POST, params, {NanoHttpd.QUERY_STRING=null}, files: {postData={"jsonrpc": "2.0", "id": "c30537919904c23ce17a9a64719a9152", "method": "click", "params": [360.0, 1089.0]}}
D/InteractionController( 6033): clickNoSync (360, 1089)
D/MainActivity(12335): Entry[测试工具] been clicked
E/AudioPolicyManager(  274): unknown stream type 13
E/AudioPolicyManager(  274): unknown stream type 13
E/AudioPolicyManager(  274): unknown stream type 13
E/AudioPolicyManager(  274): unknown stream type 13
E/AudioPolicyManager(  274): unknown stream type 13
E/AudioPolicyManager(  274): unknown stream type 13
E/AudioPolicyManager(  274): unknown stream type 13
E/AudioPolicyManager(  274): unknown stream type 13
E/AudioPolicyManager(  274): unknown stream type 13
I/Timeline(12335): Timeline: Activity_launch_request id:com.test.ui.activities.nihao time:43196972
I/ActivityManager(  791): START u0 {cmp=com.test.ui.activities.nihao/com.test.ui.activities.other.test_tools.TestToolsActivity} from uid 10132 on display 0
V/WindowManager(  791): addAppToken: AppWindowToken{292e2547 token=Token{a338886 ActivityRecord{df58561 u0 com.test.ui.activities.nihao/com.test.ui.activities.other.test_tools.TestToolsActivity t1025}}} to stack=1 task=1025 at 1
D/audio_hw_primary(  274): start_output_stream: enter: stream(0xb82a71e0)usecase(1: low-latency-playback) devices(0x2)
D/audio_hw_primary(  274): select_devices: out_snd_device(2: speaker) in_snd_device(0: )
D/hardware_info(  274): hw_info_append_hw_type : device_name = speaker
I/soundtrigger(  274): audio_extn_sound_trigger_update_device_status: device 0x2 of type 0 for Event 1, with Raise=0
W/audio_hw_utils(  274): audio_extn_utils_update_stream_app_type_cfg: App type could not be selected. Falling back to default
I/audio_hw_primary(  274): select_devices Selected apptype: 69936
D/soundtrigger(  274): audio_extn_sound_trigger_update_stream_status: uc_id 1 of type 0 for Event 3, with Raise=0
D/ACDB-LOADER(  274): ACDB -> send_audio_cal, acdb_id = 14, path =  0
D/ACDB-LOADER(  274): ACDB -> send_asm_topology
D/ACDB-LOADER(  274): ACDB -> ACDB_CMD_GET_AUDPROC_STREAM_TOPOLOGY_ID
D/ACDB-LOADER(  274): ACDB -> send_adm_topology
D/ACDB-LOADER(  274): ACDB -> ACDB_CMD_GET_AUDPROC_COMMON_TOPOLOGY_ID
D/ACDB-LOADER(  274): ACDB -> send_audtable
D/ACDB-LOADER(  274): ACDB -> ACDB_CMD_GET_AUDPROC_COMMON_TABLE
D/ACDB-LOADER(  274): ACDB -> AUDIO_SET_AUDPROC_CAL
D/ACDB-LOADER(  274): ACDB -> send_audvoltable
D/ACDB-LOADER(  274): ACDB -> ACDB_CMD_GET_AUDPROC_GAIN_DEP_STEP_TABLE
D/ACDB-LOADER(  274): ACDB -> AUDIO_SET_AUDPROC_VOL_CAL
D/ACDB-LOADER(  274): ACDB -> send_afe_cal
D/ACDB-LOADER(  274): ACDB -> ACDB_CMD_GET_AFE_COMMON_TABLE
D/ACDB-LOADER(  274): ACDB -> AUDIO_SET_AFE_CAL
D/ACDB-LOADER(  274): ACDB -> send_hw_delay : acdb_id = 14 path = 0
D/ACDB-LOADER(  274): ACDB -> ACDB_AVSYNC_INFO: ACDB_CMD_GET_DEVICE_PROPERTY
I/audio_hw_utils(  274): audio_extn_utils_send_app_type_cfg app_type 69936, acdb_dev_id 14, sample_rate 48000
D/audio_hw_primary(  274): select_devices: done
D/MyApplication(12335): Add activity=com.test.ui.activities.other.test_tools.TestToolsActivity
D/UIAutomatorStub( 6033): URI: /jsonrpc/0, Method: POST, params, {NanoHttpd.QUERY_STRING=null}, files: {postData={"jsonrpc": "2.0", "id": "2dc7bd82512d20310919522f80cab0e0", "method": "waitForExists", "params": [{"mask": 1, "childOrSibling": [], "childOrSiblingSelector": [], "text": "\u6d4b\u8bd5\u5de5\u5177"}, 5000]}}
W/QueryController( 6033): Could not detect idle state.
I/ViewRootImpl(12335): CPU Rendering VSync enable = true
V/WindowManager(  791): Adding window Window{1f24169d u0 com.test.ui.activities.nihao/com.test.ui.activities.other.test_tools.TestToolsActivity} at 5 of 10 (after Window{3ee2cfe5 u0 com.test.ui.activities.nihao/com.test.ui.activities.MainActivity})
I/ActivityManager(  791): Displayed com.test.ui.activities.nihao/com.test.ui.activities.other.test_tools.TestToolsActivity: +141ms
E/AudioPolicyManager(  274): unknown stream type 13
E/AudioPolicyManager(  274): unknown stream type 13
E/AudioPolicyManager(  274): unknown stream type 13
E/AudioPolicyManager(  274): unknown stream type 13
E/AudioPolicyManager(  274): unknown stream type 13
E/AudioPolicyManager(  274): unknown stream type 13
E/AudioPolicyManager(  274): unknown stream type 13
E/AudioPolicyManager(  274): unknown stream type 13
E/AudioPolicyManager(  274): unknown stream type 13
E/AudioPolicyManager(  274): unknown stream type 13
E/AudioPolicyManager(  274): unknown stream type 13
E/AudioPolicyManager(  274): unknown stream type 13
E/AudioPolicyManager(  274): unknown stream type 13
E/AudioPolicyManager(  274): unknown stream type 13
E/AudioPolicyManager(  274): unknown stream type 13
E/AudioPolicyManager(  274): unknown stream type 13
E/AudioPolicyManager(  274): unknown stream type 13
D/OpenGLRenderer(12335): endAllStagingAnimators on 0xb80b0940 (RippleDrawable) with handle 0xb809ed18
W/ByMatcher( 6033): Node returned null child: android.view.accessibility.AccessibilityNodeInfo@800080d8; boundsInParent: Rect(0, 0 - 720, 1280); boundsInScreen: Rect(0, 0 - 720, 1280); packageName: com.test.ui.activities.nihao; className: android.widget.FrameLayout; text: null; error: null; maxTextLength: -1; contentDescription: null; viewIdResName: null; checkable: false; checked: false; focusable: false; focused: false; selected: false; clickable: false; longClickable: false; enabled: true; password: false; scrollable: false; actions: [AccessibilityAction: ACTION_SELECT - null, AccessibilityAction: ACTION_CLEAR_SELECTION - null, AccessibilityAction: ACTION_ACCESSIBILITY_FOCUS - null]
W/ByMatcher( 6033): Skipping null child (0 of 2)
W/ByMatcher( 6033): Skipping null child (1 of 2)
W/ByMatcher( 6033): Node returned null child: android.view.accessibility.AccessibilityNodeInfo@800080d8; boundsInParent: Rect(0, 0 - 720, 1280); boundsInScreen: Rect(0, 0 - 720, 1280); packageName: com.test.ui.activities.nihao; className: android.widget.FrameLayout; text: null; error: null; maxTextLength: -1; contentDescription: null; viewIdResName: null; checkable: false; checked: false; focusable: false; focused: false; selected: false; clickable: false; longClickable: false; enabled: true; password: false; scrollable: false; actions: [AccessibilityAction: ACTION_SELECT - null, AccessibilityAction: ACTION_CLEAR_SELECTION - null, AccessibilityAction: ACTION_ACCESSIBILITY_FOCUS - null]
W/ByMatcher( 6033): Skipping null child (0 of 2)
W/ByMatcher( 6033): Skipping null child (1 of 2)
I/Timeline(12335): Timeline: Activity_idle id: android.os.BinderProxy@1a84c7 time:43197197
I/Timeline(  791): Timeline: Activity_windows_visible id: ActivityRecord{df58561 u0 com.test.ui.activities.nihao/com.test.ui.activities.other.test_tools.TestToolsActivity t1025} time:43197496
I/ServiceManager(12361): Waiting for service AtCmdFwd...
W/QueryController( 6033): Could not detect idle state.
W/Atfwd_Sendcmd(12361): AtCmdFwd service not published, waiting... retryCnt : 3
V/WLAN_PSA(  281): NL MSG, len[4075], NL type[0x1C] WNI type[0x5900] len[54031]
V/WLAN_PSA(  281): NL MSG, PID: 281
W/QueryController( 6033): Could not detect idle state.
D/TaskPersister(  791): removeObsoleteFile: deleting file=1024_task.xml
D/wpa_supplicant(27986): wlan0: Control interface command 'SIGNAL_POLL'
D/audio_hw_primary(  274): out_standby: enter: stream (0xb82a71e0) usecase(1: low-latency-playback)
D/soundtrigger(  274): audio_extn_sound_trigger_update_stream_status: uc_id 1 of type 0 for Event 2, with Raise=0
D/hardware_info(  274): hw_info_append_hw_type : device_name = speaker
I/soundtrigger(  274): audio_extn_sound_trigger_update_device_status: device 0x2 of type 0 for Event 0, with Raise=0
W/QueryController( 6033): Could not detect idle state.
E/WifiStateMachine(  791): WifiStateMachine CMD_START_SCAN source -2 txSuccessRate=0.00 rxSuccessRate=0.00 targetRoamBSSID=any RSSI=-41
E/WifiStateMachine(  791): WifiStateMachine starting scan for "Verifone_Guest"-WPA_PSK with 2412,2462,2437
D/wpa_supplicant(27986): wlan0: Control interface command 'SCAN TYPE=ONLY freq=2412,2462,2437'
D/wpa_supplicant(27986): wlan0: Setting scan request: 0.000000 sec
D/wpa_supplicant(27986): wlan0: Starting AP scan for wildcard SSID
D/wpa_supplicant(27986): wlan0: Limit manual scan to specified channels
D/wpa_supplicant(27986): wlan0: Add radio work 'scan'@0xb877d4d8
D/wpa_supplicant(27986): wlan0: First radio work item in the queue - schedule start immediately
D/wpa_supplicant(27986): wlan0: Starting radio work 'scan'@0xb877d4d8 after 0.000065 second wait
D/wpa_supplicant(27986): wlan0: nl80211: scan request
D/wpa_supplicant(27986): nl80211: Scan SSID - hexdump(len=0): [NULL]
D/wpa_supplicant(27986): nl80211: Scan frequency 2412 MHz
D/wpa_supplicant(27986): nl80211: Scan frequency 2437 MHz
D/wpa_supplicant(27986): nl80211: Scan frequency 2462 MHz
V/WLAN_PSA(  281): NL MSG, len[4048], NL type[0x1C] WNI type[0x5900] len[47119]
V/WLAN_PSA(  281): NL MSG, PID: 281
V/WLAN_PSA(  281): NL MSG, len[914], NL type[0x11] WNI type[0x5050] len[894]
V/WLAN_PSA(  281): NL MSG, PID: 281
V/WLAN_PSA(  281): NL MSG, len[048], NL type[0x11] WNI type[0x5050] len[028]
V/WLAN_PSA(  281): NL MSG, PID: 281
I/WifiHAL (  791): Poll result = 1
I/WifiHAL (  791): Found some events!!!
D/WifiHAL (  791): no_seq_check received
I/WifiHAL (  791): event received NL80211_CMD_TRIGGER_SCAN
I/WifiHAL (  791): event received NL80211_CMD_TRIGGER_SCAN, vendor_id = 0x0
I/WifiHAL (  791): event ignored!!
D/wpa_supplicant(27986): Scan requested (ret=0) - scan timeout 30 seconds
D/wpa_supplicant(27986): nl80211: Event message available
D/wpa_supplicant(27986): nl80211: Drv Event 33 (NL80211_CMD_TRIGGER_SCAN) received for wlan0
D/wpa_supplicant(27986): wlan0: nl80211: Scan trigger
D/wpa_supplicant(27986): wlan0: Event SCAN_STARTED (49) received
D/wpa_supplicant(27986): wlan0: Own scan request started a scan in 0.000197 seconds
D/wpa_supplicant(27986): CTRL_IFACE monitor sent successfully to /data/misc/wifi/sockets/wpa_ctrl_290-2\x00
D/wpa_supplicant(27986): CTRL_IFACE monitor sent successfully to /data/misc/wifi/sockets/wpa_ctrl_791-8\x00
V/WLAN_PSA(  281): NL MSG, len[4089], NL type[0x1C] WNI type[0x5900] len[57615]
V/WLAN_PSA(  281): NL MSG, PID: 281
V/WLAN_PSA(  281): NL MSG, len[4022], NL type[0x1C] WNI type[0x5900] len[40463]
V/WLAN_PSA(  281): NL MSG, PID: 281
V/WLAN_PSA(  281): NL MSG, len[3987], NL type[0x1C] WNI type[0x5900] len[31503]
V/WLAN_PSA(  281): NL MSG, PID: 281
V/WLAN_PSA(  281): NL MSG, len[4029], NL type[0x1C] WNI type[0x5900] len[42255]
V/WLAN_PSA(  281): NL MSG, PID: 281
V/WLAN_PSA(  281): NL MSG, len[4055], NL type[0x1C] WNI type[0x5900] len[48911]
V/WLAN_PSA(  281): NL MSG, PID: 281
V/WLAN_PSA(  281): NL MSG, len[914], NL type[0x11] WNI type[0x5050] len[894]
V/WLAN_PSA(  281): NL MSG, PID: 281
V/WLAN_PSA(  281): NL MSG, len[4024], NL type[0x1C] WNI type[0x5900] len[40975]
V/WLAN_PSA(  281): NL MSG, PID: 281
D/wpa_supplicant(27986): nl80211: Event message available
D/wpa_supplicant(27986): nl80211: Drv Event 34 (NL80211_CMD_NEW_SCAN_RESULTS) received for wlan0
D/wpa_supplicant(27986): wlan0: nl80211: New scan results available
D/wpa_supplicant(27986): nl80211: Scan included frequencies: 2412 2437 2462
D/wpa_supplicant(27986): wlan0: Event SCAN_RESULTS (3) received
D/wpa_supplicant(27986): wlan0: Scan completed in 0.172428 seconds
D/wpa_supplicant(27986): nl80211: Associated on 2412 MHz
D/wpa_supplicant(27986): nl80211: Associated with 00:6b:f1:67:8d:01
D/wpa_supplicant(27986): nl80211: Received scan results (16 BSSes)
D/wpa_supplicant(27986): nl80211: Scan results indicate BSS status with 00:6b:f1:67:8d:01 as associated
D/wpa_supplicant(27986): wlan0: BSS: Start scan result update 537
D/wpa_supplicant(27986): wlan0: BSS: Remove id 686 BSSID b0:eb:57:16:36:b8 SSID 'HUAWEI-cpb' due to no match in scan
I/WifiHAL (  791): Poll result = 1
I/WifiHAL (  791): Found some events!!!
D/WifiHAL (  791): no_seq_check received
I/WifiHAL (  791): event received NL80211_CMD_NEW_SCAN_RESULTS
I/WifiHAL (  791): event received NL80211_CMD_NEW_SCAN_RESULTS, vendor_id = 0x0
I/WifiHAL (  791): event ignored!!
V/WLAN_PSA(  281): NL MSG, len[4062], NL type[0x1C] WNI type[0x5900] len[50703]
V/WLAN_PSA(  281): NL MSG, PID: 281
D/wpa_supplicant(27986): CTRL_IFACE monitor sent successfully to /data/misc/wifi/sockets/wpa_ctrl_290-2\x00
D/wpa_supplicant(27986): CTRL_IFACE monitor sent successfully to /data/misc/wifi/sockets/wpa_ctrl_791-8\x00
D/wpa_supplicant(27986): BSS: last_scan_res_used=16/32
D/wpa_supplicant(27986): wlan0: Scan-only results received
D/wpa_supplicant(27986): CTRL_IFACE monitor sent successfully to /data/misc/wifi/sockets/wpa_ctrl_290-2\x00
D/wpa_supplicant(27986): CTRL_IFACE monitor sent successfully to /data/misc/wifi/sockets/wpa_ctrl_791-8\x00
D/wpa_supplicant(27986): wlan0: Radio work 'scan'@0xb877d4d8 done in 0.179550 seconds
D/wpa_supplicant(27986): wlan0: Control interface command 'BSS RANGE=0- MASK=0x21987'
D/wpa_supplicant(27986): wlan0: Control interface command 'STATUS-NO_EVENTS'
W/QueryController( 6033): Could not detect idle state.
W/QueryController( 6033): Could not detect idle state.
W/linker  (12432): /data/local/tmp/minicap: unused DT entry: type 0x6ffffffe arg 0x14a8
W/linker  (12432): /data/local/tmp/minicap: unused DT entry: type 0x6fffffff arg 0x2
W/linker  (12436): /data/local/tmp/minicap: unused DT entry: type 0x6ffffffe arg 0x14a8
W/linker  (12436): /data/local/tmp/minicap: unused DT entry: type 0x6fffffff arg 0x2
I/SurfaceFlinger(  259): EGL information:
I/SurfaceFlinger(  259): vendor    : Android
I/SurfaceFlinger(  259): version   : 1.4 Android META-EGL
I/SurfaceFlinger(  259): extensions: EGL_KHR_get_all_proc_addresses EGL_ANDROID_presentation_time EGL_KHR_image EGL_KHR_image_base EGL_KHR_lock_surface EGL_KHR_gl_texture_2D_image EGL_KHR_gl_texture_cubemap_image EGL_KHR_gl_renderbuffer_image EGL_KHR_fence_sync EGL_KHR_create_context EGL_EXT_create_context_robustness EGL_ANDROID_image_native_buffer EGL_KHR_wait_sync EGL_ANDROID_recordable 
I/SurfaceFlinger(  259): Client API: OpenGL_ES
I/SurfaceFlinger(  259): EGLSurface: 8-8-8-8, config=0x5
I/SurfaceFlinger(  259): FPS: 54
W/libEGL  (  259): EGLNativeWindowType 0xb78672e0 disconnect failed
D/wpa_supplicant(27986): wlan0: Control interface command 'SIGNAL_POLL'
