I/System.out(24161): BasePresenter : [(BasePresenter.java:32)(AttachUI)] UI=InputAmountActivity
I/System.out(24161): BaseMvpActivity : [(BaseMvpActivity.java:73)(OnResume)] ----onResume=InputAmountActivity
I/ViewRootImpl(24161): CPU Rendering VSync enable = true
V/WindowManager(  791): Adding window Window{25858aeb u0 com.verifone.scb.presentation/com.verifone.adc.presentation.view.activities.InputAmountActivity} at 4 of 9 (after Window{2d603f2 u0 com.verifone.scb.presentation/com.verifone.adc.presentation.view.activities.MainActivity})
E/AudioPolicyManager(  274): unknown stream type 13
E/AudioPolicyManager(  274): unknown stream type 13
E/AudioPolicyManager(  274): unknown stream type 13
E/AudioPolicyManager(  274): unknown stream type 13
E/AudioPolicyManager(  274): unknown stream type 13
E/AudioPolicyManager(  274): unknown stream type 13
E/AudioPolicyManager(  274): unknown stream type 13
E/AudioPolicyManager(  274): unknown stream type 13
E/AudioPolicyManager(  274): unknown stream type 13
E/AudioPolicyManager(  274): unknown stream type 13
E/AudioPolicyManager(  274): unknown stream type 13
E/AudioPolicyManager(  274): unknown stream type 13
E/AudioPolicyManager(  274): unknown stream type 13
E/AudioPolicyManager(  274): unknown stream type 13
E/AudioPolicyManager(  274): unknown stream type 13
E/AudioPolicyManager(  274): unknown stream type 13
E/AudioPolicyManager(  274): unknown stream type 13
I/ActivityManager(  791): Displayed com.verifone.scb.presentation/com.verifone.adc.presentation.view.activities.InputAmountActivity: +150ms
I/Timeline(24161): Timeline: Activity_idle id: android.os.BinderProxy@168202e1 time:34337278
I/System.out(24161): BaseMvpActivity : [(BaseMvpActivity.java:102)(OnSaveInstanceState)] ----onSaveInstanceState=MainActivity
I/System.out(24161): BasePresenter : [(BasePresenter.java:51)(DetachUI)] ============detachUI
I/System.out(24161): BasePresenter : [(BasePresenter.java:53)(DetachUI)] UI=MainActivity
I/System.out(24161): BaseMvpActivity : [(BaseMvpActivity.java:93)(OnStop)] ----onStop=MainActivity
I/System.out(24161): BasePresenter : [(BasePresenter.java:51)(DetachUI)] ============detachUI
I/Timeline(  791): Timeline: Activity_windows_visible id: ActivityRecord{2044b0cf u0 com.verifone.scb.presentation/com.verifone.adc.presentation.view.activities.InputAmountActivity t957} time:34337596
D/UIAutomatorStub( 6033): URI: /jsonrpc/0, Method: POST, params, {NanoHttpd.QUERY_STRING=null}, files: {postData={"jsonrpc": "2.0", "id": "363017c51c7d81e857f0bd025c774cf8", "method": "deviceInfo", "params": {}}}
W/QueryController( 6033): Could not detect idle state.
W/QueryController( 6033): Could not detect idle state.
W/QueryController( 6033): Could not detect idle state.
W/QueryController( 6033): Could not detect idle state.
D/UIAutomatorStub( 6033): URI: /jsonrpc/0, Method: POST, params, {NanoHttpd.QUERY_STRING=null}, files: {postData={"jsonrpc": "2.0", "id": "1051c857bb2c9196712ccda66bfbaaa2", "method": "click", "params": [129, 665]}}
D/InteractionController( 6033): clickNoSync (129, 665)
I/SurfaceFlinger(  259): FPS: 30
I/System.out(24161): TAG : [(KeyboardUtil.java:172)(OnKey)] onKey primaryCode=49 keyCodes=[I@32fac042
I/System.out(24161): TAG : [(KeyboardUtil.java:207)(OnKey)] numberKeyPressed primaryCode=49
I/System.out(24161): TAG : [(TvShowUtil.java:24)(A)] Amount=1
I/System.out(24161): TAG : [(TvShowUtil.java:41)(A)] Amount=1
I/System.out(24161): TAG : [(TvShowUtil.java:49)(A)] Amount=0.01
D/UIAutomatorStub( 6033): URI: /jsonrpc/0, Method: POST, params, {NanoHttpd.QUERY_STRING=null}, files: {postData={"jsonrpc": "2.0", "id": "d7b902b57409e40e3e5e96d660673e07", "method": "deviceInfo", "params": {}}}
W/QueryController( 6033): Could not detect idle state.
W/QueryController( 6033): Could not detect idle state.
W/QueryController( 6033): Could not detect idle state.
W/QueryController( 6033): Could not detect idle state.
D/VM_BMS  (  454): wake_lock acquired
D/VM_BMS  (  454): New BMS data - Size=56
D/VM_BMS  (  454): Start process_bms_data
D/VM_BMS  (  454): Battery charge_cycle=59 fcc_adjust=1829 rbatt_adjust=1829 cycle_changed=false
D/VM_BMS  (  454): For batt_temp=310 fcc_mah=5001
D/VM_BMS  (  454): Lookup fcc_mah=5001.000000  adjusted fcc_mah=4909.531738
D/VM_BMS  (  454): For ocv=4137587 batt_temp=310 soc=98
D/VM_BMS  (  454): fifo_count=5 acc_count=0
D/VM_BMS  (  454): INIT: ocv=4137587 last_ocv=4137587 batt_temp=310 soc=98
D/VM_BMS  (  454): For soc=98 batt_temp=310 slope=14800
D/VM_BMS  (  454): For soc=98 batt_temp=310 rbatt_sf=99
D/VM_BMS  (  454): rbatt_mohm_default=100, rbatt_mohm=99, sf=99 batt_temp=310
D/VM_BMS  (  454): Lookup rbatt=99.000000  adjusted rbatt=100.810707
D/VM_BMS  (  454): For ocv=4137800 batt_temp=310 soc=98
D/VM_BMS  (  454): FIFO=0 fifo_avg=4.180534 rbatt=0.150811 slope=1.480000 ibatt=-0.284066 ocv=4.137800 soc=98 fcc_ah=4.909532 sample_count=128 sample_interval=70 seq_num=723
D/VM_BMS  (  454): For soc=98 batt_temp=310 slope=14800
D/VM_BMS  (  454): For soc=98 batt_temp=310 rbatt_sf=99
D/VM_BMS  (  454): rbatt_mohm_default=100, rbatt_mohm=99, sf=99 batt_temp=310
D/VM_BMS  (  454): Lookup rbatt=99.000000  adjusted rbatt=100.810707
D/VM_BMS  (  454): For ocv=4138008 batt_temp=310 soc=98
D/VM_BMS  (  454): FIFO=1 fifo_avg=4.179675 rbatt=0.150811 slope=1.480000 ibatt=-0.276976 ocv=4.138008 soc=98 fcc_ah=4.909532 sample_count=128 sample_interval=70 seq_num=723
D/VM_BMS  (  454): For soc=98 batt_temp=310 slope=14800
D/VM_BMS  (  454): For soc=98 batt_temp=310 rbatt_sf=99
D/VM_BMS  (  454): rbatt_mohm_default=100, rbatt_mohm=99, sf=99 batt_temp=310
D/VM_BMS  (  454): Lookup rbatt=99.000000  adjusted rbatt=100.810707
D/VM_BMS  (  454): For ocv=4137910 batt_temp=310 soc=98
D/VM_BMS  (  454): FIFO=2 fifo_avg=4.118324 rbatt=0.150811 slope=1.480000 ibatt=0.130199 ocv=4.137910 soc=98 fcc_ah=4.909532 sample_count=128 sample_interval=70 seq_num=723
D/VM_BMS  (  454): For soc=98 batt_temp=310 slope=14800
D/VM_BMS  (  454): For soc=98 batt_temp=310 rbatt_sf=99
D/VM_BMS  (  454): rbatt_mohm_default=100, rbatt_mohm=99, sf=99 batt_temp=310
D/VM_BMS  (  454): Lookup rbatt=99.000000  adjusted rbatt=100.810707
D/VM_BMS  (  454): For ocv=4137526 batt_temp=310 soc=98
D/VM_BMS  (  454): FIFO=3 fifo_avg=4.060518 rbatt=0.150811 slope=1.480000 ibatt=0.511900 ocv=4.137526 soc=98 fcc_ah=4.909532 sample_count=128 sample_interval=70 seq_num=723
D/VM_BMS  (  454): For soc=98 batt_temp=310 slope=14800
D/VM_BMS  (  454): For soc=98 batt_temp=310 rbatt_sf=99
D/VM_BMS  (  454): rbatt_mohm_default=100, rbatt_mohm=99, sf=99 batt_temp=310
D/VM_BMS  (  454): Lookup rbatt=99.000000  adjusted rbatt=100.810707
D/VM_BMS  (  454): For ocv=4137161 batt_temp=310 soc=98
D/VM_BMS  (  454): FIFO=4 fifo_avg=4.064057 rbatt=0.150811 slope=1.480000 ibatt=0.485953 ocv=4.137161 soc=98 fcc_ah=4.909532 sample_count=128 sample_interval=70 seq_num=723
I/VM_BMS  (  454): power_supply_update: ocv_uv=4137161 ibatt=485952 soc=98 seq_num=723
D/VM_BMS  (  454): End process_bms_data
D/VM_BMS  (  454): wake_lock released
D/UIAutomatorStub( 6033): URI: /jsonrpc/0, Method: POST, params, {NanoHttpd.QUERY_STRING=null}, files: {postData={"jsonrpc": "2.0", "id": "d5ea57d0c0799b26ee63c3d9161b8a19", "method": "click", "params": [345, 793]}}
D/InteractionController( 6033): clickNoSync (345, 793)
I/SurfaceFlinger(  259): FPS: 2
I/System.out(24161): TAG : [(KeyboardUtil.java:172)(OnKey)] onKey primaryCode=53 keyCodes=[I@10642853
I/System.out(24161): TAG : [(KeyboardUtil.java:207)(OnKey)] numberKeyPressed primaryCode=53
I/System.out(24161): TAG : [(TvShowUtil.java:24)(A)] Amount=15
I/System.out(24161): TAG : [(TvShowUtil.java:41)(A)] Amount=15
I/System.out(24161): TAG : [(TvShowUtil.java:49)(A)] Amount=0.15
D/wpa_supplicant(27986): wlan0: Control interface command 'SIGNAL_POLL'
V/WLAN_PSA(  281): NL MSG, len[4030], NL type[0x1C] WNI type[0x5900] len[42511]
V/WLAN_PSA(  281): NL MSG, PID: 281
D/audio_hw_primary(  274): out_standby: enter: stream (0xb82a71e0) usecase(1: low-latency-playback)
D/soundtrigger(  274): audio_extn_sound_trigger_update_stream_status: uc_id 1 of type 0 for Event 2, with Raise=0
D/hardware_info(  274): hw_info_append_hw_type : device_name = speaker
I/soundtrigger(  274): audio_extn_sound_trigger_update_device_status: device 0x2 of type 0 for Event 0, with Raise=0
I/ServiceManager(29906): Waiting for service AtCmdFwd...
D/UIAutomatorStub( 6033): URI: /jsonrpc/0, Method: POST, params, {NanoHttpd.QUERY_STRING=null}, files: {postData={"jsonrpc": "2.0", "id": "33417f6486e51b13d08e14aa1a39dcf6", "method": "deviceInfo", "params": {}}}
W/QueryController( 6033): Could not detect idle state.
W/QueryController( 6033): Could not detect idle state.
W/QueryController( 6033): Could not detect idle state.
W/QueryController( 6033): Could not detect idle state.
D/UIAutomatorStub( 6033): URI: /jsonrpc/0, Method: POST, params, {NanoHttpd.QUERY_STRING=null}, files: {postData={"jsonrpc": "2.0", "id": "98ad955e65ed53a084b9eab699dc7e09", "method": "click", "params": [352, 1203]}}
D/InteractionController( 6033): clickNoSync (352, 1203)
I/SurfaceFlinger(  259): FPS: 3
E/AudioPolicyManager(  274): unknown stream type 13
E/AudioPolicyManager(  274): unknown stream type 13
E/AudioPolicyManager(  274): unknown stream type 13
E/AudioPolicyManager(  274): unknown stream type 13
E/AudioPolicyManager(  274): unknown stream type 13
E/AudioPolicyManager(  274): unknown stream type 13
E/AudioPolicyManager(  274): unknown stream type 13
E/AudioPolicyManager(  274): unknown stream type 13
E/AudioPolicyManager(  274): unknown stream type 13
I/System.out(24161): InputAmountPresenter : [(InputAmountPresenter.java:53)(A)] Save amount=0.15
D/audio_hw_primary(  274): start_output_stream: enter: stream(0xb82a71e0)usecase(1: low-latency-playback) devices(0x2)
D/audio_hw_primary(  274): select_devices: out_snd_device(2: speaker) in_snd_device(0: )
D/hardware_info(  274): hw_info_append_hw_type : device_name = speaker
I/soundtrigger(  274): audio_extn_sound_trigger_update_device_status: device 0x2 of type 0 for Event 1, with Raise=0
I/System.out(24161): InputAmountPresenter : [(InputAmountPresenter.java:62)(A)] amount=000000000015
I/System.out(24161): database : [(TransactionRepositoryImpl.java:251)(GetCurTranDataParameter)] getCurTranDataParameter
I/System.out(24161): database : [(TransactionRepositoryImpl.java:240)(PutCurTranDataParameter)] putCurTranDataParameter
I/System.out(24161): UINavigator : [(UINavigator.java:28)(A)] transUiFlow=not null
W/audio_hw_utils(  274): audio_extn_utils_update_stream_app_type_cfg: App type could not be selected. Falling back to default
I/audio_hw_primary(  274): select_devices Selected apptype: 69936
D/soundtrigger(  274): audio_extn_sound_trigger_update_stream_status: uc_id 1 of type 0 for Event 3, with Raise=0
D/ACDB-LOADER(  274): ACDB -> send_audio_cal, acdb_id = 14, path =  0
D/ACDB-LOADER(  274): ACDB -> send_asm_topology
D/ACDB-LOADER(  274): ACDB -> ACDB_CMD_GET_AUDPROC_STREAM_TOPOLOGY_ID
D/ACDB-LOADER(  274): ACDB -> send_adm_topology
D/ACDB-LOADER(  274): ACDB -> ACDB_CMD_GET_AUDPROC_COMMON_TOPOLOGY_ID
D/ACDB-LOADER(  274): ACDB -> send_audtable
D/ACDB-LOADER(  274): ACDB -> ACDB_CMD_GET_AUDPROC_COMMON_TABLE
D/ACDB-LOADER(  274): ACDB -> AUDIO_SET_AUDPROC_CAL
D/ACDB-LOADER(  274): ACDB -> send_audvoltable
D/ACDB-LOADER(  274): ACDB -> ACDB_CMD_GET_AUDPROC_GAIN_DEP_STEP_TABLE
D/ACDB-LOADER(  274): ACDB -> AUDIO_SET_AUDPROC_VOL_CAL
D/ACDB-LOADER(  274): ACDB -> send_afe_cal
D/ACDB-LOADER(  274): ACDB -> ACDB_CMD_GET_AFE_COMMON_TABLE
D/ACDB-LOADER(  274): ACDB -> AUDIO_SET_AFE_CAL
D/ACDB-LOADER(  274): ACDB -> send_hw_delay : acdb_id = 14 path = 0
D/ACDB-LOADER(  274): ACDB -> ACDB_AVSYNC_INFO: ACDB_CMD_GET_DEVICE_PROPERTY
I/audio_hw_utils(  274): audio_extn_utils_send_app_type_cfg app_type 69936, acdb_dev_id 14, sample_rate 48000
D/audio_hw_primary(  274): select_devices: done
I/System.out(24161): UINavigator : [(UINavigator.java:30)(A)] transUiFlow = SaleUIFlow
I/System.out(24161): UINavigator : [(UINavigator.java:54)(B)] LastUIname=null
I/System.out(24161): UINavigator : [(UINavigator.java:55)(B)] CurrentUIName=com.verifone.adc.presentation.view.activities.InputAmountActivity
I/System.out(24161): SaleUIFlow : [(BaseTransFlow.java:75)(IsCorrectUIEntry)] uiState=1
I/System.out(24161): SaleUIFlow : [(BaseTransFlow.java:76)(IsCorrectUIEntry)] context class name=InputAmountActivity
I/System.out(24161): TAG : [(AndroidUtil.java:22)(A)] Start activity[InputTipAmountActivity]
I/Timeline(24161): Timeline: Activity_launch_request id:com.verifone.scb.presentation time:34340917
I/ActivityManager(  791): START u0 {cmp=com.verifone.scb.presentation/com.verifone.adc.presentation.view.activities.InputTipAmountActivity} from uid 10130 on display 0
V/WindowManager(  791): addAppToken: AppWindowToken{29366c63 token=Token{11fa4a92 ActivityRecord{362d181d u0 com.verifone.scb.presentation/com.verifone.adc.presentation.view.activities.InputTipAmountActivity t957}}} to stack=1 task=957 at 3
I/System.out(24161): BaseMvpActivity : [(BaseMvpActivity.java:85)(OnPause)] ----onPause=InputAmountActivity
I/System.out(24161): BaseMvpActivity : [(BaseMvpActivity.java:26)(OnCreate)] ----onCreate=InputTipAmountActivity
I/System.out(24161): database : [(TransactionRepositoryImpl.java:251)(GetCurTranDataParameter)] getCurTranDataParameter
I/System.out(24161): TAG : [(TvShowUtil.java:24)(A)] Amount=
I/InputTipAmountActivity(24161): acquireWakeLock: InputTipAmountActivity
I/System.out(24161): BaseMvpActivity : [(BaseMvpActivity.java:63)(OnStart)] ----onStart=InputTipAmountActivity
I/System.out(24161): BasePresenter : [(BasePresenter.java:30)(AttachUI)] ============attachUI
I/System.out(24161): BasePresenter : [(BasePresenter.java:32)(AttachUI)] UI=InputTipAmountActivity
I/System.out(24161): BaseMvpActivity : [(BaseMvpActivity.java:73)(OnResume)] ----onResume=InputTipAmountActivity
I/ViewRootImpl(24161): CPU Rendering VSync enable = true
V/WindowManager(  791): Adding window Window{15081919 u0 com.verifone.scb.presentation/com.verifone.adc.presentation.view.activities.InputTipAmountActivity} at 5 of 10 (after Window{25858aeb u0 com.verifone.scb.presentation/com.verifone.adc.presentation.view.activities.InputAmountActivity})
I/System.out(24161): SaleUIFlow : [(BaseTransFlow.java:276)(Run)] isUIStateNeedCheckTimeout=146
E/AudioPolicyManager(  274): unknown stream type 13
E/AudioPolicyManager(  274): unknown stream type 13
E/AudioPolicyManager(  274): unknown stream type 13
E/AudioPolicyManager(  274): unknown stream type 13
E/AudioPolicyManager(  274): unknown stream type 13
E/AudioPolicyManager(  274): unknown stream type 13
E/AudioPolicyManager(  274): unknown stream type 13
E/AudioPolicyManager(  274): unknown stream type 13
E/AudioPolicyManager(  274): unknown stream type 13
E/AudioPolicyManager(  274): unknown stream type 13
E/AudioPolicyManager(  274): unknown stream type 13
E/AudioPolicyManager(  274): unknown stream type 13
E/AudioPolicyManager(  274): unknown stream type 13
E/AudioPolicyManager(  274): unknown stream type 13
E/AudioPolicyManager(  274): unknown stream type 13
E/AudioPolicyManager(  274): unknown stream type 13
E/AudioPolicyManager(  274): unknown stream type 13
I/ActivityManager(  791): Displayed com.verifone.scb.presentation/com.verifone.adc.presentation.view.activities.InputTipAmountActivity: +191ms
I/Timeline(24161): Timeline: Activity_idle id: android.os.BinderProxy@1b3cdb84 time:34341159
I/ServiceManager(29906): Waiting for service AtCmdFwd...
W/SurfaceFlinger(  259): couldn't log to binary event log: overflow.
I/System.out(24161): BaseMvpActivity : [(BaseMvpActivity.java:102)(OnSaveInstanceState)] ----onSaveInstanceState=InputAmountActivity
I/System.out(24161): BasePresenter : [(BasePresenter.java:51)(DetachUI)] ============detachUI
I/System.out(24161): BasePresenter : [(BasePresenter.java:53)(DetachUI)] UI=InputAmountActivity
I/System.out(24161): BaseMvpActivity : [(BaseMvpActivity.java:93)(OnStop)] ----onStop=InputAmountActivity
I/System.out(24161): BasePresenter : [(BasePresenter.java:51)(DetachUI)] ============detachUI
I/InputAmountActivity(24161): releaseWakeLock: 
I/Timeline(  791): Timeline: Activity_windows_visible id: ActivityRecord{362d181d u0 com.verifone.scb.presentation/com.verifone.adc.presentation.view.activities.InputTipAmountActivity t957} time:34341475
D/UIAutomatorStub( 6033): URI: /jsonrpc/0, Method: POST, params, {NanoHttpd.QUERY_STRING=null}, files: {postData={"jsonrpc": "2.0", "id": "8b3f804db8eb5d452cf2e64e7be2ea50", "method": "deviceInfo", "params": {}}}
W/QueryController( 6033): Could not detect idle state.
W/QueryController( 6033): Could not detect idle state.
W/QueryController( 6033): Could not detect idle state.
W/QueryController( 6033): Could not detect idle state.
D/UIAutomatorStub( 6033): URI: /jsonrpc/0, Method: POST, params, {NanoHttpd.QUERY_STRING=null}, files: {postData={"jsonrpc": "2.0", "id": "42dcc86963215ab61f2220480224cc5b", "method": "click", "params": [374, 1216]}}
D/InteractionController( 6033): clickNoSync (374, 1216)
I/SurfaceFlinger(  259): FPS: 35
E/AudioPolicyManager(  274): unknown stream type 13
E/AudioPolicyManager(  274): unknown stream type 13
E/AudioPolicyManager(  274): unknown stream type 13
E/AudioPolicyManager(  274): unknown stream type 13
E/AudioPolicyManager(  274): unknown stream type 13
E/AudioPolicyManager(  274): unknown stream type 13
E/AudioPolicyManager(  274): unknown stream type 13
E/AudioPolicyManager(  274): unknown stream type 13
E/AudioPolicyManager(  274): unknown stream type 13
I/System.out(24161): InputTipAmountPresenter : [(InputTipAmountPresenter.java:63)(A)] Save tip amount=0.00
I/System.out(24161): InputTipAmountPresenter : [(InputTipAmountPresenter.java:87)(A)] amountLong=15
I/System.out(24161): InputTipAmountPresenter : [(InputTipAmountPresenter.java:88)(A)] tipAmountLong=0 orgTipAmountLong=0
I/System.out(24161): InputTipAmountPresenter : [(InputTipAmountPresenter.java:125)(A)] Local total amount ： 15
I/System.out(24161): InputTipAmountPresenter : [(InputTipAmountPresenter.java:126)(A)] Local total amount length ： 2
I/System.out(24161): InputTipAmountPresenter : [(InputTipAmountPresenter.java:135)(A)] Tip amount=000000000000
I/System.out(24161): database : [(TransactionRepositoryImpl.java:251)(GetCurTranDataParameter)] getCurTranDataParameter
I/System.out(24161): database : [(TransactionRepositoryImpl.java:240)(PutCurTranDataParameter)] putCurTranDataParameter
I/System.out(24161): UINavigator : [(UINavigator.java:28)(A)] transUiFlow=not null
I/System.out(24161): UINavigator : [(UINavigator.java:30)(A)] transUiFlow = SaleUIFlow
I/System.out(24161): UINavigator : [(UINavigator.java:54)(B)] LastUIname=com.verifone.adc.presentation.view.activities.InputAmountActivity
I/System.out(24161): UINavigator : [(UINavigator.java:55)(B)] CurrentUIName=com.verifone.adc.presentation.view.activities.InputTipAmountActivity
I/System.out(24161): SaleUIFlow : [(BaseTransFlow.java:75)(IsCorrectUIEntry)] uiState=18
I/System.out(24161): SaleUIFlow : [(BaseTransFlow.java:76)(IsCorrectUIEntry)] context class name=InputTipAmountActivity
I/System.out(24161): TAG : [(AndroidUtil.java:22)(A)] Start activity[ChoicePaymentActivity]
I/Timeline(24161): Timeline: Activity_launch_request id:com.verifone.scb.presentation time:34342262
I/ActivityManager(  791): START u0 {cmp=com.verifone.scb.presentation/com.verifone.adc.presentation.view.activities.ChoicePaymentActivity} from uid 10130 on display 0
V/WindowManager(  791): addAppToken: AppWindowToken{329ad251 token=Token{1d25fb78 ActivityRecord{240304db u0 com.verifone.scb.presentation/com.verifone.adc.presentation.view.activities.ChoicePaymentActivity t957}}} to stack=1 task=957 at 4
I/System.out(24161): BaseMvpActivity : [(BaseMvpActivity.java:85)(OnPause)] ----onPause=InputTipAmountActivity
I/System.out(24161): BaseMvpActivity : [(BaseMvpActivity.java:26)(OnCreate)] ----onCreate=ChoicePaymentActivity
I/System.out(24161): database : [(TransactionRepositoryImpl.java:251)(GetCurTranDataParameter)] getCurTranDataParameter
I/System.out(24161): database : [(TransactionRepositoryImpl.java:115)(GetSystemParameter)] getSystemParameter
I/ChoicePaymentActivity(24161): acquireWakeLock: ChoicePaymentActivity
I/System.out(24161): BaseMvpActivity : [(BaseMvpActivity.java:63)(OnStart)] ----onStart=ChoicePaymentActivity
I/System.out(24161): BasePresenter : [(BasePresenter.java:30)(AttachUI)] ============attachUI
I/System.out(24161): BasePresenter : [(BasePresenter.java:32)(AttachUI)] UI=ChoicePaymentActivity
I/System.out(24161): TAG : [(TvShowUtil.java:24)(A)] Amount=000000000015
I/System.out(24161): TAG : [(TvShowUtil.java:41)(A)] Amount=15
I/System.out(24161): TAG : [(TvShowUtil.java:49)(A)] Amount=0.15
I/System.out(24161): BaseMvpActivity : [(BaseMvpActivity.java:73)(OnResume)] ----onResume=ChoicePaymentActivity
I/ViewRootImpl(24161): CPU Rendering VSync enable = true
V/WindowManager(  791): Adding window Window{312313b7 u0 com.verifone.scb.presentation/com.verifone.adc.presentation.view.activities.ChoicePaymentActivity} at 6 of 11 (after Window{15081919 u0 com.verifone.scb.presentation/com.verifone.adc.presentation.view.activities.InputTipAmountActivity})
I/System.out(24161): TAG : [(MyItemDecoration.java:108)(GetItemOffsets)] spanCount=2 childCount=6
I/System.out(24161): TAG : [(MyItemDecoration.java:112)(GetItemOffsets)] isLastRaw=false isLastColum=false
I/System.out(24161): TAG : [(MyItemDecoration.java:113)(GetItemOffsets)] intrinsicWidth=1 intrinsicHeight=1
I/System.out(24161): TAG : [(MyItemDecoration.java:108)(GetItemOffsets)] spanCount=2 childCount=6
I/System.out(24161): TAG : [(MyItemDecoration.java:112)(GetItemOffsets)] isLastRaw=false isLastColum=true
I/System.out(24161): TAG : [(MyItemDecoration.java:113)(GetItemOffsets)] intrinsicWidth=1 intrinsicHeight=1
I/ServiceManager(29906): Waiting for service AtCmdFwd...
I/System.out(24161): TAG : [(MyItemDecoration.java:108)(GetItemOffsets)] spanCount=2 childCount=6
I/System.out(24161): TAG : [(MyItemDecoration.java:112)(GetItemOffsets)] isLastRaw=false isLastColum=false
I/System.out(24161): TAG : [(MyItemDecoration.java:113)(GetItemOffsets)] intrinsicWidth=1 intrinsicHeight=1
I/System.out(24161): TAG : [(MyItemDecoration.java:108)(GetItemOffsets)] spanCount=2 childCount=6
I/System.out(24161): TAG : [(MyItemDecoration.java:112)(GetItemOffsets)] isLastRaw=false isLastColum=true
I/System.out(24161): TAG : [(MyItemDecoration.java:113)(GetItemOffsets)] intrinsicWidth=1 intrinsicHeight=1
I/System.out(24161): TAG : [(MyItemDecoration.java:108)(GetItemOffsets)] spanCount=2 childCount=6
I/System.out(24161): TAG : [(MyItemDecoration.java:112)(GetItemOffsets)] isLastRaw=false isLastColum=false
I/System.out(24161): TAG : [(MyItemDecoration.java:113)(GetItemOffsets)] intrinsicWidth=1 intrinsicHeight=1
I/System.out(24161): TAG : [(MyItemDecoration.java:108)(GetItemOffsets)] spanCount=2 childCount=6
I/System.out(24161): TAG : [(MyItemDecoration.java:112)(GetItemOffsets)] isLastRaw=true isLastColum=true
I/System.out(24161): TAG : [(MyItemDecoration.java:113)(GetItemOffsets)] intrinsicWidth=1 intrinsicHeight=1
E/AudioPolicyManager(  274): unknown stream type 13
E/AudioPolicyManager(  274): unknown stream type 13
E/AudioPolicyManager(  274): unknown stream type 13
E/AudioPolicyManager(  274): unknown stream type 13
E/AudioPolicyManager(  274): unknown stream type 13
E/AudioPolicyManager(  274): unknown stream type 13
E/AudioPolicyManager(  274): unknown stream type 13
E/AudioPolicyManager(  274): unknown stream type 13
E/AudioPolicyManager(  274): unknown stream type 13
E/AudioPolicyManager(  274): unknown stream type 13
E/AudioPolicyManager(  274): unknown stream type 13
E/AudioPolicyManager(  274): unknown stream type 13
E/AudioPolicyManager(  274): unknown stream type 13
E/AudioPolicyManager(  274): unknown stream type 13
E/AudioPolicyManager(  274): unknown stream type 13
E/AudioPolicyManager(  274): unknown stream type 13
E/AudioPolicyManager(  274): unknown stream type 13
I/ActivityManager(  791): Displayed com.verifone.scb.presentation/com.verifone.adc.presentation.view.activities.ChoicePaymentActivity: +179ms
I/Timeline(24161): Timeline: Activity_idle id: android.os.BinderProxy@f626a6f time:34342507
W/SurfaceFlinger(  259): couldn't log to binary event log: overflow.
D/wpa_supplicant(27986): wlan0: Control interface command 'SIGNAL_POLL'
I/System.out(24161): BaseMvpActivity : [(BaseMvpActivity.java:102)(OnSaveInstanceState)] ----onSaveInstanceState=InputTipAmountActivity
I/System.out(24161): BasePresenter : [(BasePresenter.java:51)(DetachUI)] ============detachUI
I/System.out(24161): BasePresenter : [(BasePresenter.java:53)(DetachUI)] UI=InputTipAmountActivity
I/System.out(24161): BaseMvpActivity : [(BaseMvpActivity.java:93)(OnStop)] ----onStop=InputTipAmountActivity
I/Timeline(  791): Timeline: Activity_windows_visible id: ActivityRecord{240304db u0 com.verifone.scb.presentation/com.verifone.adc.presentation.view.activities.ChoicePaymentActivity t957} time:34342813
I/System.out(24161): BasePresenter : [(BasePresenter.java:51)(DetachUI)] ============detachUI
I/InputTipAmountActivity(24161): releaseWakeLock: 
I/System.out(24161): SaleUIFlow : [(BaseTransFlow.java:276)(Run)] isUIStateNeedCheckTimeout=805
I/ServiceManager(29906): Waiting for service AtCmdFwd...
D/UIAutomatorStub( 6033): URI: /jsonrpc/0, Method: POST, params, {NanoHttpd.QUERY_STRING=null}, files: {postData={"jsonrpc": "2.0", "id": "b8ca39a9b91a33c3418906429bf9734c", "method": "deviceInfo", "params": {}}}
W/QueryController( 6033): Could not detect idle state.
W/QueryController( 6033): Could not detect idle state.
W/QueryController( 6033): Could not detect idle state.
W/QueryController( 6033): Could not detect idle state.
D/UIAutomatorStub( 6033): URI: /jsonrpc/0, Method: POST, params, {NanoHttpd.QUERY_STRING=null}, files: {postData={"jsonrpc": "2.0", "id": "74562113b717f0d0652a852fdf74c770", "method": "click", "params": [187, 588]}}
D/InteractionController( 6033): clickNoSync (187, 588)
E/AudioPolicyManager(  274): unknown stream type 13
E/AudioPolicyManager(  274): unknown stream type 13
E/AudioPolicyManager(  274): unknown stream type 13
E/AudioPolicyManager(  274): unknown stream type 13
E/AudioPolicyManager(  274): unknown stream type 13
E/AudioPolicyManager(  274): unknown stream type 13
E/AudioPolicyManager(  274): unknown stream type 13
E/AudioPolicyManager(  274): unknown stream type 13
E/AudioPolicyManager(  274): unknown stream type 13
I/System.out(24161): UseCasePutCurTranData : [(UseCasePutCurTranData.java:32)(A)] putCurTranDataParametercom.verifone.adc.domain.entities.bo.RecordInformation@1b15ae61
I/System.out(24161): database : [(TransactionRepositoryImpl.java:240)(PutCurTranDataParameter)] putCurTranDataParameter
I/System.out(24161): UINavigator : [(UINavigator.java:28)(A)] transUiFlow=not null
I/System.out(24161): UINavigator : [(UINavigator.java:30)(A)] transUiFlow = SaleUIFlow
I/System.out(24161): UINavigator : [(UINavigator.java:54)(B)] LastUIname=com.verifone.adc.presentation.view.activities.InputTipAmountActivity
I/System.out(24161): UINavigator : [(UINavigator.java:55)(B)] CurrentUIName=com.verifone.adc.presentation.view.activities.ChoicePaymentActivity
I/System.out(24161): SaleUIFlow : [(BaseTransFlow.java:75)(IsCorrectUIEntry)] uiState=2
I/System.out(24161): SaleUIFlow : [(BaseTransFlow.java:76)(IsCorrectUIEntry)] context class name=ChoicePaymentActivity
I/System.out(24161): TAG : [(AndroidUtil.java:22)(A)] Start activity[CheckCardActivity]
I/Timeline(24161): Timeline: Activity_launch_request id:com.verifone.scb.presentation time:34343568
I/ActivityManager(  791): START u0 {cmp=com.verifone.scb.presentation/com.verifone.adc.presentation.view.activities.CheckCardActivity} from uid 10130 on display 0
V/WindowManager(  791): addAppToken: AppWindowToken{2ecac2af token=Token{35a41a8e ActivityRecord{3f347a89 u0 com.verifone.scb.presentation/com.verifone.adc.presentation.view.activities.CheckCardActivity t957}}} to stack=1 task=957 at 5
I/System.out(24161): BaseMvpActivity : [(BaseMvpActivity.java:85)(OnPause)] ----onPause=ChoicePaymentActivity
I/System.out(24161): BaseMvpActivity : [(BaseMvpActivity.java:26)(OnCreate)] ----onCreate=CheckCardActivity
I/SurfaceFlinger(  259): FPS: 34
I/System.out(24161): database : [(TransactionRepositoryImpl.java:251)(GetCurTranDataParameter)] getCurTranDataParameter
I/System.out(24161): database : [(TransactionRepositoryImpl.java:115)(GetSystemParameter)] getSystemParameter
I/CheckCardActivity(24161): acquireWakeLock: CheckCardActivity
I/System.out(24161): BaseMvpActivity : [(BaseMvpActivity.java:63)(OnStart)] ----onStart=CheckCardActivity
I/System.out(24161): BasePresenter : [(BasePresenter.java:30)(AttachUI)] ============attachUI
I/System.out(24161): BasePresenter : [(BasePresenter.java:32)(AttachUI)] UI=CheckCardActivity
I/System.out(24161): UseCasePutCurTranData : [(UseCasePutCurTranData.java:32)(A)] putCurTranDataParametercom.verifone.adc.domain.entities.bo.RecordInformation@1b15ae61
I/System.out(24161): database : [(TransactionRepositoryImpl.java:240)(PutCurTranDataParameter)] putCurTranDataParameter
I/System.out(24161): TAG : [(TvShowUtil.java:24)(A)] Amount=000000000015
I/System.out(24161): TAG : [(TvShowUtil.java:41)(A)] Amount=15
I/System.out(24161): TAG : [(TvShowUtil.java:49)(A)] Amount=0.15
I/System.out(24161): database : [(TransactionRepositoryImpl.java:251)(GetCurTranDataParameter)] getCurTranDataParameter
I/System.out(24161): BaseMvpActivity : [(BaseMvpActivity.java:73)(OnResume)] ----onResume=CheckCardActivity
I/ViewRootImpl(24161): CPU Rendering VSync enable = true
V/WindowManager(  791): Adding window Window{ee13645 u0 com.verifone.scb.presentation/com.verifone.adc.presentation.view.activities.CheckCardActivity} at 7 of 12 (after Window{312313b7 u0 com.verifone.scb.presentation/com.verifone.adc.presentation.view.activities.ChoicePaymentActivity})
I/System.out(24161): database : [(TransactionRepositoryImpl.java:115)(GetSystemParameter)] getSystemParameter
I/System.out(24161): database : [(TransactionRepositoryImpl.java:251)(GetCurTranDataParameter)] getCurTranDataParameter
I/System.out(24161): UseCaseCheckCardStart : [(UseCaseCheckCardStart.java:331)(A)] repeat
I/CheckCardObservable(24161): current thread: Thread[RxCachedThreadScheduler-6,5,main]
I/System.out(24161): CheckCardObservable : [(CheckCardObservable.java:131)(A)] supportRFCard  true
I/System.out(24161): CheckCardObservable : [(CheckCardObservable.java:132)(A)] supportSmartCard  true
I/System.out(24161): CheckCardObservable : [(CheckCardObservable.java:133)(A)] supportCTLSCard  true
I/DeviceService( 4714): EMV getEMV() executed
I/IEMVManager( 4714): IEMVManager.getInstance execute
I/IPBOCManager( 4714): checkCard() executed,timeout=60
I/IPBOCManager( 4714): supportMagCard=true
I/IPBOCManager( 4714): supportICCard=false
I/IPBOCManager( 4714): supportSmartCard=true
I/IPBOCManager( 4714): supportRFCard=false
I/IPBOCManager( 4714): supportCTLSCard=true
I/IPBOCManager( 4714): please swipe msgcard
I/IPBOCManager( 4714): please insert iccard
I/IPBOCManager( 4714): please swing rf ctls card
I/IPBOCManager( 4714): supportCard=7
D/CardReader( 4714): searchCard  type =7
I/SocsiSystemService(  791): getK21CommandService mK21CommandService=com.socsi.aidl.command.CommandTransfer$Stub$Proxy@1a6d7d60;
I/SocsiSystemService(  791): getK21CommandService mK21CommandService=com.socsi.aidl.command.CommandTransfer$Stub$Proxy@1a6d7d60;
D/CommandService_HandleProtocol( 4223): send >>> [D107 非阻塞开启关闭磁头]
D/CommandService_HandleProtocol( 4223): send >>> [00]
D/CommandService_HandleProtocol( 4223): 
E/AudioPolicyManager(  274): unknown stream type 13
E/AudioPolicyManager(  274): unknown stream type 13
E/AudioPolicyManager(  274): unknown stream type 13
E/AudioPolicyManager(  274): unknown stream type 13
E/AudioPolicyManager(  274): unknown stream type 13
E/AudioPolicyManager(  274): unknown stream type 13
E/AudioPolicyManager(  274): unknown stream type 13
E/AudioPolicyManager(  274): unknown stream type 13
E/AudioPolicyManager(  274): unknown stream type 13
E/AudioPolicyManager(  274): unknown stream type 13
E/AudioPolicyManager(  274): unknown stream type 13
E/AudioPolicyManager(  274): unknown stream type 13
E/AudioPolicyManager(  274): unknown stream type 13
E/AudioPolicyManager(  274): unknown stream type 13
E/AudioPolicyManager(  274): unknown stream type 13
E/AudioPolicyManager(  274): unknown stream type 13
E/AudioPolicyManager(  274): unknown stream type 13
D/CommandService_HandleProtocol( 4223): recv <<< [D107 非阻塞开启关闭磁头]
D/CommandService_HandleProtocol( 4223): recv <<< [00] []
D/CommandService_HandleProtocol( 4223): 
D/NonContactCardTimer( 4714): startBroast timeout=30
D/NonContactCardTimer( 4714): registerReveiver 
W/FileUtils( 4714): Failed to chmod(/storage/emulated/0/socsi/usageRecord.db): android.system.ErrnoException: chmod failed: EPERM (Operation not permitted)
D/NonContactCardTimer( 4714): alarm timeout=30
I/SocsiSystemService(  791): getK21CommandService mK21CommandService=com.socsi.aidl.command.CommandTransfer$Stub$Proxy@1a6d7d60;
I/SocsiSystemService(  791): getK21CommandService mK21CommandService=com.socsi.aidl.command.CommandTransfer$Stub$Proxy@1a6d7d60;
D/CommandService_HandleProtocol( 4223): send >>> [D10A 非阻塞检测RF卡状态]
D/CommandService_HandleProtocol( 4223): send >>> []
D/CommandService_HandleProtocol( 4223): 
W/FileUtils( 4714): Failed to chmod(/storage/emulated/0/socsi/usageRecord.db): android.system.ErrnoException: chmod failed: EPERM (Operation not permitted)
I/ActivityManager(  791): Displayed com.verifone.scb.presentation/com.verifone.adc.presentation.view.activities.CheckCardActivity: +169ms
W/FileUtils( 4714): Failed to chmod(/storage/emulated/0/socsi/usageRecord.db): android.system.ErrnoException: chmod failed: EPERM (Operation not permitted)
I/Timeline(24161): Timeline: Activity_idle id: android.os.BinderProxy@3c25f141 time:34343799
D/CommandService_HandleProtocol( 4223): recv <<< [D10A 非阻塞检测RF卡状态]
D/CommandService_HandleProtocol( 4223): recv <<< [00] [D10A2F8730300414000445154E8A0019137880720280318066B1840C016E01830090000354]
D/CommandService_HandleProtocol( 4223): 
I/SocsiSystemService(  791): getK21CommandService mK21CommandService=com.socsi.aidl.command.CommandTransfer$Stub$Proxy@1a6d7d60;
I/SocsiSystemService(  791): getK21CommandService mK21CommandService=com.socsi.aidl.command.CommandTransfer$Stub$Proxy@1a6d7d60;
D/CommandService_HandleProtocol( 4223): send >>> [D107 非阻塞开启关闭磁头]
D/CommandService_HandleProtocol( 4223): send >>> [01]
D/CommandService_HandleProtocol( 4223): 
D/CommandService_HandleProtocol( 4223): recv <<< [D107 非阻塞开启关闭磁头]
D/CommandService_HandleProtocol( 4223): recv <<< [00] []
D/CommandService_HandleProtocol( 4223): 
D/ICC     ( 4714): close start
D/InsertCardTimer( 4714): stop
D/InsertCardTimer( 4714): unRegisterReveiver 
I/SocsiSystemService(  791): getK21CommandService mK21CommandService=com.socsi.aidl.command.CommandTransfer$Stub$Proxy@1a6d7d60;
I/SocsiSystemService(  791): getK21CommandService mK21CommandService=com.socsi.aidl.command.CommandTransfer$Stub$Proxy@1a6d7d60;
D/CommandService_HandleProtocol( 4223): send >>> [E104 集成电路卡下电]
D/CommandService_HandleProtocol( 4223): send >>> [00]
D/CommandService_HandleProtocol( 4223): 
D/CommandService_HandleProtocol( 4223): recv <<< [E104 集成电路卡下电]
D/CommandService_HandleProtocol( 4223): recv <<< [00] []
D/CommandService_HandleProtocol( 4223): 
D/ICC     ( 4714): close end
D/NonContactCardTimer( 4714): startBroast timeout=30
D/NonContactCardTimer( 4714): alarm timeout=30
I/IPBOCManager( 4714): setRfSearchCallback,onSearchResult=0,cardType=20(14)
I/System.out(24161): CheckCardObservable : [(CheckCardObservable.java:86)(OnCardActivate)] onCardPowerUp: CardInformation.CardType.RF
I/DeviceService( 4714): EMV getEMV() executed
I/IEMVManager( 4714): IEMVManager.getInstance execute
I/IPBOCManager( 4714): stopCheckCard() executed,supportCard=4
I/SocsiSystemService(  791): getK21CommandService mK21CommandService=com.socsi.aidl.command.CommandTransfer$Stub$Proxy@1a6d7d60;
I/SocsiSystemService(  791): getK21CommandService mK21CommandService=com.socsi.aidl.command.CommandTransfer$Stub$Proxy@1a6d7d60;
D/CommandService_HandleProtocol( 4223): send >>> [D107 非阻塞开启关闭磁头]
D/CommandService_HandleProtocol( 4223): send >>> [01]
D/CommandService_HandleProtocol( 4223): 
D/CommandService_HandleProtocol( 4223): recv <<< [D107 非阻塞开启关闭磁头]
D/CommandService_HandleProtocol( 4223): recv <<< [00] []
D/CommandService_HandleProtocol( 4223): 
I/System.out(24161): UseCaseCheckCardStart : [(UseCaseCheckCardStart.java:94)(D)] isTrackEncrypt false isExistTrackKey false
I/System.out(24161): database : [(TransactionRepositoryImpl.java:240)(PutCurTranDataParameter)] putCurTranDataParameter
I/System.out(24161): database : [(TransactionRepositoryImpl.java:251)(GetCurTranDataParameter)] getCurTranDataParameter
I/System.out(24161): UINavigator : [(UINavigator.java:28)(A)] transUiFlow=not null
I/System.out(24161): UINavigator : [(UINavigator.java:30)(A)] transUiFlow = SaleUIFlow
I/System.out(24161): UINavigator : [(UINavigator.java:54)(B)] LastUIname=com.verifone.adc.presentation.view.activities.ChoicePaymentActivity
I/System.out(24161): UINavigator : [(UINavigator.java:55)(B)] CurrentUIName=com.verifone.adc.presentation.view.activities.CheckCardActivity
I/System.out(24161): SaleUIFlow : [(BaseTransFlow.java:75)(IsCorrectUIEntry)] uiState=3
I/System.out(24161): SaleUIFlow : [(BaseTransFlow.java:76)(IsCorrectUIEntry)] context class name=CheckCardActivity
I/System.out(24161): TAG : [(AndroidUtil.java:22)(A)] Start activity[EmvActivity]
I/Timeline(24161): Timeline: Activity_launch_request id:com.verifone.scb.presentation time:34343855
I/ActivityManager(  791): START u0 {cmp=com.verifone.scb.presentation/com.verifone.adc.presentation.view.activities.EmvActivity} from uid 10130 on display 0
V/WindowManager(  791): addAppToken: AppWindowToken{2a77aec0 token=Token{23d9d843 ActivityRecord{2d5a79f2 u0 com.verifone.scb.presentation/com.verifone.adc.presentation.view.activities.EmvActivity t957}}} to stack=1 task=957 at 6
I/System.out(24161): BaseMvpActivity : [(BaseMvpActivity.java:85)(OnPause)] ----onPause=CheckCardActivity
I/DeviceService( 4714): EMV getEMV() executed
I/IEMVManager( 4714): IEMVManager.getInstance execute
I/IPBOCManager( 4714): stopCheckCard() executed,supportCard=4
I/SocsiSystemService(  791): getK21CommandService mK21CommandService=com.socsi.aidl.command.CommandTransfer$Stub$Proxy@1a6d7d60;
I/SocsiSystemService(  791): getK21CommandService mK21CommandService=com.socsi.aidl.command.CommandTransfer$Stub$Proxy@1a6d7d60;
W/FileUtils( 4714): Failed to chmod(/storage/emulated/0/socsi/usageRecord.db): android.system.ErrnoException: chmod failed: EPERM (Operation not permitted)
D/CommandService_HandleProtocol( 4223): send >>> [D107 非阻塞开启关闭磁头]
D/CommandService_HandleProtocol( 4223): send >>> [01]
D/CommandService_HandleProtocol( 4223): 
D/CommandService_HandleProtocol( 4223): recv <<< [D107 非阻塞开启关闭磁头]
D/CommandService_HandleProtocol( 4223): recv <<< [00] []
D/CommandService_HandleProtocol( 4223): 
I/System.out(24161): BaseMvpActivity : [(BaseMvpActivity.java:26)(OnCreate)] ----onCreate=EmvActivity
I/System.out(24161): database : [(TransactionRepositoryImpl.java:267)(GetCurTranDataParam)] getCurTranDataParam
I/System.out(24161): database : [(TransactionRepositoryImpl.java:251)(GetCurTranDataParameter)] getCurTranDataParameter
V/WLAN_PSA(  281): NL MSG, len[4035], NL type[0x1C] WNI type[0x5900] len[43791]
V/WLAN_PSA(  281): NL MSG, PID: 281
I/EmvActivity(24161): acquireWakeLock: EmvActivity
I/System.out(24161): BaseMvpActivity : [(BaseMvpActivity.java:63)(OnStart)] ----onStart=EmvActivity
I/System.out(24161): BasePresenter : [(BasePresenter.java:30)(AttachUI)] ============attachUI
I/System.out(24161): BasePresenter : [(BasePresenter.java:32)(AttachUI)] UI=EmvActivity
I/System.out(24161): database : [(TransactionRepositoryImpl.java:115)(GetSystemParameter)] getSystemParameter
I/System.out(24161): database : [(TransactionRepositoryImpl.java:179)(GetSwitchParameter)] getSwitchParameter transId 10001
I/System.out(24161): BaseMvpActivity : [(BaseMvpActivity.java:73)(OnResume)] ----onResume=EmvActivity
I/ViewRootImpl(24161): CPU Rendering VSync enable = true
V/WindowManager(  791): Adding window Window{1392433e u0 com.verifone.scb.presentation/com.verifone.adc.presentation.view.activities.EmvActivity} at 8 of 13 (after Window{ee13645 u0 com.verifone.scb.presentation/com.verifone.adc.presentation.view.activities.CheckCardActivity})
I/DBSettlementRecordConverter(24161): fromJson:com.verifone.adc.domain.entities.bo.SwitchParameter@154c9ece
I/System.out(24161): UseCaseEMVStart : [(UseCaseEMVStart.java:76)(A)] EMV full process
I/System.out(24161): EMVObservable : [(EMVObservable.java:306)(A)] transType:1
I/DeviceService( 4714): EMV getEMV() executed
I/IEMVManager( 4714): IEMVManager.getInstance execute
I/IPBOCManager( 4714): startEMV() executed, build version=20190426135923
I/IPBOCManager( 4714): set debug show = true
I/IPBOCManager( 4714): setDebugShow, debugFlag=FF
I/EMVLib  ( 4714): 
I/EMVLib  ( 4714): file:emvcore.c,line:341,func:emv_init
I/EMVLib  ( 4714): Enter into emv_init( ) 
I/EMVLib  ( 4714): 
I/IPBOCManager( 4714): implementPBOC_1stGAC() executed
I/IPBOCManager( 4714): startCtlsEmvProcess2() executed
I/IPBOCManager( 4714): prm(in):transTypeCode=0,cardType=1,authAmount=15,isSupportQ=false,isSupportSM=false,isQPBOCForceOnline=false,merchantName=Test,merchantId=000000000000,terminalId=00000000,traceNo=,transCurrCode=null,otherAmount=0,processType=1
I/IPBOCManager( 4714): transParam.setTransDate=20190508,transParam.setTradeTime=150737
I/SocsiSystemService(  791): getK21CommandService mK21CommandService=com.socsi.aidl.command.CommandTransfer$Stub$Proxy@1a6d7d60;
I/SocsiSystemService(  791): getK21CommandService mK21CommandService=com.socsi.aidl.command.CommandTransfer$Stub$Proxy@1a6d7d60;
D/CommandService_HandleProtocol( 4223): send >>> [1A2A 获取随机数]
D/CommandService_HandleProtocol( 4223): send >>> [04]
D/CommandService_HandleProtocol( 4223): 
D/CommandService_HandleProtocol( 4223): recv <<< [1A2A 获取随机数]
D/CommandService_HandleProtocol( 4223): recv <<< [00] [1A2A2F8C30300004C0BE4C7A03CE]
D/CommandService_HandleProtocol( 4223): 
I/IPBOCManager( 4714): qpboc setSerialNumber:261
I/SocsiSystemService(  791): getK21CommandService mK21CommandService=com.socsi.aidl.command.CommandTransfer$Stub$Proxy@1a6d7d60;
I/SocsiSystemService(  791): getK21CommandService mK21CommandService=com.socsi.aidl.command.CommandTransfer$Stub$Proxy@1a6d7d60;
D/CommandService_HandleProtocol( 4223): send >>> [FF02 获取SN/PN/CSN/KSN]
D/CommandService_HandleProtocol( 4223): send >>> [01]
D/CommandService_HandleProtocol( 4223): 
D/CommandService_HandleProtocol( 4223): recv <<< [FF02 获取SN/PN/CSN/KSN]
D/CommandService_HandleProtocol( 4223): recv <<< [00] [FF022F8D303000183030303030353034563132303030313037330303]
D/CommandService_HandleProtocol( 4223): 
I/clss_aids_database( 4714): <_aid_browser_dispatch_func,254>:kernel id = 0
I/clss_aids_database( 4714): <_aid_browser_dispatch_func,255>:len = 7
I/clss_aids_database( 4714): A0 00 00 00 03 10 10 
I/clss_aids_database( 4714): <_aid_browser_dispatch_func,256>:kernel_data address = 0xB7FC0430
I/clss_aids_database( 4714): <_aid_browser_dispatch_func,257>:kernel_data_len = 135
I/clss_kernel_main( 4714): <clss_main_aid_dispatch_func,285>:aid->kernel_data:
I/clss_kernel_main( 4714): <clss_main_aid_dispatch_func,286>:len = 135
I/clss_kernel_main( 4714): DF 14 03 9F 37 04 5F 2A 02 07 64 DF 17 01 00 9F 09 02 02 00 DF 16 01 00 DF 
I/clss_kernel_main( 4714): 81 19 01 08 9F 7B 06 00 00 00 00 13 88 9F 33 03 E0 B8 C8 9F 40 05 F0 00 F0 
I/clss_kernel_main( 4714): A0 01 DF 81 18 01 30 DF 18 01 01 9F 35 01 22 DF 12 05 DC 40 04 F8 00 97 09 
I/clss_kernel_main( 4714): 9F 1A 02 95 05 9A 03 9C 01 9F 1A 02 07 64 9F 15 0F 20 20 20 20 20 20 20 20 
I/clss_kernel_main( 4714): 20 20 20 20 20 20 20 DF 15 04 00 00 00 00 DF 81 1B 01 20 DF 11 05 DC 40 00 
I/clss_kernel_main( 4714): A8 00 DF 13 05 00 10 00 00 00 
I/clss_kernel_main( 4714): <clss_main_aid_dispatch_func,291>:buf:
I/clss_kernel_main( 4714): <clss_main_aid_dispatch_func,292>:len = 199
I/clss_kernel_main( 4714): 9F 2A 01 00 9F 06 07 A0 00 00 00 03 10 10 DF 01 01 01 DF 23 02 F0 01 9F 1B 
I/clss_kernel_main( 4714): 04 00 00 00 00 DF 19 06 00 00 00 15 00 00 DF 20 06 99 99 99 99 99 99 DF 21 
I/clss_kernel_main( 4714): 06 00 00 00 15 00 00 9F 66 04 26 00 00 80 DF 14 03 9F 37 04 5F 2A 02 07 64 
I/clss_kernel_main( 4714): DF 17 01 00 9F 09 02 02 00 DF 16 01 00 DF 81 19 01 08 9F 7B 06 00 00 00 00 
I/clss_kernel_main( 4714): 13 88 9F 33 03 E0 B8 C8 9F 40 05 F0 00 F0 A0 01 DF 81 18 01 30 DF 18 01 01 
I/clss_kernel_main( 4714): 9F 35 01 22 DF 12 05 DC 40 04 F8 00 97 09 9F 1A 02 95 05 9A 03 9C 01 9F 1A 
I/clss_kernel_main( 4714): 02 07 64 9F 15 0F 20 20 20 20 20 20 20 20 20 20 20 20 20 20 20 DF 15 04 00 
I/clss_kernel_main( 4714): 00 00 00 DF 81 1B 01 20 DF 11 05 DC 40 00 A8 00 DF 13 05 00 10 00 00 00 
I/clss_aids_database( 4714): <_aid_browser_dispatch_func,254>:kernel id = 0
I/clss_aids_database( 4714): <_aid_browser_dispatch_func,255>:len = 7
I/clss_aids_database( 4714): A0 00 00 00 03 20 10 
I/clss_aids_database( 4714): <_aid_browser_dispatch_func,256>:kernel_data address = 0xB7F87798
I/clss_aids_database( 4714): <_aid_browser_dispatch_func,257>:kernel_data_len = 135
I/clss_kernel_main( 4714): <clss_main_aid_dispatch_func,285>:aid->kernel_data:
I/clss_kernel_main( 4714): <clss_main_aid_dispatch_func,286>:len = 135
I/clss_kernel_main( 4714): DF 14 03 9F 37 04 5F 2A 02 07 64 DF 17 01 00 9F 09 02 02 00 DF 16 01 00 DF 
I/clss_kernel_main( 4714): 81 19 01 08 9F 7B 06 00 00 00 00 13 88 9F 33 03 E0 B8 C8 9F 40 05 F0 00 F0 
I/clss_kernel_main( 4714): A0 01 DF 81 18 01 30 DF 18 01 01 9F 35 01 22 DF 12 05 DC 40 04 F8 00 97 09 
I/clss_kernel_main( 4714): 9F 1A 02 95 05 9A 03 9C 01 9F 1A 02 07 64 9F 15 0F 20 20 20 20 20 20 20 20 
I/clss_kernel_main( 4714): 20 20 20 20 20 20 20 DF 15 04 00 00 00 00 DF 81 1B 01 20 DF 11 05 DC 40 00 
I/clss_kernel_main( 4714): A8 00 DF 13 05 00 10 00 00 00 
I/clss_kernel_main( 4714): <clss_main_aid_dispatch_func,291>:buf:
I/clss_kernel_main( 4714): <clss_main_aid_dispatch_func,292>:len = 199
I/clss_kernel_main( 4714): 9F 2A 01 00 9F 06 07 A0 00 00 00 03 20 10 DF 01 01 01 DF 23 02 F0 01 9F 1B 
I/clss_kernel_main( 4714): 04 00 00 00 00 DF 19 06 00 00 00 15 00 00 DF 20 06 99 99 99 99 99 99 DF 21 
I/clss_kernel_main( 4714): 06 00 00 00 15 00 00 9F 66 04 26 00 00 80 DF 14 03 9F 37 04 5F 2A 02 07 64 
I/clss_kernel_main( 4714): DF 17 01 00 9F 09 02 02 00 DF 16 01 00 DF 81 19 01 08 9F 7B 06 00 00 00 00 
I/clss_kernel_main( 4714): 13 88 9F 33 03 E0 B8 C8 9F 40 05 F0 00 F0 A0 01 DF 81 18 01 30 DF 18 01 01 
I/clss_kernel_main( 4714): 9F 35 01 22 DF 12 05 DC 40 04 F8 00 97 09 9F 1A 02 95 05 9A 03 9C 01 9F 1A 
I/clss_kernel_main( 4714): 02 07 64 9F 15 0F 20 20 20 20 20 20 20 20 20 20 20 20 20 20 20 DF 15 04 00 
I/clss_kernel_main( 4714): 00 00 00 DF 81 1B 01 20 DF 11 05 DC 40 00 A8 00 DF 13 05 00 10 00 00 00 
I/clss_aids_database( 4714): <_aid_browser_dispatch_func,254>:kernel id = 0
I/clss_aids_database( 4714): <_aid_browser_dispatch_func,255>:len = 7
I/clss_aids_database( 4714): A0 00 00 00 04 10 10 
I/clss_aids_database( 4714): <_aid_browser_dispatch_func,256>:kernel_data address = 0xB7F87908
I/clss_aids_database( 4714): <_aid_browser_dispatch_func,257>:kernel_data_len = 135
I/clss_kernel_main( 4714): <clss_main_aid_dispatch_func,285>:aid->kernel_data:
I/clss_kernel_main( 4714): <clss_main_aid_dispatch_func,286>:len = 135
I/clss_kernel_main( 4714): DF 14 03 9F 37 04 5F 2A 02 07 64 DF 17 01 00 9F 09 02 00 02 DF 16 01 00 DF 
I/clss_kernel_main( 4714): 81 19 01 08 9F 7B 06 00 00 00 00 13 88 9F 33 03 E0 B8 C8 9F 40 05 F0 00 F0 
I/clss_kernel_main( 4714): A0 01 DF 81 18 01 30 DF 18 01 01 9F 35 01 22 DF 12 05 FE 50 B8 F8 00 97 09 
I/clss_kernel_main( 4714): 9F 1A 02 95 05 9A 03 9C 01 9F 1A 02 07 64 9F 15 0F 20 20 20 20 20 20 20 20 
I/clss_kernel_main( 4714): 20 20 20 20 20 20 20 DF 15 04 00 00 00 00 DF 81 1B 01 20 DF 11 05 FE 50 B8 
I/clss_kernel_main( 4714): A0 00 DF 13 05 00 00 00 00 00 
I/clss_kernel_main( 4714): <clss_main_aid_dispatch_func,291>:buf:
I/clss_kernel_main( 4714): <clss_main_aid_dispatch_func,292>:len = 199
I/clss_kernel_main( 4714): 9F 2A 01 00 9F 06 07 A0 00 00 00 04 10 10 DF 01 01 01 DF 23 02 F0 01 9F 1B 
I/clss_kernel_main( 4714): 04 00 00 00 00 DF 19 06 00 00 00 15 00 00 DF 20 06 99 99 99 99 99 99 DF 21 
I/clss_kernel_main( 4714): 06 00 00 00 15 00 00 9F 66 04 26 00 00 80 DF 14 03 9F 37 04 5F 2A 02 07 64 
I/clss_kernel_main( 4714): DF 17 01 00 9F 09 02 00 02 DF 16 01 00 DF 81 19 01 08 9F 7B 06 00 00 00 00 
I/clss_kernel_main( 4714): 13 88 9F 33 03 E0 B8 C8 9F 40 05 F0 00 F0 A0 01 DF 81 18 01 30 DF 18 01 01 
I/clss_kernel_main( 4714): 9F 35 01 22 DF 12 05 FE 50 B8 F8 00 97 09 9F 1A 02 95 05 9A 03 9C 01 9F 1A 
I/clss_kernel_main( 4714): 02 07 64 9F 15 0F 20 20 20 20 20 20 20 20 20 20 20 20 20 20 20 DF 15 04 00 
I/clss_kernel_main( 4714): 00 00 00 DF 81 1B 01 20 DF 11 05 FE 50 B8 A0 00 DF 13 05 00 00 00 00 00 
I/clss_aids_database( 4714): <_aid_browser_dispatch_func,254>:kernel id = 0
I/clss_aids_database( 4714): <_aid_browser_dispatch_func,255>:len = 7
I/clss_aids_database( 4714): A0 00 00 03 33 01 01 
I/clss_aids_database( 4714): <_aid_browser_dispatch_func,256>:kernel_data address = 0xB7F87A78
I/clss_aids_database( 4714): <_aid_browser_dispatch_func,257>:kernel_data_len = 135
I/clss_kernel_main( 4714): <clss_main_aid_dispatch_func,285>:aid->kernel_data:
I/clss_kernel_main( 4714): <clss_main_aid_dispatch_func,286>:len = 135
I/clss_kernel_main( 4714): DF 14 03 9F 37 04 5F 2A 02 07 64 DF 17 01 00 9F 09 02 00 20 DF 16 01 00 DF 
I/clss_kernel_main( 4714): 81 19 01 08 9F 7B 06 00 00 00 00 13 88 9F 33 03 E0 F8 C8 9F 40 05 F0 00 F0 
