I/System.out(24161): UINavigator : [(UINavigator.java:30)(A)] transUiFlow = SaleUIFlow
I/System.out(24161): UINavigator : [(UINavigator.java:54)(B)] LastUIname=com.verifone.adc.presentation.view.activities.EmvActivity
I/System.out(24161): UINavigator : [(UINavigator.java:55)(B)] CurrentUIName=com.verifone.adc.presentation.view.activities.NetworkProcessActivity
I/System.out(24161): SaleUIFlow : [(BaseTransFlow.java:75)(IsCorrectUIEntry)] uiState=9
I/System.out(24161): SaleUIFlow : [(BaseTransFlow.java:76)(IsCorrectUIEntry)] context class name=NetworkProcessActivity
I/System.out(24161): TAG : [(AndroidUtil.java:22)(A)] Start activity[TransSuccessActivity]
I/Timeline(24161): Timeline: Activity_launch_request id:com.verifone.scb.presentation time:34345809
I/ActivityManager(  791): START u0 {cmp=com.verifone.scb.presentation/com.verifone.adc.presentation.view.activities.TransSuccessActivity} from uid 10130 on display 0
V/WindowManager(  791): addAppToken: AppWindowToken{26aba4fa token=Token{334b3b25 ActivityRecord{2c2df31c u0 com.verifone.scb.presentation/com.verifone.adc.presentation.view.activities.TransSuccessActivity t957}}} to stack=1 task=957 at 8
I/System.out(24161): BaseMvpActivity : [(BaseMvpActivity.java:85)(OnPause)] ----onPause=NetworkProcessActivity
I/System.out(24161): BaseMvpActivity : [(BaseMvpActivity.java:26)(OnCreate)] ----onCreate=TransSuccessActivity
I/System.out(24161): database : [(TransactionRepositoryImpl.java:251)(GetCurTranDataParameter)] getCurTranDataParameter
I/System.out(24161): database : [(TransactionRepositoryImpl.java:115)(GetSystemParameter)] getSystemParameter
I/DBTerminalStatusConver(24161): getModelValue fromJson:com.verifone.adc.domain.entities.bo.TerminalStatusParam@fa4c98e
I/TransSuccessActivity(24161): acquireWakeLock: TransSuccessActivity
I/System.out(24161): BaseMvpActivity : [(BaseMvpActivity.java:63)(OnStart)] ----onStart=TransSuccessActivity
I/System.out(24161): BasePresenter : [(BasePresenter.java:30)(AttachUI)] ============attachUI
I/System.out(24161): BasePresenter : [(BasePresenter.java:32)(AttachUI)] UI=TransSuccessActivity
I/System.out(24161): TransSuccessPresenter : [(TransSuccessPresenter.java:224)(I)] loadAmount tradingType name=Sale
I/System.out(24161): TAG : [(TvShowUtil.java:24)(A)] Amount=000000000015
I/System.out(24161): TAG : [(TvShowUtil.java:41)(A)] Amount=15
I/System.out(24161): TAG : [(TvShowUtil.java:49)(A)] Amount=0.15
I/System.out(24161): TransSuccessActivity : [(BaseActivity.java:177)(A)] setLoadingDialogStatus is true
I/System.out(24161): TransSuccessActivity : [(BaseActivity.java:179)(A)] loadingDialog is null
I/System.out(24161): TransSuccessActivity : [(BaseActivity.java:182)(A)] loadingDialog isShowing false
I/ViewRootImpl(24161): CPU Rendering VSync enable = true
V/WindowManager(  791): Adding window Window{bb52508 u0 com.verifone.scb.presentation/com.verifone.adc.presentation.view.activities.TransSuccessActivity} at 10 of 15 (after Window{2aa143a2 u0 com.verifone.scb.presentation/com.verifone.adc.presentation.view.activities.NetworkProcessActivity})
I/System.out(24161): TransSuccessPresenter : [(TransSuccessPresenter.java:317)(A)] Print finished004076006160
I/System.out(24161): database : [(TransactionRepositoryImpl.java:410)(GetRecordInformation)] getRecordInformation traceNum: 004076
I/System.out(24161): database_record : [(DBFunRecordInfo.java:286)(B)] 查找trace : 004076Stan : 006160的交易记录成功
I/PrintTransReceiptModel(24161): loadPrintReceiptsInfos: executed,  currPrintReceiptNumber0
I/System.out(24161): database : [(TransactionRepositoryImpl.java:115)(GetSystemParameter)] getSystemParameter
I/PrintTransReceiptModel(24161): checkIsAllPrintFinish currPrintReceiptNumber: 0  receiptNumber 2
I/System.out(24161): getReceiptPrintDark : [(PrintTransReceiptModel.java:140)(A)] getReceiptPrintDark: 6
I/System.out(24161): database : [(TransactionRepositoryImpl.java:115)(GetSystemParameter)] getSystemParameter
I/System.out(24161): TAG : [(BasePrintModel.java:192)(A)] -----------text = Siam Commercial Bank
I/System.out(24161): TAG : [(BasePrintModel.java:192)(A)] -----------text =   VERIFONE Co.,Ltd.
I/System.out(24161): TAG : [(BasePrintModel.java:192)(A)] -----------text =     Head Office
I/System.out(24161): BasePrintModel.java : [(BasePrintModel.java:281)(A)] TAG, contentLen=14
I/System.out(24161): BasePrintModel.java : [(BasePrintModel.java:281)(A)] TAG, contentLen=11
I/System.out(24161): BasePrintModel.java : [(BasePrintModel.java:281)(A)] TAG, contentLen=14
I/System.out(24161): BasePrintModel.java : [(BasePrintModel.java:281)(A)] TAG, contentLen=12
I/System.out(24161): BasePrintModel.java : [(BasePrintModel.java:281)(A)] TAG, contentLen=12
I/System.out(24161): BasePrintModel.java : [(BasePrintModel.java:281)(A)] TAG, contentLen=15
I/System.out(24161): BasePrintModel.java : [(BasePrintModel.java:281)(A)] TAG, contentLen=27
I/System.out(24161): BasePrintModel.java : [(BasePrintModel.java:281)(A)] TAG, contentLen=18
I/System.out(24161): BasePrintModel.java : [(BasePrintModel.java:281)(A)] TAG, contentLen=28
I/System.out(24161): BasePrintModel.java : [(BasePrintModel.java:281)(A)] TAG, contentLen=15
I/System.out(24161): BasePrintModel.java : [(BasePrintModel.java:281)(A)] TAG, contentLen=19
I/System.out(24161): BasePrintModel.java : [(BasePrintModel.java:281)(A)] TAG, contentLen=17
I/System.out(24161): BasePrintModel.java : [(BasePrintModel.java:281)(A)] TAG, contentLen=20
I/System.out(24161): BasePrintModel.java : [(BasePrintModel.java:281)(A)] TAG, contentLen=13
I/System.out(24161): BasePrintModel.java : [(BasePrintModel.java:281)(A)] TAG, contentLen=7
I/System.out(24161): TAG : [(BasePrintModel.java:192)(A)] -----------text = SCAN FOR VOID
I/System.out(24161): TAG : [(BasePrintModel.java:192)(A)] -----------text = 004076
I/System.out(24161): TAG : [(BasePrintModel.java:192)(A)] -----------text = Sale
I/System.out(24161): TAG : [(TvShowUtil.java:24)(A)] Amount=15
I/System.out(24161): TAG : [(TvShowUtil.java:41)(A)] Amount=15
I/System.out(24161): TAG : [(TvShowUtil.java:49)(A)] Amount=0.15
I/System.out(24161): TAG : [(TvShowUtil.java:24)(A)] Amount=0
I/System.out(24161): TAG : [(TvShowUtil.java:41)(A)] Amount=0
I/System.out(24161): TAG : [(TvShowUtil.java:49)(A)] Amount=0.00
I/System.out(24161): TAG : [(TvShowUtil.java:24)(A)] Amount=15
I/System.out(24161): TAG : [(TvShowUtil.java:41)(A)] Amount=15
I/System.out(24161): TAG : [(TvShowUtil.java:49)(A)] Amount=0.15
I/System.out(24161): TAG : [(BasePrintModel.java:192)(A)] -----------text = CARDHOLDER SIGNATURE
I/System.out(24161): PrintTransReceiptModel : [(PrintTransReceiptModel.java:643)(C)] isNeedESign : false | Amount is less than CVM limit no need to sign !
I/System.out(24161): PrintTransReceiptModel : [(PrintTransReceiptModel.java:644)(C)] isWearAble : false | wearable is no need to sign at any amount !
I/System.out(24161): TAG : [(BasePrintModel.java:192)(A)] -----------text = No Signature is Required
I/System.out(24161): TAG : [(BasePrintModel.java:192)(A)] -----------text = 
I/System.out(24161): TAG : [(BasePrintModel.java:192)(A)] -----------text = I ACKNOWLEDGE SATISFACTORY RECEIPT
I/System.out(24161): TAG : [(BasePrintModel.java:192)(A)] -----------text = OF RELATIVE GOOD/SERVICE
I/System.out(24161): TAG : [(BasePrintModel.java:192)(A)] -----------text = *** NO REFUND ***
I/System.out(24161): database : [(TransactionRepositoryImpl.java:1943)(IsTLEAllowed)] Is TLE Allowed
I/PrintTransReceiptModel(24161): setPrintReceiptsType currPrintReceiptNumber: 0
I/System.out(24161): TAG : [(BasePrintModel.java:192)(A)] -----------text = 01.06.04
I/System.out(24161): BaseMvpActivity : [(BaseMvpActivity.java:73)(OnResume)] ----onResume=TransSuccessActivity
I/DeviceService( 4714): getPrinter() executed
I/PrinterManager( 4714): getStatus executed
D/NonContactCardTimer( 4714): stop
I/ViewRootImpl(24161): CPU Rendering VSync enable = true
D/NonContactCardTimer( 4714): unRegisterReveiver 
D/InsertCardTimer( 4714): stop
I/SocsiSystemService(  791): getK21CommandService mK21CommandService=com.socsi.aidl.command.CommandTransfer$Stub$Proxy@1a6d7d60;
I/SocsiSystemService(  791): getK21CommandService mK21CommandService=com.socsi.aidl.command.CommandTransfer$Stub$Proxy@1a6d7d60;
V/WindowManager(  791): Adding window Window{187f16c6 u0 com.verifone.scb.presentation/com.verifone.adc.presentation.view.activities.TransSuccessActivity} at 10 of 16 (before Window{bb52508 u0 com.verifone.scb.presentation/com.verifone.adc.presentation.view.activities.TransSuccessActivity})
D/CommandService_HandleProtocol( 4223): send >>> [D102 关闭读卡器]
D/CommandService_HandleProtocol( 4223): send >>> []
D/CommandService_HandleProtocol( 4223): 
D/CommandService_HandleProtocol( 4223): recv <<< [D102 关闭读卡器]
D/CommandService_HandleProtocol( 4223): recv <<< [00] []
D/CommandService_HandleProtocol( 4223): 
I/SocsiSystemService(  791): getK21CommandService mK21CommandService=com.socsi.aidl.command.CommandTransfer$Stub$Proxy@1a6d7d60;
I/SocsiSystemService(  791): getK21CommandService mK21CommandService=com.socsi.aidl.command.CommandTransfer$Stub$Proxy@1a6d7d60;
D/CommandService_HandleProtocol( 4223): send >>> [D107 非阻塞开启关闭磁头]
D/CommandService_HandleProtocol( 4223): send >>> [01]
D/CommandService_HandleProtocol( 4223): 
D/CommandService_HandleProtocol( 4223): recv <<< [D107 非阻塞开启关闭磁头]
D/CommandService_HandleProtocol( 4223): recv <<< [00] []
D/CommandService_HandleProtocol( 4223): 
I/SocsiSystemService(  791): getK21CommandService mK21CommandService=com.socsi.aidl.command.CommandTransfer$Stub$Proxy@1a6d7d60;
I/SocsiSystemService(  791): getK21CommandService mK21CommandService=com.socsi.aidl.command.CommandTransfer$Stub$Proxy@1a6d7d60;
D/CommandService_HandleProtocol( 4223): send >>> [1B47 获取打印机状态]
D/CommandService_HandleProtocol( 4223): send >>> [53]
D/CommandService_HandleProtocol( 4223): 
I/System.out(24161): SaleUIFlow : [(BaseTransFlow.java:276)(Run)] isUIStateNeedCheckTimeout=0
D/CommandService_HandleProtocol( 4223): recv <<< [1B47 获取打印机状态]
D/CommandService_HandleProtocol( 4223): recv <<< [00] [1B472F9430300803EB]
D/CommandService_HandleProtocol( 4223): 
I/PrinterManager( 4714): VFI printer RspCode=240
D/PrinterManager( 4714): getStatus() return=240
I/System.out(24161): PrinterObservable : [(PrinterObservable.java:41)(D)] printer status: 240
I/System.out(24161): PrintTransReceiptModel : [(PrintTransReceiptModel.java:696)(OnError)] StartPrintReceiptsObserver onError exception: Printer unavailable for out of paper
I/System.out(24161): TransSuccessPresenter : [(TransSuccessPresenter.java:351)(OnError)] Print failed
I/System.out(24161): TransSuccessActivity : [(BaseActivity.java:177)(A)] setLoadingDialogStatus is false
I/System.out(24161): TransSuccessActivity : [(BaseActivity.java:182)(A)] loadingDialog isShowing true
I/ActivityManager(  791): Displayed com.verifone.scb.presentation/com.verifone.adc.presentation.view.activities.TransSuccessActivity: +318ms
I/System.out(24161): TAG : [(CustomDialog.java:47)(<init>)] TransSuccessActivity dialogType=1
I/ViewRootImpl(24161): CPU Rendering VSync enable = true
V/WindowManager(  791): not Base app: Adding window Window{27b740aa u0 com.verifone.scb.presentation/com.verifone.adc.presentation.view.activities.TransSuccessActivity} at 12 of 17
I/Timeline(24161): Timeline: Activity_idle id: android.os.BinderProxy@1dc47625 time:34346326
W/SurfaceFlinger(  259): couldn't log to binary event log: overflow.
I/System.out(24161): BaseMvpActivity : [(BaseMvpActivity.java:102)(OnSaveInstanceState)] ----onSaveInstanceState=NetworkProcessActivity
I/System.out(24161): BasePresenter : [(BasePresenter.java:51)(DetachUI)] ============detachUI
I/System.out(24161): BasePresenter : [(BasePresenter.java:53)(DetachUI)] UI=NetworkProcessActivity
I/Timeline(  791): Timeline: Activity_windows_visible id: ActivityRecord{2c2df31c u0 com.verifone.scb.presentation/com.verifone.adc.presentation.view.activities.TransSuccessActivity t957} time:34346530
I/System.out(24161): BaseMvpActivity : [(BaseMvpActivity.java:93)(OnStop)] ----onStop=NetworkProcessActivity
I/System.out(24161): BasePresenter : [(BasePresenter.java:51)(DetachUI)] ============detachUI
I/NetworkProcessActivity(24161): releaseWakeLock: 
I/SurfaceFlinger(  259): FPS: 46
D/audio_hw_primary(  274): out_standby: enter: stream (0xb82a71e0) usecase(1: low-latency-playback)
D/soundtrigger(  274): audio_extn_sound_trigger_update_stream_status: uc_id 1 of type 0 for Event 2, with Raise=0
D/hardware_info(  274): hw_info_append_hw_type : device_name = speaker
I/System.out(24161): SaleUIFlow : [(BaseTransFlow.java:276)(Run)] isUIStateNeedCheckTimeout=0
D/audio_hw_primary(  274): out_standby: enter: stream (0xb82a15d8) usecase(0: deep-buffer-playback)
D/soundtrigger(  274): audio_extn_sound_trigger_update_stream_status: uc_id 0 of type 0 for Event 2, with Raise=1
V/sound_trigger_hw(  274): handle_audio_concurrency: Enter, event type = 2
D/sound_trigger_platform(  274): platform_stdev_check_and_update_concurrency: concurrency active 0, tx 0, rx 0, concurrency session_allowed 1
D/hardware_info(  274): hw_info_append_hw_type : device_name = speaker
I/soundtrigger(  274): audio_extn_sound_trigger_update_device_status: device 0x2 of type 0 for Event 0, with Raise=0
D/UIAutomatorStub( 6033): URI: /jsonrpc/0, Method: POST, params, {NanoHttpd.QUERY_STRING=null}, files: {postData={"jsonrpc": "2.0", "id": "3d2a60e23557cc0e84b36c6c31f77c0f", "method": "deviceInfo", "params": {}}}
W/QueryController( 6033): Could not detect idle state.
W/QueryController( 6033): Could not detect idle state.
W/QueryController( 6033): Could not detect idle state.
W/QueryController( 6033): Could not detect idle state.
D/UIAutomatorStub( 6033): URI: /jsonrpc/0, Method: POST, params, {NanoHttpd.QUERY_STRING=null}, files: {postData={"jsonrpc": "2.0", "id": "3a16cf258ca763c420571444e661e46b", "method": "click", "params": [216, 793]}}
D/InteractionController( 6033): clickNoSync (216, 793)
I/SurfaceFlinger(  259): FPS: 26
E/AudioPolicyManager(  274): unknown stream type 13
E/AudioPolicyManager(  274): unknown stream type 13
E/AudioPolicyManager(  274): unknown stream type 13
E/AudioPolicyManager(  274): unknown stream type 13
E/AudioPolicyManager(  274): unknown stream type 13
E/AudioPolicyManager(  274): unknown stream type 13
E/AudioPolicyManager(  274): unknown stream type 13
E/AudioPolicyManager(  274): unknown stream type 13
E/AudioPolicyManager(  274): unknown stream type 13
D/audio_hw_primary(  274): start_output_stream: enter: stream(0xb82a71e0)usecase(1: low-latency-playback) devices(0x2)
D/audio_hw_primary(  274): select_devices: out_snd_device(2: speaker) in_snd_device(0: )
D/hardware_info(  274): hw_info_append_hw_type : device_name = speaker
I/soundtrigger(  274): audio_extn_sound_trigger_update_device_status: device 0x2 of type 0 for Event 1, with Raise=0
I/System.out(24161): TAG : [(TransSuccessPresenter.java:429)(J)] Do checkPostTrans
W/audio_hw_utils(  274): audio_extn_utils_update_stream_app_type_cfg: App type could not be selected. Falling back to default
I/audio_hw_primary(  274): select_devices Selected apptype: 69936
D/soundtrigger(  274): audio_extn_sound_trigger_update_stream_status: uc_id 1 of type 0 for Event 3, with Raise=0
D/ACDB-LOADER(  274): ACDB -> send_audio_cal, acdb_id = 14, path =  0
D/ACDB-LOADER(  274): ACDB -> send_asm_topology
D/ACDB-LOADER(  274): ACDB -> ACDB_CMD_GET_AUDPROC_STREAM_TOPOLOGY_ID
D/ACDB-LOADER(  274): ACDB -> send_adm_topology
D/ACDB-LOADER(  274): ACDB -> ACDB_CMD_GET_AUDPROC_COMMON_TOPOLOGY_ID
D/ACDB-LOADER(  274): ACDB -> send_audtable
D/ACDB-LOADER(  274): ACDB -> ACDB_CMD_GET_AUDPROC_COMMON_TABLE
D/ACDB-LOADER(  274): ACDB -> AUDIO_SET_AUDPROC_CAL
D/ACDB-LOADER(  274): ACDB -> send_audvoltable
D/ACDB-LOADER(  274): ACDB -> ACDB_CMD_GET_AUDPROC_GAIN_DEP_STEP_TABLE
D/ACDB-LOADER(  274): ACDB -> AUDIO_SET_AUDPROC_VOL_CAL
D/ACDB-LOADER(  274): ACDB -> send_afe_cal
D/ACDB-LOADER(  274): ACDB -> ACDB_CMD_GET_AFE_COMMON_TABLE
D/ACDB-LOADER(  274): ACDB -> AUDIO_SET_AFE_CAL
D/ACDB-LOADER(  274): ACDB -> send_hw_delay : acdb_id = 14 path = 0
D/ACDB-LOADER(  274): ACDB -> ACDB_AVSYNC_INFO: ACDB_CMD_GET_DEVICE_PROPERTY
I/audio_hw_utils(  274): audio_extn_utils_send_app_type_cfg app_type 69936, acdb_dev_id 14, sample_rate 48000
D/audio_hw_primary(  274): select_devices: done
I/System.out(24161): TAG : [(TransSuccessPresenter.java:431)(J)] tranId=10001
I/System.out(24161): database : [(TransactionRepositoryImpl.java:251)(GetCurTranDataParameter)] getCurTranDataParameter
I/System.out(24161): UseCaseCheckUpLoadTrans : [(UseCaseCheckUpLoadTrans.java:94)(B)] 获取后置交易, 当前交易:Sale
I/System.out(24161): database : [(TransactionRepositoryImpl.java:135)(GetSystemParam)] getSystemParam
I/System.out(24161): UseCaseCheckUpLoadTrans : [(UseCaseCheckUpLoadTrans.java:109)(B)] isSupportTCUpload=true
I/System.out(24161): database : [(TransactionRepositoryImpl.java:1251)(IsSCBTCUploadExist)] isSCBTCUploadExist
I/System.out(24161): database : [(TransactionRepositoryImpl.java:1388)(F)] is has tip record : false
I/System.out(24161): database : [(TransactionRepositoryImpl.java:1419)(D)] is has tip record : false
I/System.out(24161): database : [(TransactionRepositoryImpl.java:1627)(C)] isOfflineVoidRecoExist ? false
I/System.out(24161): database : [(TransactionRepositoryImpl.java:1254)(K)] isSCBTCUploadExist? false
I/System.out(24161): UseCaseCheckUpLoadTrans : [(UseCaseCheckUpLoadTrans.java:127)(A)] CheckPostTrans => UploadTransType size():0
I/System.out(24161): TAG : [(TransSuccessPresenter.java:443)(C)] Do filterTransTypes
I/System.out(24161): TAG : [(TransSuccessPresenter.java:463)(D)] uploadTransTypes len=0
I/System.out(24161): TransSuccessPresenter : [(TransSuccessPresenter.java:488)(D)] doPostTransProcessing success.
E/AudioPolicyManager(  274): unknown stream type 13
E/AudioPolicyManager(  274): unknown stream type 13
E/AudioPolicyManager(  274): unknown stream type 13
E/AudioPolicyManager(  274): unknown stream type 13
E/AudioPolicyManager(  274): unknown stream type 13
E/AudioPolicyManager(  274): unknown stream type 13
E/AudioPolicyManager(  274): unknown stream type 13
E/AudioPolicyManager(  274): unknown stream type 13
E/AudioPolicyManager(  274): unknown stream type 13
E/AudioPolicyManager(  274): unknown stream type 13
E/AudioPolicyManager(  274): unknown stream type 13
E/AudioPolicyManager(  274): unknown stream type 13
E/AudioPolicyManager(  274): unknown stream type 13
E/AudioPolicyManager(  274): unknown stream type 13
E/AudioPolicyManager(  274): unknown stream type 13
E/AudioPolicyManager(  274): unknown stream type 13
E/AudioPolicyManager(  274): unknown stream type 13
W/SurfaceFlinger(  259): couldn't log to binary event log: overflow.
I/System.out(24161): SaleUIFlow : [(BaseTransFlow.java:276)(Run)] isUIStateNeedCheckTimeout=0
E/WifiStateMachine(  791): WifiStateMachine CMD_START_SCAN source -2 txSuccessRate=13.26 rxSuccessRate=14.45 targetRoamBSSID=any RSSI=-44
E/WifiStateMachine(  791): WifiStateMachine starting scan for "Verifone_Guest"-WPA_PSK with 2412,2462,2437
D/wpa_supplicant(27986): wlan0: Control interface command 'SCAN TYPE=ONLY freq=2412,2462,2437'
D/wpa_supplicant(27986): wlan0: Setting scan request: 0.000000 sec
D/wpa_supplicant(27986): wlan0: Starting AP scan for wildcard SSID
D/wpa_supplicant(27986): wlan0: Limit manual scan to specified channels
D/wpa_supplicant(27986): wlan0: Add radio work 'scan'@0xb877d4d8
D/wpa_supplicant(27986): wlan0: First radio work item in the queue - schedule start immediately
D/wpa_supplicant(27986): wlan0: Starting radio work 'scan'@0xb877d4d8 after 0.000095 second wait
D/wpa_supplicant(27986): wlan0: nl80211: scan request
D/wpa_supplicant(27986): nl80211: Scan SSID - hexdump(len=0): [NULL]
D/wpa_supplicant(27986): nl80211: Scan frequency 2412 MHz
D/wpa_supplicant(27986): nl80211: Scan frequency 2437 MHz
D/wpa_supplicant(27986): nl80211: Scan frequency 2462 MHz
V/WLAN_PSA(  281): NL MSG, len[3986], NL type[0x1C] WNI type[0x5900] len[31247]
V/WLAN_PSA(  281): NL MSG, PID: 281
V/WLAN_PSA(  281): NL MSG, len[914], NL type[0x11] WNI type[0x5050] len[894]
V/WLAN_PSA(  281): NL MSG, PID: 281
V/WLAN_PSA(  281): NL MSG, len[048], NL type[0x11] WNI type[0x5050] len[028]
V/WLAN_PSA(  281): NL MSG, PID: 281
I/WifiHAL (  791): Poll result = 1
I/WifiHAL (  791): Found some events!!!
D/wpa_supplicant(27986): Scan requested (ret=0) - scan timeout 30 seconds
D/WifiHAL (  791): no_seq_check received
I/WifiHAL (  791): event received NL80211_CMD_TRIGGER_SCAN
I/WifiHAL (  791): event received NL80211_CMD_TRIGGER_SCAN, vendor_id = 0x0
D/wpa_supplicant(27986): nl80211: Event message available
I/WifiHAL (  791): event ignored!!
D/wpa_supplicant(27986): nl80211: Drv Event 33 (NL80211_CMD_TRIGGER_SCAN) received for wlan0
D/wpa_supplicant(27986): wlan0: nl80211: Scan trigger
D/wpa_supplicant(27986): wlan0: Event SCAN_STARTED (49) received
D/wpa_supplicant(27986): wlan0: Own scan request started a scan in 0.000261 seconds
D/wpa_supplicant(27986): CTRL_IFACE monitor sent successfully to /data/misc/wifi/sockets/wpa_ctrl_290-2\x00
D/wpa_supplicant(27986): CTRL_IFACE monitor sent successfully to /data/misc/wifi/sockets/wpa_ctrl_791-8\x00
V/WLAN_PSA(  281): NL MSG, len[4071], NL type[0x1C] WNI type[0x5900] len[53007]
V/WLAN_PSA(  281): NL MSG, PID: 281
V/WLAN_PSA(  281): NL MSG, len[4042], NL type[0x1C] WNI type[0x5900] len[45583]
V/WLAN_PSA(  281): NL MSG, PID: 281
V/WLAN_PSA(  281): NL MSG, len[4006], NL type[0x1C] WNI type[0x5900] len[36367]
V/WLAN_PSA(  281): NL MSG, PID: 281
V/WLAN_PSA(  281): NL MSG, len[4069], NL type[0x1C] WNI type[0x5900] len[52495]
V/WLAN_PSA(  281): NL MSG, PID: 281
V/WLAN_PSA(  281): NL MSG, len[4039], NL type[0x1C] WNI type[0x5900] len[44815]
V/WLAN_PSA(  281): NL MSG, PID: 281
V/WLAN_PSA(  281): NL MSG, len[914], NL type[0x11] WNI type[0x5050] len[894]
V/WLAN_PSA(  281): NL MSG, PID: 281
V/WLAN_PSA(  281): NL MSG, len[4094], NL type[0x1C] WNI type[0x5900] len[58895]
V/WLAN_PSA(  281): NL MSG, PID: 281
V/WLAN_PSA(  281): NL MSG, len[4044], NL type[0x1C] WNI type[0x5900] len[46095]
V/WLAN_PSA(  281): NL MSG, PID: 281
D/wpa_supplicant(27986): nl80211: Event message available
D/wpa_supplicant(27986): nl80211: Drv Event 34 (NL80211_CMD_NEW_SCAN_RESULTS) received for wlan0
D/wpa_supplicant(27986): wlan0: nl80211: New scan results available
D/wpa_supplicant(27986): nl80211: Scan included frequencies: 2412 2437 2462
D/wpa_supplicant(27986): wlan0: Event SCAN_RESULTS (3) received
D/wpa_supplicant(27986): wlan0: Scan completed in 0.205631 seconds
D/wpa_supplicant(27986): nl80211: Associated on 2412 MHz
D/wpa_supplicant(27986): nl80211: Associated with 00:6b:f1:67:8d:01
D/wpa_supplicant(27986): nl80211: Received scan results (13 BSSes)
D/wpa_supplicant(27986): nl80211: Scan results indicate BSS status with 00:6b:f1:67:8d:01 as associated
D/wpa_supplicant(27986): wlan0: BSS: Start scan result update 99
D/wpa_supplicant(27986): wlan0: BSS: Add new id 135 BSSID 88:e6:28:12:3d:de SSID 'HCL901581910000709015626'
I/WifiHAL (  791): Poll result = 1
I/WifiHAL (  791): Found some events!!!
D/WifiHAL (  791): no_seq_check received
I/WifiHAL (  791): event received NL80211_CMD_NEW_SCAN_RESULTS
I/WifiHAL (  791): event received NL80211_CMD_NEW_SCAN_RESULTS, vendor_id = 0x0
I/WifiHAL (  791): event ignored!!
D/wpa_supplicant(27986): CTRL_IFACE monitor sent successfully to /data/misc/wifi/sockets/wpa_ctrl_290-2\x00
D/wpa_supplicant(27986): CTRL_IFACE monitor sent successfully to /data/misc/wifi/sockets/wpa_ctrl_791-8\x00
D/wpa_supplicant(27986): wlan0: BSS: Remove id 130 BSSID bc:5f:f6:bc:8f:7e SSID 'MERCURY_8F7E' due to no match in scan
D/wpa_supplicant(27986): CTRL_IFACE monitor sent successfully to /data/misc/wifi/sockets/wpa_ctrl_290-2\x00
D/wpa_supplicant(27986): CTRL_IFACE monitor sent successfully to /data/misc/wifi/sockets/wpa_ctrl_791-8\x00
D/wpa_supplicant(27986): BSS: last_scan_res_used=13/32
D/wpa_supplicant(27986): wlan0: Scan-only results received
D/wpa_supplicant(27986): CTRL_IFACE monitor sent successfully to /data/misc/wifi/sockets/wpa_ctrl_290-2\x00
D/wpa_supplicant(27986): CTRL_IFACE monitor sent successfully to /data/misc/wifi/sockets/wpa_ctrl_791-8\x00
D/wpa_supplicant(27986): wlan0: Radio work 'scan'@0xb877d4d8 done in 0.214404 seconds
D/wpa_supplicant(27986): wlan0: Control interface command 'BSS RANGE=0- MASK=0x21987'
D/wpa_supplicant(27986): wlan0: Control interface command 'STATUS-NO_EVENTS'
I/SurfaceFlinger(  259): FPS: 37
D/wpa_supplicant(27986): wlan0: Control interface command 'SIGNAL_POLL'
D/UIAutomatorStub( 6033): URI: /jsonrpc/0, Method: POST, params, {NanoHttpd.QUERY_STRING=null}, files: {postData={"jsonrpc": "2.0", "id": "33365b3c3c17660e2b9bc06f24ca8d8a", "method": "deviceInfo", "params": {}}}
W/QueryController( 6033): Could not detect idle state.
W/QueryController( 6033): Could not detect idle state.
W/QueryController( 6033): Could not detect idle state.
W/QueryController( 6033): Could not detect idle state.
D/UIAutomatorStub( 6033): URI: /jsonrpc/0, Method: POST, params, {NanoHttpd.QUERY_STRING=null}, files: {postData={"jsonrpc": "2.0", "id": "d61d94070fd73334f5c17f69f0ca3f5d", "method": "click", "params": [345, 1216]}}
D/InteractionController( 6033): clickNoSync (345, 1216)
I/System.out(24161): SaleUIFlow : [(BaseTransFlow.java:276)(Run)] isUIStateNeedCheckTimeout=0
I/System.out(24161): TransSuccessPresenter : [(TransSuccessPresenter.java:493)(C)] doClickBtnSuccessProcess
I/System.out(24161): TransSuccessActivity : [(BaseActivity.java:177)(A)] setLoadingDialogStatus is true
E/AudioPolicyManager(  274): unknown stream type 13
E/AudioPolicyManager(  274): unknown stream type 13
E/AudioPolicyManager(  274): unknown stream type 13
I/System.out(24161): TransSuccessActivity : [(BaseActivity.java:182)(A)] loadingDialog isShowing false
E/AudioPolicyManager(  274): unknown stream type 13
E/AudioPolicyManager(  274): unknown stream type 13
E/AudioPolicyManager(  274): unknown stream type 13
E/AudioPolicyManager(  274): unknown stream type 13
E/AudioPolicyManager(  274): unknown stream type 13
E/AudioPolicyManager(  274): unknown stream type 13
I/ViewRootImpl(24161): CPU Rendering VSync enable = true
V/WindowManager(  791): not Base app: Adding window Window{1a7fe038 u0 com.verifone.scb.presentation/com.verifone.adc.presentation.view.activities.TransSuccessActivity} at 11 of 16
I/System.out(24161): TransSuccessPresenter : [(TransSuccessPresenter.java:317)(A)] Print finished004076006160
I/System.out(24161): database : [(TransactionRepositoryImpl.java:410)(GetRecordInformation)] getRecordInformation traceNum: 004076
I/System.out(24161): database_record : [(DBFunRecordInfo.java:286)(B)] 查找trace : 004076Stan : 006160的交易记录成功
I/PrintTransReceiptModel(24161): loadPrintReceiptsInfos: executed,  currPrintReceiptNumber0
I/System.out(24161): database : [(TransactionRepositoryImpl.java:115)(GetSystemParameter)] getSystemParameter
I/PrintTransReceiptModel(24161): checkIsAllPrintFinish currPrintReceiptNumber: 0  receiptNumber 2
I/System.out(24161): getReceiptPrintDark : [(PrintTransReceiptModel.java:140)(A)] getReceiptPrintDark: 6
I/System.out(24161): database : [(TransactionRepositoryImpl.java:115)(GetSystemParameter)] getSystemParameter
I/System.out(24161): TAG : [(BasePrintModel.java:192)(A)] -----------text = Siam Commercial Bank
I/System.out(24161): TAG : [(BasePrintModel.java:192)(A)] -----------text =   VERIFONE Co.,Ltd.
I/System.out(24161): TAG : [(BasePrintModel.java:192)(A)] -----------text =     Head Office
I/System.out(24161): BasePrintModel.java : [(BasePrintModel.java:281)(A)] TAG, contentLen=14
I/System.out(24161): BasePrintModel.java : [(BasePrintModel.java:281)(A)] TAG, contentLen=11
I/System.out(24161): BasePrintModel.java : [(BasePrintModel.java:281)(A)] TAG, contentLen=14
I/System.out(24161): BasePrintModel.java : [(BasePrintModel.java:281)(A)] TAG, contentLen=12
I/System.out(24161): BasePrintModel.java : [(BasePrintModel.java:281)(A)] TAG, contentLen=12
I/System.out(24161): BasePrintModel.java : [(BasePrintModel.java:281)(A)] TAG, contentLen=15
I/System.out(24161): BasePrintModel.java : [(BasePrintModel.java:281)(A)] TAG, contentLen=27
I/System.out(24161): BasePrintModel.java : [(BasePrintModel.java:281)(A)] TAG, contentLen=18
I/System.out(24161): BasePrintModel.java : [(BasePrintModel.java:281)(A)] TAG, contentLen=28
I/System.out(24161): BasePrintModel.java : [(BasePrintModel.java:281)(A)] TAG, contentLen=15
I/System.out(24161): BasePrintModel.java : [(BasePrintModel.java:281)(A)] TAG, contentLen=19
I/System.out(24161): BasePrintModel.java : [(BasePrintModel.java:281)(A)] TAG, contentLen=17
I/System.out(24161): BasePrintModel.java : [(BasePrintModel.java:281)(A)] TAG, contentLen=20
I/System.out(24161): BasePrintModel.java : [(BasePrintModel.java:281)(A)] TAG, contentLen=13
I/System.out(24161): BasePrintModel.java : [(BasePrintModel.java:281)(A)] TAG, contentLen=7
I/System.out(24161): TAG : [(BasePrintModel.java:192)(A)] -----------text = SCAN FOR VOID
I/System.out(24161): TAG : [(BasePrintModel.java:192)(A)] -----------text = 004076
I/System.out(24161): TAG : [(BasePrintModel.java:192)(A)] -----------text = Sale
I/System.out(24161): TAG : [(TvShowUtil.java:24)(A)] Amount=15
I/System.out(24161): TAG : [(TvShowUtil.java:41)(A)] Amount=15
I/System.out(24161): TAG : [(TvShowUtil.java:49)(A)] Amount=0.15
I/System.out(24161): TAG : [(TvShowUtil.java:24)(A)] Amount=0
I/System.out(24161): TAG : [(TvShowUtil.java:41)(A)] Amount=0
I/System.out(24161): TAG : [(TvShowUtil.java:49)(A)] Amount=0.00
I/System.out(24161): TAG : [(TvShowUtil.java:24)(A)] Amount=15
I/System.out(24161): TAG : [(TvShowUtil.java:41)(A)] Amount=15
I/System.out(24161): TAG : [(TvShowUtil.java:49)(A)] Amount=0.15
I/System.out(24161): TAG : [(BasePrintModel.java:192)(A)] -----------text = CARDHOLDER SIGNATURE
I/System.out(24161): PrintTransReceiptModel : [(PrintTransReceiptModel.java:643)(C)] isNeedESign : false | Amount is less than CVM limit no need to sign !
I/System.out(24161): PrintTransReceiptModel : [(PrintTransReceiptModel.java:644)(C)] isWearAble : false | wearable is no need to sign at any amount !
I/System.out(24161): TAG : [(BasePrintModel.java:192)(A)] -----------text = No Signature is Required
I/System.out(24161): TAG : [(BasePrintModel.java:192)(A)] -----------text = 
I/System.out(24161): TAG : [(BasePrintModel.java:192)(A)] -----------text = I ACKNOWLEDGE SATISFACTORY RECEIPT
I/System.out(24161): TAG : [(BasePrintModel.java:192)(A)] -----------text = OF RELATIVE GOOD/SERVICE
I/System.out(24161): TAG : [(BasePrintModel.java:192)(A)] -----------text = *** NO REFUND ***
I/System.out(24161): database : [(TransactionRepositoryImpl.java:1943)(IsTLEAllowed)] Is TLE Allowed
I/PrintTransReceiptModel(24161): setPrintReceiptsType currPrintReceiptNumber: 0
I/System.out(24161): TAG : [(BasePrintModel.java:192)(A)] -----------text = 01.06.04
I/DeviceService( 4714): getPrinter() executed
I/PrinterManager( 4714): getStatus executed
D/NonContactCardTimer( 4714): stop
D/InsertCardTimer( 4714): stop
I/SocsiSystemService(  791): getK21CommandService mK21CommandService=com.socsi.aidl.command.CommandTransfer$Stub$Proxy@1a6d7d60;
I/SocsiSystemService(  791): getK21CommandService mK21CommandService=com.socsi.aidl.command.CommandTransfer$Stub$Proxy@1a6d7d60;
D/CommandService_HandleProtocol( 4223): send >>> [D102 关闭读卡器]
D/CommandService_HandleProtocol( 4223): send >>> []
D/CommandService_HandleProtocol( 4223): 
D/CommandService_HandleProtocol( 4223): recv <<< [D102 关闭读卡器]
D/CommandService_HandleProtocol( 4223): recv <<< [00] []
D/CommandService_HandleProtocol( 4223): 
I/SocsiSystemService(  791): getK21CommandService mK21CommandService=com.socsi.aidl.command.CommandTransfer$Stub$Proxy@1a6d7d60;
I/SocsiSystemService(  791): getK21CommandService mK21CommandService=com.socsi.aidl.command.CommandTransfer$Stub$Proxy@1a6d7d60;
D/CommandService_HandleProtocol( 4223): send >>> [D107 非阻塞开启关闭磁头]
D/CommandService_HandleProtocol( 4223): send >>> [01]
D/CommandService_HandleProtocol( 4223): 
D/CommandService_HandleProtocol( 4223): recv <<< [D107 非阻塞开启关闭磁头]
D/CommandService_HandleProtocol( 4223): recv <<< [00] []
D/CommandService_HandleProtocol( 4223): 
I/SocsiSystemService(  791): getK21CommandService mK21CommandService=com.socsi.aidl.command.CommandTransfer$Stub$Proxy@1a6d7d60;
I/SocsiSystemService(  791): getK21CommandService mK21CommandService=com.socsi.aidl.command.CommandTransfer$Stub$Proxy@1a6d7d60;
D/CommandService_HandleProtocol( 4223): send >>> [1B47 获取打印机状态]
D/CommandService_HandleProtocol( 4223): send >>> [53]
D/CommandService_HandleProtocol( 4223): 
D/CommandService_HandleProtocol( 4223): recv <<< [1B47 获取打印机状态]
D/CommandService_HandleProtocol( 4223): recv <<< [00] [1B472F9730300803E8]
D/CommandService_HandleProtocol( 4223): 
I/PrinterManager( 4714): VFI printer RspCode=240
D/PrinterManager( 4714): getStatus() return=240
I/System.out(24161): PrinterObservable : [(PrinterObservable.java:41)(D)] printer status: 240
I/System.out(24161): PrintTransReceiptModel : [(PrintTransReceiptModel.java:696)(OnError)] StartPrintReceiptsObserver onError exception: Printer unavailable for out of paper
I/System.out(24161): TransSuccessPresenter : [(TransSuccessPresenter.java:351)(OnError)] Print failed
I/System.out(24161): TransSuccessActivity : [(BaseActivity.java:177)(A)] setLoadingDialogStatus is false
I/System.out(24161): TransSuccessActivity : [(BaseActivity.java:182)(A)] loadingDialog isShowing true
E/AudioPolicyManager(  274): unknown stream type 13
E/AudioPolicyManager(  274): unknown stream type 13
E/AudioPolicyManager(  274): unknown stream type 13
E/AudioPolicyManager(  274): unknown stream type 13
E/AudioPolicyManager(  274): unknown stream type 13
E/AudioPolicyManager(  274): unknown stream type 13
E/AudioPolicyManager(  274): unknown stream type 13
E/AudioPolicyManager(  274): unknown stream type 13
E/AudioPolicyManager(  274): unknown stream type 13
E/AudioPolicyManager(  274): unknown stream type 13
E/AudioPolicyManager(  274): unknown stream type 13
E/AudioPolicyManager(  274): unknown stream type 13
E/AudioPolicyManager(  274): unknown stream type 13
E/AudioPolicyManager(  274): unknown stream type 13
E/AudioPolicyManager(  274): unknown stream type 13
E/AudioPolicyManager(  274): unknown stream type 13
E/AudioPolicyManager(  274): unknown stream type 13
I/System.out(24161): TAG : [(CustomDialog.java:47)(<init>)] TransSuccessActivity dialogType=1
I/ViewRootImpl(24161): CPU Rendering VSync enable = true
V/WindowManager(  791): not Base app: Adding window Window{76ecf77 u0 com.verifone.scb.presentation/com.verifone.adc.presentation.view.activities.TransSuccessActivity} at 12 of 17
V/WLAN_PSA(  281): NL MSG, len[4002], NL type[0x1C] WNI type[0x5900] len[35343]
V/WLAN_PSA(  281): NL MSG, PID: 281
I/SurfaceFlinger(  259): FPS: 39
I/System.out(24161): SaleUIFlow : [(BaseTransFlow.java:276)(Run)] isUIStateNeedCheckTimeout=0
D/UIAutomatorStub( 6033): URI: /jsonrpc/0, Method: POST, params, {NanoHttpd.QUERY_STRING=null}, files: {postData={"jsonrpc": "2.0", "id": "26b10c11a643e99c0f848db92bf0e13e", "method": "deviceInfo", "params": {}}}
W/QueryController( 6033): Could not detect idle state.
W/QueryController( 6033): Could not detect idle state.
W/QueryController( 6033): Could not detect idle state.
W/QueryController( 6033): Could not detect idle state.
D/UIAutomatorStub( 6033): URI: /jsonrpc/0, Method: POST, params, {NanoHttpd.QUERY_STRING=null}, files: {postData={"jsonrpc": "2.0", "id": "bac262f482a15c885e12634d9391a461", "method": "click", "params": [216, 793]}}
D/InteractionController( 6033): clickNoSync (216, 793)
E/AudioPolicyManager(  274): unknown stream type 13
E/AudioPolicyManager(  274): unknown stream type 13
E/AudioPolicyManager(  274): unknown stream type 13
E/AudioPolicyManager(  274): unknown stream type 13
E/AudioPolicyManager(  274): unknown stream type 13
E/AudioPolicyManager(  274): unknown stream type 13
E/AudioPolicyManager(  274): unknown stream type 13
E/AudioPolicyManager(  274): unknown stream type 13
E/AudioPolicyManager(  274): unknown stream type 13
I/System.out(24161): UINavigator : [(UINavigator.java:28)(A)] transUiFlow=not null
I/System.out(24161): UINavigator : [(UINavigator.java:30)(A)] transUiFlow = SaleUIFlow
I/System.out(24161): UINavigator : [(UINavigator.java:54)(B)] LastUIname=com.verifone.adc.presentation.view.activities.NetworkProcessActivity
I/System.out(24161): UINavigator : [(UINavigator.java:55)(B)] CurrentUIName=com.verifone.adc.presentation.view.activities.TransSuccessActivity
I/System.out(24161): SaleUIFlow : [(BaseTransFlow.java:75)(IsCorrectUIEntry)] uiState=16
I/System.out(24161): SaleUIFlow : [(BaseTransFlow.java:76)(IsCorrectUIEntry)] context class name=TransSuccessActivity
I/System.out(24161): BaseTransFlow.java : [(BaseTransFlow.java:145)(DoBackToEntry)] isTransNotAllow=false
I/System.out(24161): SaleUIFlow : [(BaseTransFlow.java:327)(C)] call stopUIWatch.
I/System.out(24161): UINavigator : [(UINavigator.java:76)(A)] setTransUiFlow = null
I/System.out(24161): TAG : [(UIFlowControlData.java:167)(G)] start clearUIStack
I/System.out(24161): TAG : [(UIFlowControlData.java:169)(G)] uiState[0]
I/System.out(24161): TAG : [(UIFlowControlData.java:169)(G)] uiState[1]
I/System.out(24161): TAG : [(UIFlowControlData.java:169)(G)] uiState[18]
I/System.out(24161): TAG : [(UIFlowControlData.java:169)(G)] uiState[2]
I/System.out(24161): TAG : [(UIFlowControlData.java:169)(G)] uiState[3]
I/System.out(24161): TAG : [(UIFlowControlData.java:169)(G)] uiState[8]
I/System.out(24161): TAG : [(UIFlowControlData.java:169)(G)] uiState[9]
I/System.out(24161): TAG : [(UIFlowControlData.java:169)(G)] uiState[16]
I/System.out(24161): TAG : [(UIFlowControlData.java:173)(G)] clearUIStack end
I/DeviceService( 4714): getInsertCardReader() executed
I/InsertCardReaderManager( 4714): IInsertCardReaderManager getInstance() executed
D/InsertCardReaderManager( 4714): slotNo=0
I/InsertCardReaderManager( 4714): isCardIn() executed
D/InsertCardTimer( 4714): startBroast timeout=30
D/InsertCardTimer( 4714): registerReveiver 
D/InsertCardTimer( 4714): alarm timeout=30
I/SocsiSystemService(  791): getK21CommandService mK21CommandService=com.socsi.aidl.command.CommandTransfer$Stub$Proxy@1a6d7d60;
I/SocsiSystemService(  791): getK21CommandService mK21CommandService=com.socsi.aidl.command.CommandTransfer$Stub$Proxy@1a6d7d60;
D/CommandService_HandleProtocol( 4223): send >>> [D109 非阻塞检测IC卡状态]
D/CommandService_HandleProtocol( 4223): send >>> []
D/CommandService_HandleProtocol( 4223): 
D/CommandService_HandleProtocol( 4223): recv <<< [D109 非阻塞检测IC卡状态]
D/CommandService_HandleProtocol( 4223): recv <<< [00] [D1092F983030FF0394]
D/CommandService_HandleProtocol( 4223): 
I/InsertCardReaderManager( 4714): Icc.Icc_Ready, ret=-1
I/System.out(24161): ICCardReaderObservable : [(ICCardReaderObservable.java:123)(A)] isCardIn isExist: false
I/System.out(24161): SaleUIFlow : [(BaseTransFlow.java:211)(DoCheckCardRemoveAndUIBack)] else card removed
I/System.out(24161): UseCaseSetDoingTransactionFlag : [(UseCaseSetDoingTransactionFlag.java:32)(A)] Is Doing Trans : false
I/System.out(24161): TAG : [(AndroidUtil.java:22)(A)] Start activity[MainActivity]
I/Timeline(24161): Timeline: Activity_launch_request id:com.verifone.scb.presentation time:34350407
I/ActivityManager(  791): START u0 {cmp=com.verifone.scb.presentation/com.verifone.adc.presentation.view.activities.MainActivity} from uid 10130 on display 0
I/System.out(24161): BaseMvpActivity : [(BaseMvpActivity.java:112)(OnDestroy)] ----onDestory=InputAmountActivity
I/System.out(24161): BaseMvpActivity : [(BaseMvpActivity.java:112)(OnDestroy)] ----onDestory=InputTipAmountActivity
I/System.out(24161): BaseMvpActivity : [(BaseMvpActivity.java:112)(OnDestroy)] ----onDestory=ChoicePaymentActivity
I/System.out(24161): BaseMvpActivity : [(BaseMvpActivity.java:112)(OnDestroy)] ----onDestory=CheckCardActivity
I/System.out(24161): BaseMvpActivity : [(BaseMvpActivity.java:112)(OnDestroy)] ----onDestory=EmvActivity
I/System.out(24161): BaseMvpActivity : [(BaseMvpActivity.java:112)(OnDestroy)] ----onDestory=NetworkProcessActivity
E/AudioPolicyManager(  274): unknown stream type 13
E/AudioPolicyManager(  274): unknown stream type 13
E/AudioPolicyManager(  274): unknown stream type 13
E/AudioPolicyManager(  274): unknown stream type 13
E/AudioPolicyManager(  274): unknown stream type 13
E/AudioPolicyManager(  274): unknown stream type 13
E/AudioPolicyManager(  274): unknown stream type 13
E/AudioPolicyManager(  274): unknown stream type 13
E/AudioPolicyManager(  274): unknown stream type 13
E/AudioPolicyManager(  274): unknown stream type 13
E/AudioPolicyManager(  274): unknown stream type 13
E/AudioPolicyManager(  274): unknown stream type 13
E/AudioPolicyManager(  274): unknown stream type 13
E/AudioPolicyManager(  274): unknown stream type 13
E/AudioPolicyManager(  274): unknown stream type 13
E/AudioPolicyManager(  274): unknown stream type 13
E/AudioPolicyManager(  274): unknown stream type 13
I/System.out(24161): BaseMvpActivity : [(BaseMvpActivity.java:85)(OnPause)] ----onPause=TransSuccessActivity
I/System.out(24161): BaseMvpActivity : [(BaseMvpActivity.java:63)(OnStart)] ----onStart=MainActivity
I/System.out(24161): BasePresenter : [(BasePresenter.java:30)(AttachUI)] ============attachUI
I/System.out(24161): BasePresenter : [(BasePresenter.java:32)(AttachUI)] UI=MainActivity
I/System.out(24161): BaseMvpActivity : [(BaseMvpActivity.java:73)(OnResume)] ----onResume=MainActivity
I/System.out(24161): UseCaseSetDoingTransactionFlag : [(UseCaseSetDoingTransactionFlag.java:32)(A)] Is Doing Trans : false
I/System.out(24161): TAG : [(UseCaseGetTmsParameter.java:31)(A)] tmsParam len=0
I/System.out(24161): MainPresenter : [(MainPresenter.java:200)(A)] status=3
I/System.out(24161): MainPresenter : [(MainPresenter.java:209)(A)] batteryPct=0.98
I/Timeline(24161): Timeline: Activity_idle id: android.os.BinderProxy@133e705d time:34350579
I/SurfaceFlinger(  259): FPS: 41
I/Timeline(  791): Timeline: Activity_windows_visible id: ActivityRecord{27bc8c89 u0 com.verifone.scb.presentation/com.verifone.adc.presentation.view.activities.MainActivity t957} time:34350878
I/System.out(24161): BaseMvpActivity : [(BaseMvpActivity.java:93)(OnStop)] ----onStop=TransSuccessActivity
I/System.out(24161): BasePresenter : [(BasePresenter.java:51)(DetachUI)] ============detachUI
I/System.out(24161): BasePresenter : [(BasePresenter.java:53)(DetachUI)] UI=TransSuccessActivity
I/TransSuccessActivity(24161): releaseWakeLock: 
I/System.out(24161): BaseMvpActivity : [(BaseMvpActivity.java:112)(OnDestroy)] ----onDestory=TransSuccessActivity
W/SurfaceFlinger(  259): couldn't log to binary event log: overflow.
W/SurfaceFlinger(  259): couldn't log to binary event log: overflow.
I/System.out(24161): SaleUIFlow : [(BaseTransFlow.java:314)(Run)] Watch dog thread stoped. isRun=false
D/wpa_supplicant(27986): wlan0: Control interface command 'SIGNAL_POLL'
D/AndroidRuntime(30950): >>>>>> START com.android.internal.os.RuntimeInit uid 2000 <<<<<<
D/AndroidRuntime(30950): CheckJNI is OFF
D/AndroidRuntime(30950): Calling main entry com.android.commands.am.Am
I/ActivityManager(  791): Force stopping com.verifone.scb.presentation appid=10130 user=0: from pid 30950
I/ActivityManager(  791): Killing 24161:com.verifone.scb.presentation/u0a130 (adj 0): stop com.verifone.scb.presentation
W/InputDispatcher(  791): channel '2657faa7 com.verifone.scb.presentation/com.verifone.adc.presentation.view.activities.SplashActivity (server)' ~ Consumer closed input channel or an error occurred.  events=0x9
E/InputDispatcher(  791): channel '2657faa7 com.verifone.scb.presentation/com.verifone.adc.presentation.view.activities.SplashActivity (server)' ~ Channel is unrecoverably broken and will be disposed!
W/InputDispatcher(  791): channel '2d603f2 com.verifone.scb.presentation/com.verifone.adc.presentation.view.activities.MainActivity (server)' ~ Consumer closed input channel or an error occurred.  events=0x9
E/InputDispatcher(  791): channel '2d603f2 com.verifone.scb.presentation/com.verifone.adc.presentation.view.activities.MainActivity (server)' ~ Channel is unrecoverably broken and will be disposed!
I/WindowState(  791): WIN DEATH: Window{2657faa7 u0 com.verifone.scb.presentation/com.verifone.adc.presentation.view.activities.SplashActivity}
W/InputDispatcher(  791): Attempted to unregister already unregistered input channel '2657faa7 com.verifone.scb.presentation/com.verifone.adc.presentation.view.activities.SplashActivity (server)'
I/WindowState(  791): WIN DEATH: Window{2d603f2 u0 com.verifone.scb.presentation/com.verifone.adc.presentation.view.activities.MainActivity}
W/InputDispatcher(  791): Attempted to unregister already unregistered input channel '2d603f2 com.verifone.scb.presentation/com.verifone.adc.presentation.view.activities.MainActivity (server)'
I/SurfaceFlinger(  259): FPS: 12
W/ActivityManager(  791): Force removing ActivityRecord{27bc8c89 u0 com.verifone.scb.presentation/com.verifone.adc.presentation.view.activities.MainActivity t957}: app died, no saved state
E/PackageManager(  791): checkpermisssion: android.permission.ACCESS_ALL_EXTERNAL_STORAGE packageName: com.verifone.scb.presentation
I/ViewRootImpl(  791): CPU Rendering VSync enable = true
V/WindowManager(  791): Adding window Window{2e9468b2 u0 Starting com.verifone.scb.presentation} at 2 of 7 (after Window{3034088a u0 com.android.launcher3/com.android.launcher3.Launcher})
I/ActivityManager(  791): Start proc 30964:com.verifone.scb.presentation/u0a130 for activity com.verifone.scb.presentation/com.verifone.adc.presentation.view.activities.SplashActivity
I/ActivityManager(  791):   Force finishing activity 3 ActivityRecord{15404dbf u0 com.verifone.scb.presentation/com.verifone.adc.presentation.view.activities.SplashActivity t957}
W/ActivityManager(  791): Spurious death for ProcessRecord{156d20bc 0:com.verifone.scb.presentation/u0a130}, curProc for 24161: null
D/AndroidRuntime(30950): Shutting down VM
E/WindowState(  791): getStack: Window{2e9468b2 u0 Starting com.verifone.scb.presentation} couldn't find taskId=957 Callers=com.android.server.wm.WindowManagerService.performLayoutAndPlaceSurfacesLockedInner:9828 com.android.server.wm.WindowManagerService.performLayoutAndPlaceSurfacesLockedLoop:8844 com.android.server.wm.WindowManagerService.performLayoutAndPlaceSurfacesLocked:8786 com.android.server.wm.WindowManagerService.executeAppTransition:4160 
E/WindowState(  791): getStack: Window{2e9468b2 u0 Starting com.verifone.scb.presentation} couldn't find taskId=957 Callers=com.android.server.wm.WindowState.getDisplayContent:782 com.android.server.wm.WindowState.getDisplayId:787 com.android.server.wm.InputMonitor.updateInputWindowsLw:294 com.android.server.wm.WindowManagerService.performLayoutAndPlaceSurfacesLockedInner:10173 
I/art     (  289): Explicit concurrent mark sweep GC freed 709(30KB) AllocSpace objects, 0(0B) LOS objects, 87% free, 145KB/1169KB, paused 294us total 20.339ms
E/WindowState(  791): getStack: Window{2e9468b2 u0 Starting com.verifone.scb.presentation} couldn't find taskId=957 Callers=com.android.server.wm.DisplayContent.setTouchExcludeRegion:237 com.android.server.wm.WindowManagerService.setFocusedStackFrame:4001 com.android.server.wm.WindowManagerService.performLayoutAndPlaceSurfacesLockedInner:10249 com.android.server.wm.WindowManagerService.performLayoutAndPlaceSurfacesLockedLoop:8844 
E/WindowState(  791): getStack: Window{2e9468b2 u0 Starting com.verifone.scb.presentation} couldn't find taskId=957 Callers=com.android.server.wm.WindowState.getDisplayContent:782 com.android.server.wm.WindowState.getWindowList:1354 com.android.server.wm.WindowManagerService.removeWindowInnerLocked:2781 com.android.server.wm.WindowManagerService.removeWindowLocked:2682 
E/WindowState(  791): getStack: Window{2e9468b2 u0 Starting com.verifone.scb.presentation} couldn't find taskId=957 Callers=com.android.server.wm.WindowState.getDisplayContent:782 com.android.server.wm.WindowManagerService.removeWindowInnerLocked:2786 com.android.server.wm.WindowManagerService.removeWindowLocked:2682 com.android.server.wm.WindowManagerService.removeWindow:2604 
I/art     (  289): Explicit concurrent mark sweep GC freed 5(160B) AllocSpace objects, 0(0B) LOS objects, 87% free, 145KB/1169KB, paused 241us total 18.928ms
W/InputMethodManagerService(  791): Got RemoteException sending setActive(false) notification to pid 24161 uid 10130
I/art     (  289): Explicit concurrent mark sweep GC freed 5(160B) AllocSpace objects, 0(0B) LOS objects, 87% free, 145KB/1169KB, paused 245us total 17.887ms
I/Timeline( 3599): Timeline: Activity_idle id: android.os.BinderProxy@12421135 time:34352294
D/SQLiteStudioRemote(30964): Started instance on port 12123
D/SQLiteStudioRemote(30964): Listening for clients...
I/Timeline(  791): Timeline: Activity_windows_visible id: ActivityRecord{1151faa u0 com.android.launcher3/.Launcher t947} time:34352559
W/OpenGLRenderer( 3599): Incorrectly called buildLayer on View: ShortcutAndWidgetContainer, destroying layer...
W/OpenGLRenderer( 3599): Incorrectly called buildLayer on View: ShortcutAndWidgetContainer, destroying layer...
