I/IPBOCManager( 4714): tag:9F27(4)=9F270180
I/clss_kernel_main( 4714): <clss_main_getstr,994>:clss_main_getstr context address = 0xB7FD8D50
I/IPBOCManager( 4714): tag:9F10(10)=9F100706010A03A00000
I/clss_kernel_main( 4714): <clss_main_getstr,994>:clss_main_getstr context address = 0xB7FD8D50
I/IPBOCManager( 4714): tag:9F37(7)=9F3704C0BE4C7A
I/clss_kernel_main( 4714): <clss_main_getstr,994>:clss_main_getstr context address = 0xB7FD8D50
I/IPBOCManager( 4714): tag:9F1A(5)=9F1A020764
I/clss_kernel_main( 4714): <clss_main_getstr,994>:clss_main_getstr context address = 0xB7FD8D50
I/IPBOCManager( 4714): tag:9F36(5)=9F360205AF
I/clss_kernel_main( 4714): <clss_main_getstr,994>:clss_main_getstr context address = 0xB7FD8D50
I/IPBOCManager( 4714): tag:95(7)=95050000000000
I/clss_kernel_main( 4714): <clss_main_getstr,994>:clss_main_getstr context address = 0xB7FD8D50
I/IPBOCManager( 4714): tag:9A(5)=9A03190508
I/clss_kernel_main( 4714): <clss_main_getstr,994>:clss_main_getstr context address = 0xB7FD8D50
I/IPBOCManager( 4714): tag:9C(3)=9C0100
I/clss_kernel_main( 4714): <clss_main_getstr,994>:clss_main_getstr context address = 0xB7FD8D50
I/IPBOCManager( 4714): tag:9F02(9)=9F0206000000000015
I/clss_kernel_main( 4714): <clss_main_getstr,994>:clss_main_getstr context address = 0xB7FD8D50
I/IPBOCManager( 4714): tag:5F2A(5)=5F2A020764
I/clss_kernel_main( 4714): <clss_main_getstr,994>:clss_main_getstr context address = 0xB7FD8D50
I/IPBOCManager( 4714): tag:82(4)=82020000
I/clss_kernel_main( 4714): <clss_main_getstr,994>:clss_main_getstr context address = 0xB7FD8D50
I/IPBOCManager( 4714): tag:9F03(9)=9F0306000000000000
I/clss_kernel_main( 4714): <clss_main_getstr,994>:clss_main_getstr context address = 0xB7FD8D50
I/IPBOCManager( 4714): tag:9F33(6)=9F3303E0B8C8
I/clss_kernel_main( 4714): <clss_main_getstr,994>:clss_main_getstr context address = 0xB7FD8D50
I/IPBOCManager( 4714): tag:9F34( )=null
I/clss_kernel_main( 4714): <clss_main_getstr,994>:clss_main_getstr context address = 0xB7FD8D50
I/IPBOCManager( 4714): tag:9F35(4)=9F350122
I/clss_kernel_main( 4714): <clss_main_getstr,994>:clss_main_getstr context address = 0xB7FD8D50
I/IPBOCManager( 4714): tag:84(9)=8407A0000000031010
I/clss_kernel_main( 4714): <clss_main_getstr,994>:clss_main_getstr context address = 0xB7FD8D50
I/IPBOCManager( 4714): tag:9F1E(11)=9F1E083230303031303733
I/clss_kernel_main( 4714): <clss_main_getstr,994>:clss_main_getstr context address = 0xB7FD8D50
I/IPBOCManager( 4714): tag:9F09(5)=9F09020200
I/clss_kernel_main( 4714): <clss_main_getstr,994>:clss_main_getstr context address = 0xB7FD8D50
I/IPBOCManager( 4714): tag:9F41(7)=9F410402610000
I/IPBOCManager( 4714): getAppTLVList return:9F260862E35CF31BCC28C59F2701809F100706010A03A000009F3704C0BE4C7A9F1A0207649F360205AF950500000000009A031905089C01009F02060000000000155F2A020764820200009F03060000000000009F3303E0B8C89F3501228407A00000000310109F1E0832303030313037339F090202009F410402610000
I/System.out(24161): EMVObservable : [(EMVObservable.java:238)(OnRequestOnlineProcess)] EMVHandler onRequestOnlineProcess 201
I/System.out(24161): EMVObservable : [(EMVObservable.java:245)(OnRequestOnlineProcess)] CVM Result Type ： 0
I/System.out(24161): EMVObservable : [(EMVObservable.java:247)(OnRequestOnlineProcess)] Is need to sign ： false
I/System.out(24161): UseCaseEMVStart : [(UseCaseEMVStart.java:223)(B)] saveData executed.
I/DeviceService( 4714): EMV getEMV() executed
I/IEMVManager( 4714): IEMVManager.getInstance execute
I/IPBOCManager( 4714): getAppTLVList() executed
I/IPBOCManager( 4714): getCardBrand, txnaid=A0000000031010
I/clss_kernel_main( 4714): <clss_main_getstr,994>:clss_main_getstr context address = 0xB7FD8D50
I/IPBOCManager( 4714): tag:84(9)=8407A0000000031010
I/IPBOCManager( 4714): getAppTLVList return:8407A0000000031010
I/System.out(24161): UseCaseEMVStart : [(UseCaseEMVStart.java:239)(B)] A000000003
I/System.out(24161): UseCaseEMVStart : [(UseCaseEMVStart.java:214)(A)] AID else
I/System.out(24161): database : [(TransactionRepositoryImpl.java:251)(GetCurTranDataParameter)] getCurTranDataParameter
I/System.out(24161): database : [(TransactionRepositoryImpl.java:115)(GetSystemParameter)] getSystemParameter
I/DeviceService( 4714): EMV getEMV() executed
I/IEMVManager( 4714): IEMVManager.getInstance execute
I/IPBOCManager( 4714): getAppTLVList() executed
I/IPBOCManager( 4714): getCardBrand, txnaid=A0000000031010
I/clss_kernel_main( 4714): <clss_main_getstr,994>:clss_main_getstr context address = 0xB7FD8D50
I/IPBOCManager( 4714): tag:50(13)=500B5649534120435245444954
I/clss_kernel_main( 4714): <clss_main_getstr,994>:clss_main_getstr context address = 0xB7FD8D50
I/IPBOCManager( 4714): tag:9F12( )=null
I/clss_kernel_main( 4714): <clss_main_getstr,994>:clss_main_getstr context address = 0xB7FD8D50
I/IPBOCManager( 4714): tag:9B(4)=9B020000
I/IPBOCManager( 4714): getAppTLVList return:500B56495341204352454449549B020000
I/DeviceService( 4714): EMV getEMV() executed
I/IEMVManager( 4714): IEMVManager.getInstance execute
I/IPBOCManager( 4714): getAppTLVList() executed
I/IPBOCManager( 4714): getCardBrand, txnaid=A0000000031010
I/clss_kernel_main( 4714): <clss_main_getstr,994>:clss_main_getstr context address = 0xB7FD8D50
I/IPBOCManager( 4714): tag:5F2A(5)=5F2A020764
I/clss_kernel_main( 4714): <clss_main_getstr,994>:clss_main_getstr context address = 0xB7FD8D50
I/IPBOCManager( 4714): tag:5F34(4)=5F340101
I/clss_kernel_main( 4714): <clss_main_getstr,994>:clss_main_getstr context address = 0xB7FD8D50
I/IPBOCManager( 4714): tag:82(4)=82020000
I/clss_kernel_main( 4714): <clss_main_getstr,994>:clss_main_getstr context address = 0xB7FD8D50
I/IPBOCManager( 4714): tag:84(9)=8407A0000000031010
I/clss_kernel_main( 4714): <clss_main_getstr,994>:clss_main_getstr context address = 0xB7FD8D50
I/IPBOCManager( 4714): tag:95(7)=95050000000000
I/clss_kernel_main( 4714): <clss_main_getstr,994>:clss_main_getstr context address = 0xB7FD8D50
I/IPBOCManager( 4714): tag:9A(5)=9A03190508
I/clss_kernel_main( 4714): <clss_main_getstr,994>:clss_main_getstr context address = 0xB7FD8D50
I/IPBOCManager( 4714): tag:9C(3)=9C0100
I/clss_kernel_main( 4714): <clss_main_getstr,994>:clss_main_getstr context address = 0xB7FD8D50
I/IPBOCManager( 4714): tag:9F02(9)=9F0206000000000015
I/clss_kernel_main( 4714): <clss_main_getstr,994>:clss_main_getstr context address = 0xB7FD8D50
I/IPBOCManager( 4714): tag:9F03(9)=9F0306000000000000
I/clss_kernel_main( 4714): <clss_main_getstr,994>:clss_main_getstr context address = 0xB7FD8D50
I/IPBOCManager( 4714): tag:9F09(5)=9F09020200
I/clss_kernel_main( 4714): <clss_main_getstr,994>:clss_main_getstr context address = 0xB7FD8D50
I/IPBOCManager( 4714): tag:9F10(10)=9F100706010A03A00000
I/clss_kernel_main( 4714): <clss_main_getstr,994>:clss_main_getstr context address = 0xB7FD8D50
I/IPBOCManager( 4714): tag:9F1A(5)=9F1A020764
I/clss_kernel_main( 4714): <clss_main_getstr,994>:clss_main_getstr context address = 0xB7FD8D50
I/IPBOCManager( 4714): tag:9F1E(11)=9F1E083230303031303733
I/clss_kernel_main( 4714): <clss_main_getstr,994>:clss_main_getstr context address = 0xB7FD8D50
I/IPBOCManager( 4714): tag:9F26(11)=9F260862E35CF31BCC28C5
I/clss_kernel_main( 4714): <clss_main_getstr,994>:clss_main_getstr context address = 0xB7FD8D50
I/IPBOCManager( 4714): tag:9F27(4)=9F270180
I/clss_kernel_main( 4714): <clss_main_getstr,994>:clss_main_getstr context address = 0xB7FD8D50
I/IPBOCManager( 4714): tag:9F33(6)=9F3303E0B8C8
I/clss_kernel_main( 4714): <clss_main_getstr,994>:clss_main_getstr context address = 0xB7FD8D50
I/IPBOCManager( 4714): tag:9F34( )=null
I/clss_kernel_main( 4714): <clss_main_getstr,994>:clss_main_getstr context address = 0xB7FD8D50
I/IPBOCManager( 4714): tag:9F35(4)=9F350122
I/clss_kernel_main( 4714): <clss_main_getstr,994>:clss_main_getstr context address = 0xB7FD8D50
I/IPBOCManager( 4714): tag:9F36(5)=9F360205AF
I/clss_kernel_main( 4714): <clss_main_getstr,994>:clss_main_getstr context address = 0xB7FD8D50
I/IPBOCManager( 4714): tag:9F37(7)=9F3704C0BE4C7A
I/clss_kernel_main( 4714): <clss_main_getstr,994>:clss_main_getstr context address = 0xB7FD8D50
I/IPBOCManager( 4714): tag:9F41(7)=9F410402610000
I/IPBOCManager( 4714): getAppTLVList return:5F2A0207645F340101820200008407A0000000031010950500000000009A031905089C01009F02060000000000159F03060000000000009F090202009F100706010A03A000009F1A0207649F1E0832303030313037339F260862E35CF31BCC28C59F2701809F3303E0B8C89F3501229F360205AF9F3704C0BE4C7A9F410402610000
I/DeviceService( 4714): EMV getEMV() executed
I/IEMVManager( 4714): IEMVManager.getInstance execute
I/IPBOCManager( 4714): getAppTLVList() executed
I/IPBOCManager( 4714): getCardBrand, txnaid=A0000000031010
I/clss_kernel_main( 4714): <clss_main_getstr,994>:clss_main_getstr context address = 0xB7FD8D50
I/IPBOCManager( 4714): tag:84(9)=8407A0000000031010
I/IPBOCManager( 4714): getAppTLVList return:8407A0000000031010
E/AudioPolicyManager(  274): unknown stream type 13
E/AudioPolicyManager(  274): unknown stream type 13
E/AudioPolicyManager(  274): unknown stream type 13
E/AudioPolicyManager(  274): unknown stream type 13
E/AudioPolicyManager(  274): unknown stream type 13
E/AudioPolicyManager(  274): unknown stream type 13
E/AudioPolicyManager(  274): unknown stream type 13
E/AudioPolicyManager(  274): unknown stream type 13
E/AudioPolicyManager(  274): unknown stream type 13
E/AudioPolicyManager(  274): unknown stream type 13
I/System.out(24161): CurrentTranData : [(CurrentTranData.java:580)(SetEmvICData)] ==> 500B56495341204352454449549B020000
E/AudioPolicyManager(  274): unknown stream type 13
E/AudioPolicyManager(  274): unknown stream type 13
I/System.out(24161): currentTranData : [(CurrentTranData.java:589)(SetEmvICData)] tag: 50 ==> 5649534120435245444954
I/System.out(24161): currentTranData : [(CurrentTranData.java:589)(SetEmvICData)] tag: 9B ==> 0000
I/System.out(24161): UseCaseEMVStart : [(UseCaseEMVStart.java:321)(A)] ON_REQUEST_ONLINE
I/System.out(24161): CurrentTranData : [(CurrentTranData.java:580)(SetEmvICData)] ==> 9F260862E35CF31BCC28C59F2701809F100706010A03A000009F3704C0BE4C7A9F1A0207649F360205AF950500000000009A031905089C01009F02060000000000155F2A020764820200009F03060000000000009F3303E0B8C89F3501228407A00000000310109F1E0832303030313037339F090202009F410402610000
I/System.out(24161): currentTranData : [(CurrentTranData.java:589)(SetEmvICData)] tag: 84 ==> A0000000031010
I/System.out(24161): currentTranData : [(CurrentTranData.java:589)(SetEmvICData)] tag: 82 ==> 0000
I/System.out(24161): currentTranData : [(CurrentTranData.java:589)(SetEmvICData)] tag: 9F26 ==> 62E35CF31BCC28C5
I/System.out(24161): currentTranData : [(CurrentTranData.java:589)(SetEmvICData)] tag: 9F36 ==> 05AF
I/System.out(24161): currentTranData : [(CurrentTranData.java:589)(SetEmvICData)] tag: 9F09 ==> 0200
I/System.out(24161): currentTranData : [(CurrentTranData.java:589)(SetEmvICData)] tag: 9F1A ==> 0764
I/System.out(24161): currentTranData : [(CurrentTranData.java:589)(SetEmvICData)] tag: 9F27 ==> 80
I/System.out(24161): currentTranData : [(CurrentTranData.java:589)(SetEmvICData)] tag: 5F2A ==> 0764
I/System.out(24161): currentTranData : [(CurrentTranData.java:589)(SetEmvICData)] tag: 9C ==> 00
I/System.out(24161): currentTranData : [(CurrentTranData.java:589)(SetEmvICData)] tag: 9F10 ==> 06010A03A00000
I/System.out(24161): currentTranData : [(CurrentTranData.java:589)(SetEmvICData)] tag: 9F1E ==> 3230303031303733
I/System.out(24161): currentTranData : [(CurrentTranData.java:589)(SetEmvICData)] tag: 9F37 ==> C0BE4C7A
I/ServiceManager(29906): Waiting for service AtCmdFwd...
I/System.out(24161): currentTranData : [(CurrentTranData.java:589)(SetEmvICData)] tag: 95 ==> 0000000000
I/System.out(24161): currentTranData : [(CurrentTranData.java:589)(SetEmvICData)] tag: 9F33 ==> E0B8C8
I/DeviceService( 4714): EMV getEMV() executed
I/IEMVManager( 4714): IEMVManager.getInstance execute
I/IPBOCManager( 4714): getAppTLVList() executed
I/IPBOCManager( 4714): getCardBrand, txnaid=A0000000031010
I/clss_kernel_main( 4714): <clss_main_getstr,994>:clss_main_getstr context address = 0xB7FD8D50
I/IPBOCManager( 4714): tag:9F34( )=null
I/IPBOCManager( 4714): getAppTLVList return:
I/System.out(24161): UseCaseEMVStart : [(UseCaseEMVStart.java:194)(A)] tlvTags 
I/DeviceService( 4714): EMV getEMV() executed
I/IEMVManager( 4714): IEMVManager.getInstance execute
I/IPBOCManager( 4714): getAppTLVList() executed
I/IPBOCManager( 4714): getCardBrand, txnaid=A0000000031010
I/clss_kernel_main( 4714): <clss_main_getstr,994>:clss_main_getstr context address = 0xB7FD8D50
I/IPBOCManager( 4714): tag:84(9)=8407A0000000031010
I/IPBOCManager( 4714): getAppTLVList return:8407A0000000031010
I/DeviceService( 4714): EMV getEMV() executed
I/IEMVManager( 4714): IEMVManager.getInstance execute
I/IPBOCManager( 4714): getAppTLVList() executed
I/IPBOCManager( 4714): getCardBrand, txnaid=A0000000031010
I/clss_kernel_main( 4714): <clss_main_getstr,994>:clss_main_getstr context address = 0xB7FD8D50
I/IPBOCManager( 4714): tag:84(9)=8407A0000000031010
I/IPBOCManager( 4714): getAppTLVList return:8407A0000000031010
I/System.out(24161): UseCaseEMVStart : [(UseCaseEMVStart.java:335)(A)] AID : A000000003
I/DeviceService( 4714): EMV getEMV() executed
I/IEMVManager( 4714): IEMVManager.getInstance execute
I/IPBOCManager( 4714): getAppTLVList() executed
I/IPBOCManager( 4714): getCardBrand, txnaid=A0000000031010
I/clss_kernel_main( 4714): <clss_main_getstr,994>:clss_main_getstr context address = 0xB7FD8D50
I/IPBOCManager( 4714): tag:9F34( )=null
I/IPBOCManager( 4714): getAppTLVList return:
I/System.out(24161): UseCaseEMVStart : [(UseCaseEMVStart.java:194)(A)] tlvTags 
I/System.out(24161): UseCaseEMVStart : [(UseCaseEMVStart.java:336)(A)] CVM : 
I/System.out(24161): UseCaseEMVStart : [(UseCaseEMVStart.java:339)(A)] getArqcData  9F260862E35CF31BCC28C59F2701809F100706010A03A000009F3704C0BE4C7A9F1A0207649F360205AF950500000000009A031905089C01009F02060000000000155F2A020764820200009F03060000000000009F3303E0B8C89F3501228407A00000000310109F1E0832303030313037339F090202009F410402610000
I/System.out(24161): UseCaseEMVStart : [(UseCaseEMVStart.java:340)(A)] getTcData  null
I/System.out(24161): UseCaseEMVStart : [(UseCaseEMVStart.java:341)(A)] getReversalData  9F260862E35CF31BCC28C59F2701809F100706010A03A000009F3704C0BE4C7A9F1A0207649F360205AF950500000000009A031905089C01009F02060000000000155F2A020764820200009F03060000000000009F3303E0B8C89F3501228407A00000000310109F1E0832303030313037339F090202009F410402610000
I/System.out(24161): UseCaseEMVStart : [(UseCaseEMVStart.java:342)(A)] tlvTagListSCB  5F2A0207645F340101820200008407A0000000031010950500000000009A031905089C01009F02060000000000159F03060000000000009F090202009F100706010A03A000009F1A0207649F1E0832303030313037339F260862E35CF31BCC28C59F2701809F3303E0B8C89F3501229F360205AF9F3704C0BE4C7A9F410402610000
I/System.out(24161): database : [(TransactionRepositoryImpl.java:240)(PutCurTranDataParameter)] putCurTranDataParameter
I/System.out(24161): EmvPresenter : [(EmvPresenter.java:137)(A)] ON_REQUEST_ONLINE
I/clss_kernel_main( 4714): <clss_main_deinit,927>:clss_main_deinit context address = 0xB7FD8D50
I/System.out(24161): EmvPresenter : [(EmvPresenter.java:138)(A)] Is need to sign ： false
I/System.out(24161): EmvPresenter : [(EmvPresenter.java:465)(F)] 9F34 is null  ：true
I/System.out(24161): EmvPresenter : [(EmvPresenter.java:467)(F)] CVM TYPE        ： 0
I/System.out(24161): EmvPresenter : [(EmvPresenter.java:317)(D)] isNeedOnline=true
I/System.out(24161): UINavigator : [(UINavigator.java:28)(A)] transUiFlow=not null
I/System.out(24161): UINavigator : [(UINavigator.java:30)(A)] transUiFlow = SaleUIFlow
I/System.out(24161): UINavigator : [(UINavigator.java:54)(B)] LastUIname=com.verifone.adc.presentation.view.activities.CheckCardActivity
I/System.out(24161): UINavigator : [(UINavigator.java:55)(B)] CurrentUIName=com.verifone.adc.presentation.view.activities.EmvActivity
I/System.out(24161): SaleUIFlow : [(BaseTransFlow.java:75)(IsCorrectUIEntry)] uiState=8
I/System.out(24161): SaleUIFlow : [(BaseTransFlow.java:76)(IsCorrectUIEntry)] context class name=EmvActivity
I/System.out(24161): TAG : [(AndroidUtil.java:22)(A)] Start activity[NetworkProcessActivity]
I/Timeline(24161): Timeline: Activity_launch_request id:com.verifone.scb.presentation time:34344385
I/ActivityManager(  791): START u0 {cmp=com.verifone.scb.presentation/com.verifone.adc.presentation.view.activities.NetworkProcessActivity} from uid 10130 on display 0
V/WindowManager(  791): addAppToken: AppWindowToken{b993784 token=Token{c44b997 ActivityRecord{2a117c16 u0 com.verifone.scb.presentation/com.verifone.adc.presentation.view.activities.NetworkProcessActivity t957}}} to stack=1 task=957 at 7
I/System.out(24161): BaseMvpActivity : [(BaseMvpActivity.java:85)(OnPause)] ----onPause=EmvActivity
I/System.out(24161): BaseMvpActivity : [(BaseMvpActivity.java:26)(OnCreate)] ----onCreate=NetworkProcessActivity
I/System.out(24161): database : [(TransactionRepositoryImpl.java:251)(GetCurTranDataParameter)] getCurTranDataParameter
I/System.out(24161): database : [(TransactionRepositoryImpl.java:115)(GetSystemParameter)] getSystemParameter
I/DBTerminalStatusConver(24161): getModelValue fromJson:com.verifone.adc.domain.entities.bo.TerminalStatusParam@3f0cdffb
I/NetworkProcessActivity(24161): acquireWakeLock: NetworkProcessActivity
I/System.out(24161): BaseMvpActivity : [(BaseMvpActivity.java:63)(OnStart)] ----onStart=NetworkProcessActivity
I/System.out(24161): BasePresenter : [(BasePresenter.java:30)(AttachUI)] ============attachUI
I/System.out(24161): BasePresenter : [(BasePresenter.java:32)(AttachUI)] UI=NetworkProcessActivity
I/System.out(24161): TAG : [(NetworkProcessPresenter.java:453)(J)] Do checkPreTrans
I/System.out(24161): TAG : [(NetworkProcessPresenter.java:454)(J)] tranId=10001
I/System.out(24161): database : [(TransactionRepositoryImpl.java:251)(GetCurTranDataParameter)] getCurTranDataParameter
I/System.out(24161): BaseMvpActivity : [(BaseMvpActivity.java:73)(OnResume)] ----onResume=NetworkProcessActivity
I/System.out(24161): database : [(TransactionRepositoryImpl.java:658)(IsReversalInformationExist)] isReversalInformationExist
I/ViewRootImpl(24161): CPU Rendering VSync enable = true
I/System.out(24161): database : [(TransactionRepositoryImpl.java:666)(U)] 没找到冲正记录
V/WindowManager(  791): Adding window Window{2aa143a2 u0 com.verifone.scb.presentation/com.verifone.adc.presentation.view.activities.NetworkProcessActivity} at 9 of 14 (after Window{1392433e u0 com.verifone.scb.presentation/com.verifone.adc.presentation.view.activities.EmvActivity})
I/System.out(24161): UseCaseCheckUpLoadTrans : [(UseCaseCheckUpLoadTrans.java:125)(A)] CheckPreTrans => UploadTransType size():0
I/System.out(24161): TAG : [(NetworkProcessPresenter.java:480)(G)] uploadTransTypes len=0
I/System.out(24161): TAG : [(NetworkProcessPresenter.java:498)(L)] Do doTransaction
I/System.out(24161): database : [(TransactionRepositoryImpl.java:251)(GetCurTranDataParameter)] getCurTranDataParameter
I/System.out(24161): TAG : [(UseCaseDoTransaction.java:126)(A)] doTransaction hostType=1
I/System.out(24161): DBFunHostInfo : [(DBFunAcquirerHostInfo.java:51)(A)] Select 1 trans record successfully
I/System.out(24161): database : [(TransactionRepositoryImpl.java:240)(PutCurTranDataParameter)] putCurTranDataParameter
I/System.out(24161): database : [(TransactionRepositoryImpl.java:251)(GetCurTranDataParameter)] getCurTranDataParameter
I/System.out(24161): UseCaseDoTransaction : [(UseCaseDoTransaction.java:69)(C)] TransID : 10001
I/System.out(24161): database : [(TransactionRepositoryImpl.java:251)(GetCurTranDataParameter)] getCurTranDataParameter
I/System.out(24161): database : [(TransactionRepositoryImpl.java:115)(GetSystemParameter)] getSystemParameter
I/System.out(24161): DBFunHostInfo : [(DBFunAcquirerHostInfo.java:51)(A)] Select 1 trans record successfully
I/System.out(24161): TransUseCase : [(TransUseCase.java:77)(A)] DataWrapper Save Data
I/System.out(24161): UseCaseNormalTrans : [(UseCaseNormalTrans.java:78)(A)] have many host and host type is : 1
I/System.out(24161): DeviceInfoObservable : [(DeviceInfoObservable.java:84)(A)] random factor: 689810
I/System.out(24161): DeviceInfoObservable : [(DeviceInfoObservable.java:99)(A)] tusnDataParamOut getTusn: 111111111111
I/Timeline(24161): Timeline: Activity_idle id: android.os.BinderProxy@3fa95c65 time:34344533
I/System.out(24161): DeviceInfoObservable : [(DeviceInfoObservable.java:100)(A)] tusnDataParamOut getMac:         
I/System.out(24161): database : [(TransactionRepositoryImpl.java:240)(PutCurTranDataParameter)] putCurTranDataParameter
I/System.out(24161): UseCaseNormalTrans : [(UseCaseNormalTrans.java:565)(A)] TrainingMode=false
I/System.out(24161): TAG : [(CommImpl.java:65)(Comm2Server)] Server ip=10.172.24.125
I/System.out(24161): TAG : [(CommImpl.java:66)(Comm2Server)] Server port=5555
I/System.out(24161): TAG : [(CommImpl.java:67)(Comm2Server)] timeout sec=30000
I/System.out(24161): TAG : [(CommImpl.java:68)(Comm2Server)] timeout retry=1
I/System.out(24161): TAG : [(CommImpl.java:69)(Comm2Server)] isSSL=false
I/System.out(24161): CommImpl : [(CommImpl.java:70)(Comm2Server)] Training mode=false
I/System.out(24161): CommImpl.java : [(CommImpl.java:100)(OnNext)] NetCallBackListener onNext, comm status=ON_CONNECTING
I/System.out(24161): UseCaseNormalTrans : [(UseCaseNormalTrans.java:537)(A)] communication: ON_CONNECTING
I/System.out(24161): SocketComm : [(SocketComm.java:280)(A)] 正在连接网络..... 主机IP: 10.172.24.125  主机PORT: 5555......0次
I/ActivityManager(  791): Displayed com.verifone.scb.presentation/com.verifone.adc.presentation.view.activities.NetworkProcessActivity: +166ms
I/System.out(24161): SocketComm : [(SocketComm.java:80)(A)] finally
I/System.out(24161): SocketComm : [(SocketComm.java:292)(A)] 连接网络......0次, 成功
I/System.out(24161): CommImpl.java : [(CommImpl.java:100)(OnNext)] NetCallBackListener onNext, comm status=ON_CONNECTED
I/System.out(24161): UseCaseNormalTrans : [(UseCaseNormalTrans.java:537)(A)] communication: ON_CONNECTED
I/System.out(24161): TAG : [(NetworkProcessPresenter.java:501)(A)] Comm status=ON_CONNECTING
I/System.out(24161): Iso8583Process : [(Iso8583Process.java:27)(A)] ============================ ISO8583_buildFrame =========================================
I/System.out(24161): Iso8583TransData : [(Iso8583TransData.java:3478)(A)] ISO8583_SetData() executed
I/System.out(24161): Iso8583TransData : [(Iso8583TransData.java:689)(A)] doGetF02_Account => 
I/System.out(24161): Iso8583TransData : [(Iso8583TransData.java:729)(B)] doGetF03_ProcCode => 000000
I/System.out(24161): Iso8583TransData : [(Iso8583TransData.java:764)(C)] doGetF04_Amount => 000000000015
I/System.out(24161): Iso8583TransData : [(Iso8583TransData.java:916)(A)] doGetF11_StanNum => 006160
I/System.out(24161): Utils : [(Utils.java:610)(A)] 20190508150737
I/System.out(24161): Iso8583TransData : [(Iso8583TransData.java:941)(E)] doGetF12_TransTime => 150737
I/SurfaceFlinger(  259): FPS: 55
I/System.out(24161): Utils : [(Utils.java:610)(A)] 20190508150737
I/System.out(24161): Iso8583TransData : [(Iso8583TransData.java:966)(F)] doGetF13_TransDate => 0508
I/System.out(24161): Iso8583TransData : [(Iso8583TransData.java:991)(G)] doGetF14_ExpareDate => 
I/System.out(24161): Iso8583TransData : [(Iso8583TransData.java:1008)(H)] isFallback=false
I/System.out(24161): Iso8583TransData : [(Iso8583TransData.java:1047)(H)] doGetF22_POSEntry => 072
I/System.out(24161): Iso8583TransData : [(Iso8583TransData.java:1081)(A)] doGetF23_CardSequenceNum => 01
I/System.out(24161): Iso8583TransData : [(Iso8583TransData.java:1101)(I)] doGetF24_NII => 140
I/System.out(24161): Iso8583TransData : [(Iso8583TransData.java:1136)(J)] doGetF25_Servicepmode => 00
I/System.out(24161): Iso8583TransData : [(Iso8583TransData.java:1198)(L)] doGetF37_refNo => null
I/System.out(24161): Iso8583TransData : [(Iso8583TransData.java:1238)(M)] doGetF38_AuthCode => null
I/System.out(24161): Iso8583TransData : [(Iso8583TransData.java:1275)(N)] doGetF39_SrcInfo => 
I/System.out(24161): Iso8583TransData : [(Iso8583TransData.java:1306)(O)] doGetField48 => 
I/System.out(24161): Iso8583TransData : [(Iso8583TransData.java:1413)(A)] doGetF53_SrcInfo => 0600000000000000
I/AudioFlinger(  274): BUFFER TIMEOUT: remove(4096) from active list on thread 0xb56df008
I/System.out(24161): Iso8583TransData : [(Iso8583TransData.java:1451)(S)] doGetField54_TipAmount 000000000000
I/System.out(24161): Iso8583TransData : [(Iso8583TransData.java:1587)(B)] doGetField55 => 5F2A0207645F340101820200008407A0000000031010950500000000009A031905089C01009F02060000000000159F03060000000000009F090202009F100706010A03A000009F1A0207649F1E0832303030313037339F260862E35CF31BCC28C59F2701809F3303E0B8C89F3501229F360205AF9F3704C0BE4C7A9F410402610000
I/System.out(24161): Iso8583TransData : [(Iso8583TransData.java:1973)(B)] doGetField59 field59 => A20610100204020121111111111110300668981004008        0500801.00.00
I/System.out(24161): Iso8583TransData : [(Iso8583TransData.java:2139)(C)] doGetField60 => 
I/System.out(24161): Iso8583TransData : [(Iso8583TransData.java:2215)(D)] doGetField61 => 000000000000
I/System.out(24161): Iso8583TransData : [(Iso8583TransData.java:2270)(D)] doGetF62_InvoiceNum => 004076
I/System.out(24161): Iso8583Process : [(Iso8583Process.java:44)(A)] Sale
I/System.out(24161): Iso8583TransData : [(Iso8583TransData.java:3146)(A)] setAllFieldsByBit() executed
I/System.out(24161): Iso8583Process : [(Iso8583Process.java:390)(A)] 10001ISO8583 JSON:{"F0":"0200","F3":"000000","F4":"000000000015","F11":"006160","F22":"072","F23":"01","F24":"140","F25":"00","F35":"4514617655689810D230120112198402","F41":"71710074","F42":"0310392010","F55":"5F2A0207645F340101820200008407A0000000031010950500000000009A031905089C01009F02060000000000159F03060000000000009F090202009F100706010A03A000009F1A0207649F1E0832303030313037339F260862E35CF31BCC28C59F2701809F3303E0B8C89F3501229F360205AF9F3704C0BE4C7A9F410402610000","F62":"004076"}
E/AudioPolicyManager(  274): unknown stream type 13
E/AudioPolicyManager(  274): unknown stream type 13
E/AudioPolicyManager(  274): unknown stream type 13
E/AudioPolicyManager(  274): unknown stream type 13
E/AudioPolicyManager(  274): unknown stream type 13
E/AudioPolicyManager(  274): unknown stream type 13
E/AudioPolicyManager(  274): unknown stream type 13
E/AudioPolicyManager(  274): unknown stream type 13
E/AudioPolicyManager(  274): unknown stream type 13
E/AudioPolicyManager(  274): unknown stream type 13
E/AudioPolicyManager(  274): unknown stream type 13
E/AudioPolicyManager(  274): unknown stream type 13
E/AudioPolicyManager(  274): unknown stream type 13
E/AudioPolicyManager(  274): unknown stream type 13
E/AudioPolicyManager(  274): unknown stream type 13
E/AudioPolicyManager(  274): unknown stream type 13
E/AudioPolicyManager(  274): unknown stream type 13
I/System.out(24161): Iso8583Process : [(Iso8583Process.java:391)(A)] ISO8583 Data:02003020078020C0020400000000000000001500616000720001014000324514617655689810D230120112198402373137313030373430333130333932303130202020202001305F2A0207645F340101820200008407A0000000031010950500000000009A031905089C01009F02060000000000159F03060000000000009F090202009F100706010A03A000009F1A0207649F1E0832303030313037339F260862E35CF31BCC28C59F2701809F3303E0B8C89F3501229F360205AF9F3704C0BE4C7A9F4104026100000006303034303736
I/System.out(24161): Iso8583Process : [(Iso8583Process.java:407)(A)] ISO8583 strPacket:600140000002003020078020C0020400000000000000001500616000720001014000324514617655689810D230120112198402373137313030373430333130333932303130202020202001305F2A0207645F340101820200008407A0000000031010950500000000009A031905089C01009F02060000000000159F03060000000000009F090202009F100706010A03A000009F1A0207649F1E0832303030313037339F260862E35CF31BCC28C59F2701809F3303E0B8C89F3501229F360205AF9F3704C0BE4C7A9F4104026100000006303034303736
I/System.out(24161): Iso8583Process : [(Iso8583Process.java:408)(A)] =========================================================================================
I/System.out(24161): Iso8583Process : [(Iso8583Process.java:411)(A)] ISO8583 final message:{"F0":"0200","F3":"000000","F4":"000000000015","F11":"006160","F22":"0072","F23":"0001","F24":"0140","F25":"00","F35":"324514617655689810D230120112198402","F41":"3731373130303734","F42":"303331303339323031302020202020","F55":"01305F2A0207645F340101820200008407A0000000031010950500000000009A031905089C01009F02060000000000159F03060000000000009F090202009F100706010A03A000009F1A0207649F1E0832303030313037339F260862E35CF31BCC28C59F2701809F3303E0B8C89F3501229F360205AF9F3704C0BE4C7A9F410402610000","F62":"0006303034303736","TPDU":"6001400000","BITMAP":"0011000000100000000001111000000000100000110000000000001000000100"}
I/System.out(24161): TransUseCase : [(TransUseCase.java:286)(M)] sendPackage executed.
I/System.out(24161): TransUseCase : [(TransUseCase.java:377)(D)] saveReversal transId 10001
I/System.out(24161): TransUseCase : [(TransUseCase.java:392)(D)]  getRspCode is null 
I/System.out(24161): TransUseCase : [(TransUseCase.java:398)(D)] saveReversal TransId=10001 [Sale]orgTransId null[] SysTrace 004076 StanNum 006160 orgSysTrace null orgStanNum null SysTrace 006160
I/System.out(24161): TransUseCase : [(TransUseCase.java:422)(D)] NO VOID/PREAUTH_COMPLETE_REFUND
I/System.out(24161): TransUseCase : [(TransUseCase.java:423)(D)] PutRecordInformation
I/System.out(24161): database : [(TransactionRepositoryImpl.java:711)(PutReversalInformation)] putReversalInformation
I/System.out(24161): database : [(TransactionRepositoryImpl.java:718)(A)] putReversalInformation 票据号: 004076
I/System.out(24161): database_record : [(DBFunRecordInfo.java:157)(A)] Put normal record
I/System.out(24161): database_record : [(DBFunRecordInfo.java:176)(A)] Create a new record 004076   Stan : 006160
I/System.out(24161): TransUseCase : [(TransUseCase.java:309)(B)] increaseSysTrace transType=SALE [Sale]
I/System.out(24161): TransUseCase : [(TransUseCase.java:310)(B)] increaseSysTrace sysTrace=004076
I/System.out(24161): TransUseCase : [(TransUseCase.java:311)(B)] increaseSysTrace stanNum=006160
I/System.out(24161): TransUseCase : [(TransUseCase.java:312)(B)] increaseSysTrace before system sysTrace=004076
I/System.out(24161): TransUseCase : [(TransUseCase.java:313)(B)] increaseSysTrace before hostInfo stanNum=006160
I/System.out(24161): TransUseCase : [(TransUseCase.java:321)(B)] 增加StanNum：006161
I/System.out(24161): database : [(TransactionRepositoryImpl.java:1671)(PutHostInfo)] putTLEKey
I/System.out(24161): DBFunHostInfo : [(DBFunAcquirerHostInfo.java:34)(A)] Update a host record, acquirerType=1
I/System.out(24161): TransUseCase : [(TransUseCase.java:332)(B)] 增加TraceNum=004077
I/System.out(24161): TransUseCase : [(TransUseCase.java:335)(B)] increaseSysTrace after system sysTrace=004077
I/System.out(24161): TransUseCase : [(TransUseCase.java:336)(B)] increaseSysTrace after hostInfo stanNum=006161
I/Timeline(  791): Timeline: Activity_windows_visible id: ActivityRecord{2a117c16 u0 com.verifone.scb.presentation/com.verifone.adc.presentation.view.activities.NetworkProcessActivity t957} time:34344924
I/System.out(24161): SocketComm : [(SocketComm.java:299)(A)] 正在发送数据.....0次
I/System.out(24161): CommImpl.java : [(CommImpl.java:100)(OnNext)] NetCallBackListener onNext, comm status=ON_SENDIND
I/System.out(24161): UseCaseNormalTrans : [(UseCaseNormalTrans.java:537)(A)] communication: ON_SENDIND
I/System.out(24161): CommImpl.java : [(CommImpl.java:100)(OnNext)] NetCallBackListener onNext, comm status=ON_SENTED
I/System.out(24161): UseCaseNormalTrans : [(UseCaseNormalTrans.java:537)(A)] communication: ON_SENTED
I/System.out(24161): CommImpl.java : [(CommImpl.java:100)(OnNext)] NetCallBackListener onNext, comm status=ON_RECEIVING
I/System.out(24161): BaseMvpActivity : [(BaseMvpActivity.java:102)(OnSaveInstanceState)] ----onSaveInstanceState=ChoicePaymentActivity
I/System.out(24161): BasePresenter : [(BasePresenter.java:51)(DetachUI)] ============detachUI
I/System.out(24161): BasePresenter : [(BasePresenter.java:53)(DetachUI)] UI=ChoicePaymentActivity
I/System.out(24161): BaseMvpActivity : [(BaseMvpActivity.java:93)(OnStop)] ----onStop=ChoicePaymentActivity
I/System.out(24161): BasePresenter : [(BasePresenter.java:51)(DetachUI)] ============detachUI
I/ChoicePaymentActivity(24161): releaseWakeLock: 
I/System.out(24161): BaseMvpActivity : [(BaseMvpActivity.java:102)(OnSaveInstanceState)] ----onSaveInstanceState=CheckCardActivity
I/System.out(24161): BasePresenter : [(BasePresenter.java:51)(DetachUI)] ============detachUI
I/System.out(24161): BasePresenter : [(BasePresenter.java:53)(DetachUI)] UI=CheckCardActivity
I/System.out(24161): BaseMvpActivity : [(BaseMvpActivity.java:93)(OnStop)] ----onStop=CheckCardActivity
I/System.out(24161): BasePresenter : [(BasePresenter.java:51)(DetachUI)] ============detachUI
I/CheckCardActivity(24161): releaseWakeLock: 
I/System.out(24161): UseCaseNormalTrans : [(UseCaseNormalTrans.java:537)(A)] communication: ON_RECEIVING
I/System.out(24161): BaseMvpActivity : [(BaseMvpActivity.java:102)(OnSaveInstanceState)] ----onSaveInstanceState=EmvActivity
I/System.out(24161): BasePresenter : [(BasePresenter.java:51)(DetachUI)] ============detachUI
I/System.out(24161): BasePresenter : [(BasePresenter.java:53)(DetachUI)] UI=EmvActivity
I/System.out(24161): SocketComm : [(SocketComm.java:312)(A)] 正在接收数据.....0次
I/System.out(24161): SocketComm : [(SocketComm.java:313)(A)] Start RecvPacket:1557299258116
I/System.out(24161): SocketComm : [(SocketComm.java:227)(A)]  set timeout: 30000  ms.
I/System.out(24161): BaseMvpActivity : [(BaseMvpActivity.java:93)(OnStop)] ----onStop=EmvActivity
I/System.out(24161): BasePresenter : [(BasePresenter.java:51)(DetachUI)] ============detachUI
I/EmvActivity(24161): releaseWakeLock: 
I/System.out(24161): TAG : [(NetworkProcessPresenter.java:501)(A)] Comm status=ON_CONNECTED
I/System.out(24161): TAG : [(NetworkProcessPresenter.java:501)(A)] Comm status=ON_SENDIND
I/System.out(24161): TAG : [(NetworkProcessPresenter.java:501)(A)] Comm status=ON_SENTED
I/System.out(24161): TAG : [(NetworkProcessPresenter.java:501)(A)] Comm status=ON_RECEIVING
I/System.out(24161): SaleUIFlow : [(BaseTransFlow.java:276)(Run)] isUIStateNeedCheckTimeout=0
I/System.out(24161): SocketComm : [(SocketComm.java:233)(A)]  want length: 2  ,read length: 2
I/System.out(24161): SocketComm : [(SocketComm.java:109)(A)] receive length buffer: 0148
I/System.out(24161): SocketComm : [(SocketComm.java:127)(A)] Head = 0148
I/System.out(24161): SocketComm : [(SocketComm.java:128)(A)] Expect read length:328
I/System.out(24161): SocketComm : [(SocketComm.java:227)(A)]  set timeout: 29698  ms.
I/System.out(24161): SocketComm : [(SocketComm.java:233)(A)]  want length: 328  ,read length: 328
I/System.out(24161): CommImpl.java : [(CommImpl.java:100)(OnNext)] NetCallBackListener onNext, comm status=ON_RECEIVED
I/System.out(24161): UseCaseNormalTrans : [(UseCaseNormalTrans.java:537)(A)] communication: ON_RECEIVED
I/System.out(24161): TransUseCase : [(TransUseCase.java:377)(D)] saveReversal transId 10001
I/System.out(24161): TransUseCase : [(TransUseCase.java:398)(D)] saveReversal TransId=10001 [Sale]orgTransId null[] SysTrace 004076 StanNum 006160 orgSysTrace null orgStanNum null SysTrace 006160
I/System.out(24161): TransUseCase : [(TransUseCase.java:422)(D)] NO VOID/PREAUTH_COMPLETE_REFUND
I/System.out(24161): TransUseCase : [(TransUseCase.java:423)(D)] PutRecordInformation
I/System.out(24161): database : [(TransactionRepositoryImpl.java:711)(PutReversalInformation)] putReversalInformation
I/System.out(24161): database : [(TransactionRepositoryImpl.java:718)(A)] putReversalInformation 票据号: 004076
I/System.out(24161): database_record : [(DBFunRecordInfo.java:157)(A)] Put normal record
I/System.out(24161): database_record : [(DBFunRecordInfo.java:180)(A)] Update a  record    004076   Stan : 006160
W/Atfwd_Sendcmd(29906): AtCmdFwd service not published, waiting... retryCnt : 4
I/System.out(24161): Iso8583Process : [(Iso8583Process.java:424)(A)] ============================ ISO8583_settleFrame ========================================
I/System.out(24161): Iso8583Process : [(Iso8583Process.java:442)(A)] strIso8583: 0210347800000E80000200000000000000001500000000025000400000006160150738050830303030303036353433323134353637383930303731373130303734025602545830330130303030303042505453434220506F696E747320506F6F6C24202000520000019999000000002600000000000013000130303030303042505453434220506F696E747320506F6F6C2420200043000002333600000000233360000001476574207370656369616C20646973636F756E742032302520576F5720576F5720666F72206E657874207472616E73616374696F6E207768656E2072656465656D20706F696E74206F6E2074686973206D6F6E7468206F6E6C792062757420676574206F6E6C792031302520666F72206E657874207472616E73616374696F6E206E657874206D6F6E7468202B545F5F54202B2121210000000000000000
I/System.out(24161): Iso8583Process : [(Iso8583Process.java:448)(A)] putTransMsgResponse {"F0":"0210","F3":"000000","F4":"000000000015","F6":"000000000250","F10":"00400000","F11":"006160","F12":"150738","F13":"0508","F37":"303030303030363534333231","F38":"343536373839","F39":"3030","F41":"3731373130303734","F63":"02545830330130303030303042505453434220506F696E747320506F6F6C24202000520000019999000000002600000000000013000130303030303042505453434220506F696E747320506F6F6C2420200043000002333600000000233360000001476574207370656369616C20646973636F756E742032302520576F5720576F5720666F72206E657874207472616E73616374696F6E207768656E2072656465656D20706F696E74206F6E2074686973206D6F6E7468206F6E6C792062757420676574206F6E6C792031302520666F72206E657874207472616E73616374696F6E206E657874206D6F6E7468202B545F5F54202B2121210000000000000000","TPDU":"6000000140"}
I/System.out(24161): Iso8583Process : [(Iso8583Process.java:455)(A)] ISO8583 json8583_rsp json: {"F0":"0210","F3":"000000","F4":"000000000015","F6":"000000000250","F10":"00400000","F11":"006160","F12":"150738","F13":"0508","F37":"[{A}]303030303030363534333231","F38":"[{A}]343536373839","F39":"[{A}]3030","F41":"[{A}]3731373130303734","F63":"02545830330130303030303042505453434220506F696E747320506F6F6C24202000520000019999000000002600000000000013000130303030303042505453434220506F696E747320506F6F6C2420200043000002333600000000233360000001476574207370656369616C20646973636F756E742032302520576F5720576F5720666F72206E657874207472616E73616374696F6E207768656E2072656465656D20706F696E74206F6E2074686973206D6F6E7468206F6E6C792062757420676574206F6E6C792031302520666F72206E657874207472616E73616374696F6E206E657874206D6F6E7468202B545F5F54202B2121210000000000000000"}
I/System.out(24161): Iso8583TransData : [(Iso8583TransData.java:3526)(A)] ISO8583_ParseData executed Sale
I/System.out(24161): Iso8583TransData : [(Iso8583TransData.java:3540)(A)] this.getF06_AmountForeign => 000000000250
I/System.out(24161): Iso8583TransData : [(Iso8583TransData.java:3545)(A)] this.getF10_ConversionRate 00400000
I/System.out(24161): Iso8583TransData : [(Iso8583TransData.java:3556)(A)] this.getF11_StanNum => 006160
I/System.out(24161): Iso8583TransData : [(Iso8583TransData.java:3561)(A)] this.getF12_TranTime => 150738
I/System.out(24161): Utils : [(Utils.java:610)(A)] 20190508150738
I/System.out(24161): Iso8583TransData : [(Iso8583TransData.java:3566)(A)] this.getF13_TranDate => 0508
I/System.out(24161): Iso8583TransData : [(Iso8583TransData.java:3591)(A)] this.getF37_RetRefNo => 000000654321
I/System.out(24161): Iso8583TransData : [(Iso8583TransData.java:3596)(A)] this.getF38_AuthID => 456789
I/System.out(24161): Iso8583TransData : [(Iso8583TransData.java:3601)(A)] this.getF39_ResCode => 00
I/System.out(24161): Iso8583TransData : [(Iso8583TransData.java:3644)(A)] this.getF41_TerminalID => 71710074
I/System.out(24161): Iso8583TransData : [(Iso8583TransData.java:3791)(A)] 02545830330130303030303042505453434220506F696E747320506F6F6C24202000520000019999000000002600000000000013000130303030303042505453434220506F696E747320506F6F6C2420200043000002333600000000233360000001476574207370656369616C20646973636F756E742032302520576F5720576F5720666F72206E657874207472616E73616374696F6E207768656E2072656465656D20706F696E74206F6E2074686973206D6F6E7468206F6E6C792062757420676574206F6E6C792031302520666F72206E657874207472616E73616374696F6E206E657874206D6F6E7468202B545F5F54202B2121210000000000000000
I/System.out(24161): Iso8583TransData : [(Iso8583TransData.java:3985)(A)] transData.getF63_hostNote => 45830330130303030303042505453434220506F696E747320506F6F6C24202000520000019999000000002600000000000013000130303030303042505453434220506F696E747320506F6F6C2420200043000002333600000000233360000001476574207370656369616C20646973636F756E742032302520576F5720576F5720666F72206E657874207472616E73616374696F6E207768656E2072656465656D20706F696E74206F6E2074686973206D6F6E7468206F6E6C792062757420676574206F6E6C792031302520666F72206E657874207472616E73616374696F6E206E657874206D6F6E7468202B545F5F54202B2121210000000000000000
I/System.out(24161): Iso8583TransData : [(Iso8583TransData.java:3990)(A)] transData.getF63_Field63 => 02545830330130303030303042505453434220506F696E747320506F6F6C24202000520000019999000000002600000000000013000130303030303042505453434220506F696E747320506F6F6C2420200043000002333600000000233360000001476574207370656369616C20646973636F756E742032302520576F5720576F5720666F72206E657874207472616E73616374696F6E207768656E2072656465656D20706F696E74206F6E2074686973206D6F6E7468206F6E6C792062757420676574206F6E6C792031302520666F72206E657874207472616E73616374696F6E206E657874206D6F6E7468202B545F5F54202B2121210000000000000000
I/System.out(24161): Iso8583Process : [(Iso8583Process.java:457)(A)] =========================================================================================
I/System.out(24161): TransUseCase : [(TransUseCase.java:440)(A)] updateSystemTime to 20190508 150738
I/DeviceService( 4714): DeviceInfoManager getDeviceInfo() executed
I/DeviceInfoManager( 4714): DeviceInfoManager getInstance() executed
I/DeviceInfoManager( 4714): updateSystemTime() executed, date=20190508, time=150738
I/DeviceInfoManager( 4714): get system datetime=20190508150738
I/DeviceInfoManager( 4714): set datetime=20194815738
W/AlarmManagerService(  791): Unable to set rtc to 1557299258: Invalid argument
I/DeviceInfoManager( 4714): set system datetime ret=false
I/SocsiSystemService(  791): getK21CommandService mK21CommandService=com.socsi.aidl.command.CommandTransfer$Stub$Proxy@1a6d7d60;
I/SocsiSystemService(  791): getK21CommandService mK21CommandService=com.socsi.aidl.command.CommandTransfer$Stub$Proxy@1a6d7d60;
D/CommandService_HandleProtocol( 4223): send >>> [1D04 null]
D/CommandService_HandleProtocol( 4223): send >>> [3230313930353038313530373338]
D/CommandService_HandleProtocol( 4223): 
D/CommandService_HandleProtocol( 4223): recv <<< [1D04 null]
D/CommandService_HandleProtocol( 4223): recv <<< [00] []
D/CommandService_HandleProtocol( 4223): 
D/SocsiSystemService(  791): setRTC ret = true
D/AlarmManagerService(  791): Setting time of day to sec=1557299258
V/TimerSwitch( 4298): AlarmInitReceiver android.intent.action.TIME_SET
D/TimerSwitch( 4298): initReceiver:android.intent.action.TIME_SET
I/System.out(24161): UseCaseNormalTrans : [(UseCaseNormalTrans.java:413)(A)] 冲正改为正常交易
I/System.out(24161): UseCaseNormalTrans : [(UseCaseNormalTrans.java:216)(I)] SysTrace 006160
V/TimerSwitch( 4298): AlarmInitReceiver finished
D/TimeService( 4459): Receivedandroid.intent.action.TIME_SET intent. Current Time is 1557299258652
D/        ( 4459): TimeServiceNative: User Time to be set is 1557299258652
D/QC-time-services( 4459): Lib:time_genoff_operation: pargs->base = 2
D/QC-time-services( 4459): Lib:time_genoff_operation: pargs->operation = 0
D/QC-time-services( 4459): Lib:time_genoff_operation: pargs->ts_val = 1557299258652
D/QC-time-services( 4459): Lib:time_genoff_operation: Send to server  passed!!
D/QC-time-services(  301): Daemon: Connection accepted:time_genoff
D/QC-time-services(  301): Daemon:Received base = 2, unit = 1, operation = 0,value = 1557299258652
D/QC-time-services(  301): Daemon:genoff_opr: Base = 2, val = 1557299258652, operation = 0
D/QC-time-services(  301): Daemon:rtc_get: Time read from RTC -- MM/DD/YY HH:MM:SS6/3/70 0:59:15
D/QC-time-services(  301): Daemon:Value read from RTC seconds = 15814755000
D/QC-time-services(  301): Daemon:new time 1557299258652 
D/QC-time-services(  301): Daemon: delta 1541484503652 genoff 1541484503652 
D/QC-time-services(  301): Daemon:genoff_persistent_update: Writing genoff = 1541484503652 to memory
D/QC-time-services(  301): Daemon:Opening File: /data/time/ats_2
D/QC-time-services(  301): Daemon:time_persistent_memory_opr:Genoff write operation 
I/System.out(24161): UseCaseNormalTrans.java : [(UseCaseNormalTrans.java:226)(I)] putCurTranDataParameter
I/System.out(24161): UseCaseNormalTrans.java : [(UseCaseNormalTrans.java:227)(I)] putSystemParameter
I/System.out(24161): UseCaseNormalTrans.java : [(UseCaseNormalTrans.java:228)(I)] putRecordInformation
I/System.out(24161): UseCaseNormalTrans.java : [(UseCaseNormalTrans.java:229)(I)] putTLEKey
I/System.out(24161): UseCaseNormalTrans.java : [(UseCaseNormalTrans.java:230)(I)] 冲正标志位0
I/System.out(24161): database : [(TransactionRepositoryImpl.java:240)(PutCurTranDataParameter)] putCurTranDataParameter
D/QC-time-services(  301): Updating the TOD offset
D/QC-time-services(  301): Daemon:genoff_persistent_update: Writing genoff = 1541484503652 to memory
D/QC-time-services(  301): Daemon:Opening File: /data/time/ats_1
D/QC-time-services(  301): Daemon:time_persistent_memory_opr:Genoff write operation 
I/System.out(24161): database : [(TransactionRepositoryImpl.java:573)(PutRecordInformation)] putRecordInformation
E/QC-time-services(  301): Daemon:Update to modem bit set
D/QC-time-services(  301): Daemon:genoff_send_modem: Sending data to MODEM !
D/QC-time-services(  301): Daemon: Base = 2, Value being sent to MODEM = 1225519703652
E/QC-time-services( 4459): Receive Passed == base = 2, unit = 1, operation = 0, result = 0
E/QC-time-services(  301): Daemon:tod_update_ind_cb: Got Update from modem msg_id 40
E/QC-time-services(  301): Daemon: Time-services: Waiting to acceptconnection
I/System.out(24161): DBFunHostInfo : [(DBFunAcquirerHostInfo.java:51)(A)] Select 1 trans record successfully
I/System.out(24161): database : [(TransactionRepositoryImpl.java:1671)(PutHostInfo)] putTLEKey
I/SurfaceFlinger(  259): FPS: 59
I/System.out(24161): database : [(TransactionRepositoryImpl.java:579)(C)] putRecordInformation systrace006160
I/System.out(24161): database_record : [(DBFunRecordInfo.java:157)(A)] Put normal record
I/System.out(24161): database_record : [(DBFunRecordInfo.java:180)(A)] Update a  record    004076   Stan : 006160
I/System.out(24161): DBFunHostInfo : [(DBFunAcquirerHostInfo.java:34)(A)] Update a host record, acquirerType=1
I/System.out(24161): TAG : [(NetworkProcessPresenter.java:501)(A)] Comm status=ON_RECEIVED
I/System.out(24161): TAG : [(NetworkProcessPresenter.java:466)(K)] Do checkPostTrans
I/System.out(24161): TAG : [(NetworkProcessPresenter.java:468)(K)] tranId=10001
I/System.out(24161): database : [(TransactionRepositoryImpl.java:251)(GetCurTranDataParameter)] getCurTranDataParameter
I/System.out(24161): UseCaseCheckUpLoadTrans : [(UseCaseCheckUpLoadTrans.java:94)(B)] 获取后置交易, 当前交易:Sale
I/System.out(24161): database : [(TransactionRepositoryImpl.java:135)(GetSystemParam)] getSystemParam
I/System.out(24161): UseCaseCheckUpLoadTrans : [(UseCaseCheckUpLoadTrans.java:109)(B)] isSupportTCUpload=true
I/System.out(24161): database : [(TransactionRepositoryImpl.java:1251)(IsSCBTCUploadExist)] isSCBTCUploadExist
I/System.out(24161): database : [(TransactionRepositoryImpl.java:1388)(F)] is has tip record : false
I/System.out(24161): database : [(TransactionRepositoryImpl.java:1419)(D)] is has tip record : false
I/System.out(24161): database : [(TransactionRepositoryImpl.java:1627)(C)] isOfflineVoidRecoExist ? false
D/wpa_supplicant(27986): wlan0: Control interface command 'SIGNAL_POLL'
I/System.out(24161): database : [(TransactionRepositoryImpl.java:1254)(K)] isSCBTCUploadExist? false
I/System.out(24161): UseCaseCheckUpLoadTrans : [(UseCaseCheckUpLoadTrans.java:127)(A)] CheckPostTrans => UploadTransType size():0
I/System.out(24161): TAG : [(NetworkProcessPresenter.java:137)(F)] Do filterTransTypes
I/System.out(24161): TAG : [(NetworkProcessPresenter.java:480)(G)] uploadTransTypes len=0
I/System.out(24161): TAG : [(NetworkProcessPresenter.java:191)(B)] doTransNetworkProcess oncomplete
I/System.out(24161): database : [(TransactionRepositoryImpl.java:251)(GetCurTranDataParameter)] getCurTranDataParameter
I/System.out(24161): NetworkProcessPresenter : [(NetworkProcessPresenter.java:416)(I)] isNeedESign aid=A0000000031010
I/System.out(24161): DBTAG : [(DBFunAIDParam.java:41)(A)] AIDParams size=6
I/System.out(24161): DBTAG : [(DBFunAIDParam.java:65)(A)] Find first part match AID=A0000000031010 CVMLimit=000000150000
I/System.out(24161): DBTAG : [(DBFunAIDParam.java:83)(A)] dbGetCTLSCVMLimit cvmLimit=000000150000
I/System.out(24161): TAG : [(UseCaseGetCTLSCVMLimit.java:28)(A)] UseCaseGetCTLSCVMLimit ctlsCVMLimit=000000150000
I/System.out(24161): NetworkProcessPresenter : [(NetworkProcessPresenter.java:426)(I)] amount=000000000015 tipAmount=000000000000 ctlsCVMLimit=000000150000
I/System.out(24161): NetworkProcessPresenter : [(NetworkProcessPresenter.java:445)(I)] hostType=1 InputPin=false
I/System.out(24161): NetworkProcessPresenter : [(NetworkProcessPresenter.java:448)(I)] isSupport esign=false
I/System.out(24161): UseCasePutCurTranData : [(UseCasePutCurTranData.java:32)(A)] putCurTranDataParametercom.verifone.adc.domain.entities.bo.RecordInformation@1b15ae61
I/System.out(24161): database : [(TransactionRepositoryImpl.java:240)(PutCurTranDataParameter)] putCurTranDataParameter
I/System.out(24161): UINavigator : [(UINavigator.java:28)(A)] transUiFlow=not null
