I/System.out(24161): BasePrintModel.java : [(BasePrintModel.java:281)(A)] TAG, contentLen=12
I/System.out(24161): BaseMvpActivity : [(BaseMvpActivity.java:102)(OnSaveInstanceState)] ----onSaveInstanceState=EmvActivity
I/System.out(24161): BasePrintModel.java : [(BasePrintModel.java:281)(A)] TAG, contentLen=12
I/System.out(24161): BasePresenter : [(BasePresenter.java:51)(DetachUI)] ============detachUI
I/System.out(24161): BasePrintModel.java : [(BasePrintModel.java:281)(A)] TAG, contentLen=15
I/System.out(24161): BasePrintModel.java : [(BasePrintModel.java:281)(A)] TAG, contentLen=27
I/System.out(24161): BasePrintModel.java : [(BasePrintModel.java:281)(A)] TAG, contentLen=18
I/System.out(24161): BasePresenter : [(BasePresenter.java:53)(DetachUI)] UI=EmvActivity
I/System.out(24161): BasePrintModel.java : [(BasePrintModel.java:281)(A)] TAG, contentLen=28
I/System.out(24161): BaseMvpActivity : [(BaseMvpActivity.java:93)(OnStop)] ----onStop=EmvActivity
I/System.out(24161): BasePrintModel.java : [(BasePrintModel.java:281)(A)] TAG, contentLen=15
I/System.out(24161): BasePresenter : [(BasePresenter.java:51)(DetachUI)] ============detachUI
I/EmvActivity(24161): releaseWakeLock: 
I/System.out(24161): BasePrintModel.java : [(BasePrintModel.java:281)(A)] TAG, contentLen=19
I/System.out(24161): BasePrintModel.java : [(BasePrintModel.java:281)(A)] TAG, contentLen=17
I/System.out(24161): BasePrintModel.java : [(BasePrintModel.java:281)(A)] TAG, contentLen=20
I/System.out(24161): BasePrintModel.java : [(BasePrintModel.java:281)(A)] TAG, contentLen=13
I/System.out(24161): BasePrintModel.java : [(BasePrintModel.java:281)(A)] TAG, contentLen=7
I/System.out(24161): TAG : [(BasePrintModel.java:192)(A)] -----------text = SCAN FOR VOID
I/System.out(24161): TAG : [(BasePrintModel.java:192)(A)] -----------text = 004075
I/System.out(24161): TAG : [(BasePrintModel.java:192)(A)] -----------text = Sale
I/System.out(24161): TAG : [(TvShowUtil.java:24)(A)] Amount=15
I/System.out(24161): TAG : [(TvShowUtil.java:41)(A)] Amount=15
I/System.out(24161): TAG : [(TvShowUtil.java:49)(A)] Amount=0.15
I/System.out(24161): TAG : [(TvShowUtil.java:24)(A)] Amount=0
I/System.out(24161): TAG : [(TvShowUtil.java:41)(A)] Amount=0
I/System.out(24161): TAG : [(TvShowUtil.java:49)(A)] Amount=0.00
I/System.out(24161): TAG : [(TvShowUtil.java:24)(A)] Amount=15
I/System.out(24161): TAG : [(TvShowUtil.java:41)(A)] Amount=15
I/System.out(24161): TAG : [(TvShowUtil.java:49)(A)] Amount=0.15
I/System.out(24161): TAG : [(BasePrintModel.java:192)(A)] -----------text = CARDHOLDER SIGNATURE
I/System.out(24161): PrintTransReceiptModel : [(PrintTransReceiptModel.java:643)(C)] isNeedESign : false | Amount is less than CVM limit no need to sign !
I/System.out(24161): PrintTransReceiptModel : [(PrintTransReceiptModel.java:644)(C)] isWearAble : false | wearable is no need to sign at any amount !
I/System.out(24161): TAG : [(BasePrintModel.java:192)(A)] -----------text = No Signature is Required
I/System.out(24161): TAG : [(BasePrintModel.java:192)(A)] -----------text = 
I/System.out(24161): TAG : [(BasePrintModel.java:192)(A)] -----------text = I ACKNOWLEDGE SATISFACTORY RECEIPT
I/System.out(24161): TAG : [(BasePrintModel.java:192)(A)] -----------text = OF RELATIVE GOOD/SERVICE
I/System.out(24161): TAG : [(BasePrintModel.java:192)(A)] -----------text = *** NO REFUND ***
I/System.out(24161): database : [(TransactionRepositoryImpl.java:1943)(IsTLEAllowed)] Is TLE Allowed
I/PrintTransReceiptModel(24161): setPrintReceiptsType currPrintReceiptNumber: 0
I/System.out(24161): TAG : [(BasePrintModel.java:192)(A)] -----------text = 01.06.04
I/DeviceService( 4714): getPrinter() executed
I/System.out(24161): BaseMvpActivity : [(BaseMvpActivity.java:73)(OnResume)] ----onResume=TransSuccessActivity
I/PrinterManager( 4714): getStatus executed
D/NonContactCardTimer( 4714): stop
I/ViewRootImpl(24161): CPU Rendering VSync enable = true
D/NonContactCardTimer( 4714): unRegisterReveiver 
D/InsertCardTimer( 4714): stop
I/SocsiSystemService(  791): getK21CommandService mK21CommandService=com.socsi.aidl.command.CommandTransfer$Stub$Proxy@1a6d7d60;
I/SocsiSystemService(  791): getK21CommandService mK21CommandService=com.socsi.aidl.command.CommandTransfer$Stub$Proxy@1a6d7d60;
V/WindowManager(  791): Adding window Window{29f05cc9 u0 com.verifone.scb.presentation/com.verifone.adc.presentation.view.activities.TransSuccessActivity} at 10 of 16 (before Window{1fbd3c93 u0 com.verifone.scb.presentation/com.verifone.adc.presentation.view.activities.TransSuccessActivity})
D/CommandService_HandleProtocol( 4223): send >>> [D102 关闭读卡器]
D/CommandService_HandleProtocol( 4223): send >>> []
D/CommandService_HandleProtocol( 4223): 
D/CommandService_HandleProtocol( 4223): recv <<< [D102 关闭读卡器]
D/CommandService_HandleProtocol( 4223): recv <<< [00] []
D/CommandService_HandleProtocol( 4223): 
I/SocsiSystemService(  791): getK21CommandService mK21CommandService=com.socsi.aidl.command.CommandTransfer$Stub$Proxy@1a6d7d60;
I/SocsiSystemService(  791): getK21CommandService mK21CommandService=com.socsi.aidl.command.CommandTransfer$Stub$Proxy@1a6d7d60;
D/CommandService_HandleProtocol( 4223): send >>> [D107 非阻塞开启关闭磁头]
D/CommandService_HandleProtocol( 4223): send >>> [01]
D/CommandService_HandleProtocol( 4223): 
D/CommandService_HandleProtocol( 4223): recv <<< [D107 非阻塞开启关闭磁头]
D/CommandService_HandleProtocol( 4223): recv <<< [00] []
D/CommandService_HandleProtocol( 4223): 
I/System.out(24161): SocketComm : [(SocketComm.java:299)(A)] 正在发送数据.....0次
I/SocsiSystemService(  791): getK21CommandService mK21CommandService=com.socsi.aidl.command.CommandTransfer$Stub$Proxy@1a6d7d60;
I/SocsiSystemService(  791): getK21CommandService mK21CommandService=com.socsi.aidl.command.CommandTransfer$Stub$Proxy@1a6d7d60;
I/System.out(24161): CommImpl.java : [(CommImpl.java:100)(OnNext)] NetCallBackListener onNext, comm status=ON_SENDIND
I/System.out(24161): UseCaseNormalTrans : [(UseCaseNormalTrans.java:537)(A)] communication: ON_SENDIND
D/CommandService_HandleProtocol( 4223): send >>> [1B47 获取打印机状态]
D/CommandService_HandleProtocol( 4223): send >>> [53]
D/CommandService_HandleProtocol( 4223): 
I/System.out(24161): CommImpl.java : [(CommImpl.java:100)(OnNext)] NetCallBackListener onNext, comm status=ON_SENTED
I/System.out(24161): UseCaseNormalTrans : [(UseCaseNormalTrans.java:537)(A)] communication: ON_SENTED
I/System.out(24161): TAG : [(NetworkProcessPresenter.java:501)(A)] Comm status=ON_CONNECTED
I/System.out(24161): CommImpl.java : [(CommImpl.java:100)(OnNext)] NetCallBackListener onNext, comm status=ON_RECEIVING
I/System.out(24161): TAG : [(NetworkProcessPresenter.java:501)(A)] Comm status=ON_SENDIND
I/System.out(24161): TAG : [(NetworkProcessPresenter.java:501)(A)] Comm status=ON_SENTED
I/System.out(24161): UseCaseNormalTrans : [(UseCaseNormalTrans.java:537)(A)] communication: ON_RECEIVING
D/CommandService_HandleProtocol( 4223): recv <<< [1B47 获取打印机状态]
D/CommandService_HandleProtocol( 4223): recv <<< [00] [1B472F8130300803FE]
D/CommandService_HandleProtocol( 4223): 
I/System.out(24161): SocketComm : [(SocketComm.java:312)(A)] 正在接收数据.....0次
I/PrinterManager( 4714): VFI printer RspCode=240
D/PrinterManager( 4714): getStatus() return=240
I/System.out(24161): SocketComm : [(SocketComm.java:313)(A)] Start RecvPacket:1557299243820
I/System.out(24161): PrinterObservable : [(PrinterObservable.java:41)(D)] printer status: 240
I/System.out(24161): SocketComm : [(SocketComm.java:227)(A)]  set timeout: 30000  ms.
I/System.out(24161): TAG : [(NetworkProcessPresenter.java:501)(A)] Comm status=ON_RECEIVING
D/wpa_supplicant(27986): wlan0: Control interface command 'SIGNAL_POLL'
I/System.out(24161): PrintTransReceiptModel : [(PrintTransReceiptModel.java:696)(OnError)] StartPrintReceiptsObserver onError exception: Printer unavailable for out of paper
I/System.out(24161): TransSuccessPresenter : [(TransSuccessPresenter.java:351)(OnError)] Print failed
I/System.out(24161): TransSuccessActivity : [(BaseActivity.java:177)(A)] setLoadingDialogStatus is false
I/System.out(24161): TransSuccessActivity : [(BaseActivity.java:182)(A)] loadingDialog isShowing true
I/System.out(24161): TAG : [(CustomDialog.java:47)(<init>)] TransSuccessActivity dialogType=1
I/ActivityManager(  791): Displayed com.verifone.scb.presentation/com.verifone.adc.presentation.view.activities.TransSuccessActivity: +354ms
I/ViewRootImpl(24161): CPU Rendering VSync enable = true
V/WindowManager(  791): not Base app: Adding window Window{61f373d u0 com.verifone.scb.presentation/com.verifone.adc.presentation.view.activities.TransSuccessActivity} at 12 of 17
I/System.out(24161): SocketComm : [(SocketComm.java:233)(A)]  want length: 2  ,read length: 2
I/System.out(24161): SocketComm : [(SocketComm.java:109)(A)] receive length buffer: 0148
I/System.out(24161): SocketComm : [(SocketComm.java:127)(A)] Head = 0148
I/System.out(24161): SocketComm : [(SocketComm.java:128)(A)] Expect read length:328
I/System.out(24161): SocketComm : [(SocketComm.java:227)(A)]  set timeout: 29799  ms.
I/System.out(24161): SocketComm : [(SocketComm.java:233)(A)]  want length: 328  ,read length: 328
I/System.out(24161): CommImpl.java : [(CommImpl.java:100)(OnNext)] NetCallBackListener onNext, comm status=ON_RECEIVED
I/System.out(24161): UseCaseNormalTrans : [(UseCaseNormalTrans.java:537)(A)] communication: ON_RECEIVED
I/System.out(24161): TransUseCase : [(TransUseCase.java:377)(D)] saveReversal transId 10001
I/Timeline(24161): Timeline: Activity_idle id: android.os.BinderProxy@34b11a57 time:34330869
I/System.out(24161): TransUseCase : [(TransUseCase.java:398)(D)] saveReversal TransId=10001 [Sale]orgTransId null[] SysTrace 004075 StanNum 006159 orgSysTrace null orgStanNum null SysTrace 006159
I/System.out(24161): TransUseCase : [(TransUseCase.java:422)(D)] NO VOID/PREAUTH_COMPLETE_REFUND
I/System.out(24161): TransUseCase : [(TransUseCase.java:423)(D)] PutRecordInformation
I/System.out(24161): database : [(TransactionRepositoryImpl.java:711)(PutReversalInformation)] putReversalInformation
I/System.out(24161): database : [(TransactionRepositoryImpl.java:718)(A)] putReversalInformation 票据号: 004075
I/System.out(24161): database_record : [(DBFunRecordInfo.java:157)(A)] Put normal record
V/WLAN_PSA(  281): NL MSG, len[4087], NL type[0x1C] WNI type[0x5900] len[57103]
V/WLAN_PSA(  281): NL MSG, PID: 281
I/System.out(24161): database_record : [(DBFunRecordInfo.java:180)(A)] Update a  record    004075   Stan : 006159
I/System.out(24161): Iso8583Process : [(Iso8583Process.java:424)(A)] ============================ ISO8583_settleFrame ========================================
I/System.out(24161): Iso8583Process : [(Iso8583Process.java:442)(A)] strIso8583: 0210347800000E80000200000000000000001500000000025000400000006159150723050830303030303036353433323134353637383930303731373130303734025602545830330130303030303042505453434220506F696E747320506F6F6C24202000520000019999000000002600000000000013000130303030303042505453434220506F696E747320506F6F6C2420200043000002333600000000233360000001476574207370656369616C20646973636F756E742032302520576F5720576F5720666F72206E657874207472616E73616374696F6E207768656E2072656465656D20706F696E74206F6E2074686973206D6F6E7468206F6E6C792062757420676574206F6E6C792031302520666F72206E657874207472616E73616374696F6E206E657874206D6F6E7468202B545F5F54202B2121210000000000000000
I/System.out(24161): Iso8583Process : [(Iso8583Process.java:448)(A)] putTransMsgResponse {"F0":"0210","F3":"000000","F4":"000000000015","F6":"000000000250","F10":"00400000","F11":"006159","F12":"150723","F13":"0508","F37":"303030303030363534333231","F38":"343536373839","F39":"3030","F41":"3731373130303734","F63":"02545830330130303030303042505453434220506F696E747320506F6F6C24202000520000019999000000002600000000000013000130303030303042505453434220506F696E747320506F6F6C2420200043000002333600000000233360000001476574207370656369616C20646973636F756E742032302520576F5720576F5720666F72206E657874207472616E73616374696F6E207768656E2072656465656D20706F696E74206F6E2074686973206D6F6E7468206F6E6C792062757420676574206F6E6C792031302520666F72206E657874207472616E73616374696F6E206E657874206D6F6E7468202B545F5F54202B2121210000000000000000","TPDU":"6000000140"}
I/System.out(24161): Iso8583Process : [(Iso8583Process.java:455)(A)] ISO8583 json8583_rsp json: {"F0":"0210","F3":"000000","F4":"000000000015","F6":"000000000250","F10":"00400000","F11":"006159","F12":"150723","F13":"0508","F37":"[{A}]303030303030363534333231","F38":"[{A}]343536373839","F39":"[{A}]3030","F41":"[{A}]3731373130303734","F63":"02545830330130303030303042505453434220506F696E747320506F6F6C24202000520000019999000000002600000000000013000130303030303042505453434220506F696E747320506F6F6C2420200043000002333600000000233360000001476574207370656369616C20646973636F756E742032302520576F5720576F5720666F72206E657874207472616E73616374696F6E207768656E2072656465656D20706F696E74206F6E2074686973206D6F6E7468206F6E6C792062757420676574206F6E6C792031302520666F72206E657874207472616E73616374696F6E206E657874206D6F6E7468202B545F5F54202B2121210000000000000000"}
I/System.out(24161): Iso8583TransData : [(Iso8583TransData.java:3526)(A)] ISO8583_ParseData executed Sale
I/System.out(24161): Iso8583TransData : [(Iso8583TransData.java:3540)(A)] this.getF06_AmountForeign => 000000000250
I/System.out(24161): Iso8583TransData : [(Iso8583TransData.java:3545)(A)] this.getF10_ConversionRate 00400000
I/System.out(24161): Iso8583TransData : [(Iso8583TransData.java:3556)(A)] this.getF11_StanNum => 006159
I/System.out(24161): Iso8583TransData : [(Iso8583TransData.java:3561)(A)] this.getF12_TranTime => 150723
I/System.out(24161): Utils : [(Utils.java:610)(A)] 20190508150724
I/System.out(24161): Iso8583TransData : [(Iso8583TransData.java:3566)(A)] this.getF13_TranDate => 0508
W/SurfaceFlinger(  259): couldn't log to binary event log: overflow.
I/System.out(24161): Iso8583TransData : [(Iso8583TransData.java:3591)(A)] this.getF37_RetRefNo => 000000654321
I/System.out(24161): Iso8583TransData : [(Iso8583TransData.java:3596)(A)] this.getF38_AuthID => 456789
I/System.out(24161): Iso8583TransData : [(Iso8583TransData.java:3601)(A)] this.getF39_ResCode => 00
I/System.out(24161): Iso8583TransData : [(Iso8583TransData.java:3644)(A)] this.getF41_TerminalID => 71710074
I/System.out(24161): Iso8583TransData : [(Iso8583TransData.java:3791)(A)] 02545830330130303030303042505453434220506F696E747320506F6F6C24202000520000019999000000002600000000000013000130303030303042505453434220506F696E747320506F6F6C2420200043000002333600000000233360000001476574207370656369616C20646973636F756E742032302520576F5720576F5720666F72206E657874207472616E73616374696F6E207768656E2072656465656D20706F696E74206F6E2074686973206D6F6E7468206F6E6C792062757420676574206F6E6C792031302520666F72206E657874207472616E73616374696F6E206E657874206D6F6E7468202B545F5F54202B2121210000000000000000
I/System.out(24161): Iso8583TransData : [(Iso8583TransData.java:3985)(A)] transData.getF63_hostNote => 45830330130303030303042505453434220506F696E747320506F6F6C24202000520000019999000000002600000000000013000130303030303042505453434220506F696E747320506F6F6C2420200043000002333600000000233360000001476574207370656369616C20646973636F756E742032302520576F5720576F5720666F72206E657874207472616E73616374696F6E207768656E2072656465656D20706F696E74206F6E2074686973206D6F6E7468206F6E6C792062757420676574206F6E6C792031302520666F72206E657874207472616E73616374696F6E206E657874206D6F6E7468202B545F5F54202B2121210000000000000000
I/System.out(24161): Iso8583TransData : [(Iso8583TransData.java:3990)(A)] transData.getF63_Field63 => 02545830330130303030303042505453434220506F696E747320506F6F6C24202000520000019999000000002600000000000013000130303030303042505453434220506F696E747320506F6F6C2420200043000002333600000000233360000001476574207370656369616C20646973636F756E742032302520576F5720576F5720666F72206E657874207472616E73616374696F6E207768656E2072656465656D20706F696E74206F6E2074686973206D6F6E7468206F6E6C792062757420676574206F6E6C792031302520666F72206E657874207472616E73616374696F6E206E657874206D6F6E7468202B545F5F54202B2121210000000000000000
I/System.out(24161): Iso8583Process : [(Iso8583Process.java:457)(A)] =========================================================================================
I/System.out(24161): TransUseCase : [(TransUseCase.java:440)(A)] updateSystemTime to 20190508 150723
I/DeviceService( 4714): DeviceInfoManager getDeviceInfo() executed
I/DeviceInfoManager( 4714): DeviceInfoManager getInstance() executed
I/DeviceInfoManager( 4714): updateSystemTime() executed, date=20190508, time=150723
I/DeviceInfoManager( 4714): get system datetime=20190508150724
I/DeviceInfoManager( 4714): set datetime=20194815723
I/SocsiSystemService(  791): getK21CommandService mK21CommandService=com.socsi.aidl.command.CommandTransfer$Stub$Proxy@1a6d7d60;
I/SocsiSystemService(  791): getK21CommandService mK21CommandService=com.socsi.aidl.command.CommandTransfer$Stub$Proxy@1a6d7d60;
D/CommandService_HandleProtocol( 4223): send >>> [1D04 null]
D/CommandService_HandleProtocol( 4223): send >>> [3230313930353038313530373233]
D/CommandService_HandleProtocol( 4223): 
D/CommandService_HandleProtocol( 4223): recv <<< [1D04 null]
D/CommandService_HandleProtocol( 4223): recv <<< [00] []
D/CommandService_HandleProtocol( 4223): 
D/SocsiSystemService(  791): setRTC ret = true
D/AlarmManagerService(  791): Setting time of day to sec=1557299243
I/Timeline(  791): Timeline: Activity_windows_visible id: ActivityRecord{331917f7 u0 com.verifone.scb.presentation/com.verifone.adc.presentation.view.activities.TransSuccessActivity t957} time:34331141
I/System.out(24161): BaseMvpActivity : [(BaseMvpActivity.java:102)(OnSaveInstanceState)] ----onSaveInstanceState=NetworkProcessActivity
I/System.out(24161): BasePresenter : [(BasePresenter.java:51)(DetachUI)] ============detachUI
I/System.out(24161): BasePresenter : [(BasePresenter.java:53)(DetachUI)] UI=NetworkProcessActivity
I/System.out(24161): BaseMvpActivity : [(BaseMvpActivity.java:93)(OnStop)] ----onStop=NetworkProcessActivity
I/System.out(24161): BasePresenter : [(BasePresenter.java:51)(DetachUI)] ============detachUI
I/NetworkProcessActivity(24161): releaseWakeLock: 
I/SurfaceFlinger(  259): FPS: 45
D/audio_hw_primary(  274): out_standby: enter: stream (0xb82a71e0) usecase(1: low-latency-playback)
D/soundtrigger(  274): audio_extn_sound_trigger_update_stream_status: uc_id 1 of type 0 for Event 2, with Raise=0
D/hardware_info(  274): hw_info_append_hw_type : device_name = speaker
I/System.out(24161): SaleUIFlow : [(BaseTransFlow.java:276)(Run)] isUIStateNeedCheckTimeout=0
D/audio_hw_primary(  274): out_standby: enter: stream (0xb82a15d8) usecase(0: deep-buffer-playback)
D/soundtrigger(  274): audio_extn_sound_trigger_update_stream_status: uc_id 0 of type 0 for Event 2, with Raise=1
V/sound_trigger_hw(  274): handle_audio_concurrency: Enter, event type = 2
D/sound_trigger_platform(  274): platform_stdev_check_and_update_concurrency: concurrency active 0, tx 0, rx 0, concurrency session_allowed 1
D/hardware_info(  274): hw_info_append_hw_type : device_name = speaker
I/soundtrigger(  274): audio_extn_sound_trigger_update_device_status: device 0x2 of type 0 for Event 0, with Raise=0
D/UIAutomatorStub( 6033): URI: /jsonrpc/0, Method: POST, params, {NanoHttpd.QUERY_STRING=null}, files: {postData={"jsonrpc": "2.0", "id": "ca4efa6329ebf9f8e9b52b5fc7ef343e", "method": "deviceInfo", "params": {}}}
W/QueryController( 6033): Could not detect idle state.
W/QueryController( 6033): Could not detect idle state.
W/QueryController( 6033): Could not detect idle state.
W/QueryController( 6033): Could not detect idle state.
D/UIAutomatorStub( 6033): URI: /jsonrpc/0, Method: POST, params, {NanoHttpd.QUERY_STRING=null}, files: {postData={"jsonrpc": "2.0", "id": "4ab7b371e482434d38bd16f90c130795", "method": "click", "params": [216, 793]}}
D/InteractionController( 6033): clickNoSync (216, 793)
I/SurfaceFlinger(  259): FPS: 20
E/AudioPolicyManager(  274): unknown stream type 13
E/AudioPolicyManager(  274): unknown stream type 13
E/AudioPolicyManager(  274): unknown stream type 13
E/AudioPolicyManager(  274): unknown stream type 13
E/AudioPolicyManager(  274): unknown stream type 13
E/AudioPolicyManager(  274): unknown stream type 13
E/AudioPolicyManager(  274): unknown stream type 13
E/AudioPolicyManager(  274): unknown stream type 13
E/AudioPolicyManager(  274): unknown stream type 13
I/System.out(24161): TAG : [(TransSuccessPresenter.java:429)(J)] Do checkPostTrans
I/System.out(24161): TAG : [(TransSuccessPresenter.java:431)(J)] tranId=10001
D/audio_hw_primary(  274): start_output_stream: enter: stream(0xb82a71e0)usecase(1: low-latency-playback) devices(0x2)
D/audio_hw_primary(  274): select_devices: out_snd_device(2: speaker) in_snd_device(0: )
D/hardware_info(  274): hw_info_append_hw_type : device_name = speaker
I/soundtrigger(  274): audio_extn_sound_trigger_update_device_status: device 0x2 of type 0 for Event 1, with Raise=0
I/System.out(24161): database : [(TransactionRepositoryImpl.java:251)(GetCurTranDataParameter)] getCurTranDataParameter
W/audio_hw_utils(  274): audio_extn_utils_update_stream_app_type_cfg: App type could not be selected. Falling back to default
I/audio_hw_primary(  274): select_devices Selected apptype: 69936
D/soundtrigger(  274): audio_extn_sound_trigger_update_stream_status: uc_id 1 of type 0 for Event 3, with Raise=0
D/ACDB-LOADER(  274): ACDB -> send_audio_cal, acdb_id = 14, path =  0
D/ACDB-LOADER(  274): ACDB -> send_asm_topology
D/ACDB-LOADER(  274): ACDB -> ACDB_CMD_GET_AUDPROC_STREAM_TOPOLOGY_ID
D/ACDB-LOADER(  274): ACDB -> send_adm_topology
D/ACDB-LOADER(  274): ACDB -> ACDB_CMD_GET_AUDPROC_COMMON_TOPOLOGY_ID
D/ACDB-LOADER(  274): ACDB -> send_audtable
D/ACDB-LOADER(  274): ACDB -> ACDB_CMD_GET_AUDPROC_COMMON_TABLE
D/ACDB-LOADER(  274): ACDB -> AUDIO_SET_AUDPROC_CAL
D/ACDB-LOADER(  274): ACDB -> send_audvoltable
D/ACDB-LOADER(  274): ACDB -> ACDB_CMD_GET_AUDPROC_GAIN_DEP_STEP_TABLE
D/ACDB-LOADER(  274): ACDB -> AUDIO_SET_AUDPROC_VOL_CAL
D/ACDB-LOADER(  274): ACDB -> send_afe_cal
D/ACDB-LOADER(  274): ACDB -> ACDB_CMD_GET_AFE_COMMON_TABLE
D/ACDB-LOADER(  274): ACDB -> AUDIO_SET_AFE_CAL
D/ACDB-LOADER(  274): ACDB -> send_hw_delay : acdb_id = 14 path = 0
D/ACDB-LOADER(  274): ACDB -> ACDB_AVSYNC_INFO: ACDB_CMD_GET_DEVICE_PROPERTY
I/audio_hw_utils(  274): audio_extn_utils_send_app_type_cfg app_type 69936, acdb_dev_id 14, sample_rate 48000
D/audio_hw_primary(  274): select_devices: done
I/System.out(24161): UseCaseCheckUpLoadTrans : [(UseCaseCheckUpLoadTrans.java:94)(B)] 获取后置交易, 当前交易:Sale
I/System.out(24161): database : [(TransactionRepositoryImpl.java:135)(GetSystemParam)] getSystemParam
I/System.out(24161): UseCaseCheckUpLoadTrans : [(UseCaseCheckUpLoadTrans.java:109)(B)] isSupportTCUpload=true
I/System.out(24161): database : [(TransactionRepositoryImpl.java:1251)(IsSCBTCUploadExist)] isSCBTCUploadExist
I/System.out(24161): SaleUIFlow : [(BaseTransFlow.java:276)(Run)] isUIStateNeedCheckTimeout=0
I/System.out(24161): database : [(TransactionRepositoryImpl.java:1388)(F)] is has tip record : false
I/System.out(24161): database : [(TransactionRepositoryImpl.java:1419)(D)] is has tip record : false
I/System.out(24161): database : [(TransactionRepositoryImpl.java:1627)(C)] isOfflineVoidRecoExist ? false
I/System.out(24161): database : [(TransactionRepositoryImpl.java:1254)(K)] isSCBTCUploadExist? false
I/System.out(24161): UseCaseCheckUpLoadTrans : [(UseCaseCheckUpLoadTrans.java:127)(A)] CheckPostTrans => UploadTransType size():0
I/System.out(24161): TAG : [(TransSuccessPresenter.java:443)(C)] Do filterTransTypes
I/System.out(24161): TAG : [(TransSuccessPresenter.java:463)(D)] uploadTransTypes len=0
I/System.out(24161): TransSuccessPresenter : [(TransSuccessPresenter.java:488)(D)] doPostTransProcessing success.
E/AudioPolicyManager(  274): unknown stream type 13
E/AudioPolicyManager(  274): unknown stream type 13
E/AudioPolicyManager(  274): unknown stream type 13
E/AudioPolicyManager(  274): unknown stream type 13
E/AudioPolicyManager(  274): unknown stream type 13
E/AudioPolicyManager(  274): unknown stream type 13
E/AudioPolicyManager(  274): unknown stream type 13
E/AudioPolicyManager(  274): unknown stream type 13
E/AudioPolicyManager(  274): unknown stream type 13
E/AudioPolicyManager(  274): unknown stream type 13
E/AudioPolicyManager(  274): unknown stream type 13
E/AudioPolicyManager(  274): unknown stream type 13
E/AudioPolicyManager(  274): unknown stream type 13
E/AudioPolicyManager(  274): unknown stream type 13
E/AudioPolicyManager(  274): unknown stream type 13
E/AudioPolicyManager(  274): unknown stream type 13
E/AudioPolicyManager(  274): unknown stream type 13
W/SurfaceFlinger(  259): couldn't log to binary event log: overflow.
I/SurfaceFlinger(  259): FPS: 36
I/System.out(24161): SaleUIFlow : [(BaseTransFlow.java:276)(Run)] isUIStateNeedCheckTimeout=0
D/UIAutomatorStub( 6033): URI: /jsonrpc/0, Method: POST, params, {NanoHttpd.QUERY_STRING=null}, files: {postData={"jsonrpc": "2.0", "id": "873a457a1a7d369ff0d3b39e66d4eab8", "method": "deviceInfo", "params": {}}}
W/QueryController( 6033): Could not detect idle state.
W/QueryController( 6033): Could not detect idle state.
W/QueryController( 6033): Could not detect idle state.
W/QueryController( 6033): Could not detect idle state.
D/UIAutomatorStub( 6033): URI: /jsonrpc/0, Method: POST, params, {NanoHttpd.QUERY_STRING=null}, files: {postData={"jsonrpc": "2.0", "id": "b3f25e77e2021ea59ff6c5b39af0f2c0", "method": "click", "params": [345, 1216]}}
D/InteractionController( 6033): clickNoSync (345, 1216)
D/wpa_supplicant(27986): wlan0: Control interface command 'SIGNAL_POLL'
I/System.out(24161): TransSuccessPresenter : [(TransSuccessPresenter.java:493)(C)] doClickBtnSuccessProcess
E/AudioPolicyManager(  274): unknown stream type 13
E/AudioPolicyManager(  274): unknown stream type 13
E/AudioPolicyManager(  274): unknown stream type 13
E/AudioPolicyManager(  274): unknown stream type 13
E/AudioPolicyManager(  274): unknown stream type 13
E/AudioPolicyManager(  274): unknown stream type 13
E/AudioPolicyManager(  274): unknown stream type 13
E/AudioPolicyManager(  274): unknown stream type 13
E/AudioPolicyManager(  274): unknown stream type 13
I/System.out(24161): TransSuccessActivity : [(BaseActivity.java:177)(A)] setLoadingDialogStatus is true
I/System.out(24161): TransSuccessActivity : [(BaseActivity.java:182)(A)] loadingDialog isShowing false
I/ViewRootImpl(24161): CPU Rendering VSync enable = true
V/WindowManager(  791): not Base app: Adding window Window{c7e7083 u0 com.verifone.scb.presentation/com.verifone.adc.presentation.view.activities.TransSuccessActivity} at 11 of 16
I/System.out(24161): TransSuccessPresenter : [(TransSuccessPresenter.java:317)(A)] Print finished004075006159
I/System.out(24161): database : [(TransactionRepositoryImpl.java:410)(GetRecordInformation)] getRecordInformation traceNum: 004075
I/System.out(24161): database_record : [(DBFunRecordInfo.java:286)(B)] 查找trace : 004075Stan : 006159的交易记录成功
I/PrintTransReceiptModel(24161): loadPrintReceiptsInfos: executed,  currPrintReceiptNumber0
I/System.out(24161): database : [(TransactionRepositoryImpl.java:115)(GetSystemParameter)] getSystemParameter
I/PrintTransReceiptModel(24161): checkIsAllPrintFinish currPrintReceiptNumber: 0  receiptNumber 2
I/System.out(24161): getReceiptPrintDark : [(PrintTransReceiptModel.java:140)(A)] getReceiptPrintDark: 6
I/System.out(24161): database : [(TransactionRepositoryImpl.java:115)(GetSystemParameter)] getSystemParameter
I/System.out(24161): TAG : [(BasePrintModel.java:192)(A)] -----------text = Siam Commercial Bank
I/System.out(24161): TAG : [(BasePrintModel.java:192)(A)] -----------text =   VERIFONE Co.,Ltd.
I/System.out(24161): TAG : [(BasePrintModel.java:192)(A)] -----------text =     Head Office
I/System.out(24161): BasePrintModel.java : [(BasePrintModel.java:281)(A)] TAG, contentLen=14
I/System.out(24161): BasePrintModel.java : [(BasePrintModel.java:281)(A)] TAG, contentLen=11
I/System.out(24161): BasePrintModel.java : [(BasePrintModel.java:281)(A)] TAG, contentLen=14
I/System.out(24161): BasePrintModel.java : [(BasePrintModel.java:281)(A)] TAG, contentLen=12
I/System.out(24161): BasePrintModel.java : [(BasePrintModel.java:281)(A)] TAG, contentLen=12
I/System.out(24161): BasePrintModel.java : [(BasePrintModel.java:281)(A)] TAG, contentLen=15
I/System.out(24161): BasePrintModel.java : [(BasePrintModel.java:281)(A)] TAG, contentLen=27
I/System.out(24161): BasePrintModel.java : [(BasePrintModel.java:281)(A)] TAG, contentLen=18
I/System.out(24161): BasePrintModel.java : [(BasePrintModel.java:281)(A)] TAG, contentLen=28
I/System.out(24161): BasePrintModel.java : [(BasePrintModel.java:281)(A)] TAG, contentLen=15
I/System.out(24161): BasePrintModel.java : [(BasePrintModel.java:281)(A)] TAG, contentLen=19
I/System.out(24161): BasePrintModel.java : [(BasePrintModel.java:281)(A)] TAG, contentLen=17
I/System.out(24161): BasePrintModel.java : [(BasePrintModel.java:281)(A)] TAG, contentLen=20
I/System.out(24161): BasePrintModel.java : [(BasePrintModel.java:281)(A)] TAG, contentLen=13
I/System.out(24161): BasePrintModel.java : [(BasePrintModel.java:281)(A)] TAG, contentLen=7
I/System.out(24161): TAG : [(BasePrintModel.java:192)(A)] -----------text = SCAN FOR VOID
I/System.out(24161): TAG : [(BasePrintModel.java:192)(A)] -----------text = 004075
I/System.out(24161): TAG : [(BasePrintModel.java:192)(A)] -----------text = Sale
I/System.out(24161): TAG : [(TvShowUtil.java:24)(A)] Amount=15
I/System.out(24161): TAG : [(TvShowUtil.java:41)(A)] Amount=15
I/System.out(24161): TAG : [(TvShowUtil.java:49)(A)] Amount=0.15
I/System.out(24161): TAG : [(TvShowUtil.java:24)(A)] Amount=0
I/System.out(24161): TAG : [(TvShowUtil.java:41)(A)] Amount=0
I/System.out(24161): TAG : [(TvShowUtil.java:49)(A)] Amount=0.00
I/System.out(24161): TAG : [(TvShowUtil.java:24)(A)] Amount=15
I/System.out(24161): TAG : [(TvShowUtil.java:41)(A)] Amount=15
I/System.out(24161): TAG : [(TvShowUtil.java:49)(A)] Amount=0.15
I/System.out(24161): TAG : [(BasePrintModel.java:192)(A)] -----------text = CARDHOLDER SIGNATURE
I/System.out(24161): PrintTransReceiptModel : [(PrintTransReceiptModel.java:643)(C)] isNeedESign : false | Amount is less than CVM limit no need to sign !
I/System.out(24161): PrintTransReceiptModel : [(PrintTransReceiptModel.java:644)(C)] isWearAble : false | wearable is no need to sign at any amount !
I/System.out(24161): TAG : [(BasePrintModel.java:192)(A)] -----------text = No Signature is Required
I/System.out(24161): TAG : [(BasePrintModel.java:192)(A)] -----------text = 
I/System.out(24161): TAG : [(BasePrintModel.java:192)(A)] -----------text = I ACKNOWLEDGE SATISFACTORY RECEIPT
I/System.out(24161): TAG : [(BasePrintModel.java:192)(A)] -----------text = OF RELATIVE GOOD/SERVICE
I/System.out(24161): TAG : [(BasePrintModel.java:192)(A)] -----------text = *** NO REFUND ***
I/System.out(24161): database : [(TransactionRepositoryImpl.java:1943)(IsTLEAllowed)] Is TLE Allowed
I/PrintTransReceiptModel(24161): setPrintReceiptsType currPrintReceiptNumber: 0
I/System.out(24161): TAG : [(BasePrintModel.java:192)(A)] -----------text = 01.06.04
I/DeviceService( 4714): getPrinter() executed
I/PrinterManager( 4714): getStatus executed
D/NonContactCardTimer( 4714): stop
D/InsertCardTimer( 4714): stop
I/SocsiSystemService(  791): getK21CommandService mK21CommandService=com.socsi.aidl.command.CommandTransfer$Stub$Proxy@1a6d7d60;
I/SocsiSystemService(  791): getK21CommandService mK21CommandService=com.socsi.aidl.command.CommandTransfer$Stub$Proxy@1a6d7d60;
D/CommandService_HandleProtocol( 4223): send >>> [D102 关闭读卡器]
D/CommandService_HandleProtocol( 4223): send >>> []
D/CommandService_HandleProtocol( 4223): 
D/CommandService_HandleProtocol( 4223): recv <<< [D102 关闭读卡器]
D/CommandService_HandleProtocol( 4223): recv <<< [00] []
D/CommandService_HandleProtocol( 4223): 
I/SocsiSystemService(  791): getK21CommandService mK21CommandService=com.socsi.aidl.command.CommandTransfer$Stub$Proxy@1a6d7d60;
I/SocsiSystemService(  791): getK21CommandService mK21CommandService=com.socsi.aidl.command.CommandTransfer$Stub$Proxy@1a6d7d60;
D/CommandService_HandleProtocol( 4223): send >>> [D107 非阻塞开启关闭磁头]
D/CommandService_HandleProtocol( 4223): send >>> [01]
D/CommandService_HandleProtocol( 4223): 
D/CommandService_HandleProtocol( 4223): recv <<< [D107 非阻塞开启关闭磁头]
D/CommandService_HandleProtocol( 4223): recv <<< [00] []
D/CommandService_HandleProtocol( 4223): 
I/SocsiSystemService(  791): getK21CommandService mK21CommandService=com.socsi.aidl.command.CommandTransfer$Stub$Proxy@1a6d7d60;
I/SocsiSystemService(  791): getK21CommandService mK21CommandService=com.socsi.aidl.command.CommandTransfer$Stub$Proxy@1a6d7d60;
D/CommandService_HandleProtocol( 4223): send >>> [1B47 获取打印机状态]
D/CommandService_HandleProtocol( 4223): send >>> [53]
D/CommandService_HandleProtocol( 4223): 
D/CommandService_HandleProtocol( 4223): recv <<< [1B47 获取打印机状态]
D/CommandService_HandleProtocol( 4223): recv <<< [00] [1B472F8430300803FB]
D/CommandService_HandleProtocol( 4223): 
I/PrinterManager( 4714): VFI printer RspCode=240
E/AudioPolicyManager(  274): unknown stream type 13
D/PrinterManager( 4714): getStatus() return=240
E/AudioPolicyManager(  274): unknown stream type 13
E/AudioPolicyManager(  274): unknown stream type 13
E/AudioPolicyManager(  274): unknown stream type 13
E/AudioPolicyManager(  274): unknown stream type 13
E/AudioPolicyManager(  274): unknown stream type 13
E/AudioPolicyManager(  274): unknown stream type 13
E/AudioPolicyManager(  274): unknown stream type 13
E/AudioPolicyManager(  274): unknown stream type 13
E/AudioPolicyManager(  274): unknown stream type 13
E/AudioPolicyManager(  274): unknown stream type 13
E/AudioPolicyManager(  274): unknown stream type 13
E/AudioPolicyManager(  274): unknown stream type 13
E/AudioPolicyManager(  274): unknown stream type 13
E/AudioPolicyManager(  274): unknown stream type 13
E/AudioPolicyManager(  274): unknown stream type 13
E/AudioPolicyManager(  274): unknown stream type 13
I/System.out(24161): PrinterObservable : [(PrinterObservable.java:41)(D)] printer status: 240
I/System.out(24161): PrintTransReceiptModel : [(PrintTransReceiptModel.java:696)(OnError)] StartPrintReceiptsObserver onError exception: Printer unavailable for out of paper
I/System.out(24161): TransSuccessPresenter : [(TransSuccessPresenter.java:351)(OnError)] Print failed
I/System.out(24161): TransSuccessActivity : [(BaseActivity.java:177)(A)] setLoadingDialogStatus is false
I/System.out(24161): TransSuccessActivity : [(BaseActivity.java:182)(A)] loadingDialog isShowing true
I/System.out(24161): TAG : [(CustomDialog.java:47)(<init>)] TransSuccessActivity dialogType=1
I/ViewRootImpl(24161): CPU Rendering VSync enable = true
V/WindowManager(  791): not Base app: Adding window Window{700e87e u0 com.verifone.scb.presentation/com.verifone.adc.presentation.view.activities.TransSuccessActivity} at 12 of 17
I/SurfaceFlinger(  259): FPS: 40
I/System.out(24161): SaleUIFlow : [(BaseTransFlow.java:276)(Run)] isUIStateNeedCheckTimeout=0
D/UIAutomatorStub( 6033): URI: /jsonrpc/0, Method: POST, params, {NanoHttpd.QUERY_STRING=null}, files: {postData={"jsonrpc": "2.0", "id": "bf144a7cc1091a3cfebee48bf6b976d3", "method": "deviceInfo", "params": {}}}
W/QueryController( 6033): Could not detect idle state.
W/QueryController( 6033): Could not detect idle state.
W/QueryController( 6033): Could not detect idle state.
W/QueryController( 6033): Could not detect idle state.
D/UIAutomatorStub( 6033): URI: /jsonrpc/0, Method: POST, params, {NanoHttpd.QUERY_STRING=null}, files: {postData={"jsonrpc": "2.0", "id": "c65c2635670675495106c2b53334a100", "method": "click", "params": [216, 793]}}
D/InteractionController( 6033): clickNoSync (216, 793)
E/AudioPolicyManager(  274): unknown stream type 13
E/AudioPolicyManager(  274): unknown stream type 13
E/AudioPolicyManager(  274): unknown stream type 13
E/AudioPolicyManager(  274): unknown stream type 13
E/AudioPolicyManager(  274): unknown stream type 13
E/AudioPolicyManager(  274): unknown stream type 13
E/AudioPolicyManager(  274): unknown stream type 13
E/AudioPolicyManager(  274): unknown stream type 13
E/AudioPolicyManager(  274): unknown stream type 13
I/System.out(24161): UINavigator : [(UINavigator.java:28)(A)] transUiFlow=not null
I/System.out(24161): UINavigator : [(UINavigator.java:30)(A)] transUiFlow = SaleUIFlow
I/System.out(24161): UINavigator : [(UINavigator.java:54)(B)] LastUIname=com.verifone.adc.presentation.view.activities.NetworkProcessActivity
I/System.out(24161): UINavigator : [(UINavigator.java:55)(B)] CurrentUIName=com.verifone.adc.presentation.view.activities.TransSuccessActivity
I/System.out(24161): SaleUIFlow : [(BaseTransFlow.java:75)(IsCorrectUIEntry)] uiState=16
I/System.out(24161): SaleUIFlow : [(BaseTransFlow.java:76)(IsCorrectUIEntry)] context class name=TransSuccessActivity
I/System.out(24161): BaseTransFlow.java : [(BaseTransFlow.java:145)(DoBackToEntry)] isTransNotAllow=false
I/System.out(24161): SaleUIFlow : [(BaseTransFlow.java:327)(C)] call stopUIWatch.
I/System.out(24161): UINavigator : [(UINavigator.java:76)(A)] setTransUiFlow = null
I/System.out(24161): TAG : [(UIFlowControlData.java:167)(G)] start clearUIStack
I/System.out(24161): TAG : [(UIFlowControlData.java:169)(G)] uiState[0]
I/System.out(24161): TAG : [(UIFlowControlData.java:169)(G)] uiState[1]
I/System.out(24161): TAG : [(UIFlowControlData.java:169)(G)] uiState[18]
I/System.out(24161): TAG : [(UIFlowControlData.java:169)(G)] uiState[2]
I/System.out(24161): TAG : [(UIFlowControlData.java:169)(G)] uiState[3]
I/System.out(24161): TAG : [(UIFlowControlData.java:169)(G)] uiState[8]
I/System.out(24161): TAG : [(UIFlowControlData.java:169)(G)] uiState[9]
I/System.out(24161): TAG : [(UIFlowControlData.java:169)(G)] uiState[16]
I/System.out(24161): TAG : [(UIFlowControlData.java:173)(G)] clearUIStack end
I/DeviceService( 4714): getInsertCardReader() executed
I/InsertCardReaderManager( 4714): IInsertCardReaderManager getInstance() executed
D/InsertCardReaderManager( 4714): slotNo=0
I/InsertCardReaderManager( 4714): isCardIn() executed
D/InsertCardTimer( 4714): startBroast timeout=30
D/InsertCardTimer( 4714): registerReveiver 
D/InsertCardTimer( 4714): alarm timeout=30
I/SocsiSystemService(  791): getK21CommandService mK21CommandService=com.socsi.aidl.command.CommandTransfer$Stub$Proxy@1a6d7d60;
I/SocsiSystemService(  791): getK21CommandService mK21CommandService=com.socsi.aidl.command.CommandTransfer$Stub$Proxy@1a6d7d60;
D/CommandService_HandleProtocol( 4223): send >>> [D109 非阻塞检测IC卡状态]
D/CommandService_HandleProtocol( 4223): send >>> []
D/CommandService_HandleProtocol( 4223): 
D/CommandService_HandleProtocol( 4223): recv <<< [D109 非阻塞检测IC卡状态]
D/CommandService_HandleProtocol( 4223): recv <<< [00] [D1092F853030FF0389]
D/CommandService_HandleProtocol( 4223): 
I/InsertCardReaderManager( 4714): Icc.Icc_Ready, ret=-1
I/System.out(24161): ICCardReaderObservable : [(ICCardReaderObservable.java:123)(A)] isCardIn isExist: false
I/System.out(24161): SaleUIFlow : [(BaseTransFlow.java:211)(DoCheckCardRemoveAndUIBack)] else card removed
I/System.out(24161): UseCaseSetDoingTransactionFlag : [(UseCaseSetDoingTransactionFlag.java:32)(A)] Is Doing Trans : false
I/System.out(24161): TAG : [(AndroidUtil.java:22)(A)] Start activity[MainActivity]
I/Timeline(24161): Timeline: Activity_launch_request id:com.verifone.scb.presentation time:34335036
I/ActivityManager(  791): START u0 {cmp=com.verifone.scb.presentation/com.verifone.adc.presentation.view.activities.MainActivity} from uid 10130 on display 0
I/System.out(24161): BaseMvpActivity : [(BaseMvpActivity.java:112)(OnDestroy)] ----onDestory=InputAmountActivity
I/System.out(24161): BaseMvpActivity : [(BaseMvpActivity.java:112)(OnDestroy)] ----onDestory=InputTipAmountActivity
I/System.out(24161): BaseMvpActivity : [(BaseMvpActivity.java:112)(OnDestroy)] ----onDestory=ChoicePaymentActivity
I/System.out(24161): BaseMvpActivity : [(BaseMvpActivity.java:112)(OnDestroy)] ----onDestory=CheckCardActivity
I/System.out(24161): BaseMvpActivity : [(BaseMvpActivity.java:112)(OnDestroy)] ----onDestory=EmvActivity
I/System.out(24161): BaseMvpActivity : [(BaseMvpActivity.java:112)(OnDestroy)] ----onDestory=NetworkProcessActivity
E/AudioPolicyManager(  274): unknown stream type 13
E/AudioPolicyManager(  274): unknown stream type 13
E/AudioPolicyManager(  274): unknown stream type 13
E/AudioPolicyManager(  274): unknown stream type 13
E/AudioPolicyManager(  274): unknown stream type 13
E/AudioPolicyManager(  274): unknown stream type 13
E/AudioPolicyManager(  274): unknown stream type 13
E/AudioPolicyManager(  274): unknown stream type 13
E/AudioPolicyManager(  274): unknown stream type 13
E/AudioPolicyManager(  274): unknown stream type 13
E/AudioPolicyManager(  274): unknown stream type 13
E/AudioPolicyManager(  274): unknown stream type 13
E/AudioPolicyManager(  274): unknown stream type 13
E/AudioPolicyManager(  274): unknown stream type 13
E/AudioPolicyManager(  274): unknown stream type 13
E/AudioPolicyManager(  274): unknown stream type 13
E/AudioPolicyManager(  274): unknown stream type 13
I/System.out(24161): BaseMvpActivity : [(BaseMvpActivity.java:85)(OnPause)] ----onPause=TransSuccessActivity
I/System.out(24161): BaseMvpActivity : [(BaseMvpActivity.java:63)(OnStart)] ----onStart=MainActivity
I/System.out(24161): BasePresenter : [(BasePresenter.java:30)(AttachUI)] ============attachUI
I/System.out(24161): BasePresenter : [(BasePresenter.java:32)(AttachUI)] UI=MainActivity
I/System.out(24161): BaseMvpActivity : [(BaseMvpActivity.java:73)(OnResume)] ----onResume=MainActivity
I/System.out(24161): UseCaseSetDoingTransactionFlag : [(UseCaseSetDoingTransactionFlag.java:32)(A)] Is Doing Trans : false
I/System.out(24161): TAG : [(UseCaseGetTmsParameter.java:31)(A)] tmsParam len=0
I/System.out(24161): MainPresenter : [(MainPresenter.java:200)(A)] status=3
I/System.out(24161): MainPresenter : [(MainPresenter.java:209)(A)] batteryPct=0.98
I/Timeline(24161): Timeline: Activity_idle id: android.os.BinderProxy@133e705d time:34335198
I/SurfaceFlinger(  259): FPS: 43
I/Timeline(  791): Timeline: Activity_windows_visible id: ActivityRecord{27bc8c89 u0 com.verifone.scb.presentation/com.verifone.adc.presentation.view.activities.MainActivity t957} time:34335479
I/System.out(24161): BaseMvpActivity : [(BaseMvpActivity.java:93)(OnStop)] ----onStop=TransSuccessActivity
I/System.out(24161): BasePresenter : [(BasePresenter.java:51)(DetachUI)] ============detachUI
I/System.out(24161): SaleUIFlow : [(BaseTransFlow.java:314)(Run)] Watch dog thread stoped. isRun=false
I/System.out(24161): BasePresenter : [(BasePresenter.java:53)(DetachUI)] UI=TransSuccessActivity
I/TransSuccessActivity(24161): releaseWakeLock: 
I/System.out(24161): BaseMvpActivity : [(BaseMvpActivity.java:112)(OnDestroy)] ----onDestory=TransSuccessActivity
W/SurfaceFlinger(  259): couldn't log to binary event log: overflow.
W/SurfaceFlinger(  259): couldn't log to binary event log: overflow.
V/WLAN_PSA(  281): NL MSG, len[4033], NL type[0x1C] WNI type[0x5900] len[43279]
V/WLAN_PSA(  281): NL MSG, PID: 281
D/AndroidRuntime(30887): >>>>>> START com.android.internal.os.RuntimeInit uid 2000 <<<<<<
D/AndroidRuntime(30887): CheckJNI is OFF
D/AndroidRuntime(30887): Calling main entry com.android.commands.monkey.Monkey
W/BroadcastQueue(  791): Skipping deliver [background] BroadcastRecord{1ca7f3a9 u-1 android.net.conn.CONNECTIVITY_CHANGE} to ReceiverList{3d766d2e 30887 (unknown name)/2000/u-1 remote:1eac8073}: process crashing
I/Timeline(30887): Timeline: Activity_launch_request id:com.verifone.scb.presentation time:34336664
I/ActivityManager(  791): START u0 {act=android.intent.action.MAIN cat=[android.intent.category.LAUNCHER] flg=0x10200000 cmp=com.verifone.scb.presentation/com.verifone.adc.presentation.view.activities.SplashActivity} from uid 2000 on display 0
I/art     (30887): System.exit called, status: 0
I/AndroidRuntime(30887): VM exiting with result code 0.
D/wpa_supplicant(27986): wlan0: Control interface command 'SIGNAL_POLL'
D/UIAutomatorStub( 6033): URI: /jsonrpc/0, Method: POST, params, {NanoHttpd.QUERY_STRING=null}, files: {postData={"jsonrpc": "2.0", "id": "09d290a5f757af3cb68088fafb745540", "method": "deviceInfo", "params": {}}}
W/QueryController( 6033): Could not detect idle state.
W/QueryController( 6033): Could not detect idle state.
W/QueryController( 6033): Could not detect idle state.
W/QueryController( 6033): Could not detect idle state.
D/UIAutomatorStub( 6033): URI: /jsonrpc/0, Method: POST, params, {NanoHttpd.QUERY_STRING=null}, files: {postData={"jsonrpc": "2.0", "id": "d0c1e2d26709acc9d6644495cb506a4f", "method": "click", "params": [144, 268]}}
D/InteractionController( 6033): clickNoSync (144, 268)
E/AudioPolicyManager(  274): unknown stream type 13
E/AudioPolicyManager(  274): unknown stream type 13
E/AudioPolicyManager(  274): unknown stream type 13
E/AudioPolicyManager(  274): unknown stream type 13
E/AudioPolicyManager(  274): unknown stream type 13
E/AudioPolicyManager(  274): unknown stream type 13
E/AudioPolicyManager(  274): unknown stream type 13
E/AudioPolicyManager(  274): unknown stream type 13
E/AudioPolicyManager(  274): unknown stream type 13
I/System.out(24161): database : [(TransactionRepositoryImpl.java:274)(ClrCurTranDataParameter)] clrCurTranDataParameter
I/System.out(24161): database : [(TransactionRepositoryImpl.java:115)(GetSystemParameter)] getSystemParameter
I/System.out(24161): database : [(TransactionRepositoryImpl.java:179)(GetSwitchParameter)] getSwitchParameter transId 10001
I/System.out(24161): database : [(TransactionRepositoryImpl.java:658)(IsReversalInformationExist)] isReversalInformationExist
I/System.out(24161): database : [(TransactionRepositoryImpl.java:832)(DbGetCurrDebitTotal)] dbGetCurrDebitTotal
I/DBSettlementRecordConverter(24161): fromJson:com.verifone.adc.domain.entities.bo.SwitchParameter@38dd1f0b
I/System.out(24161): database : [(TransactionRepositoryImpl.java:666)(U)] 没找到冲正记录
I/System.out(24161): database_record : [(DBFunRecordInfo.java:1103)(K)] 汇总：笔数 9
I/System.out(24161): database_record : [(DBFunRecordInfo.java:1104)(K)] 汇总：合计 275
I/System.out(24161): database_record : [(DBFunRecordInfo.java:1109)(K)] 汇总：合计 2.75
I/System.out(24161): database_record : [(DBFunRecordInfo.java:1110)(K)] 汇总：----------------------------------------------
I/DBTerminalStatusConver(24161): getModelValue fromJson:com.verifone.adc.domain.entities.bo.TerminalStatusParam@231dc1e8
I/System.out(24161): UseCaseStartTransaction : [(UseCaseStartTransaction.java:143)(B)] 初始化当前参数
I/System.out(24161): UseCaseStartTransaction : [(UseCaseStartTransaction.java:157)(B)] isLowPowerStatus=false
I/System.out(24161): UseCaseStartTransaction : [(UseCaseStartTransaction.java:158)(B)] isPowerConnected=false
I/System.out(24161): UseCaseStartTransaction : [(UseCaseStartTransaction.java:196)(B)] 交易校验通过 putCurTranDataParameter
I/System.out(24161): database : [(TransactionRepositoryImpl.java:240)(PutCurTranDataParameter)] putCurTranDataParameter
I/System.out(24161): database : [(TransactionRepositoryImpl.java:115)(GetSystemParameter)] getSystemParameter
I/System.out(24161): TAG : [(NavigatorUtil.java:30)(A)] tradingType=SALE
I/System.out(24161): TAG : [(NavigatorUtil.java:31)(A)] isSupportTip=true
I/System.out(24161): TAG : [(NavigatorUtil.java:32)(A)] isRefundNeedInputApprovalCode=true
I/System.out(24161): TAG : [(NavigatorUtil.java:33)(A)] isRefundNeedInputRefNum=true
I/System.out(24161): database : [(TransactionRepositoryImpl.java:179)(GetSwitchParameter)] getSwitchParameter transId 10001
I/DBSettlementRecordConverter(24161): fromJson:com.verifone.adc.domain.entities.bo.SwitchParameter@26307001
I/System.out(24161): UseCaseSetDoingTransactionFlag : [(UseCaseSetDoingTransactionFlag.java:32)(A)] Is Doing Trans : true
I/System.out(24161): TAG : [(NavigatorUtil.java:46)(A)] isNeedInputManagerPasswd=false
I/System.out(24161): UINavigator : [(UINavigator.java:76)(A)] setTransUiFlow = com.verifone.adc.presentation.navigation.transflows.SaleUIFlow@26862ea6
I/System.out(24161): UINavigator : [(UINavigator.java:28)(A)] transUiFlow=not null
I/System.out(24161): UINavigator : [(UINavigator.java:30)(A)] transUiFlow = SaleUIFlow
I/System.out(24161): SaleUIFlow : [(BaseTransFlow.java:75)(IsCorrectUIEntry)] uiState=0
I/System.out(24161): SaleUIFlow : [(BaseTransFlow.java:76)(IsCorrectUIEntry)] context class name=MainActivity
I/System.out(24161): SaleUIFlow : [(BaseTransFlow.java:276)(Run)] isUIStateNeedCheckTimeout=1
I/System.out(24161): TAG : [(AndroidUtil.java:22)(A)] Start activity[InputAmountActivity]
I/Timeline(24161): Timeline: Activity_launch_request id:com.verifone.scb.presentation time:34337060
I/ActivityManager(  791): START u0 {cmp=com.verifone.scb.presentation/com.verifone.adc.presentation.view.activities.InputAmountActivity} from uid 10130 on display 0
V/WindowManager(  791): addAppToken: AppWindowToken{23632165 token=Token{3a388a5c ActivityRecord{2044b0cf u0 com.verifone.scb.presentation/com.verifone.adc.presentation.view.activities.InputAmountActivity t957}}} to stack=1 task=957 at 2
I/System.out(24161): BaseMvpActivity : [(BaseMvpActivity.java:85)(OnPause)] ----onPause=MainActivity
I/System.out(24161): BaseMvpActivity : [(BaseMvpActivity.java:26)(OnCreate)] ----onCreate=InputAmountActivity
I/System.out(24161): database : [(TransactionRepositoryImpl.java:251)(GetCurTranDataParameter)] getCurTranDataParameter
I/SurfaceFlinger(  259): FPS: 9
I/System.out(24161): TAG : [(TvShowUtil.java:24)(A)] Amount=
I/InputAmountActivity(24161): acquireWakeLock: InputAmountActivity
I/System.out(24161): BaseMvpActivity : [(BaseMvpActivity.java:63)(OnStart)] ----onStart=InputAmountActivity
I/System.out(24161): BasePresenter : [(BasePresenter.java:30)(AttachUI)] ============attachUI
