D/CommandService_HandleProtocol( 4418): 
D/CommandService_HandleProtocol( 4418): recv <<< [1B50 打印指令]
D/CommandService_HandleProtocol( 4418): recv <<< [00] [1B502FD030300003B0]
D/CommandService_HandleProtocol( 4418): 
D/com.socsi.utils.Log( 3973): prnMsg =038400110000
I/SocsiSystemService(  790): getK21CommandService mK21CommandService=com.socsi.aidl.command.CommandTransfer$Stub$Proxy@2d975e63;
I/SocsiSystemService(  790): getK21CommandService mK21CommandService=com.socsi.aidl.command.CommandTransfer$Stub$Proxy@2d975e63;
D/TemperatureMonitorTimer( 4418): startBroast timeout=10
D/TemperatureMonitorTimer( 4418): alarm timeout=10
D/CommandService_HandleProtocol( 4418): send >>> [1B50 打印指令]
D/CommandService_HandleProtocol( 4418): send >>> [4DFF000006000100720000FFFFFFFFFFFFFFFF0072000000000000000000000000000000000000000000000000000000000000000000000000000000000000000000000000000000000000000000000000000000000000000000000000]
D/CommandService_HandleProtocol( 4418): 
W/QueryController( 9383): Could not detect idle state.
D/CommandService_HandleProtocol( 4418): recv <<< [1B50 打印指令]
D/CommandService_HandleProtocol( 4418): recv <<< [00] [1B502FD130300003B1]
D/CommandService_HandleProtocol( 4418): 
D/com.socsi.utils.Log( 3973): prnMsg =000100720000
D/com.socsi.utils.Log( 3973): printLen =1454
D/PrinterManager( 3973): VFI printer RspCode:Print_Success
I/System.out(17821): TransSuccessPresenter : [(TransSuccessPresenter.java:337)(OnFinish)] Print finished
I/System.out(17821): TAG : [(TransSuccessPresenter.java:429)(J)] Do checkPostTrans
I/System.out(17821): TAG : [(TransSuccessPresenter.java:431)(J)] tranId=10001
I/System.out(17821): database : [(TransactionRepositoryImpl.java:251)(GetCurTranDataParameter)] getCurTranDataParameter
I/ServiceManager(17431): Waiting for service AtCmdFwd...
I/System.out(17821): TransSuccessActivity : [(BaseActivity.java:181)(A)] setLoadingDialogStatus is false
I/System.out(17821): UseCaseCheckUpLoadTrans : [(UseCaseCheckUpLoadTrans.java:94)(B)] 获取后置交易, 当前交易:Sale
I/System.out(17821): TransSuccessActivity : [(BaseActivity.java:186)(A)] loadingDialog isShowing true
I/System.out(17821): database : [(TransactionRepositoryImpl.java:135)(GetSystemParam)] getSystemParam
I/System.out(17821): UseCaseCheckUpLoadTrans : [(UseCaseCheckUpLoadTrans.java:109)(B)] isSupportTCUpload=true
I/System.out(17821): database : [(TransactionRepositoryImpl.java:1251)(IsSCBTCUploadExist)] isSCBTCUploadExist
I/System.out(17821): database : [(TransactionRepositoryImpl.java:1388)(F)] is has tip record : false
I/System.out(17821): database : [(TransactionRepositoryImpl.java:1419)(D)] is has tip record : false
I/System.out(17821): database : [(TransactionRepositoryImpl.java:1627)(C)] isOfflineVoidRecoExist ? false
W/FileUtils( 3973): Failed to chmod(/storage/emulated/0/socsi/usageRecord.db): android.system.ErrnoException: chmod failed: EPERM (Operation not permitted)
I/System.out(17821): database : [(TransactionRepositoryImpl.java:1254)(K)] isSCBTCUploadExist? false
I/System.out(17821): UseCaseCheckUpLoadTrans : [(UseCaseCheckUpLoadTrans.java:127)(A)] CheckPostTrans => UploadTransType size():0
W/FileUtils( 3973): Failed to chmod(/storage/emulated/0/socsi/usageRecord.db): android.system.ErrnoException: chmod failed: EPERM (Operation not permitted)
I/System.out(17821): TAG : [(TransSuccessPresenter.java:443)(C)] Do filterTransTypes
I/System.out(17821): TAG : [(TransSuccessPresenter.java:463)(D)] uploadTransTypes len=0
I/System.out(17821): TransSuccessPresenter : [(TransSuccessPresenter.java:488)(D)] doPostTransProcessing success.
I/ViewRootImpl(17821): CPU Rendering VSync enable = true
D/UIAutomatorStub( 9383): Toast:Print finish Pkg:com.verifone.scb.presentation Time:1557718357767
I/SurfaceFlinger(  259): FPS: 59
W/SurfaceFlinger(  259): couldn't log to binary event log: overflow.
I/System.out(17821): SaleUIFlow : [(BaseTransFlow.java:276)(Run)] isUIStateNeedCheckTimeout=0
W/QueryController( 9383): Could not detect idle state.
W/Atfwd_Sendcmd(17431): AtCmdFwd service not published, waiting... retryCnt : 3
D/UIAutomatorStub( 9383): URI: /jsonrpc/0, Method: POST, params, {NanoHttpd.QUERY_STRING=null}, files: {postData={"jsonrpc": "2.0", "id": "742860c5c38e1a814ec6fc260795f074", "method": "objInfo", "params": [{"mask": 1, "childOrSibling": [], "childOrSiblingSelector": [], "text": "Print customer copy and back to main menu"}]}}
W/QueryController( 9383): Could not detect idle state.
W/QueryController( 9383): Could not detect idle state.
W/QueryController( 9383): Could not detect idle state.
W/QueryController( 9383): Could not detect idle state.
W/QueryController( 9383): Could not detect idle state.
W/QueryController( 9383): Could not detect idle state.
W/QueryController( 9383): Could not detect idle state.
W/QueryController( 9383): Could not detect idle state.
W/QueryController( 9383): Could not detect idle state.
W/QueryController( 9383): Could not detect idle state.
W/QueryController( 9383): Could not detect idle state.
W/QueryController( 9383): Could not detect idle state.
W/QueryController( 9383): Could not detect idle state.
W/QueryController( 9383): Could not detect idle state.
W/QueryController( 9383): Could not detect idle state.
W/QueryController( 9383): Could not detect idle state.
W/QueryController( 9383): Could not detect idle state.
W/QueryController( 9383): Could not detect idle state.
D/UIAutomatorStub( 9383): URI: /jsonrpc/0, Method: POST, params, {NanoHttpd.QUERY_STRING=null}, files: {postData={"jsonrpc": "2.0", "id": "ac7838aae14693d7e96723598b565fe9", "method": "click", "params": [360.0, 1220.0]}}
D/InteractionController( 9383): clickNoSync (360, 1220)
E/AudioPolicyManager(  273): unknown stream type 13
E/AudioPolicyManager(  273): unknown stream type 13
E/AudioPolicyManager(  273): unknown stream type 13
E/AudioPolicyManager(  273): unknown stream type 13
E/AudioPolicyManager(  273): unknown stream type 13
E/AudioPolicyManager(  273): unknown stream type 13
E/AudioPolicyManager(  273): unknown stream type 13
E/AudioPolicyManager(  273): unknown stream type 13
E/AudioPolicyManager(  273): unknown stream type 13
D/audio_hw_primary(  273): start_output_stream: enter: stream(0xb8397f70)usecase(1: low-latency-playback) devices(0x2)
D/audio_hw_primary(  273): select_devices: out_snd_device(2: speaker) in_snd_device(0: )
D/hardware_info(  273): hw_info_append_hw_type : device_name = speaker
I/soundtrigger(  273): audio_extn_sound_trigger_update_device_status: device 0x2 of type 0 for Event 1, with Raise=0
I/System.out(17821): TransSuccessPresenter : [(TransSuccessPresenter.java:493)(C)] doClickBtnSuccessProcess
W/audio_hw_utils(  273): audio_extn_utils_update_stream_app_type_cfg: App type could not be selected. Falling back to default
I/audio_hw_primary(  273): select_devices Selected apptype: 69936
D/soundtrigger(  273): audio_extn_sound_trigger_update_stream_status: uc_id 1 of type 0 for Event 3, with Raise=0
D/ACDB-LOADER(  273): ACDB -> send_audio_cal, acdb_id = 14, path =  0
D/ACDB-LOADER(  273): ACDB -> send_asm_topology
D/ACDB-LOADER(  273): ACDB -> ACDB_CMD_GET_AUDPROC_STREAM_TOPOLOGY_ID
D/ACDB-LOADER(  273): ACDB -> send_adm_topology
D/ACDB-LOADER(  273): ACDB -> ACDB_CMD_GET_AUDPROC_COMMON_TOPOLOGY_ID
D/ACDB-LOADER(  273): ACDB -> send_audtable
D/ACDB-LOADER(  273): ACDB -> ACDB_CMD_GET_AUDPROC_COMMON_TABLE
D/ACDB-LOADER(  273): ACDB -> AUDIO_SET_AUDPROC_CAL
D/ACDB-LOADER(  273): ACDB -> send_audvoltable
D/ACDB-LOADER(  273): ACDB -> ACDB_CMD_GET_AUDPROC_GAIN_DEP_STEP_TABLE
D/ACDB-LOADER(  273): ACDB -> AUDIO_SET_AUDPROC_VOL_CAL
D/ACDB-LOADER(  273): ACDB -> send_afe_cal
D/ACDB-LOADER(  273): ACDB -> ACDB_CMD_GET_AFE_COMMON_TABLE
D/ACDB-LOADER(  273): ACDB -> AUDIO_SET_AFE_CAL
D/ACDB-LOADER(  273): ACDB -> send_hw_delay : acdb_id = 14 path = 0
D/ACDB-LOADER(  273): ACDB -> ACDB_AVSYNC_INFO: ACDB_CMD_GET_DEVICE_PROPERTY
I/audio_hw_utils(  273): audio_extn_utils_send_app_type_cfg app_type 69936, acdb_dev_id 14, sample_rate 48000
D/audio_hw_primary(  273): select_devices: done
I/System.out(17821): TransSuccessActivity : [(BaseActivity.java:181)(A)] setLoadingDialogStatus is true
I/System.out(17821): TransSuccessActivity : [(BaseActivity.java:186)(A)] loadingDialog isShowing false
I/ViewRootImpl(17821): CPU Rendering VSync enable = true
V/WindowManager(  790): not Base app: Adding window Window{fc3263e u0 com.verifone.scb.presentation/com.verifone.adc.presentation.view.activities.TransSuccessActivity} at 12 of 18
I/System.out(17821): TransSuccessPresenter : [(TransSuccessPresenter.java:317)(A)] Print finished003592005676
I/System.out(17821): database : [(TransactionRepositoryImpl.java:410)(GetRecordInformation)] getRecordInformation traceNum: 003592
I/System.out(17821): database_record : [(DBFunRecordInfo.java:286)(B)] 查找trace : 003592Stan : 005676的交易记录成功
I/PrintTransReceiptModel(17821): loadPrintReceiptsInfos: executed,  currPrintReceiptNumber1
I/System.out(17821): database : [(TransactionRepositoryImpl.java:115)(GetSystemParameter)] getSystemParameter
I/PrintTransReceiptModel(17821): checkIsAllPrintFinish currPrintReceiptNumber: 1  receiptNumber 2
I/System.out(17821): getReceiptPrintDark : [(PrintTransReceiptModel.java:140)(A)] getReceiptPrintDark: 6
I/System.out(17821): database : [(TransactionRepositoryImpl.java:115)(GetSystemParameter)] getSystemParameter
I/System.out(17821): TAG : [(BasePrintModel.java:192)(A)] -----------text = Siam Commercial Bank
I/System.out(17821): TAG : [(BasePrintModel.java:192)(A)] -----------text =   VERIFONE Co.,Ltd.
I/System.out(17821): TAG : [(BasePrintModel.java:192)(A)] -----------text =     Head Office
I/System.out(17821): BasePrintModel.java : [(BasePrintModel.java:281)(A)] TAG, contentLen=14
I/System.out(17821): BasePrintModel.java : [(BasePrintModel.java:281)(A)] TAG, contentLen=11
D/UIAutomatorStub( 9383): URI: /jsonrpc/0, Method: POST, params, {NanoHttpd.QUERY_STRING=null}, files: {postData={"jsonrpc": "2.0", "id": "1b568e760d536dab707fe09f5a0ef308", "method": "waitForExists", "params": [{"mask": 1, "childOrSibling": [], "childOrSiblingSelector": [], "text": "TMR0001"}, 10000]}}
W/QueryController( 9383): Could not detect idle state.
I/System.out(17821): BasePrintModel.java : [(BasePrintModel.java:281)(A)] TAG, contentLen=14
I/System.out(17821): BasePrintModel.java : [(BasePrintModel.java:281)(A)] TAG, contentLen=12
I/System.out(17821): BasePrintModel.java : [(BasePrintModel.java:281)(A)] TAG, contentLen=12
I/System.out(17821): BasePrintModel.java : [(BasePrintModel.java:281)(A)] TAG, contentLen=15
I/System.out(17821): BasePrintModel.java : [(BasePrintModel.java:281)(A)] TAG, contentLen=27
I/System.out(17821): BasePrintModel.java : [(BasePrintModel.java:281)(A)] TAG, contentLen=18
I/System.out(17821): BasePrintModel.java : [(BasePrintModel.java:281)(A)] TAG, contentLen=28
I/System.out(17821): BasePrintModel.java : [(BasePrintModel.java:281)(A)] TAG, contentLen=15
I/System.out(17821): BasePrintModel.java : [(BasePrintModel.java:281)(A)] TAG, contentLen=19
I/System.out(17821): BasePrintModel.java : [(BasePrintModel.java:281)(A)] TAG, contentLen=17
I/System.out(17821): BasePrintModel.java : [(BasePrintModel.java:281)(A)] TAG, contentLen=20
I/System.out(17821): BasePrintModel.java : [(BasePrintModel.java:281)(A)] TAG, contentLen=13
I/System.out(17821): BasePrintModel.java : [(BasePrintModel.java:281)(A)] TAG, contentLen=7
I/System.out(17821): TAG : [(BasePrintModel.java:192)(A)] -----------text = SCAN FOR VOID
I/System.out(17821): TAG : [(BasePrintModel.java:192)(A)] -----------text = 003592
I/System.out(17821): TAG : [(BasePrintModel.java:192)(A)] -----------text = Sale
I/System.out(17821): TAG : [(TvShowUtil.java:24)(A)] Amount=15
I/System.out(17821): TAG : [(TvShowUtil.java:41)(A)] Amount=15
I/System.out(17821): TAG : [(TvShowUtil.java:49)(A)] Amount=0.15
I/System.out(17821): TAG : [(TvShowUtil.java:24)(A)] Amount=0
I/System.out(17821): TAG : [(TvShowUtil.java:41)(A)] Amount=0
I/System.out(17821): TAG : [(TvShowUtil.java:49)(A)] Amount=0.00
I/System.out(17821): TAG : [(TvShowUtil.java:24)(A)] Amount=15
I/System.out(17821): TAG : [(TvShowUtil.java:41)(A)] Amount=15
I/System.out(17821): TAG : [(TvShowUtil.java:49)(A)] Amount=0.15
I/System.out(17821): TAG : [(BasePrintModel.java:192)(A)] -----------text = 
I/System.out(17821): TAG : [(BasePrintModel.java:192)(A)] -----------text = I ACKNOWLEDGE SATISFACTORY RECEIPT
I/System.out(17821): TAG : [(BasePrintModel.java:192)(A)] -----------text = OF RELATIVE GOOD/SERVICE
I/System.out(17821): TAG : [(BasePrintModel.java:192)(A)] -----------text = *** NO REFUND ***
I/System.out(17821): database : [(TransactionRepositoryImpl.java:1943)(IsTLEAllowed)] Is TLE Allowed
I/PrintTransReceiptModel(17821): setPrintReceiptsType currPrintReceiptNumber: 1
I/System.out(17821): TAG : [(BasePrintModel.java:192)(A)] -----------text = 01.06.04
I/DeviceService( 3973): getPrinter() executed
I/PrinterManager( 3973): getStatus executed
D/NonContactCardTimer( 3973): stop
D/InsertCardTimer( 3973): stop
I/SocsiSystemService(  790): getK21CommandService mK21CommandService=com.socsi.aidl.command.CommandTransfer$Stub$Proxy@2d975e63;
I/SocsiSystemService(  790): getK21CommandService mK21CommandService=com.socsi.aidl.command.CommandTransfer$Stub$Proxy@2d975e63;
D/CommandService_HandleProtocol( 4418): send >>> [D102 关闭读卡器]
D/CommandService_HandleProtocol( 4418): send >>> []
D/CommandService_HandleProtocol( 4418): 
D/CommandService_HandleProtocol( 4418): recv <<< [D102 关闭读卡器]
D/CommandService_HandleProtocol( 4418): recv <<< [00] []
D/CommandService_HandleProtocol( 4418): 
I/SocsiSystemService(  790): getK21CommandService mK21CommandService=com.socsi.aidl.command.CommandTransfer$Stub$Proxy@2d975e63;
I/SurfaceFlinger(  259): FPS: 27
I/SocsiSystemService(  790): getK21CommandService mK21CommandService=com.socsi.aidl.command.CommandTransfer$Stub$Proxy@2d975e63;
D/CommandService_HandleProtocol( 4418): send >>> [D107 非阻塞开启关闭磁头]
D/CommandService_HandleProtocol( 4418): send >>> [01]
D/CommandService_HandleProtocol( 4418): 
D/CommandService_HandleProtocol( 4418): recv <<< [D107 非阻塞开启关闭磁头]
D/CommandService_HandleProtocol( 4418): recv <<< [00] []
D/CommandService_HandleProtocol( 4418): 
I/SocsiSystemService(  790): getK21CommandService mK21CommandService=com.socsi.aidl.command.CommandTransfer$Stub$Proxy@2d975e63;
I/SocsiSystemService(  790): getK21CommandService mK21CommandService=com.socsi.aidl.command.CommandTransfer$Stub$Proxy@2d975e63;
D/CommandService_HandleProtocol( 4418): send >>> [1B47 获取打印机状态]
D/CommandService_HandleProtocol( 4418): send >>> [53]
D/CommandService_HandleProtocol( 4418): 
V/WLAN_PSA(  280): NL MSG, len[4095], NL type[0x1C] WNI type[0x5900] len[59151]
V/WLAN_PSA(  280): NL MSG, PID: 280
D/wpa_supplicant( 3366): wlan0: Control interface command 'SIGNAL_POLL'
D/CommandService_HandleProtocol( 4418): recv <<< [1B47 获取打印机状态]
D/CommandService_HandleProtocol( 4418): recv <<< [00] [1B472FD430300003A3]
D/CommandService_HandleProtocol( 4418): 
I/PrinterManager( 3973): VFI printer RspCode=0
D/PrinterManager( 3973): getStatus() return=0
I/System.out(17821): PrinterObservable : [(PrinterObservable.java:41)(D)] printer status: 0
I/System.out(17821): setGray : [(PrinterObservable.java:52)(A)] param gray 6
I/DeviceService( 3973): getPrinter() executed
I/PrinterManager( 3973): setGray executed
I/SocsiSystemService(  790): getK21CommandService mK21CommandService=com.socsi.aidl.command.CommandTransfer$Stub$Proxy@2d975e63;
I/SocsiSystemService(  790): getK21CommandService mK21CommandService=com.socsi.aidl.command.CommandTransfer$Stub$Proxy@2d975e63;
D/CommandService_HandleProtocol( 4418): send >>> [1B51 设置打印属性]
D/CommandService_HandleProtocol( 4418): send >>> [0706]
D/CommandService_HandleProtocol( 4418): 
D/CommandService_HandleProtocol( 4418): recv <<< [1B51 设置打印属性]
D/CommandService_HandleProtocol( 4418): recv <<< [00] []
D/CommandService_HandleProtocol( 4418): 
I/SocsiSystemService(  790): getK21CommandService mK21CommandService=com.socsi.aidl.command.CommandTransfer$Stub$Proxy@2d975e63;
I/SocsiSystemService(  790): getK21CommandService mK21CommandService=com.socsi.aidl.command.CommandTransfer$Stub$Proxy@2d975e63;
D/CommandService_HandleProtocol( 4418): send >>> [1B51 设置打印属性]
D/CommandService_HandleProtocol( 4418): send >>> [0706]
D/CommandService_HandleProtocol( 4418): 
D/CommandService_HandleProtocol( 4418): recv <<< [1B51 设置打印属性]
D/CommandService_HandleProtocol( 4418): recv <<< [00] []
D/CommandService_HandleProtocol( 4418): 
E/PrinterManager( 3973): setPrintConcentration ret:true
I/System.out(17821): UseCaseStartPrintReceip : [(UseCaseStartPrintReceipts.java:49)(A)] 
I/DeviceService( 3973): getPrinter() executed
I/PrinterManager( 3973): addImage() executed
I/PrinterManager( 3973): width=[384]
I/PrinterManager( 3973): height=[146]
I/PrinterManager( 3973): gray=[128]
I/PrinterManager( 3973): bitmap.getWidth()=[384]
I/PrinterManager( 3973): bitmap.getHeight()=[146]
I/PrinterManager( 3973): in sdk, width=[384]
I/PrinterManager( 3973): in sdk, height=[146]
D/Printer2( 3973): width =384 height = 146
E/AudioPolicyManager(  273): unknown stream type 13
E/AudioPolicyManager(  273): unknown stream type 13
E/AudioPolicyManager(  273): unknown stream type 13
E/AudioPolicyManager(  273): unknown stream type 13
E/AudioPolicyManager(  273): unknown stream type 13
E/AudioPolicyManager(  273): unknown stream type 13
E/AudioPolicyManager(  273): unknown stream type 13
E/AudioPolicyManager(  273): unknown stream type 13
E/AudioPolicyManager(  273): unknown stream type 13
E/AudioPolicyManager(  273): unknown stream type 13
E/AudioPolicyManager(  273): unknown stream type 13
E/AudioPolicyManager(  273): unknown stream type 13
E/AudioPolicyManager(  273): unknown stream type 13
E/AudioPolicyManager(  273): unknown stream type 13
E/AudioPolicyManager(  273): unknown stream type 13
E/AudioPolicyManager(  273): unknown stream type 13
E/AudioPolicyManager(  273): unknown stream type 13
D/PrinterManager( 3973): appendImage() return=0
I/System.out(17821): UseCaseStartPrintReceip : [(UseCaseStartPrintReceipts.java:49)(A)] Siam Commercial Bank
I/DeviceService( 3973): getPrinter() executed
I/PrinterManager( 3973): addText() executed
D/PrinterManager( 3973): setGlobalFontface:
I/PrinterManager( 3973): fontsize=TWENTY_FOUR,isBoldFont=true,newline=true,align=CENTER,text=Siam Commercial Bank
D/PrinterManager( 3973): appendTextEntity() return=0
I/System.out(17821): UseCaseStartPrintReceip : [(UseCaseStartPrintReceipts.java:49)(A)]   VERIFONE Co.,Ltd.
I/DeviceService( 3973): getPrinter() executed
I/PrinterManager( 3973): addText() executed
D/PrinterManager( 3973): setGlobalFontface:
I/PrinterManager( 3973): fontsize=TWENTY_FOUR,isBoldFont=true,newline=true,align=CENTER,text=  VERIFONE Co.,Ltd.
D/PrinterManager( 3973): appendTextEntity() return=0
I/System.out(17821): UseCaseStartPrintReceip : [(UseCaseStartPrintReceipts.java:49)(A)]     Head Office
I/DeviceService( 3973): getPrinter() executed
I/PrinterManager( 3973): addText() executed
D/PrinterManager( 3973): setGlobalFontface:
I/PrinterManager( 3973): fontsize=TWENTY_FOUR,isBoldFont=true,newline=true,align=CENTER,text=    Head Office
D/PrinterManager( 3973): appendTextEntity() return=0
I/System.out(17821): UseCaseStartPrintReceip : [(UseCaseStartPrintReceipts.java:49)(A)] --------------------------------
I/DeviceService( 3973): getPrinter() executed
I/PrinterManager( 3973): addText() executed
D/PrinterManager( 3973): setGlobalFontface:
I/PrinterManager( 3973): fontsize=TWENTY_FOUR,isBoldFont=false,newline=true,align=LEFT,text=--------------------------------
D/PrinterManager( 3973): appendTextEntity() return=0
I/System.out(17821): UseCaseStartPrintReceip : [(UseCaseStartPrintReceipts.java:49)(A)] MID#                  0310392010
I/DeviceService( 3973): getPrinter() executed
I/PrinterManager( 3973): addText() executed
D/PrinterManager( 3973): setGlobalFontface:
I/PrinterManager( 3973): fontsize=TWENTY_FOUR,isBoldFont=false,newline=true,align=LEFT,text=MID#                  0310392010
D/PrinterManager( 3973): appendTextEntity() return=0
I/System.out(17821): UseCaseStartPrintReceip : [(UseCaseStartPrintReceipts.java:49)(A)] STAN#                     005676
I/DeviceService( 3973): getPrinter() executed
I/PrinterManager( 3973): addText() executed
D/PrinterManager( 3973): setGlobalFontface:
I/PrinterManager( 3973): fontsize=TWENTY_FOUR,isBoldFont=false,newline=true,align=LEFT,text=STAN#                     005676
D/PrinterManager( 3973): appendTextEntity() return=0
I/System.out(17821): UseCaseStartPrintReceip : [(UseCaseStartPrintReceipts.java:49)(A)] BATCHID#                  000036
I/DeviceService( 3973): getPrinter() executed
I/PrinterManager( 3973): addText() executed
D/PrinterManager( 3973): setGlobalFontface:
I/PrinterManager( 3973): fontsize=TWENTY_FOUR,isBoldFont=false,newline=true,align=LEFT,text=BATCHID#                  000036
D/PrinterManager( 3973): appendTextEntity() return=0
I/System.out(17821): UseCaseStartPrintReceip : [(UseCaseStartPrintReceipts.java:49)(A)] TRACE#                    003592
I/DeviceService( 3973): getPrinter() executed
I/PrinterManager( 3973): addText() executed
D/PrinterManager( 3973): setGlobalFontface:
I/PrinterManager( 3973): fontsize=TWENTY_FOUR,isBoldFont=false,newline=true,align=LEFT,text=TRACE#                    003592
D/PrinterManager( 3973): appendTextEntity() return=0
I/System.out(17821): UseCaseStartPrintReceip : [(UseCaseStartPrintReceipts.java:49)(A)] TID#                    71710074
I/DeviceService( 3973): getPrinter() executed
I/PrinterManager( 3973): addText() executed
D/PrinterManager( 3973): setGlobalFontface:
I/PrinterManager( 3973): fontsize=TWENTY_FOUR,isBoldFont=false,newline=true,align=LEFT,text=TID#                    71710074
D/PrinterManager( 3973): appendTextEntity() return=0
I/System.out(17821): UseCaseStartPrintReceip : [(UseCaseStartPrintReceipts.java:49)(A)] LOGINID#                 TMR0001
I/DeviceService( 3973): getPrinter() executed
I/PrinterManager( 3973): addText() executed
D/PrinterManager( 3973): setGlobalFontface:
I/PrinterManager( 3973): fontsize=TWENTY_FOUR,isBoldFont=false,newline=true,align=LEFT,text=LOGINID#                 TMR0001
D/PrinterManager( 3973): appendTextEntity() return=0
I/System.out(17821): UseCaseStartPrintReceip : [(UseCaseStartPrintReceipts.java:49)(A)] --------------------------------
I/DeviceService( 3973): getPrinter() executed
I/PrinterManager( 3973): addText() executed
D/PrinterManager( 3973): setGlobalFontface:
I/PrinterManager( 3973): fontsize=TWENTY_FOUR,isBoldFont=false,newline=true,align=LEFT,text=--------------------------------
D/PrinterManager( 3973): appendTextEntity() return=0
I/System.out(17821): UseCaseStartPrintReceip : [(UseCaseStartPrintReceipts.java:49)(A)] CARD NO.     4514 61** **** 9810
I/DeviceService( 3973): getPrinter() executed
I/PrinterManager( 3973): addText() executed
D/PrinterManager( 3973): setGlobalFontface:
I/PrinterManager( 3973): fontsize=TWENTY_FOUR,isBoldFont=false,newline=true,align=LEFT,text=CARD NO.     4514 61** **** 9810
D/PrinterManager( 3973): appendTextEntity() return=0
I/System.out(17821): UseCaseStartPrintReceip : [(UseCaseStartPrintReceipts.java:49)(A)] CARD TYPE VISA              CTLS
I/DeviceService( 3973): getPrinter() executed
I/PrinterManager( 3973): addText() executed
D/PrinterManager( 3973): setGlobalFontface:
I/PrinterManager( 3973): fontsize=TWENTY_FOUR,isBoldFont=false,newline=true,align=LEFT,text=CARD TYPE VISA              CTLS
D/PrinterManager( 3973): appendTextEntity() return=0
I/System.out(17821): UseCaseStartPrintReceip : [(UseCaseStartPrintReceipts.java:49)(A)] 
I/DeviceService( 3973): getPrinter() executed
I/PrinterManager( 3973): addTextInLine() executed
D/PrinterManager( 3973): needInvertOrder :false
D/PrinterManager( 3973): setGlobalFontface:
D/PrinterManager( 3973): leftColumWidth:180
D/PrinterManager( 3973): --->CARDHOLDER NAME<---
I/PrinterManager( 3973): big 192:180
D/PrinterManager( 3973): rightColumWidth:204
D/PrinterManager( 3973): lTEntitys size:1
D/PrinterManager( 3973): leftString: CARDHOLDER NAME
D/PrinterManager( 3973): rTEntitys size:1
D/PrinterManager( 3973): rightString: /
D/PrinterManager( 3973): maxLine:1
D/PrinterManager( 3973): lEpoint:180 mSpoint:0 mEPoint:0 rSPoint:372
D/PrinterManager( 3973): spaceWidth:12
I/PrinterManager( 3973): lSpaceNum:16 rSpaceNum0
D/PrinterManager( 3973): printText:CARDHOLDER NAME                /
I/PrinterManager( 3973): addText() executed
D/PrinterManager( 3973): setGlobalFontface:
I/PrinterManager( 3973): fontsize=TWENTY_FOUR,isBoldFont=false,newline=true,align=LEFT,text=CARDHOLDER NAME                /
I/System.out(17821): UseCaseStartPrintReceip : [(UseCaseStartPrintReceipts.java:49)(A)] DATE/TIME    13/05/2019 11:32:31
I/DeviceService( 3973): getPrinter() executed
I/PrinterManager( 3973): addText() executed
D/PrinterManager( 3973): setGlobalFontface:
I/PrinterManager( 3973): fontsize=TWENTY_FOUR,isBoldFont=false,newline=true,align=LEFT,text=DATE/TIME    13/05/2019 11:32:31
D/PrinterManager( 3973): appendTextEntity() return=0
I/System.out(17821): UseCaseStartPrintReceip : [(UseCaseStartPrintReceipts.java:49)(A)] APPR CODE                 456789
I/DeviceService( 3973): getPrinter() executed
I/PrinterManager( 3973): addText() executed
D/PrinterManager( 3973): setGlobalFontface:
I/PrinterManager( 3973): fontsize=TWENTY_FOUR,isBoldFont=false,newline=true,align=LEFT,text=APPR CODE                 456789
D/PrinterManager( 3973): appendTextEntity() return=0
I/System.out(17821): UseCaseStartPrintReceip : [(UseCaseStartPrintReceipts.java:49)(A)] REF NO.             000000654321
I/DeviceService( 3973): getPrinter() executed
I/PrinterManager( 3973): addText() executed
D/PrinterManager( 3973): setGlobalFontface:
I/PrinterManager( 3973): fontsize=TWENTY_FOUR,isBoldFont=false,newline=true,align=LEFT,text=REF NO.             000000654321
D/PrinterManager( 3973): appendTextEntity() return=0
I/System.out(17821): UseCaseStartPrintReceip : [(UseCaseStartPrintReceipts.java:49)(A)] --------------------------------
I/DeviceService( 3973): getPrinter() executed
I/PrinterManager( 3973): addText() executed
D/PrinterManager( 3973): setGlobalFontface:
I/PrinterManager( 3973): fontsize=TWENTY_FOUR,isBoldFont=false,newline=true,align=LEFT,text=--------------------------------
D/PrinterManager( 3973): appendTextEntity() return=0
I/System.out(17821): UseCaseStartPrintReceip : [(UseCaseStartPrintReceipts.java:49)(A)] AID               A0000000031010
I/DeviceService( 3973): getPrinter() executed
I/PrinterManager( 3973): addText() executed
D/PrinterManager( 3973): setGlobalFontface:
I/PrinterManager( 3973): fontsize=TWENTY_FOUR,isBoldFont=false,newline=true,align=LEFT,text=AID               A0000000031010
D/PrinterManager( 3973): appendTextEntity() return=0
I/System.out(17821): UseCaseStartPrintReceip : [(UseCaseStartPrintReceipts.java:49)(A)] APP LABEL            VISA CREDIT
I/DeviceService( 3973): getPrinter() executed
I/PrinterManager( 3973): addText() executed
D/PrinterManager( 3973): setGlobalFontface:
I/PrinterManager( 3973): fontsize=TWENTY_FOUR,isBoldFont=false,newline=true,align=LEFT,text=APP LABEL            VISA CREDIT
D/PrinterManager( 3973): appendTextEntity() return=0
I/System.out(17821): UseCaseStartPrintReceip : [(UseCaseStartPrintReceipts.java:49)(A)] TVR                   0000000000
I/DeviceService( 3973): getPrinter() executed
I/PrinterManager( 3973): addText() executed
D/PrinterManager( 3973): setGlobalFontface:
I/PrinterManager( 3973): fontsize=TWENTY_FOUR,isBoldFont=false,newline=true,align=LEFT,text=TVR                   0000000000
D/PrinterManager( 3973): appendTextEntity() return=0
I/System.out(17821): UseCaseStartPrintReceip : [(UseCaseStartPrintReceipts.java:49)(A)] TSI                         0000
I/DeviceService( 3973): getPrinter() executed
I/PrinterManager( 3973): addText() executed
D/PrinterManager( 3973): setGlobalFontface:
I/PrinterManager( 3973): fontsize=TWENTY_FOUR,isBoldFont=false,newline=true,align=LEFT,text=TSI                         0000
D/PrinterManager( 3973): appendTextEntity() return=0
I/System.out(17821): UseCaseStartPrintReceip : [(UseCaseStartPrintReceipts.java:49)(A)] 
I/DeviceService( 3973): getPrinter() executed
I/PrinterManager( 3973): feedLine() executed lines:1
I/System.out(17821): UseCaseStartPrintReceip : [(UseCaseStartPrintReceipts.java:49)(A)] --------------------------------
I/DeviceService( 3973): getPrinter() executed
I/PrinterManager( 3973): addText() executed
D/PrinterManager( 3973): setGlobalFontface:
I/PrinterManager( 3973): fontsize=TWENTY_FOUR,isBoldFont=false,newline=true,align=LEFT,text=--------------------------------
D/PrinterManager( 3973): appendTextEntity() return=0
I/System.out(17821): UseCaseStartPrintReceip : [(UseCaseStartPrintReceipts.java:49)(A)] 
I/DeviceService( 3973): getPrinter() executed
I/PrinterManager( 3973): feedLine() executed lines:1
I/System.out(17821): UseCaseStartPrintReceip : [(UseCaseStartPrintReceipts.java:49)(A)] SCAN FOR VOID
I/DeviceService( 3973): getPrinter() executed
I/PrinterManager( 3973): addText() executed
D/PrinterManager( 3973): setGlobalFontface:
I/PrinterManager( 3973): fontsize=TWENTY_FOUR,isBoldFont=false,newline=true,align=CENTER,text=SCAN FOR VOID
D/PrinterManager( 3973): appendTextEntity() return=0
I/System.out(17821): UseCaseStartPrintReceip : [(UseCaseStartPrintReceipts.java:49)(A)] 003592
I/DeviceService( 3973): getPrinter() executed
I/PrinterManager( 3973): addBarCode() executed
D/PrinterManager( 3973): pixelPoint:1 height:80 align:CENTER BarcodeTypeCODE_128
D/tag     ( 3973): pixelPoint:1  barcode:003592
D/Printer2( 3973): width =340 height = 80
D/PrinterManager( 3973): appendBarCode() return=0
I/System.out(17821): UseCaseStartPrintReceip : [(UseCaseStartPrintReceipts.java:49)(A)] 003592
I/DeviceService( 3973): getPrinter() executed
I/PrinterManager( 3973): addText() executed
D/PrinterManager( 3973): setGlobalFontface:
I/PrinterManager( 3973): fontsize=TWENTY_FOUR,isBoldFont=false,newline=true,align=CENTER,text=003592
D/PrinterManager( 3973): appendTextEntity() return=0
I/System.out(17821): UseCaseStartPrintReceip : [(UseCaseStartPrintReceipts.java:49)(A)] 
I/DeviceService( 3973): getPrinter() executed
I/PrinterManager( 3973): feedLine() executed lines:1
I/System.out(17821): UseCaseStartPrintReceip : [(UseCaseStartPrintReceipts.java:49)(A)] --------------------------------
I/DeviceService( 3973): getPrinter() executed
I/PrinterManager( 3973): addText() executed
D/PrinterManager( 3973): setGlobalFontface:
I/PrinterManager( 3973): fontsize=TWENTY_FOUR,isBoldFont=false,newline=true,align=LEFT,text=--------------------------------
D/PrinterManager( 3973): appendTextEntity() return=0
I/System.out(17821): UseCaseStartPrintReceip : [(UseCaseStartPrintReceipts.java:49)(A)] Sale
I/DeviceService( 3973): getPrinter() executed
I/PrinterManager( 3973): addText() executed
D/PrinterManager( 3973): setGlobalFontface:
I/PrinterManager( 3973): fontsize=THIRTY_TWO,isBoldFont=true,newline=true,align=CENTER,text=Sale
D/PrinterManager( 3973): appendTextEntity() return=0
I/System.out(17821): UseCaseStartPrintReceip : [(UseCaseStartPrintReceipts.java:49)(A)] 
I/DeviceService( 3973): getPrinter() executed
I/PrinterManager( 3973): addTextInLine() executed
D/PrinterManager( 3973): needInvertOrder :false
D/PrinterManager( 3973): setGlobalFontface:
D/PrinterManager( 3973): leftColumWidth:128
D/PrinterManager( 3973): --->AMT(THB)<---
I/PrinterManager( 3973): big 144:128
D/PrinterManager( 3973): rightColumWidth:256
D/PrinterManager( 3973): lTEntitys size:1
D/PrinterManager( 3973): leftString: AMT(THB)
D/PrinterManager( 3973): rTEntitys size:1
D/PrinterManager( 3973): rightString: 0.15
D/PrinterManager( 3973): maxLine:1
D/PrinterManager( 3973): lEpoint:128 mSpoint:0 mEPoint:0 rSPoint:320
D/PrinterManager( 3973): spaceWidth:16
I/PrinterManager( 3973): lSpaceNum:12 rSpaceNum0
D/PrinterManager( 3973): printText:AMT(THB)            0.15
I/PrinterManager( 3973): addText() executed
D/PrinterManager( 3973): setGlobalFontface:
I/PrinterManager( 3973): fontsize=THIRTY_TWO,isBoldFont=true,newline=true,align=LEFT,text=AMT(THB)            0.15
I/System.out(17821): SaleUIFlow : [(BaseTransFlow.java:276)(Run)] isUIStateNeedCheckTimeout=0
I/System.out(17821): UseCaseStartPrintReceip : [(UseCaseStartPrintReceipts.java:49)(A)]  
I/DeviceService( 3973): getPrinter() executed
I/PrinterManager( 3973): addText() executed
D/PrinterManager( 3973): setGlobalFontface:
I/PrinterManager( 3973): fontsize=TWENTY_FOUR,isBoldFont=false,newline=true,align=LEFT,text= 
D/PrinterManager( 3973): appendTextEntity() return=0
I/System.out(17821): UseCaseStartPrintReceip : [(UseCaseStartPrintReceipts.java:49)(A)] 
I/DeviceService( 3973): getPrinter() executed
I/PrinterManager( 3973): addTextInLine() executed
D/PrinterManager( 3973): needInvertOrder :false
D/PrinterManager( 3973): setGlobalFontface:
D/PrinterManager( 3973): leftColumWidth:128
D/PrinterManager( 3973): --->TIP(THB)<---
I/PrinterManager( 3973): big 144:128
D/PrinterManager( 3973): rightColumWidth:256
D/PrinterManager( 3973): lTEntitys size:1
D/PrinterManager( 3973): leftString: TIP(THB)
D/PrinterManager( 3973): rTEntitys size:1
D/PrinterManager( 3973): rightString: ________
D/PrinterManager( 3973): maxLine:1
D/PrinterManager( 3973): lEpoint:128 mSpoint:0 mEPoint:0 rSPoint:256
D/PrinterManager( 3973): spaceWidth:16
I/PrinterManager( 3973): lSpaceNum:8 rSpaceNum0
D/PrinterManager( 3973): printText:TIP(THB)        ________
I/PrinterManager( 3973): addText() executed
D/PrinterManager( 3973): setGlobalFontface:
I/PrinterManager( 3973): fontsize=THIRTY_TWO,isBoldFont=true,newline=true,align=LEFT,text=TIP(THB)        ________
I/System.out(17821): UseCaseStartPrintReceip : [(UseCaseStartPrintReceipts.java:49)(A)]  
I/DeviceService( 3973): getPrinter() executed
I/PrinterManager( 3973): addText() executed
D/PrinterManager( 3973): setGlobalFontface:
I/PrinterManager( 3973): fontsize=TWENTY_FOUR,isBoldFont=false,newline=true,align=LEFT,text= 
D/PrinterManager( 3973): appendTextEntity() return=0
I/System.out(17821): UseCaseStartPrintReceip : [(UseCaseStartPrintReceipts.java:49)(A)] 
I/DeviceService( 3973): getPrinter() executed
I/PrinterManager( 3973): addTextInLine() executed
D/PrinterManager( 3973): needInvertOrder :false
D/PrinterManager( 3973): setGlobalFontface:
D/PrinterManager( 3973): leftColumWidth:160
D/PrinterManager( 3973): --->TOTAL(THB)<---
I/PrinterManager( 3973): big 176:160
D/PrinterManager( 3973): rightColumWidth:224
D/PrinterManager( 3973): lTEntitys size:1
D/PrinterManager( 3973): leftString: TOTAL(THB)
D/PrinterManager( 3973): rTEntitys size:1
D/PrinterManager( 3973): rightString: ________
D/PrinterManager( 3973): maxLine:1
D/PrinterManager( 3973): lEpoint:160 mSpoint:0 mEPoint:0 rSPoint:256
D/PrinterManager( 3973): spaceWidth:16
I/PrinterManager( 3973): lSpaceNum:6 rSpaceNum0
D/PrinterManager( 3973): printText:TOTAL(THB)      ________
I/PrinterManager( 3973): addText() executed
D/PrinterManager( 3973): setGlobalFontface:
I/PrinterManager( 3973): fontsize=THIRTY_TWO,isBoldFont=true,newline=true,align=LEFT,text=TOTAL(THB)      ________
I/System.out(17821): UseCaseStartPrintReceip : [(UseCaseStartPrintReceipts.java:49)(A)] --------------------------------
I/DeviceService( 3973): getPrinter() executed
I/PrinterManager( 3973): addText() executed
D/PrinterManager( 3973): setGlobalFontface:
I/PrinterManager( 3973): fontsize=TWENTY_FOUR,isBoldFont=false,newline=true,align=LEFT,text=--------------------------------
D/PrinterManager( 3973): appendTextEntity() return=0
I/System.out(17821): UseCaseStartPrintReceip : [(UseCaseStartPrintReceipts.java:49)(A)] 
I/DeviceService( 3973): getPrinter() executed
I/PrinterManager( 3973): feedLine() executed lines:1
I/System.out(17821): UseCaseStartPrintReceip : [(UseCaseStartPrintReceipts.java:49)(A)] I ACKNOWLEDGE SATISFACTORY RECEIPT
I/DeviceService( 3973): getPrinter() executed
I/PrinterManager( 3973): addText() executed
D/PrinterManager( 3973): setGlobalFontface:
I/PrinterManager( 3973): fontsize=SIXTEEN,isBoldFont=false,newline=true,align=CENTER,text=I ACKNOWLEDGE SATISFACTORY RECEIPT
D/PrinterManager( 3973): appendTextEntity() return=0
I/System.out(17821): UseCaseStartPrintReceip : [(UseCaseStartPrintReceipts.java:49)(A)] OF RELATIVE GOOD/SERVICE
I/DeviceService( 3973): getPrinter() executed
I/PrinterManager( 3973): addText() executed
D/PrinterManager( 3973): setGlobalFontface:
I/PrinterManager( 3973): fontsize=SIXTEEN,isBoldFont=false,newline=true,align=CENTER,text=OF RELATIVE GOOD/SERVICE
D/PrinterManager( 3973): appendTextEntity() return=0
I/System.out(17821): UseCaseStartPrintReceip : [(UseCaseStartPrintReceipts.java:49)(A)] 
I/DeviceService( 3973): getPrinter() executed
I/PrinterManager( 3973): feedLine() executed lines:1
I/System.out(17821): UseCaseStartPrintReceip : [(UseCaseStartPrintReceipts.java:49)(A)] *** NO REFUND ***
I/DeviceService( 3973): getPrinter() executed
I/PrinterManager( 3973): addText() executed
D/PrinterManager( 3973): setGlobalFontface:
I/PrinterManager( 3973): fontsize=SIXTEEN,isBoldFont=false,newline=true,align=CENTER,text=*** NO REFUND ***
D/PrinterManager( 3973): appendTextEntity() return=0
I/System.out(17821): UseCaseStartPrintReceip : [(UseCaseStartPrintReceipts.java:49)(A)] ***** CUSTOMER COPY *****
I/DeviceService( 3973): getPrinter() executed
I/PrinterManager( 3973): addText() executed
D/PrinterManager( 3973): setGlobalFontface:
I/PrinterManager( 3973): fontsize=SIXTEEN,isBoldFont=false,newline=true,align=CENTER,text=***** CUSTOMER COPY *****
D/PrinterManager( 3973): appendTextEntity() return=0
I/System.out(17821): UseCaseStartPrintReceip : [(UseCaseStartPrintReceipts.java:49)(A)] 01.06.04
I/DeviceService( 3973): getPrinter() executed
I/PrinterManager( 3973): addText() executed
D/PrinterManager( 3973): setGlobalFontface:
I/PrinterManager( 3973): fontsize=SIXTEEN,isBoldFont=false,newline=true,align=CENTER,text=01.06.04
D/PrinterManager( 3973): appendTextEntity() return=0
I/System.out(17821): UseCaseStartPrintReceip : [(UseCaseStartPrintReceipts.java:49)(A)] ----------x----------x----------
I/DeviceService( 3973): getPrinter() executed
I/PrinterManager( 3973): addText() executed
D/PrinterManager( 3973): setGlobalFontface:
I/PrinterManager( 3973): fontsize=TWENTY_FOUR,isBoldFont=false,newline=true,align=LEFT,text=----------x----------x----------
D/PrinterManager( 3973): appendTextEntity() return=0
I/System.out(17821): UseCaseStartPrintReceip : [(UseCaseStartPrintReceipts.java:49)(A)] 
I/DeviceService( 3973): getPrinter() executed
I/PrinterManager( 3973): feedLine() executed lines:4
D/PrinterManager( 3973): feedLine() return=Print_Success
I/System.out(17821): UseCaseStartPrintReceip : [(UseCaseStartPrintReceipts.java:49)(A)] 
I/System.out(17821): UseCaseStartPrintReceip : [(UseCaseStartPrintReceipts.java:64)(A)] 打印 -----> 开始
I/DeviceService( 3973): getPrinter() executed
I/PrinterManager( 3973): startPrint() executed
D/NonContactCardTimer( 3973): stop
D/InsertCardTimer( 3973): stop
I/SocsiSystemService(  790): getK21CommandService mK21CommandService=com.socsi.aidl.command.CommandTransfer$Stub$Proxy@2d975e63;
I/SocsiSystemService(  790): getK21CommandService mK21CommandService=com.socsi.aidl.command.CommandTransfer$Stub$Proxy@2d975e63;
D/CommandService_HandleProtocol( 4418): send >>> [D102 关闭读卡器]
D/CommandService_HandleProtocol( 4418): send >>> []
D/CommandService_HandleProtocol( 4418): 
D/CommandService_HandleProtocol( 4418): recv <<< [D102 关闭读卡器]
D/CommandService_HandleProtocol( 4418): recv <<< [00] []
D/CommandService_HandleProtocol( 4418): 
I/SocsiSystemService(  790): getK21CommandService mK21CommandService=com.socsi.aidl.command.CommandTransfer$Stub$Proxy@2d975e63;
I/SocsiSystemService(  790): getK21CommandService mK21CommandService=com.socsi.aidl.command.CommandTransfer$Stub$Proxy@2d975e63;
D/TemperatureMonitorTimer( 4418): startBroast timeout=10
D/TemperatureMonitorTimer( 4418): alarm timeout=10
D/CommandService_HandleProtocol( 4418): send >>> [1B50 打印指令]
D/CommandService_HandleProtocol( 4418): send >>> [4DFF000006038400320000FFFFFFFFFFFFFFFF1536000000000000000000000000000000000000000000000000000000000000000000000000000000000000000000000000000000000000000000000000000000000000000000000000000000000000000000000000000000000000000000000000000000000000000000000000000000000000000000000000000000000000000000000000000000000000000000000000000000000000000000000000000000000000000000000000000000000000000000000000000000000000000000000000000000000000000000000000000000000000000000000000000000000000000000000000000000000000000000000000000000000000000000000000000000000000000000000000000000000000000000000000000000000000000000000000000000000000000000000000000000000000000000000000000000000000000000000000000000000000000000000000000000000000000000000000000000000000000000000000000000000000000000000000000000000000000000000000000000000000000000000000000000000000000000000000000000000000000000000000000000000000000000000000000000000000000000000000000000000000000000000000000000000000000000000000000000000000000000000000000000000000000000000000000000000000000000000000000000000000000000000000000000000000000000000000000000000000000000000000000000000000000000000000000000000000000000000000000000000000000000000000000000000000000000000000000000000000000000000000000000000000000000000000000000000000000000000000000000000000000000000000000000000000000000000000000000000000000000000000000000000000000000000000000000000000000000000000000000000000000000000000000000000000000000000000000000000000000000000000000000000000000000000000000000000000000000000000000000000000000000000000000000000000000000000000000000000000000000000000000000000000000000000000000000000000000000000000000000000000000000000000000000000000000000000000000000000000000000000000000000000000000000000000000000000000000000000000000000000000000000000000000000000000000000000000000000000000000000000000000000000000000000000000000000000000000000000000000000000000000000000000000000000000000007FFFFFFFFFFFFFFFFFFFFFFFFE00000000000000000000000000000000000000000000000000000000000000000000007FFFFFFFFFFFFFFFFFFFFFFFFE00000000000000000000000000000000000000000000000000000000000000000000007FFFFFFFFFFFFFFFFFFFFFFFFE00000000000000000000000000000000000000000000000000000000000000000000007FFFFFFFFFFFFFFFFFFFFFFFFE00000000000000000000000000000000000000000000000000000000000000000000007FFFFFFFFFFFFFFFFFFFFFFFFE00000000000000000000000000000000000000000000000000000000000000000000007FFFFFFFFFFFFFFFFFFFFFFFFE00000000000000000000000000000000000000000000000000000000000000000000007FFFFFFFFFFFFFFFFFFFFFFFFE00000000000000000000000000000000000000000000000000000000000000000000007FFFFFFFFFFFFFFFFFFFFFFFFE00000000000000000000000000000000000000000000000000000000000000000000007FFFFFFFFFFFFFFFFFFFFFFFFE00000000000000000000000000000000000000000000000000000000000000000000007FFFFFFFFFFFFFFFFFFFFFFFFE00000000000000000000000000000000000000000000000000000000000000000000007FFFFFFFFFFFFFFFFFFFFFFFFE00000000000000000000000000000000000000000000000000000000000000000000007FFFFFFFFFFFFFFFFFFFFFFFFE0000000000000000000000000000000000000000000000000000000000000003FC00007FFFFFFFFFFFE7FFFFFFFFFFFE00000]
D/CommandService_HandleProtocol( 4418): 
D/CommandService_HandleProtocol( 4418): recv <<< [1B50 打印指令]
D/CommandService_HandleProtocol( 4418): recv <<< [00] [1B502FD830300003B8]
D/CommandService_HandleProtocol( 4418): 
D/com.socsi.utils.Log( 3973): prnMsg =038400320000
I/SocsiSystemService(  790): getK21CommandService mK21CommandService=com.socsi.aidl.command.CommandTransfer$Stub$Proxy@2d975e63;
I/SocsiSystemService(  790): getK21CommandService mK21CommandService=com.socsi.aidl.command.CommandTransfer$Stub$Proxy@2d975e63;
D/TemperatureMonitorTimer( 4418): startBroast timeout=10
D/TemperatureMonitorTimer( 4418): alarm timeout=10
D/CommandService_HandleProtocol( 4418): send >>> [1B50 打印指令]
D/CommandService_HandleProtocol( 4418): send >>> [4DFF000006038400320000FFFFFFFFFFFFFFFF153600000000000000000000000000000000000000000FFFFFE000000000007FC00007FFFFFFFFFFFC3FFFFFFFFFFFE0000000000000000000000000000000000000000000000FFFFFE000000000007FC00007FFFFFFFFFFF81FFFFFFFFFFFE0000000000000000000000000000000000000000000000FFFFFE00000000000FFC00007FFFFFFFFFFF00FFFFFFFFFFFE000000001FFC0000000000000000000000000000000000FFFFFE00000000000FC000007FFFFFFFFFFE007FFFFFFFFFFE000000001FFE0000000000000000000000000000000000FFFFFE00000000000FC000007FFFFFFFFFFC003FFFFFFFFFFE000000001FFE00000000000000000000000000000000000000000000000000000000007FFFFFFFFFF8001FFFFFFFFFFE000000001FFE00000000000000000000000000000000000000000000000000000000007FFFFFFFFFF0000FFFFFFFFFFE00000000007E00000000000000000000000000000000000000000000000000000000007FFFFFFFFFE00007FFFFFFFFFE00000000007E00000000000000000000000000000000000000000000000000000000007FFFFFFFFFC00003FFFFFFFFFE0000000000FC00000000000000000000000000000000000000000000000000000000007FFFFFFFFF800001FFFFFFFFFE0000000000FC3E3FF0001FF0FC7E007003F07FF0000FFE00007E3F0030007FC1F800007FFFFFFFFF000000FFFFFFFFFE0000000001F83EFFFC007FF0FC7E00F803F1FFFC003FFF80007E3F007C01FFC1F800007FFFFFFFFC0000003FFFFFFFFE0000000001F83FFFFE00FFF0FC3E00F803E1FFFE00FFFFC0007E3F00FE03FFC1F800007FFFFFFFF80018001FFFFFFFFE0000000001F83FFFFF01FFF0FC3F00F807E1FFFF01FFFFE0007E3F01FC07FFC1F800007FFFFFFFF0007E000FFFFFFFFE0000000001F83FFFFF83FFF0FC3F01FC07E1FFFF03FFFFF0007E3F03F807FFC1F800007FFFFFFFE000FF0007FFFFFFFE0000000001F83FF03F83F800FC1F01FC07C1E07F83FC07F8007E3F07F00FE001F800007FFFFFFFC003FFC003FFFFFFFE0000000001F83FC01FC3F000FC1F81FC0FC0003F87F003F8007E3F0FE00FC001F800007FFFFFFF8007FFE001FFFFFFFE0000000001F83F800FC3F000FC1F83FE0FC0001FC7E001F8007E3F1FF80FC001F800007FFFFFFF000FFFF000FFFFFFFE0000000001F83F000FC3F800FC1F83FE0FC0001FC7E001F8007E3F3FFC0FE001F800007FFFFFFE001FFFF8007FFFFFFE0000000001F83F000FC3FFF0FC0F83FE0F80000FC7E000F8007E3F03FE07FFC1F800007FFFFFFC003FFFFC003FFFFFFE0000000001F83F000FC1FFF0FC0FC7FF1F80000FC7E000F8007E3F00FF03FFC1F800007FFFFFF8003FFFFC001FFFFFFE0000000001F83F000FC0FFF0FC0FC7FF1F80000FC7E000F8007E3F003F81FFC1F800007FFFFFF0007FFFFE000FFFFFFE0000000001F83F000FC07FF0FC0FC7DF1F80000FC7E000F8007E3F001F81FFC1F800007FFFFFE000FFFFFF0007FFFFFE0000000001F83F000FC0FFF0FC07C7DF1F00000FC7E000F8007E3F001F83FFC1F800007FFFFFC001FFFFFF8003FFFFFE0000000001F83F000FC1FE00FC07EFDFBF00000FC7E000F8007E3F000FC7FC01F800007FFFFF8003FFFFFFC001FFFFFE0000000001F83F000FC3F800FC07FF8FFF00000FC7E000F8007E3F000FCFE001F800007FFFFF0007FFFFFFE000FFFFFE0000000001F83F000FC7F000FC03FF8FFE00000FC7E000F8007E3F000FCFC001F800007FFFFE000FFFFFFFF0007FFFFE0000000001F83F000FC7E000FC03FF8FFE00000FC7E000F8007E3F000FCFC001F800007FFFFC001FFFFFFFF8003FFFFE0000000001F83F000FC7E000FC03FF07FE00000FC7E000F8007E3F000FCF8001F800007FFFFC001FFFFFFFF8003FFFFE0000000001F83F000FC7E000FC03FF07FE00000FC7E000F8007E3F001F8FC001F800007FFFFC003FFFFFFFFC003FFFFE0000000001F83F000FC7F000FC01FF07FC00000FC7E000FC00FE3F001F8FC001F800007FFFFC007FFFFFFFFE003FFFFE0000000001F83F000FC3F000FC01FE03FC00000FC7E000FC01FE3F003F8FE001F800007FFFFC00FFFFFFFFFF003FFFFE00000]
D/CommandService_HandleProtocol( 4418): 
D/CommandService_HandleProtocol( 4418): recv <<< [1B50 打印指令]
D/CommandService_HandleProtocol( 4418): recv <<< [00] [1B502FD930300003B9]
D/CommandService_HandleProtocol( 4418): 
D/com.socsi.utils.Log( 3973): prnMsg =038400320000
I/SocsiSystemService(  790): getK21CommandService mK21CommandService=com.socsi.aidl.command.CommandTransfer$Stub$Proxy@2d975e63;
I/SocsiSystemService(  790): getK21CommandService mK21CommandService=com.socsi.aidl.command.CommandTransfer$Stub$Proxy@2d975e63;
D/TemperatureMonitorTimer( 4418): startBroast timeout=10
D/TemperatureMonitorTimer( 4418): alarm timeout=10
D/CommandService_HandleProtocol( 4418): send >>> [1B50 打印指令]
