V/WindowManager(  791): Adding window Window{30682144 u0 com.verifone.scb.presentation/com.verifone.adc.presentation.view.activities.EmvActivity} at 9 of 14 (after Window{129f6d03 u0 com.verifone.scb.presentation/com.verifone.adc.presentation.view.activities.CheckCardActivity})
I/ActivityManager(  791): START u0 {cmp=com.verifone.scb.presentation/com.verifone.adc.presentation.view.activities.NetworkProcessActivity} from uid 10130 on display 0
V/WindowManager(  791): addAppToken: AppWindowToken{243b3cba token=Token{36ff59e5 ActivityRecord{333854dc u0 com.verifone.scb.presentation/com.verifone.adc.presentation.view.activities.NetworkProcessActivity t948}}} to stack=1 task=948 at 8
V/WindowManager(  791): Adding window Window{3463e2c8 u0 com.verifone.scb.presentation/com.verifone.adc.presentation.view.activities.NetworkProcessActivity} at 10 of 15 (after Window{30682144 u0 com.verifone.scb.presentation/com.verifone.adc.presentation.view.activities.EmvActivity})
I/ActivityManager(  791): START u0 {cmp=com.verifone.scb.presentation/com.verifone.adc.presentation.view.activities.TransSuccessActivity} from uid 10130 on display 0
V/WindowManager(  791): addAppToken: AppWindowToken{f3242e0 token=Token{328fa8e3 ActivityRecord{2538a912 u0 com.verifone.scb.presentation/com.verifone.adc.presentation.view.activities.TransSuccessActivity t948}}} to stack=1 task=948 at 9
V/WindowManager(  791): Adding window Window{1d74445e u0 com.verifone.scb.presentation/com.verifone.adc.presentation.view.activities.TransSuccessActivity} at 11 of 16 (after Window{3463e2c8 u0 com.verifone.scb.presentation/com.verifone.adc.presentation.view.activities.NetworkProcessActivity})
V/WindowManager(  791): Adding window Window{1928ad0c u0 com.verifone.scb.presentation/com.verifone.adc.presentation.view.activities.TransSuccessActivity} at 11 of 17 (before Window{1d74445e u0 com.verifone.scb.presentation/com.verifone.adc.presentation.view.activities.TransSuccessActivity})
V/WindowManager(  791): not Base app: Adding window Window{344c2410 u0 com.verifone.scb.presentation/com.verifone.adc.presentation.view.activities.TransSuccessActivity} at 13 of 18
E/BatteryService(  791): Enter shutdownIfOverTempLocked
V/WindowManager(  791): not Base app: Adding window Window{6e8810e u0 com.verifone.scb.presentation/com.verifone.adc.presentation.view.activities.TransSuccessActivity} at 12 of 17
V/WindowManager(  791): not Base app: Adding window Window{c03aec5 u0 com.verifone.scb.presentation/com.verifone.adc.presentation.view.activities.TransSuccessActivity} at 13 of 18
I/ActivityManager(  791): START u0 {cmp=com.verifone.scb.presentation/com.verifone.adc.presentation.view.activities.MainActivity} from uid 10130 on display 0
W/BroadcastQueue(  791): Skipping deliver [background] BroadcastRecord{1b57a16c u-1 android.net.conn.CONNECTIVITY_CHANGE} to ReceiverList{1d06d335 20424 (unknown name)/2000/u-1 remote:23fd49be}: process crashing
I/ActivityManager(  791): START u0 {act=android.intent.action.MAIN cat=[android.intent.category.LAUNCHER] flg=0x10200000 cmp=com.verifone.scb.presentation/com.verifone.adc.presentation.view.activities.SplashActivity} from uid 2000 on display 0
I/ActivityManager(  791): START u0 {cmp=com.verifone.scb.presentation/com.verifone.adc.presentation.view.activities.InputAmountActivity} from uid 10130 on display 0
V/WindowManager(  791): addAppToken: AppWindowToken{10d36858 token=Token{2840993b ActivityRecord{4043ca u0 com.verifone.scb.presentation/com.verifone.adc.presentation.view.activities.InputAmountActivity t948}}} to stack=1 task=948 at 3
V/WindowManager(  791): Adding window Window{1f06d296 u0 com.verifone.scb.presentation/com.verifone.adc.presentation.view.activities.InputAmountActivity} at 5 of 10 (after Window{1239abd2 u0 com.verifone.scb.presentation/com.verifone.adc.presentation.view.activities.MainActivity})
I/ActivityManager(  791): START u0 {cmp=com.verifone.scb.presentation/com.verifone.adc.presentation.view.activities.InputTipAmountActivity} from uid 10130 on display 0
V/WindowManager(  791): addAppToken: AppWindowToken{13ed9e6e token=Token{3b2421e9 ActivityRecord{1c3aea70 u0 com.verifone.scb.presentation/com.verifone.adc.presentation.view.activities.InputTipAmountActivity t948}}} to stack=1 task=948 at 4
V/WindowManager(  791): Adding window Window{f3c3d9c u0 com.verifone.scb.presentation/com.verifone.adc.presentation.view.activities.InputTipAmountActivity} at 6 of 11 (after Window{1f06d296 u0 com.verifone.scb.presentation/com.verifone.adc.presentation.view.activities.InputAmountActivity})
I/ActivityManager(  791): START u0 {cmp=com.verifone.scb.presentation/com.verifone.adc.presentation.view.activities.ChoicePaymentActivity} from uid 10130 on display 0
V/WindowManager(  791): addAppToken: AppWindowToken{1138a434 token=Token{8202b07 ActivityRecord{12b70d46 u0 com.verifone.scb.presentation/com.verifone.adc.presentation.view.activities.ChoicePaymentActivity t948}}} to stack=1 task=948 at 5
V/WindowManager(  791): Adding window Window{7c6b7d2 u0 com.verifone.scb.presentation/com.verifone.adc.presentation.view.activities.ChoicePaymentActivity} at 7 of 12 (after Window{f3c3d9c u0 com.verifone.scb.presentation/com.verifone.adc.presentation.view.activities.InputTipAmountActivity})
I/ActivityManager(  791): START u0 {cmp=com.verifone.scb.presentation/com.verifone.adc.presentation.view.activities.CheckCardActivity} from uid 10130 on display 0
V/WindowManager(  791): addAppToken: AppWindowToken{26256f2a token=Token{7a21015 ActivityRecord{295845cc u0 com.verifone.scb.presentation/com.verifone.adc.presentation.view.activities.CheckCardActivity t948}}} to stack=1 task=948 at 6
V/WindowManager(  791): Adding window Window{2aa9f2b8 u0 com.verifone.scb.presentation/com.verifone.adc.presentation.view.activities.CheckCardActivity} at 8 of 13 (after Window{7c6b7d2 u0 com.verifone.scb.presentation/com.verifone.adc.presentation.view.activities.ChoicePaymentActivity})
W/FileUtils( 4714): Failed to chmod(/storage/emulated/0/socsi/usageRecord.db): android.system.ErrnoException: chmod failed: EPERM (Operation not permitted)
W/FileUtils( 4714): Failed to chmod(/storage/emulated/0/socsi/usageRecord.db): android.system.ErrnoException: chmod failed: EPERM (Operation not permitted)
W/FileUtils( 4714): Failed to chmod(/storage/emulated/0/socsi/usageRecord.db): android.system.ErrnoException: chmod failed: EPERM (Operation not permitted)
I/ActivityManager(  791): START u0 {cmp=com.verifone.scb.presentation/com.verifone.adc.presentation.view.activities.EmvActivity} from uid 10130 on display 0
V/WindowManager(  791): addAppToken: AppWindowToken{1ad5aef token=Token{310cebce ActivityRecord{1ee4c8c9 u0 com.verifone.scb.presentation/com.verifone.adc.presentation.view.activities.EmvActivity t948}}} to stack=1 task=948 at 7
W/FileUtils( 4714): Failed to chmod(/storage/emulated/0/socsi/usageRecord.db): android.system.ErrnoException: chmod failed: EPERM (Operation not permitted)
V/WindowManager(  791): Adding window Window{35e82885 u0 com.verifone.scb.presentation/com.verifone.adc.presentation.view.activities.EmvActivity} at 9 of 14 (after Window{2aa9f2b8 u0 com.verifone.scb.presentation/com.verifone.adc.presentation.view.activities.CheckCardActivity})
I/ActivityManager(  791): START u0 {cmp=com.verifone.scb.presentation/com.verifone.adc.presentation.view.activities.NetworkProcessActivity} from uid 10130 on display 0
V/WindowManager(  791): addAppToken: AppWindowToken{1284fc83 token=Token{23668732 ActivityRecord{127e33d u0 com.verifone.scb.presentation/com.verifone.adc.presentation.view.activities.NetworkProcessActivity t948}}} to stack=1 task=948 at 8
V/WindowManager(  791): Adding window Window{3d347639 u0 com.verifone.scb.presentation/com.verifone.adc.presentation.view.activities.NetworkProcessActivity} at 10 of 15 (after Window{35e82885 u0 com.verifone.scb.presentation/com.verifone.adc.presentation.view.activities.EmvActivity})
I/ActivityManager(  791): START u0 {cmp=com.verifone.scb.presentation/com.verifone.adc.presentation.view.activities.TransSuccessActivity} from uid 10130 on display 0
V/WindowManager(  791): addAppToken: AppWindowToken{a11b371 token=Token{2fd52d18 ActivityRecord{324f78fb u0 com.verifone.scb.presentation/com.verifone.adc.presentation.view.activities.TransSuccessActivity t948}}} to stack=1 task=948 at 9
V/WindowManager(  791): Adding window Window{a92a9d7 u0 com.verifone.scb.presentation/com.verifone.adc.presentation.view.activities.TransSuccessActivity} at 11 of 16 (after Window{3d347639 u0 com.verifone.scb.presentation/com.verifone.adc.presentation.view.activities.NetworkProcessActivity})
V/WindowManager(  791): Adding window Window{c3d15ad u0 com.verifone.scb.presentation/com.verifone.adc.presentation.view.activities.TransSuccessActivity} at 11 of 17 (before Window{a92a9d7 u0 com.verifone.scb.presentation/com.verifone.adc.presentation.view.activities.TransSuccessActivity})
V/WindowManager(  791): not Base app: Adding window Window{2ee55ae1 u0 com.verifone.scb.presentation/com.verifone.adc.presentation.view.activities.TransSuccessActivity} at 13 of 18
V/WindowManager(  791): not Base app: Adding window Window{cfbb6c7 u0 com.verifone.scb.presentation/com.verifone.adc.presentation.view.activities.TransSuccessActivity} at 12 of 17
V/WindowManager(  791): not Base app: Adding window Window{2e618692 u0 com.verifone.scb.presentation/com.verifone.adc.presentation.view.activities.TransSuccessActivity} at 13 of 18
I/ActivityManager(  791): START u0 {cmp=com.verifone.scb.presentation/com.verifone.adc.presentation.view.activities.MainActivity} from uid 10130 on display 0
W/BroadcastQueue(  791): Skipping deliver [background] BroadcastRecord{28baee8d u-1 android.net.conn.CONNECTIVITY_CHANGE} to ReceiverList{1a54b842 20480 (unknown name)/2000/u-1 remote:2ef9dfb7}: process crashing
I/ActivityManager(  791): START u0 {act=android.intent.action.MAIN cat=[android.intent.category.LAUNCHER] flg=0x10200000 cmp=com.verifone.scb.presentation/com.verifone.adc.presentation.view.activities.SplashActivity} from uid 2000 on display 0
I/ActivityManager(  791): START u0 {cmp=com.verifone.scb.presentation/com.verifone.adc.presentation.view.activities.InputAmountActivity} from uid 10130 on display 0
V/WindowManager(  791): addAppToken: AppWindowToken{3474e689 token=Token{35375d90 ActivityRecord{b42c053 u0 com.verifone.scb.presentation/com.verifone.adc.presentation.view.activities.InputAmountActivity t948}}} to stack=1 task=948 at 3
V/WindowManager(  791): Adding window Window{1f2f0eaf u0 com.verifone.scb.presentation/com.verifone.adc.presentation.view.activities.InputAmountActivity} at 5 of 10 (after Window{1239abd2 u0 com.verifone.scb.presentation/com.verifone.adc.presentation.view.activities.MainActivity})
I/ActivityManager(  791): START u0 {cmp=com.verifone.scb.presentation/com.verifone.adc.presentation.view.activities.InputTipAmountActivity} from uid 10130 on display 0
V/WindowManager(  791): addAppToken: AppWindowToken{3e0c24a7 token=Token{1b966966 ActivityRecord{3045ddc1 u0 com.verifone.scb.presentation/com.verifone.adc.presentation.view.activities.InputTipAmountActivity t948}}} to stack=1 task=948 at 4
V/WindowManager(  791): Adding window Window{149194fd u0 com.verifone.scb.presentation/com.verifone.adc.presentation.view.activities.InputTipAmountActivity} at 6 of 11 (after Window{1f2f0eaf u0 com.verifone.scb.presentation/com.verifone.adc.presentation.view.activities.InputAmountActivity})
I/ActivityManager(  791): START u0 {cmp=com.verifone.scb.presentation/com.verifone.adc.presentation.view.activities.ChoicePaymentActivity} from uid 10130 on display 0
V/WindowManager(  791): addAppToken: AppWindowToken{361366b5 token=Token{203452ec ActivityRecord{dc7019f u0 com.verifone.scb.presentation/com.verifone.adc.presentation.view.activities.ChoicePaymentActivity t948}}} to stack=1 task=948 at 5
V/WindowManager(  791): Adding window Window{162418bb u0 com.verifone.scb.presentation/com.verifone.adc.presentation.view.activities.ChoicePaymentActivity} at 7 of 12 (after Window{149194fd u0 com.verifone.scb.presentation/com.verifone.adc.presentation.view.activities.InputTipAmountActivity})
I/ActivityManager(  791): START u0 {cmp=com.verifone.scb.presentation/com.verifone.adc.presentation.view.activities.CheckCardActivity} from uid 10130 on display 0
V/WindowManager(  791): addAppToken: AppWindowToken{27bee433 token=Token{391d7fa2 ActivityRecord{3156b76d u0 com.verifone.scb.presentation/com.verifone.adc.presentation.view.activities.CheckCardActivity t948}}} to stack=1 task=948 at 6
V/WindowManager(  791): Adding window Window{4b45d69 u0 com.verifone.scb.presentation/com.verifone.adc.presentation.view.activities.CheckCardActivity} at 8 of 13 (after Window{162418bb u0 com.verifone.scb.presentation/com.verifone.adc.presentation.view.activities.ChoicePaymentActivity})
W/FileUtils( 4714): Failed to chmod(/storage/emulated/0/socsi/usageRecord.db): android.system.ErrnoException: chmod failed: EPERM (Operation not permitted)
W/FileUtils( 4714): Failed to chmod(/storage/emulated/0/socsi/usageRecord.db): android.system.ErrnoException: chmod failed: EPERM (Operation not permitted)
W/FileUtils( 4714): Failed to chmod(/storage/emulated/0/socsi/usageRecord.db): android.system.ErrnoException: chmod failed: EPERM (Operation not permitted)
I/ActivityManager(  791): START u0 {cmp=com.verifone.scb.presentation/com.verifone.adc.presentation.view.activities.EmvActivity} from uid 10130 on display 0
V/WindowManager(  791): addAppToken: AppWindowToken{11a565b4 token=Token{1e290287 ActivityRecord{1d8692c6 u0 com.verifone.scb.presentation/com.verifone.adc.presentation.view.activities.EmvActivity t948}}} to stack=1 task=948 at 7
W/FileUtils( 4714): Failed to chmod(/storage/emulated/0/socsi/usageRecord.db): android.system.ErrnoException: chmod failed: EPERM (Operation not permitted)
V/WindowManager(  791): Adding window Window{13c91552 u0 com.verifone.scb.presentation/com.verifone.adc.presentation.view.activities.EmvActivity} at 9 of 14 (after Window{4b45d69 u0 com.verifone.scb.presentation/com.verifone.adc.presentation.view.activities.CheckCardActivity})
I/ActivityManager(  791): START u0 {cmp=com.verifone.scb.presentation/com.verifone.adc.presentation.view.activities.NetworkProcessActivity} from uid 10130 on display 0
V/WindowManager(  791): addAppToken: AppWindowToken{3042fc38 token=Token{18e4909b ActivityRecord{3965fcaa u0 com.verifone.scb.presentation/com.verifone.adc.presentation.view.activities.NetworkProcessActivity t948}}} to stack=1 task=948 at 8
V/WindowManager(  791): Adding window Window{367f3976 u0 com.verifone.scb.presentation/com.verifone.adc.presentation.view.activities.NetworkProcessActivity} at 10 of 15 (after Window{13c91552 u0 com.verifone.scb.presentation/com.verifone.adc.presentation.view.activities.EmvActivity})
I/ActivityManager(  791): START u0 {cmp=com.verifone.scb.presentation/com.verifone.adc.presentation.view.activities.TransSuccessActivity} from uid 10130 on display 0
V/WindowManager(  791): addAppToken: AppWindowToken{2b70014e token=Token{2638c449 ActivityRecord{23cd1a50 u0 com.verifone.scb.presentation/com.verifone.adc.presentation.view.activities.TransSuccessActivity t948}}} to stack=1 task=948 at 9
V/WindowManager(  791): Adding window Window{34f18b7c u0 com.verifone.scb.presentation/com.verifone.adc.presentation.view.activities.TransSuccessActivity} at 11 of 16 (after Window{367f3976 u0 com.verifone.scb.presentation/com.verifone.adc.presentation.view.activities.NetworkProcessActivity})
V/WindowManager(  791): Adding window Window{154ee45a u0 com.verifone.scb.presentation/com.verifone.adc.presentation.view.activities.TransSuccessActivity} at 11 of 17 (before Window{34f18b7c u0 com.verifone.scb.presentation/com.verifone.adc.presentation.view.activities.TransSuccessActivity})
V/WindowManager(  791): not Base app: Adding window Window{168559fe u0 com.verifone.scb.presentation/com.verifone.adc.presentation.view.activities.TransSuccessActivity} at 13 of 18
V/WindowManager(  791): not Base app: Adding window Window{376ccbac u0 com.verifone.scb.presentation/com.verifone.adc.presentation.view.activities.TransSuccessActivity} at 12 of 17
V/WindowManager(  791): not Base app: Adding window Window{2f7e787b u0 com.verifone.scb.presentation/com.verifone.adc.presentation.view.activities.TransSuccessActivity} at 13 of 18
I/ActivityManager(  791): START u0 {cmp=com.verifone.scb.presentation/com.verifone.adc.presentation.view.activities.MainActivity} from uid 10130 on display 0
W/BroadcastQueue(  791): Skipping deliver [background] BroadcastRecord{30ef97ba u-1 android.net.conn.CONNECTIVITY_CHANGE} to ReceiverList{2a1a766b 20535 (unknown name)/2000/u-1 remote:151077dc}: process crashing
I/ActivityManager(  791): START u0 {act=android.intent.action.MAIN cat=[android.intent.category.LAUNCHER] flg=0x10200000 cmp=com.verifone.scb.presentation/com.verifone.adc.presentation.view.activities.SplashActivity} from uid 2000 on display 0
I/ActivityManager(  791): START u0 {cmp=com.verifone.scb.presentation/com.verifone.adc.presentation.view.activities.InputAmountActivity} from uid 10130 on display 0
V/WindowManager(  791): addAppToken: AppWindowToken{2cef7586 token=Token{9a90661 ActivityRecord{3f1b35c8 u0 com.verifone.scb.presentation/com.verifone.adc.presentation.view.activities.InputAmountActivity t948}}} to stack=1 task=948 at 3
V/WindowManager(  791): Adding window Window{3991e674 u0 com.verifone.scb.presentation/com.verifone.adc.presentation.view.activities.InputAmountActivity} at 5 of 10 (after Window{1239abd2 u0 com.verifone.scb.presentation/com.verifone.adc.presentation.view.activities.MainActivity})
I/ActivityManager(  791): START u0 {cmp=com.verifone.scb.presentation/com.verifone.adc.presentation.view.activities.InputTipAmountActivity} from uid 10130 on display 0
V/WindowManager(  791): addAppToken: AppWindowToken{ecf900c token=Token{1e427f3f ActivityRecord{3e09af5e u0 com.verifone.scb.presentation/com.verifone.adc.presentation.view.activities.InputTipAmountActivity t948}}} to stack=1 task=948 at 4
V/WindowManager(  791): Adding window Window{33d636a u0 com.verifone.scb.presentation/com.verifone.adc.presentation.view.activities.InputTipAmountActivity} at 6 of 11 (after Window{3991e674 u0 com.verifone.scb.presentation/com.verifone.adc.presentation.view.activities.InputAmountActivity})
I/ActivityManager(  791): START u0 {cmp=com.verifone.scb.presentation/com.verifone.adc.presentation.view.activities.ChoicePaymentActivity} from uid 10130 on display 0
V/WindowManager(  791): addAppToken: AppWindowToken{3a22f5c2 token=Token{390db20d ActivityRecord{12b5d4a4 u0 com.verifone.scb.presentation/com.verifone.adc.presentation.view.activities.ChoicePaymentActivity t948}}} to stack=1 task=948 at 5
V/WindowManager(  791): Adding window Window{3ccd9710 u0 com.verifone.scb.presentation/com.verifone.adc.presentation.view.activities.ChoicePaymentActivity} at 7 of 12 (after Window{33d636a u0 com.verifone.scb.presentation/com.verifone.adc.presentation.view.activities.InputTipAmountActivity})
I/ActivityManager(  791): START u0 {cmp=com.verifone.scb.presentation/com.verifone.adc.presentation.view.activities.CheckCardActivity} from uid 10130 on display 0
V/WindowManager(  791): addAppToken: AppWindowToken{13053828 token=Token{cfb864b ActivityRecord{62d7b1a u0 com.verifone.scb.presentation/com.verifone.adc.presentation.view.activities.CheckCardActivity t948}}} to stack=1 task=948 at 6
V/WindowManager(  791): Adding window Window{1e182ee6 u0 com.verifone.scb.presentation/com.verifone.adc.presentation.view.activities.CheckCardActivity} at 8 of 13 (after Window{3ccd9710 u0 com.verifone.scb.presentation/com.verifone.adc.presentation.view.activities.ChoicePaymentActivity})
W/FileUtils( 4714): Failed to chmod(/storage/emulated/0/socsi/usageRecord.db): android.system.ErrnoException: chmod failed: EPERM (Operation not permitted)
W/FileUtils( 4714): Failed to chmod(/storage/emulated/0/socsi/usageRecord.db): android.system.ErrnoException: chmod failed: EPERM (Operation not permitted)
W/FileUtils( 4714): Failed to chmod(/storage/emulated/0/socsi/usageRecord.db): android.system.ErrnoException: chmod failed: EPERM (Operation not permitted)
I/ActivityManager(  791): START u0 {cmp=com.verifone.scb.presentation/com.verifone.adc.presentation.view.activities.EmvActivity} from uid 10130 on display 0
W/FileUtils( 4714): Failed to chmod(/storage/emulated/0/socsi/usageRecord.db): android.system.ErrnoException: chmod failed: EPERM (Operation not permitted)
V/WindowManager(  791): addAppToken: AppWindowToken{2b9efa35 token=Token{382c046c ActivityRecord{27f0891f u0 com.verifone.scb.presentation/com.verifone.adc.presentation.view.activities.EmvActivity t948}}} to stack=1 task=948 at 7
V/WindowManager(  791): Adding window Window{1a1e983b u0 com.verifone.scb.presentation/com.verifone.adc.presentation.view.activities.EmvActivity} at 9 of 14 (after Window{1e182ee6 u0 com.verifone.scb.presentation/com.verifone.adc.presentation.view.activities.CheckCardActivity})
I/ActivityManager(  791): START u0 {cmp=com.verifone.scb.presentation/com.verifone.adc.presentation.view.activities.NetworkProcessActivity} from uid 10130 on display 0
V/WindowManager(  791): addAppToken: AppWindowToken{129398e9 token=Token{2c71dd70 ActivityRecord{3199d3b3 u0 com.verifone.scb.presentation/com.verifone.adc.presentation.view.activities.NetworkProcessActivity t948}}} to stack=1 task=948 at 8
V/WindowManager(  791): Adding window Window{11d3f80f u0 com.verifone.scb.presentation/com.verifone.adc.presentation.view.activities.NetworkProcessActivity} at 10 of 15 (after Window{1a1e983b u0 com.verifone.scb.presentation/com.verifone.adc.presentation.view.activities.EmvActivity})
I/ActivityManager(  791): START u0 {cmp=com.verifone.scb.presentation/com.verifone.adc.presentation.view.activities.TransSuccessActivity} from uid 10130 on display 0
V/WindowManager(  791): addAppToken: AppWindowToken{478da07 token=Token{1591846 ActivityRecord{2c7c7c21 u0 com.verifone.scb.presentation/com.verifone.adc.presentation.view.activities.TransSuccessActivity t948}}} to stack=1 task=948 at 9
V/WindowManager(  791): Adding window Window{2303b95d u0 com.verifone.scb.presentation/com.verifone.adc.presentation.view.activities.TransSuccessActivity} at 11 of 16 (after Window{11d3f80f u0 com.verifone.scb.presentation/com.verifone.adc.presentation.view.activities.NetworkProcessActivity})
V/WindowManager(  791): Adding window Window{34bf0fa3 u0 com.verifone.scb.presentation/com.verifone.adc.presentation.view.activities.TransSuccessActivity} at 11 of 17 (before Window{2303b95d u0 com.verifone.scb.presentation/com.verifone.adc.presentation.view.activities.TransSuccessActivity})
V/WindowManager(  791): not Base app: Adding window Window{aa652f7 u0 com.verifone.scb.presentation/com.verifone.adc.presentation.view.activities.TransSuccessActivity} at 13 of 18
V/WindowManager(  791): not Base app: Adding window Window{2e4ab3cd u0 com.verifone.scb.presentation/com.verifone.adc.presentation.view.activities.TransSuccessActivity} at 12 of 17
V/WindowManager(  791): not Base app: Adding window Window{8f8d3d0 u0 com.verifone.scb.presentation/com.verifone.adc.presentation.view.activities.TransSuccessActivity} at 13 of 18
I/ActivityManager(  791): START u0 {cmp=com.verifone.scb.presentation/com.verifone.adc.presentation.view.activities.MainActivity} from uid 10130 on display 0
W/BroadcastQueue(  791): Skipping deliver [background] BroadcastRecord{35f51b83 u-1 android.net.conn.CONNECTIVITY_CHANGE} to ReceiverList{3210d100 20591 (unknown name)/2000/u-1 remote:213d2a3d}: process crashing
I/ActivityManager(  791): START u0 {act=android.intent.action.MAIN cat=[android.intent.category.LAUNCHER] flg=0x10200000 cmp=com.verifone.scb.presentation/com.verifone.adc.presentation.view.activities.SplashActivity} from uid 2000 on display 0
I/ActivityManager(  791): START u0 {cmp=com.verifone.scb.presentation/com.verifone.adc.presentation.view.activities.InputAmountActivity} from uid 10130 on display 0
V/WindowManager(  791): addAppToken: AppWindowToken{3363ecdf token=Token{3c7bcf7e ActivityRecord{16d72d39 u0 com.verifone.scb.presentation/com.verifone.adc.presentation.view.activities.InputAmountActivity t948}}} to stack=1 task=948 at 3
V/WindowManager(  791): Adding window Window{277463f5 u0 com.verifone.scb.presentation/com.verifone.adc.presentation.view.activities.InputAmountActivity} at 5 of 10 (after Window{1239abd2 u0 com.verifone.scb.presentation/com.verifone.adc.presentation.view.activities.MainActivity})
I/ActivityManager(  791): START u0 {cmp=com.verifone.scb.presentation/com.verifone.adc.presentation.view.activities.InputTipAmountActivity} from uid 10130 on display 0
V/WindowManager(  791): addAppToken: AppWindowToken{2bb21cad token=Token{914c5c4 ActivityRecord{5d898d7 u0 com.verifone.scb.presentation/com.verifone.adc.presentation.view.activities.InputTipAmountActivity t948}}} to stack=1 task=948 at 4
V/WindowManager(  791): Adding window Window{24a3eb73 u0 com.verifone.scb.presentation/com.verifone.adc.presentation.view.activities.InputTipAmountActivity} at 6 of 11 (after Window{277463f5 u0 com.verifone.scb.presentation/com.verifone.adc.presentation.view.activities.InputAmountActivity})
I/ActivityManager(  791): START u0 {cmp=com.verifone.scb.presentation/com.verifone.adc.presentation.view.activities.ChoicePaymentActivity} from uid 10130 on display 0
V/WindowManager(  791): addAppToken: AppWindowToken{f9f55eb token=Token{3b06453a ActivityRecord{3a673465 u0 com.verifone.scb.presentation/com.verifone.adc.presentation.view.activities.ChoicePaymentActivity t948}}} to stack=1 task=948 at 5
V/WindowManager(  791): Adding window Window{a9bb1e1 u0 com.verifone.scb.presentation/com.verifone.adc.presentation.view.activities.ChoicePaymentActivity} at 7 of 12 (after Window{24a3eb73 u0 com.verifone.scb.presentation/com.verifone.adc.presentation.view.activities.InputTipAmountActivity})
I/ActivityManager(  791): START u0 {cmp=com.verifone.scb.presentation/com.verifone.adc.presentation.view.activities.CheckCardActivity} from uid 10130 on display 0
V/WindowManager(  791): addAppToken: AppWindowToken{95fbc19 token=Token{3cf8cf60 ActivityRecord{d5e9763 u0 com.verifone.scb.presentation/com.verifone.adc.presentation.view.activities.CheckCardActivity t948}}} to stack=1 task=948 at 6
V/WindowManager(  791): Adding window Window{3d1946bf u0 com.verifone.scb.presentation/com.verifone.adc.presentation.view.activities.CheckCardActivity} at 8 of 13 (after Window{a9bb1e1 u0 com.verifone.scb.presentation/com.verifone.adc.presentation.view.activities.ChoicePaymentActivity})
W/FileUtils( 4714): Failed to chmod(/storage/emulated/0/socsi/usageRecord.db): android.system.ErrnoException: chmod failed: EPERM (Operation not permitted)
W/FileUtils( 4714): Failed to chmod(/storage/emulated/0/socsi/usageRecord.db): android.system.ErrnoException: chmod failed: EPERM (Operation not permitted)
W/FileUtils( 4714): Failed to chmod(/storage/emulated/0/socsi/usageRecord.db): android.system.ErrnoException: chmod failed: EPERM (Operation not permitted)
I/ActivityManager(  791): START u0 {cmp=com.verifone.scb.presentation/com.verifone.adc.presentation.view.activities.EmvActivity} from uid 10130 on display 0
V/WindowManager(  791): addAppToken: AppWindowToken{1de43342 token=Token{293f758d ActivityRecord{c4e7624 u0 com.verifone.scb.presentation/com.verifone.adc.presentation.view.activities.EmvActivity t948}}} to stack=1 task=948 at 7
W/FileUtils( 4714): Failed to chmod(/storage/emulated/0/socsi/usageRecord.db): android.system.ErrnoException: chmod failed: EPERM (Operation not permitted)
V/WindowManager(  791): Adding window Window{110ed090 u0 com.verifone.scb.presentation/com.verifone.adc.presentation.view.activities.EmvActivity} at 9 of 14 (after Window{3d1946bf u0 com.verifone.scb.presentation/com.verifone.adc.presentation.view.activities.CheckCardActivity})
I/ActivityManager(  791): START u0 {cmp=com.verifone.scb.presentation/com.verifone.adc.presentation.view.activities.NetworkProcessActivity} from uid 10130 on display 0
V/WindowManager(  791): addAppToken: AppWindowToken{321cf466 token=Token{7f3b4c1 ActivityRecord{240421a8 u0 com.verifone.scb.presentation/com.verifone.adc.presentation.view.activities.NetworkProcessActivity t948}}} to stack=1 task=948 at 8
V/WindowManager(  791): Adding window Window{14db054 u0 com.verifone.scb.presentation/com.verifone.adc.presentation.view.activities.NetworkProcessActivity} at 10 of 15 (after Window{110ed090 u0 com.verifone.scb.presentation/com.verifone.adc.presentation.view.activities.EmvActivity})
I/ActivityManager(  791): START u0 {cmp=com.verifone.scb.presentation/com.verifone.adc.presentation.view.activities.TransSuccessActivity} from uid 10130 on display 0
V/WindowManager(  791): addAppToken: AppWindowToken{93eb5ec token=Token{12c1109f ActivityRecord{31cc2a3e u0 com.verifone.scb.presentation/com.verifone.adc.presentation.view.activities.TransSuccessActivity t948}}} to stack=1 task=948 at 9
V/WindowManager(  791): Adding window Window{f5cac4a u0 com.verifone.scb.presentation/com.verifone.adc.presentation.view.activities.TransSuccessActivity} at 11 of 16 (after Window{14db054 u0 com.verifone.scb.presentation/com.verifone.adc.presentation.view.activities.NetworkProcessActivity})
V/WindowManager(  791): Adding window Window{3b5744d8 u0 com.verifone.scb.presentation/com.verifone.adc.presentation.view.activities.TransSuccessActivity} at 11 of 17 (before Window{f5cac4a u0 com.verifone.scb.presentation/com.verifone.adc.presentation.view.activities.TransSuccessActivity})
V/WindowManager(  791): not Base app: Adding window Window{1951721c u0 com.verifone.scb.presentation/com.verifone.adc.presentation.view.activities.TransSuccessActivity} at 13 of 18
V/WindowManager(  791): not Base app: Adding window Window{22a0bbfa u0 com.verifone.scb.presentation/com.verifone.adc.presentation.view.activities.TransSuccessActivity} at 12 of 17
V/WindowManager(  791): not Base app: Adding window Window{35c6a7a1 u0 com.verifone.scb.presentation/com.verifone.adc.presentation.view.activities.TransSuccessActivity} at 13 of 18
I/ActivityManager(  791): START u0 {cmp=com.verifone.scb.presentation/com.verifone.adc.presentation.view.activities.MainActivity} from uid 10130 on display 0
W/BroadcastQueue(  791): Skipping deliver [background] BroadcastRecord{3560f38 u-1 android.net.conn.CONNECTIVITY_CHANGE} to ReceiverList{2197bb11 20650 (unknown name)/2000/u-1 remote:2a017aa}: process crashing
I/ActivityManager(  791): START u0 {act=android.intent.action.MAIN cat=[android.intent.category.LAUNCHER] flg=0x10200000 cmp=com.verifone.scb.presentation/com.verifone.adc.presentation.view.activities.SplashActivity} from uid 2000 on display 0
I/ActivityManager(  791): START u0 {cmp=com.verifone.scb.presentation/com.verifone.adc.presentation.view.activities.InputAmountActivity} from uid 10130 on display 0
V/WindowManager(  791): addAppToken: AppWindowToken{2bf8e6e4 token=Token{24620a77 ActivityRecord{8c00476 u0 com.verifone.scb.presentation/com.verifone.adc.presentation.view.activities.InputAmountActivity t948}}} to stack=1 task=948 at 3
V/WindowManager(  791): Adding window Window{3c1ff202 u0 com.verifone.scb.presentation/com.verifone.adc.presentation.view.activities.InputAmountActivity} at 5 of 10 (after Window{1239abd2 u0 com.verifone.scb.presentation/com.verifone.adc.presentation.view.activities.MainActivity})
I/ActivityManager(  791): START u0 {cmp=com.verifone.scb.presentation/com.verifone.adc.presentation.view.activities.InputTipAmountActivity} from uid 10130 on display 0
V/WindowManager(  791): addAppToken: AppWindowToken{2ac5bf5a token=Token{172dc305 ActivityRecord{38282e7c u0 com.verifone.scb.presentation/com.verifone.adc.presentation.view.activities.InputTipAmountActivity t948}}} to stack=1 task=948 at 4
V/WindowManager(  791): Adding window Window{1f07b668 u0 com.verifone.scb.presentation/com.verifone.adc.presentation.view.activities.InputTipAmountActivity} at 6 of 11 (after Window{3c1ff202 u0 com.verifone.scb.presentation/com.verifone.adc.presentation.view.activities.InputAmountActivity})
I/ActivityManager(  791): START u0 {cmp=com.verifone.scb.presentation/com.verifone.adc.presentation.view.activities.ChoicePaymentActivity} from uid 10130 on display 0
V/WindowManager(  791): addAppToken: AppWindowToken{14c8ea80 token=Token{157fab03 ActivityRecord{8fcdfb2 u0 com.verifone.scb.presentation/com.verifone.adc.presentation.view.activities.ChoicePaymentActivity t948}}} to stack=1 task=948 at 5
V/WindowManager(  791): Adding window Window{1c5544fe u0 com.verifone.scb.presentation/com.verifone.adc.presentation.view.activities.ChoicePaymentActivity} at 7 of 12 (after Window{1f07b668 u0 com.verifone.scb.presentation/com.verifone.adc.presentation.view.activities.InputTipAmountActivity})
I/ActivityManager(  791): START u0 {cmp=com.verifone.scb.presentation/com.verifone.adc.presentation.view.activities.CheckCardActivity} from uid 10130 on display 0
V/WindowManager(  791): addAppToken: AppWindowToken{2c7af5d6 token=Token{44c15f1 ActivityRecord{2fc98998 u0 com.verifone.scb.presentation/com.verifone.adc.presentation.view.activities.CheckCardActivity t948}}} to stack=1 task=948 at 6
V/WindowManager(  791): Adding window Window{799a744 u0 com.verifone.scb.presentation/com.verifone.adc.presentation.view.activities.CheckCardActivity} at 8 of 13 (after Window{1c5544fe u0 com.verifone.scb.presentation/com.verifone.adc.presentation.view.activities.ChoicePaymentActivity})
W/FileUtils( 4714): Failed to chmod(/storage/emulated/0/socsi/usageRecord.db): android.system.ErrnoException: chmod failed: EPERM (Operation not permitted)
W/FileUtils( 4714): Failed to chmod(/storage/emulated/0/socsi/usageRecord.db): android.system.ErrnoException: chmod failed: EPERM (Operation not permitted)
W/FileUtils( 4714): Failed to chmod(/storage/emulated/0/socsi/usageRecord.db): android.system.ErrnoException: chmod failed: EPERM (Operation not permitted)
I/ActivityManager(  791): START u0 {cmp=com.verifone.scb.presentation/com.verifone.adc.presentation.view.activities.EmvActivity} from uid 10130 on display 0
V/WindowManager(  791): addAppToken: AppWindowToken{bfb356b token=Token{24eff2ba ActivityRecord{275d27e5 u0 com.verifone.scb.presentation/com.verifone.adc.presentation.view.activities.EmvActivity t948}}} to stack=1 task=948 at 7
W/FileUtils( 4714): Failed to chmod(/storage/emulated/0/socsi/usageRecord.db): android.system.ErrnoException: chmod failed: EPERM (Operation not permitted)
V/WindowManager(  791): Adding window Window{3fbd5d61 u0 com.verifone.scb.presentation/com.verifone.adc.presentation.view.activities.EmvActivity} at 9 of 14 (after Window{799a744 u0 com.verifone.scb.presentation/com.verifone.adc.presentation.view.activities.CheckCardActivity})
I/ActivityManager(  791): START u0 {cmp=com.verifone.scb.presentation/com.verifone.adc.presentation.view.activities.NetworkProcessActivity} from uid 10130 on display 0
V/WindowManager(  791): addAppToken: AppWindowToken{b170e3f token=Token{242b1a5e ActivityRecord{49b5799 u0 com.verifone.scb.presentation/com.verifone.adc.presentation.view.activities.NetworkProcessActivity t948}}} to stack=1 task=948 at 8
V/WindowManager(  791): Adding window Window{c0d455 u0 com.verifone.scb.presentation/com.verifone.adc.presentation.view.activities.NetworkProcessActivity} at 10 of 15 (after Window{3fbd5d61 u0 com.verifone.scb.presentation/com.verifone.adc.presentation.view.activities.EmvActivity})
I/ActivityManager(  791): START u0 {cmp=com.verifone.scb.presentation/com.verifone.adc.presentation.view.activities.TransSuccessActivity} from uid 10130 on display 0
V/WindowManager(  791): addAppToken: AppWindowToken{2750390d token=Token{33e217a4 ActivityRecord{de28637 u0 com.verifone.scb.presentation/com.verifone.adc.presentation.view.activities.TransSuccessActivity t948}}} to stack=1 task=948 at 9
V/WindowManager(  791): Adding window Window{2a4f4ed3 u0 com.verifone.scb.presentation/com.verifone.adc.presentation.view.activities.TransSuccessActivity} at 11 of 16 (after Window{c0d455 u0 com.verifone.scb.presentation/com.verifone.adc.presentation.view.activities.NetworkProcessActivity})
V/WindowManager(  791): Adding window Window{2b545909 u0 com.verifone.scb.presentation/com.verifone.adc.presentation.view.activities.TransSuccessActivity} at 11 of 17 (before Window{2a4f4ed3 u0 com.verifone.scb.presentation/com.verifone.adc.presentation.view.activities.TransSuccessActivity})
V/WindowManager(  791): not Base app: Adding window Window{a4e7f7d u0 com.verifone.scb.presentation/com.verifone.adc.presentation.view.activities.TransSuccessActivity} at 13 of 18
V/WindowManager(  791): not Base app: Adding window Window{2dd992c3 u0 com.verifone.scb.presentation/com.verifone.adc.presentation.view.activities.TransSuccessActivity} at 12 of 17
V/WindowManager(  791): not Base app: Adding window Window{2d71fbe u0 com.verifone.scb.presentation/com.verifone.adc.presentation.view.activities.TransSuccessActivity} at 13 of 18
I/ActivityManager(  791): START u0 {cmp=com.verifone.scb.presentation/com.verifone.adc.presentation.view.activities.MainActivity} from uid 10130 on display 0
W/BroadcastQueue(  791): Skipping deliver [background] BroadcastRecord{333f0fe9 u-1 android.net.conn.CONNECTIVITY_CHANGE} to ReceiverList{3fe8f46e 20707 (unknown name)/2000/u-1 remote:2334b2b3}: process crashing
I/ActivityManager(  791): START u0 {act=android.intent.action.MAIN cat=[android.intent.category.LAUNCHER] flg=0x10200000 cmp=com.verifone.scb.presentation/com.verifone.adc.presentation.view.activities.SplashActivity} from uid 2000 on display 0
I/ActivityManager(  791): START u0 {cmp=com.verifone.scb.presentation/com.verifone.adc.presentation.view.activities.InputAmountActivity} from uid 10130 on display 0
V/WindowManager(  791): addAppToken: AppWindowToken{3efc1a5 token=Token{370e839c ActivityRecord{2bbdc70f u0 com.verifone.scb.presentation/com.verifone.adc.presentation.view.activities.InputAmountActivity t948}}} to stack=1 task=948 at 3
V/WindowManager(  791): Adding window Window{19c52b u0 com.verifone.scb.presentation/com.verifone.adc.presentation.view.activities.InputAmountActivity} at 5 of 10 (after Window{1239abd2 u0 com.verifone.scb.presentation/com.verifone.adc.presentation.view.activities.MainActivity})
I/UsageStatsService(  791): User[0] Flushing usage stats to disk
I/ActivityManager(  791): START u0 {cmp=com.verifone.scb.presentation/com.verifone.adc.presentation.view.activities.InputTipAmountActivity} from uid 10130 on display 0
V/WindowManager(  791): addAppToken: AppWindowToken{3e4faea3 token=Token{35022dd2 ActivityRecord{3f25805d u0 com.verifone.scb.presentation/com.verifone.adc.presentation.view.activities.InputTipAmountActivity t948}}} to stack=1 task=948 at 4
V/WindowManager(  791): Adding window Window{1abec559 u0 com.verifone.scb.presentation/com.verifone.adc.presentation.view.activities.InputTipAmountActivity} at 6 of 11 (after Window{19c52b u0 com.verifone.scb.presentation/com.verifone.adc.presentation.view.activities.InputAmountActivity})
I/ActivityManager(  791): START u0 {cmp=com.verifone.scb.presentation/com.verifone.adc.presentation.view.activities.ChoicePaymentActivity} from uid 10130 on display 0
V/WindowManager(  791): addAppToken: AppWindowToken{272c691 token=Token{1cd018b8 ActivityRecord{e3a4f1b u0 com.verifone.scb.presentation/com.verifone.adc.presentation.view.activities.ChoicePaymentActivity t948}}} to stack=1 task=948 at 5
V/WindowManager(  791): Adding window Window{2a24c1f7 u0 com.verifone.scb.presentation/com.verifone.adc.presentation.view.activities.ChoicePaymentActivity} at 7 of 12 (after Window{1abec559 u0 com.verifone.scb.presentation/com.verifone.adc.presentation.view.activities.InputTipAmountActivity})
I/ActivityManager(  791): START u0 {cmp=com.verifone.scb.presentation/com.verifone.adc.presentation.view.activities.CheckCardActivity} from uid 10130 on display 0
V/WindowManager(  791): addAppToken: AppWindowToken{2c0bf8ef token=Token{316b41ce ActivityRecord{30eb6c9 u0 com.verifone.scb.presentation/com.verifone.adc.presentation.view.activities.CheckCardActivity t948}}} to stack=1 task=948 at 6
V/WindowManager(  791): Adding window Window{3dc2f685 u0 com.verifone.scb.presentation/com.verifone.adc.presentation.view.activities.CheckCardActivity} at 8 of 13 (after Window{2a24c1f7 u0 com.verifone.scb.presentation/com.verifone.adc.presentation.view.activities.ChoicePaymentActivity})
W/FileUtils( 4714): Failed to chmod(/storage/emulated/0/socsi/usageRecord.db): android.system.ErrnoException: chmod failed: EPERM (Operation not permitted)
W/FileUtils( 4714): Failed to chmod(/storage/emulated/0/socsi/usageRecord.db): android.system.ErrnoException: chmod failed: EPERM (Operation not permitted)
W/FileUtils( 4714): Failed to chmod(/storage/emulated/0/socsi/usageRecord.db): android.system.ErrnoException: chmod failed: EPERM (Operation not permitted)
I/ActivityManager(  791): START u0 {cmp=com.verifone.scb.presentation/com.verifone.adc.presentation.view.activities.EmvActivity} from uid 10130 on display 0
V/WindowManager(  791): addAppToken: AppWindowToken{2dec0400 token=Token{26413a83 ActivityRecord{794fd32 u0 com.verifone.scb.presentation/com.verifone.adc.presentation.view.activities.EmvActivity t948}}} to stack=1 task=948 at 7
W/FileUtils( 4714): Failed to chmod(/storage/emulated/0/socsi/usageRecord.db): android.system.ErrnoException: chmod failed: EPERM (Operation not permitted)
V/WindowManager(  791): Adding window Window{2c11ba7e u0 com.verifone.scb.presentation/com.verifone.adc.presentation.view.activities.EmvActivity} at 9 of 14 (after Window{3dc2f685 u0 com.verifone.scb.presentation/com.verifone.adc.presentation.view.activities.CheckCardActivity})
I/ActivityManager(  791): START u0 {cmp=com.verifone.scb.presentation/com.verifone.adc.presentation.view.activities.NetworkProcessActivity} from uid 10130 on display 0
V/WindowManager(  791): addAppToken: AppWindowToken{9988c4 token=Token{373a87d7 ActivityRecord{da09b56 u0 com.verifone.scb.presentation/com.verifone.adc.presentation.view.activities.NetworkProcessActivity t948}}} to stack=1 task=948 at 8
V/WindowManager(  791): Adding window Window{32316e2 u0 com.verifone.scb.presentation/com.verifone.adc.presentation.view.activities.NetworkProcessActivity} at 10 of 15 (after Window{2c11ba7e u0 com.verifone.scb.presentation/com.verifone.adc.presentation.view.activities.EmvActivity})
I/ActivityManager(  791): START u0 {cmp=com.verifone.scb.presentation/com.verifone.adc.presentation.view.activities.TransSuccessActivity} from uid 10130 on display 0
V/WindowManager(  791): addAppToken: AppWindowToken{4aca03a token=Token{1921b65 ActivityRecord{2c3f2c5c u0 com.verifone.scb.presentation/com.verifone.adc.presentation.view.activities.TransSuccessActivity t948}}} to stack=1 task=948 at 9
V/WindowManager(  791): Adding window Window{2fc0b248 u0 com.verifone.scb.presentation/com.verifone.adc.presentation.view.activities.TransSuccessActivity} at 11 of 16 (after Window{32316e2 u0 com.verifone.scb.presentation/com.verifone.adc.presentation.view.activities.NetworkProcessActivity})
V/WindowManager(  791): Adding window Window{36b48606 u0 com.verifone.scb.presentation/com.verifone.adc.presentation.view.activities.TransSuccessActivity} at 11 of 17 (before Window{2fc0b248 u0 com.verifone.scb.presentation/com.verifone.adc.presentation.view.activities.TransSuccessActivity})
V/WindowManager(  791): not Base app: Adding window Window{1e8d8bea u0 com.verifone.scb.presentation/com.verifone.adc.presentation.view.activities.TransSuccessActivity} at 13 of 18
V/WindowManager(  791): not Base app: Adding window Window{20293d78 u0 com.verifone.scb.presentation/com.verifone.adc.presentation.view.activities.TransSuccessActivity} at 12 of 17
V/WindowManager(  791): not Base app: Adding window Window{30e8bdb7 u0 com.verifone.scb.presentation/com.verifone.adc.presentation.view.activities.TransSuccessActivity} at 13 of 18
I/ActivityManager(  791): START u0 {cmp=com.verifone.scb.presentation/com.verifone.adc.presentation.view.activities.MainActivity} from uid 10130 on display 0
W/BroadcastQueue(  791): Skipping deliver [background] BroadcastRecord{26af7f66 u-1 android.net.conn.CONNECTIVITY_CHANGE} to ReceiverList{206e82a7 20763 (unknown name)/2000/u-1 remote:2322f4a8}: process crashing
I/ActivityManager(  791): START u0 {act=android.intent.action.MAIN cat=[android.intent.category.LAUNCHER] flg=0x10200000 cmp=com.verifone.scb.presentation/com.verifone.adc.presentation.view.activities.SplashActivity} from uid 2000 on display 0
I/ActivityManager(  791): START u0 {cmp=com.verifone.scb.presentation/com.verifone.adc.presentation.view.activities.InputAmountActivity} from uid 10130 on display 0
V/WindowManager(  791): addAppToken: AppWindowToken{8a42bf2 token=Token{177622fd ActivityRecord{2f06b354 u0 com.verifone.scb.presentation/com.verifone.adc.presentation.view.activities.InputAmountActivity t948}}} to stack=1 task=948 at 3
V/WindowManager(  791): Adding window Window{14c5b0c0 u0 com.verifone.scb.presentation/com.verifone.adc.presentation.view.activities.InputAmountActivity} at 5 of 10 (after Window{1239abd2 u0 com.verifone.scb.presentation/com.verifone.adc.presentation.view.activities.MainActivity})
I/ActivityManager(  791): START u0 {cmp=com.verifone.scb.presentation/com.verifone.adc.presentation.view.activities.InputTipAmountActivity} from uid 10130 on display 0
V/WindowManager(  791): addAppToken: AppWindowToken{550d7d8 token=Token{169816bb ActivityRecord{a79474a u0 com.verifone.scb.presentation/com.verifone.adc.presentation.view.activities.InputTipAmountActivity t948}}} to stack=1 task=948 at 4
V/WindowManager(  791): Adding window Window{2a8c8e16 u0 com.verifone.scb.presentation/com.verifone.adc.presentation.view.activities.InputTipAmountActivity} at 6 of 11 (after Window{14c5b0c0 u0 com.verifone.scb.presentation/com.verifone.adc.presentation.view.activities.InputAmountActivity})
I/ActivityManager(  791): START u0 {cmp=com.verifone.scb.presentation/com.verifone.adc.presentation.view.activities.ChoicePaymentActivity} from uid 10130 on display 0
V/WindowManager(  791): addAppToken: AppWindowToken{2bff49ee token=Token{220b4b69 ActivityRecord{2606c9f0 u0 com.verifone.scb.presentation/com.verifone.adc.presentation.view.activities.ChoicePaymentActivity t948}}} to stack=1 task=948 at 5
V/WindowManager(  791): Adding window Window{16a6951c u0 com.verifone.scb.presentation/com.verifone.adc.presentation.view.activities.ChoicePaymentActivity} at 7 of 12 (after Window{2a8c8e16 u0 com.verifone.scb.presentation/com.verifone.adc.presentation.view.activities.InputTipAmountActivity})
I/ActivityManager(  791): START u0 {cmp=com.verifone.scb.presentation/com.verifone.adc.presentation.view.activities.CheckCardActivity} from uid 10130 on display 0
V/WindowManager(  791): addAppToken: AppWindowToken{31a66bb4 token=Token{5126087 ActivityRecord{1ee2a8c6 u0 com.verifone.scb.presentation/com.verifone.adc.presentation.view.activities.CheckCardActivity t948}}} to stack=1 task=948 at 6
V/WindowManager(  791): Adding window Window{1dd08b52 u0 com.verifone.scb.presentation/com.verifone.adc.presentation.view.activities.CheckCardActivity} at 8 of 13 (after Window{16a6951c u0 com.verifone.scb.presentation/com.verifone.adc.presentation.view.activities.ChoicePaymentActivity})
W/FileUtils( 4714): Failed to chmod(/storage/emulated/0/socsi/usageRecord.db): android.system.ErrnoException: chmod failed: EPERM (Operation not permitted)
W/FileUtils( 4714): Failed to chmod(/storage/emulated/0/socsi/usageRecord.db): android.system.ErrnoException: chmod failed: EPERM (Operation not permitted)
W/FileUtils( 4714): Failed to chmod(/storage/emulated/0/socsi/usageRecord.db): android.system.ErrnoException: chmod failed: EPERM (Operation not permitted)
W/FileUtils( 4714): Failed to chmod(/storage/emulated/0/socsi/usageRecord.db): android.system.ErrnoException: chmod failed: EPERM (Operation not permitted)
I/ActivityManager(  791): START u0 {cmp=com.verifone.scb.presentation/com.verifone.adc.presentation.view.activities.EmvActivity} from uid 10130 on display 0
V/WindowManager(  791): addAppToken: AppWindowToken{163cd211 token=Token{33952238 ActivityRecord{72f8e9b u0 com.verifone.scb.presentation/com.verifone.adc.presentation.view.activities.EmvActivity t948}}} to stack=1 task=948 at 7
V/WindowManager(  791): Adding window Window{19ee7977 u0 com.verifone.scb.presentation/com.verifone.adc.presentation.view.activities.EmvActivity} at 9 of 14 (after Window{1dd08b52 u0 com.verifone.scb.presentation/com.verifone.adc.presentation.view.activities.CheckCardActivity})
--------- beginning of main
I/clss_kernel_main( 4714): <clss_main_getstr,994>:clss_main_getstr context address = 0xB7FC7058
I/IPBOCManager( 4714): tag:9A(5)=9A03190508
I/clss_kernel_main( 4714): <clss_main_getstr,994>:clss_main_getstr context address = 0xB7FC7058
I/IPBOCManager( 4714): tag:9C(3)=9C0100
I/clss_kernel_main( 4714): <clss_main_getstr,994>:clss_main_getstr context address = 0xB7FC7058
I/IPBOCManager( 4714): tag:9F02(9)=9F0206000000000015
I/clss_kernel_main( 4714): <clss_main_getstr,994>:clss_main_getstr context address = 0xB7FC7058
I/IPBOCManager( 4714): tag:9F03(9)=9F0306000000000000
I/clss_kernel_main( 4714): <clss_main_getstr,994>:clss_main_getstr context address = 0xB7FC7058
I/IPBOCManager( 4714): tag:9F09(5)=9F09020200
I/clss_kernel_main( 4714): <clss_main_getstr,994>:clss_main_getstr context address = 0xB7FC7058
I/IPBOCManager( 4714): tag:9F10(10)=9F100706010A03A00000
I/clss_kernel_main( 4714): <clss_main_getstr,994>:clss_main_getstr context address = 0xB7FC7058
I/IPBOCManager( 4714): tag:9F1A(5)=9F1A020764
I/clss_kernel_main( 4714): <clss_main_getstr,994>:clss_main_getstr context address = 0xB7FC7058
I/IPBOCManager( 4714): tag:9F1E(11)=9F1E083230303031303733
I/clss_kernel_main( 4714): <clss_main_getstr,994>:clss_main_getstr context address = 0xB7FC7058
