I/System.out( 4801): Iso8583TransData : [(Iso8583TransData.java:3556)(A)] this.getF11_StanNum => 006147
I/System.out( 4801): Iso8583TransData : [(Iso8583TransData.java:3561)(A)] this.getF12_TranTime => 103952
I/System.out( 4801): Utils : [(Utils.java:610)(A)] 20190508103951
I/System.out( 4801): Iso8583TransData : [(Iso8583TransData.java:3566)(A)] this.getF13_TranDate => 0508
I/System.out( 4801): Iso8583TransData : [(Iso8583TransData.java:3591)(A)] this.getF37_RetRefNo => 000000654321
I/System.out( 4801): Iso8583TransData : [(Iso8583TransData.java:3596)(A)] this.getF38_AuthID => 456789
I/System.out( 4801): Iso8583TransData : [(Iso8583TransData.java:3601)(A)] this.getF39_ResCode => 00
I/System.out( 4801): Iso8583TransData : [(Iso8583TransData.java:3644)(A)] this.getF41_TerminalID => 71710074
I/System.out( 4801): Iso8583TransData : [(Iso8583TransData.java:3791)(A)] 02545830330130303030303042505453434220506F696E747320506F6F6C24202000520000019999000000002600000000000013000130303030303042505453434220506F696E747320506F6F6C2420200043000002333600000000233360000001476574207370656369616C20646973636F756E742032302520576F5720576F5720666F72206E657874207472616E73616374696F6E207768656E2072656465656D20706F696E74206F6E2074686973206D6F6E7468206F6E6C792062757420676574206F6E6C792031302520666F72206E657874207472616E73616374696F6E206E657874206D6F6E7468202B545F5F54202B2121210000000000000000
I/System.out( 4801): Iso8583TransData : [(Iso8583TransData.java:3985)(A)] transData.getF63_hostNote => 45830330130303030303042505453434220506F696E747320506F6F6C24202000520000019999000000002600000000000013000130303030303042505453434220506F696E747320506F6F6C2420200043000002333600000000233360000001476574207370656369616C20646973636F756E742032302520576F5720576F5720666F72206E657874207472616E73616374696F6E207768656E2072656465656D20706F696E74206F6E2074686973206D6F6E7468206F6E6C792062757420676574206F6E6C792031302520666F72206E657874207472616E73616374696F6E206E657874206D6F6E7468202B545F5F54202B2121210000000000000000
I/System.out( 4801): Iso8583TransData : [(Iso8583TransData.java:3990)(A)] transData.getF63_Field63 => 02545830330130303030303042505453434220506F696E747320506F6F6C24202000520000019999000000002600000000000013000130303030303042505453434220506F696E747320506F6F6C2420200043000002333600000000233360000001476574207370656369616C20646973636F756E742032302520576F5720576F5720666F72206E657874207472616E73616374696F6E207768656E2072656465656D20706F696E74206F6E2074686973206D6F6E7468206F6E6C792062757420676574206F6E6C792031302520666F72206E657874207472616E73616374696F6E206E657874206D6F6E7468202B545F5F54202B2121210000000000000000
I/System.out( 4801): Iso8583Process : [(Iso8583Process.java:457)(A)] =========================================================================================
I/System.out( 4801): TransUseCase : [(TransUseCase.java:440)(A)] updateSystemTime to 20190508 103952
I/DeviceService( 4714): DeviceInfoManager getDeviceInfo() executed
I/DeviceInfoManager( 4714): DeviceInfoManager getInstance() executed
I/DeviceInfoManager( 4714): updateSystemTime() executed, date=20190508, time=103952
I/DeviceInfoManager( 4714): get system datetime=20190508103951
I/DeviceInfoManager( 4714): set datetime=201948103952
I/SocsiSystemService(  791): getK21CommandService mK21CommandService=com.socsi.aidl.command.CommandTransfer$Stub$Proxy@1a6d7d60;
I/SocsiSystemService(  791): getK21CommandService mK21CommandService=com.socsi.aidl.command.CommandTransfer$Stub$Proxy@1a6d7d60;
D/CommandService_HandleProtocol( 4223): send >>> [1D04 null]
D/CommandService_HandleProtocol( 4223): send >>> [3230313930353038313033393532]
D/CommandService_HandleProtocol( 4223): 
D/CommandService_HandleProtocol( 4223): recv <<< [1D04 null]
D/CommandService_HandleProtocol( 4223): recv <<< [00] []
D/CommandService_HandleProtocol( 4223): 
D/SocsiSystemService(  791): setRTC ret = true
D/AlarmManagerService(  791): Setting time of day to sec=1557283192
W/AlarmManagerService(  791): Unable to set rtc to 1557283192: Invalid argument
I/DeviceInfoManager( 4714): set system datetime ret=false
I/System.out( 4801): UseCaseNormalTrans : [(UseCaseNormalTrans.java:413)(A)] 
I/System.out( 4801): UseCaseNormalTrans : [(UseCaseNormalTrans.java:216)(I)] SysTrace 006147
V/TimerSwitch( 4298): AlarmInitReceiver android.intent.action.TIME_SET
D/TimerSwitch( 4298): initReceiver:android.intent.action.TIME_SET
V/TimerSwitch( 4298): AlarmInitReceiver finished
D/TimeService( 4459): Receivedandroid.intent.action.TIME_SET intent. Current Time is 1557283192602
D/        ( 4459): TimeServiceNative: User Time to be set is 1557283192602
D/QC-time-services( 4459): Lib:time_genoff_operation: pargs->base = 2
D/QC-time-services( 4459): Lib:time_genoff_operation: pargs->operation = 0
D/QC-time-services( 4459): Lib:time_genoff_operation: pargs->ts_val = 1557283192602
D/QC-time-services( 4459): Lib:time_genoff_operation: Send to server  passed!!
D/QC-time-services(  301): Daemon: Connection accepted:time_genoff
D/QC-time-services(  301): Daemon:Received base = 2, unit = 1, operation = 0,value = 1557283192602
D/QC-time-services(  301): Daemon:genoff_opr: Base = 2, val = 1557283192602, operation = 0
D/QC-time-services(  301): Daemon:rtc_get: Time read from RTC -- MM/DD/YY HH:MM:SS6/2/70 20:31:29
D/QC-time-services(  301): Daemon:Value read from RTC seconds = 15798689000
D/QC-time-services(  301): Daemon:new time 1557283192602 
D/QC-time-services(  301): Daemon: delta 1541484503602 genoff 1541484503602 
D/QC-time-services(  301): Daemon:genoff_persistent_update: Writing genoff = 1541484503602 to memory
D/QC-time-services(  301): Daemon:Opening File: /data/time/ats_2
D/QC-time-services(  301): Daemon:time_persistent_memory_opr:Genoff write operation 
I/System.out( 4801): UseCaseNormalTrans.java : [(UseCaseNormalTrans.java:226)(I)] putCurTranDataParameter
I/System.out( 4801): UseCaseNormalTrans.java : [(UseCaseNormalTrans.java:227)(I)] putSystemParameter
I/System.out( 4801): UseCaseNormalTrans.java : [(UseCaseNormalTrans.java:228)(I)] putRecordInformation
D/QC-time-services(  301): Updating the TOD offset
D/QC-time-services(  301): Daemon:genoff_persistent_update: Writing genoff = 1541484503602 to memory
D/QC-time-services(  301): Daemon:Opening File: /data/time/ats_1
D/QC-time-services(  301): Daemon:time_persistent_memory_opr:Genoff write operation 
I/System.out( 4801): UseCaseNormalTrans.java : [(UseCaseNormalTrans.java:229)(I)] putTLEKey
I/System.out( 4801): UseCaseNormalTrans.java : [(UseCaseNormalTrans.java:230)(I)] 0
I/System.out( 4801): database : [(TransactionRepositoryImpl.java:240)(PutCurTranDataParameter)] putCurTranDataParameter
E/QC-time-services( 4459): Receive Passed == base = 2, unit = 1, operation = 0, result = 0
E/QC-time-services(  301): Daemon:Update to modem bit set
D/QC-time-services(  301): Daemon:genoff_send_modem: Sending data to MODEM !
D/QC-time-services(  301): Daemon: Base = 2, Value being sent to MODEM = 1225519703602
I/System.out( 4801): database : [(TransactionRepositoryImpl.java:573)(PutRecordInformation)] putRecordInformation
E/QC-time-services(  301): Daemon:tod_update_ind_cb: Got Update from modem msg_id 40
E/QC-time-services(  301): Daemon: Time-services: Waiting to acceptconnection
I/System.out( 4801): DBFunHostInfo : [(DBFunAcquirerHostInfo.java:51)(A)] Select 1 trans record successfully
I/System.out( 4801): database : [(TransactionRepositoryImpl.java:1671)(PutHostInfo)] putTLEKey
D/StatusBar.NetworkController( 3181): refreshViews: Data not connected!! Set no data type icon / Roaming
I/System.out( 4801): database : [(TransactionRepositoryImpl.java:579)(C)] putRecordInformation systrace006147
I/System.out( 4801): database_record : [(DBFunRecordInfo.java:157)(A)] Put normal record
I/System.out( 4801): database_record : [(DBFunRecordInfo.java:180)(A)] Update a  record    004063   Stan : 006147
I/System.out( 4801): DBFunHostInfo : [(DBFunAcquirerHostInfo.java:34)(A)] Update a host record, acquirerType=1
I/System.out( 4801): SaleUIFlow : [(BaseTransFlow.java:276)(Run)] isUIStateNeedCheckTimeout=0
I/System.out( 4801): TAG : [(NetworkProcessPresenter.java:501)(A)] Comm status=ON_RECEIVED
I/System.out( 4801): TAG : [(NetworkProcessPresenter.java:466)(K)] Do checkPostTrans
I/System.out( 4801): TAG : [(NetworkProcessPresenter.java:468)(K)] tranId=10001
I/System.out( 4801): database : [(TransactionRepositoryImpl.java:251)(GetCurTranDataParameter)] getCurTranDataParameter
I/System.out( 4801): UseCaseCheckUpLoadTrans : [(UseCaseCheckUpLoadTrans.java:94)(B)] , :Sale
I/System.out( 4801): database : [(TransactionRepositoryImpl.java:135)(GetSystemParam)] getSystemParam
I/System.out( 4801): UseCaseCheckUpLoadTrans : [(UseCaseCheckUpLoadTrans.java:109)(B)] isSupportTCUpload=true
I/System.out( 4801): database : [(TransactionRepositoryImpl.java:1251)(IsSCBTCUploadExist)] isSCBTCUploadExist
I/System.out( 4801): database : [(TransactionRepositoryImpl.java:1388)(F)] is has tip record : false
I/System.out( 4801): database : [(TransactionRepositoryImpl.java:1419)(D)] is has tip record : false
I/System.out( 4801): database : [(TransactionRepositoryImpl.java:1627)(C)] isOfflineVoidRecoExist ? false
I/System.out( 4801): database : [(TransactionRepositoryImpl.java:1254)(K)] isSCBTCUploadExist? false
I/System.out( 4801): UseCaseCheckUpLoadTrans : [(UseCaseCheckUpLoadTrans.java:127)(A)] CheckPostTrans => UploadTransType size():0
I/System.out( 4801): TAG : [(NetworkProcessPresenter.java:137)(F)] Do filterTransTypes
I/System.out( 4801): TAG : [(NetworkProcessPresenter.java:480)(G)] uploadTransTypes len=0
I/System.out( 4801): TAG : [(NetworkProcessPresenter.java:191)(B)] doTransNetworkProcess oncomplete
I/System.out( 4801): database : [(TransactionRepositoryImpl.java:251)(GetCurTranDataParameter)] getCurTranDataParameter
I/System.out( 4801): NetworkProcessPresenter : [(NetworkProcessPresenter.java:416)(I)] isNeedESign aid=A0000000031010
I/System.out( 4801): DBTAG : [(DBFunAIDParam.java:41)(A)] AIDParams size=6
I/System.out( 4801): DBTAG : [(DBFunAIDParam.java:65)(A)] Find first part match AID=A0000000031010 CVMLimit=000000150000
I/System.out( 4801): DBTAG : [(DBFunAIDParam.java:83)(A)] dbGetCTLSCVMLimit cvmLimit=000000150000
I/System.out( 4801): TAG : [(UseCaseGetCTLSCVMLimit.java:28)(A)] UseCaseGetCTLSCVMLimit ctlsCVMLimit=000000150000
I/System.out( 4801): NetworkProcessPresenter : [(NetworkProcessPresenter.java:426)(I)] amount=000000000015 tipAmount=000000000000 ctlsCVMLimit=000000150000
I/System.out( 4801): NetworkProcessPresenter : [(NetworkProcessPresenter.java:445)(I)] hostType=1 InputPin=false
I/System.out( 4801): NetworkProcessPresenter : [(NetworkProcessPresenter.java:448)(I)] isSupport esign=false
I/System.out( 4801): UseCasePutCurTranData : [(UseCasePutCurTranData.java:32)(A)] putCurTranDataParametercom.verifone.adc.domain.entities.bo.RecordInformation@39e4cfd6
I/System.out( 4801): database : [(TransactionRepositoryImpl.java:240)(PutCurTranDataParameter)] putCurTranDataParameter
I/System.out( 4801): UINavigator : [(UINavigator.java:28)(A)] transUiFlow=not null
I/System.out( 4801): UINavigator : [(UINavigator.java:30)(A)] transUiFlow = SaleUIFlow
I/System.out( 4801): UINavigator : [(UINavigator.java:54)(B)] LastUIname=com.verifone.adc.presentation.view.activities.EmvActivity
I/System.out( 4801): UINavigator : [(UINavigator.java:55)(B)] CurrentUIName=com.verifone.adc.presentation.view.activities.NetworkProcessActivity
I/System.out( 4801): SaleUIFlow : [(BaseTransFlow.java:75)(IsCorrectUIEntry)] uiState=9
I/System.out( 4801): SaleUIFlow : [(BaseTransFlow.java:76)(IsCorrectUIEntry)] context class name=NetworkProcessActivity
I/System.out( 4801): TAG : [(AndroidUtil.java:22)(A)] Start activity[TransSuccessActivity]
I/Timeline( 4801): Timeline: Activity_launch_request id:com.verifone.scb.presentation time:23867855
I/ActivityManager(  791): START u0 {cmp=com.verifone.scb.presentation/com.verifone.adc.presentation.view.activities.TransSuccessActivity} from uid 10130 on display 0
V/WindowManager(  791): addAppToken: AppWindowToken{639ca03 token=Token{3e01ab2 ActivityRecord{30594bd u0 com.verifone.scb.presentation/com.verifone.adc.presentation.view.activities.TransSuccessActivity t948}}} to stack=1 task=948 at 9
I/System.out( 4801): BaseMvpActivity : [(BaseMvpActivity.java:85)(OnPause)] ----onPause=NetworkProcessActivity
I/System.out( 4801): BaseMvpActivity : [(BaseMvpActivity.java:26)(OnCreate)] ----onCreate=TransSuccessActivity
I/System.out( 4801): database : [(TransactionRepositoryImpl.java:251)(GetCurTranDataParameter)] getCurTranDataParameter
I/System.out( 4801): database : [(TransactionRepositoryImpl.java:115)(GetSystemParameter)] getSystemParameter
I/DBTerminalStatusConver( 4801): getModelValue fromJson:com.verifone.adc.domain.entities.bo.TerminalStatusParam@38ce67bf
I/TransSuccessActivity( 4801): acquireWakeLock: TransSuccessActivity
I/System.out( 4801): BaseMvpActivity : [(BaseMvpActivity.java:63)(OnStart)] ----onStart=TransSuccessActivity
I/System.out( 4801): BasePresenter : [(BasePresenter.java:30)(AttachUI)] ============attachUI
I/System.out( 4801): BasePresenter : [(BasePresenter.java:32)(AttachUI)] UI=TransSuccessActivity
I/System.out( 4801): TransSuccessPresenter : [(TransSuccessPresenter.java:224)(I)] loadAmount tradingType name=Sale
I/System.out( 4801): TAG : [(TvShowUtil.java:24)(A)] Amount=000000000015
I/System.out( 4801): TAG : [(TvShowUtil.java:41)(A)] Amount=15
I/System.out( 4801): TAG : [(TvShowUtil.java:49)(A)] Amount=0.15
I/System.out( 4801): TransSuccessActivity : [(BaseActivity.java:177)(A)] setLoadingDialogStatus is true
I/System.out( 4801): TransSuccessActivity : [(BaseActivity.java:179)(A)] loadingDialog is null
I/System.out( 4801): TransSuccessActivity : [(BaseActivity.java:182)(A)] loadingDialog isShowing false
I/ViewRootImpl( 4801): CPU Rendering VSync enable = true
V/WindowManager(  791): Adding window Window{fbbfb9 u0 com.verifone.scb.presentation/com.verifone.adc.presentation.view.activities.TransSuccessActivity} at 11 of 16 (after Window{1cd548b u0 com.verifone.scb.presentation/com.verifone.adc.presentation.view.activities.NetworkProcessActivity})
I/System.out( 4801): TransSuccessPresenter : [(TransSuccessPresenter.java:317)(A)] Print finished004063006147
I/System.out( 4801): database : [(TransactionRepositoryImpl.java:410)(GetRecordInformation)] getRecordInformation traceNum: 004063
I/System.out( 4801): database_record : [(DBFunRecordInfo.java:286)(B)] trace : 004063Stan : 006147
I/PrintTransReceiptModel( 4801): loadPrintReceiptsInfos: executed,  currPrintReceiptNumber0
I/System.out( 4801): database : [(TransactionRepositoryImpl.java:115)(GetSystemParameter)] getSystemParameter
I/PrintTransReceiptModel( 4801): checkIsAllPrintFinish currPrintReceiptNumber: 0  receiptNumber 2
I/System.out( 4801): getReceiptPrintDark : [(PrintTransReceiptModel.java:140)(A)] getReceiptPrintDark: 6
I/System.out( 4801): database : [(TransactionRepositoryImpl.java:115)(GetSystemParameter)] getSystemParameter
I/System.out( 4801): TAG : [(BasePrintModel.java:192)(A)] -----------text = Siam Commercial Bank
I/System.out( 4801): TAG : [(BasePrintModel.java:192)(A)] -----------text =   VERIFONE Co.,Ltd.
I/System.out( 4801): TAG : [(BasePrintModel.java:192)(A)] -----------text =     Head Office
I/System.out( 4801): BasePrintModel.java : [(BasePrintModel.java:281)(A)] TAG, contentLen=14
I/System.out( 4801): BasePrintModel.java : [(BasePrintModel.java:281)(A)] TAG, contentLen=11
I/System.out( 4801): BasePrintModel.java : [(BasePrintModel.java:281)(A)] TAG, contentLen=14
I/System.out( 4801): BasePrintModel.java : [(BasePrintModel.java:281)(A)] TAG, contentLen=12
I/System.out( 4801): BasePrintModel.java : [(BasePrintModel.java:281)(A)] TAG, contentLen=12
I/System.out( 4801): BasePrintModel.java : [(BasePrintModel.java:281)(A)] TAG, contentLen=15
I/System.out( 4801): BasePrintModel.java : [(BasePrintModel.java:281)(A)] TAG, contentLen=27
I/System.out( 4801): BasePrintModel.java : [(BasePrintModel.java:281)(A)] TAG, contentLen=18
I/System.out( 4801): BasePrintModel.java : [(BasePrintModel.java:281)(A)] TAG, contentLen=28
I/System.out( 4801): BasePrintModel.java : [(BasePrintModel.java:281)(A)] TAG, contentLen=15
I/System.out( 4801): BasePrintModel.java : [(BasePrintModel.java:281)(A)] TAG, contentLen=19
I/System.out( 4801): BasePrintModel.java : [(BasePrintModel.java:281)(A)] TAG, contentLen=17
I/System.out( 4801): BasePrintModel.java : [(BasePrintModel.java:281)(A)] TAG, contentLen=20
I/System.out( 4801): BasePrintModel.java : [(BasePrintModel.java:281)(A)] TAG, contentLen=13
I/System.out( 4801): BasePrintModel.java : [(BasePrintModel.java:281)(A)] TAG, contentLen=7
I/System.out( 4801): TAG : [(BasePrintModel.java:192)(A)] -----------text = SCAN FOR VOID
I/System.out( 4801): TAG : [(BasePrintModel.java:192)(A)] -----------text = 004063
I/System.out( 4801): TAG : [(BasePrintModel.java:192)(A)] -----------text = Sale
I/System.out( 4801): TAG : [(TvShowUtil.java:24)(A)] Amount=15
I/System.out( 4801): TAG : [(TvShowUtil.java:41)(A)] Amount=15
I/System.out( 4801): TAG : [(TvShowUtil.java:49)(A)] Amount=0.15
I/System.out( 4801): TAG : [(TvShowUtil.java:24)(A)] Amount=0
I/System.out( 4801): TAG : [(TvShowUtil.java:41)(A)] Amount=0
I/System.out( 4801): TAG : [(TvShowUtil.java:49)(A)] Amount=0.00
I/System.out( 4801): TAG : [(TvShowUtil.java:24)(A)] Amount=15
I/System.out( 4801): TAG : [(TvShowUtil.java:41)(A)] Amount=15
I/System.out( 4801): TAG : [(TvShowUtil.java:49)(A)] Amount=0.15
I/System.out( 4801): TAG : [(BasePrintModel.java:192)(A)] -----------text = CARDHOLDER SIGNATURE
I/System.out( 4801): PrintTransReceiptModel : [(PrintTransReceiptModel.java:643)(C)] isNeedESign : false | Amount is less than CVM limit no need to sign !
I/System.out( 4801): PrintTransReceiptModel : [(PrintTransReceiptModel.java:644)(C)] isWearAble : false | wearable is no need to sign at any amount !
I/System.out( 4801): TAG : [(BasePrintModel.java:192)(A)] -----------text = No Signature is Required
I/System.out( 4801): TAG : [(BasePrintModel.java:192)(A)] -----------text = 
I/System.out( 4801): TAG : [(BasePrintModel.java:192)(A)] -----------text = I ACKNOWLEDGE SATISFACTORY RECEIPT
I/System.out( 4801): TAG : [(BasePrintModel.java:192)(A)] -----------text = OF RELATIVE GOOD/SERVICE
I/System.out( 4801): TAG : [(BasePrintModel.java:192)(A)] -----------text = *** NO REFUND ***
I/System.out( 4801): database : [(TransactionRepositoryImpl.java:1943)(IsTLEAllowed)] Is TLE Allowed
I/PrintTransReceiptModel( 4801): setPrintReceiptsType currPrintReceiptNumber: 0
I/System.out( 4801): TAG : [(BasePrintModel.java:192)(A)] -----------text = 01.06.04
I/DeviceService( 4714): getPrinter() executed
I/System.out( 4801): BaseMvpActivity : [(BaseMvpActivity.java:73)(OnResume)] ----onResume=TransSuccessActivity
I/PrinterManager( 4714): getStatus executed
D/NonContactCardTimer( 4714): stop
I/ViewRootImpl( 4801): CPU Rendering VSync enable = true
D/NonContactCardTimer( 4714): unRegisterReveiver 
D/InsertCardTimer( 4714): stop
I/SocsiSystemService(  791): getK21CommandService mK21CommandService=com.socsi.aidl.command.CommandTransfer$Stub$Proxy@1a6d7d60;
V/WindowManager(  791): Adding window Window{3185035f u0 com.verifone.scb.presentation/com.verifone.adc.presentation.view.activities.TransSuccessActivity} at 11 of 17 (before Window{fbbfb9 u0 com.verifone.scb.presentation/com.verifone.adc.presentation.view.activities.TransSuccessActivity})
I/SocsiSystemService(  791): getK21CommandService mK21CommandService=com.socsi.aidl.command.CommandTransfer$Stub$Proxy@1a6d7d60;
D/CommandService_HandleProtocol( 4223): send >>> [D102 ]
D/CommandService_HandleProtocol( 4223): send >>> []
D/CommandService_HandleProtocol( 4223): 
D/CommandService_HandleProtocol( 4223): recv <<< [D102 ]
D/CommandService_HandleProtocol( 4223): recv <<< [00] []
D/CommandService_HandleProtocol( 4223): 
I/SocsiSystemService(  791): getK21CommandService mK21CommandService=com.socsi.aidl.command.CommandTransfer$Stub$Proxy@1a6d7d60;
I/SocsiSystemService(  791): getK21CommandService mK21CommandService=com.socsi.aidl.command.CommandTransfer$Stub$Proxy@1a6d7d60;
I/SurfaceFlinger(  259): FPS: 57
D/CommandService_HandleProtocol( 4223): send >>> [D107 ]
D/CommandService_HandleProtocol( 4223): send >>> [01]
D/CommandService_HandleProtocol( 4223): 
D/CommandService_HandleProtocol( 4223): recv <<< [D107 ]
D/CommandService_HandleProtocol( 4223): recv <<< [00] []
D/CommandService_HandleProtocol( 4223): 
I/SocsiSystemService(  791): getK21CommandService mK21CommandService=com.socsi.aidl.command.CommandTransfer$Stub$Proxy@1a6d7d60;
I/SocsiSystemService(  791): getK21CommandService mK21CommandService=com.socsi.aidl.command.CommandTransfer$Stub$Proxy@1a6d7d60;
D/CommandService_HandleProtocol( 4223): send >>> [1B47 ]
D/CommandService_HandleProtocol( 4223): send >>> [53]
D/CommandService_HandleProtocol( 4223): 
D/CommandService_HandleProtocol( 4223): recv <<< [1B47 ]
D/CommandService_HandleProtocol( 4223): recv <<< [00] [1B472F13303008036C]
D/CommandService_HandleProtocol( 4223): 
I/PrinterManager( 4714): VFI printer RspCode=240
D/PrinterManager( 4714): getStatus() return=240
I/System.out( 4801): PrinterObservable : [(PrinterObservable.java:41)(D)] printer status: 240
I/System.out( 4801): PrintTransReceiptModel : [(PrintTransReceiptModel.java:696)(OnError)] StartPrintReceiptsObserver onError exception: Printer unavailable for out of paper
I/System.out( 4801): TransSuccessPresenter : [(TransSuccessPresenter.java:351)(OnError)] Print failed
I/System.out( 4801): TransSuccessActivity : [(BaseActivity.java:177)(A)] setLoadingDialogStatus is false
I/System.out( 4801): TransSuccessActivity : [(BaseActivity.java:182)(A)] loadingDialog isShowing true
I/ActivityManager(  791): Displayed com.verifone.scb.presentation/com.verifone.adc.presentation.view.activities.TransSuccessActivity: +328ms
I/System.out( 4801): TAG : [(CustomDialog.java:47)(<init>)] TransSuccessActivity dialogType=1
I/ViewRootImpl( 4801): CPU Rendering VSync enable = true
V/WindowManager(  791): not Base app: Adding window Window{38b139f3 u0 com.verifone.scb.presentation/com.verifone.adc.presentation.view.activities.TransSuccessActivity} at 13 of 18
I/Timeline( 4801): Timeline: Activity_idle id: android.os.BinderProxy@a77814a time:23868335
W/SurfaceFlinger(  259): couldn't log to binary event log: overflow.
I/Timeline(  791): Timeline: Activity_windows_visible id: ActivityRecord{30594bd u0 com.verifone.scb.presentation/com.verifone.adc.presentation.view.activities.TransSuccessActivity t948} time:23868572
I/System.out( 4801): BaseMvpActivity : [(BaseMvpActivity.java:102)(OnSaveInstanceState)] ----onSaveInstanceState=NetworkProcessActivity
I/System.out( 4801): BasePresenter : [(BasePresenter.java:51)(DetachUI)] ============detachUI
I/System.out( 4801): BasePresenter : [(BasePresenter.java:53)(DetachUI)] UI=NetworkProcessActivity
I/System.out( 4801): BaseMvpActivity : [(BaseMvpActivity.java:93)(OnStop)] ----onStop=NetworkProcessActivity
I/System.out( 4801): BasePresenter : [(BasePresenter.java:51)(DetachUI)] ============detachUI
I/NetworkProcessActivity( 4801): releaseWakeLock: 
I/System.out( 4801): SaleUIFlow : [(BaseTransFlow.java:276)(Run)] isUIStateNeedCheckTimeout=0
D/audio_hw_primary(  274): out_standby: enter: stream (0xb82a71e0) usecase(1: low-latency-playback)
D/soundtrigger(  274): audio_extn_sound_trigger_update_stream_status: uc_id 1 of type 0 for Event 2, with Raise=0
D/hardware_info(  274): hw_info_append_hw_type : device_name = speaker
I/SurfaceFlinger(  259): FPS: 51
D/audio_hw_primary(  274): out_standby: enter: stream (0xb82a15d8) usecase(0: deep-buffer-playback)
D/StatusBar.NetworkController( 3181): refreshViews: Data not connected!! Set no data type icon / Roaming
D/soundtrigger(  274): audio_extn_sound_trigger_update_stream_status: uc_id 0 of type 0 for Event 2, with Raise=1
V/sound_trigger_hw(  274): handle_audio_concurrency: Enter, event type = 2
D/sound_trigger_platform(  274): platform_stdev_check_and_update_concurrency: concurrency active 0, tx 0, rx 0, concurrency session_allowed 1
D/hardware_info(  274): hw_info_append_hw_type : device_name = speaker
I/soundtrigger(  274): audio_extn_sound_trigger_update_device_status: device 0x2 of type 0 for Event 0, with Raise=0
I/System.out( 4801): SaleUIFlow : [(BaseTransFlow.java:276)(Run)] isUIStateNeedCheckTimeout=0
D/UIAutomatorStub( 6033): URI: /jsonrpc/0, Method: POST, params, {NanoHttpd.QUERY_STRING=null}, files: {postData={"jsonrpc": "2.0", "id": "1e307e8372903b2170b65103b4403013", "method": "deviceInfo", "params": {}}}
W/QueryController( 6033): Could not detect idle state.
W/QueryController( 6033): Could not detect idle state.
W/QueryController( 6033): Could not detect idle state.
W/QueryController( 6033): Could not detect idle state.
D/UIAutomatorStub( 6033): URI: /jsonrpc/0, Method: POST, params, {NanoHttpd.QUERY_STRING=null}, files: {postData={"jsonrpc": "2.0", "id": "350ca6b51e34725099759d58a769b865", "method": "click", "params": [216, 793]}}
D/InteractionController( 6033): clickNoSync (216, 793)
I/System.out( 4801): TAG : [(TransSuccessPresenter.java:429)(J)] Do checkPostTrans
I/System.out( 4801): TAG : [(TransSuccessPresenter.java:431)(J)] tranId=10001
E/AudioPolicyManager(  274): unknown stream type 13
E/AudioPolicyManager(  274): unknown stream type 13
E/AudioPolicyManager(  274): unknown stream type 13
E/AudioPolicyManager(  274): unknown stream type 13
E/AudioPolicyManager(  274): unknown stream type 13
E/AudioPolicyManager(  274): unknown stream type 13
E/AudioPolicyManager(  274): unknown stream type 13
E/AudioPolicyManager(  274): unknown stream type 13
E/AudioPolicyManager(  274): unknown stream type 13
I/System.out( 4801): database : [(TransactionRepositoryImpl.java:251)(GetCurTranDataParameter)] getCurTranDataParameter
D/audio_hw_primary(  274): start_output_stream: enter: stream(0xb82a71e0)usecase(1: low-latency-playback) devices(0x2)
D/audio_hw_primary(  274): select_devices: out_snd_device(2: speaker) in_snd_device(0: )
D/hardware_info(  274): hw_info_append_hw_type : device_name = speaker
I/soundtrigger(  274): audio_extn_sound_trigger_update_device_status: device 0x2 of type 0 for Event 1, with Raise=0
I/System.out( 4801): UseCaseCheckUpLoadTrans : [(UseCaseCheckUpLoadTrans.java:94)(B)] , :Sale
I/System.out( 4801): database : [(TransactionRepositoryImpl.java:135)(GetSystemParam)] getSystemParam
I/System.out( 4801): UseCaseCheckUpLoadTrans : [(UseCaseCheckUpLoadTrans.java:109)(B)] isSupportTCUpload=true
I/System.out( 4801): database : [(TransactionRepositoryImpl.java:1251)(IsSCBTCUploadExist)] isSCBTCUploadExist
W/audio_hw_utils(  274): audio_extn_utils_update_stream_app_type_cfg: App type could not be selected. Falling back to default
I/audio_hw_primary(  274): select_devices Selected apptype: 69936
D/soundtrigger(  274): audio_extn_sound_trigger_update_stream_status: uc_id 1 of type 0 for Event 3, with Raise=0
D/ACDB-LOADER(  274): ACDB -> send_audio_cal, acdb_id = 14, path =  0
D/ACDB-LOADER(  274): ACDB -> send_asm_topology
D/ACDB-LOADER(  274): ACDB -> ACDB_CMD_GET_AUDPROC_STREAM_TOPOLOGY_ID
D/ACDB-LOADER(  274): ACDB -> send_adm_topology
D/ACDB-LOADER(  274): ACDB -> ACDB_CMD_GET_AUDPROC_COMMON_TOPOLOGY_ID
D/ACDB-LOADER(  274): ACDB -> send_audtable
D/ACDB-LOADER(  274): ACDB -> ACDB_CMD_GET_AUDPROC_COMMON_TABLE
D/ACDB-LOADER(  274): ACDB -> AUDIO_SET_AUDPROC_CAL
D/ACDB-LOADER(  274): ACDB -> send_audvoltable
D/ACDB-LOADER(  274): ACDB -> ACDB_CMD_GET_AUDPROC_GAIN_DEP_STEP_TABLE
D/ACDB-LOADER(  274): ACDB -> AUDIO_SET_AUDPROC_VOL_CAL
D/ACDB-LOADER(  274): ACDB -> send_afe_cal
D/ACDB-LOADER(  274): ACDB -> ACDB_CMD_GET_AFE_COMMON_TABLE
D/ACDB-LOADER(  274): ACDB -> AUDIO_SET_AFE_CAL
D/ACDB-LOADER(  274): ACDB -> send_hw_delay : acdb_id = 14 path = 0
D/ACDB-LOADER(  274): ACDB -> ACDB_AVSYNC_INFO: ACDB_CMD_GET_DEVICE_PROPERTY
I/audio_hw_utils(  274): audio_extn_utils_send_app_type_cfg app_type 69936, acdb_dev_id 14, sample_rate 48000
D/audio_hw_primary(  274): select_devices: done
I/SurfaceFlinger(  259): FPS: 6
I/System.out( 4801): database : [(TransactionRepositoryImpl.java:1388)(F)] is has tip record : false
I/System.out( 4801): database : [(TransactionRepositoryImpl.java:1419)(D)] is has tip record : false
I/System.out( 4801): database : [(TransactionRepositoryImpl.java:1627)(C)] isOfflineVoidRecoExist ? false
I/System.out( 4801): database : [(TransactionRepositoryImpl.java:1254)(K)] isSCBTCUploadExist? false
I/System.out( 4801): UseCaseCheckUpLoadTrans : [(UseCaseCheckUpLoadTrans.java:127)(A)] CheckPostTrans => UploadTransType size():0
I/System.out( 4801): TAG : [(TransSuccessPresenter.java:443)(C)] Do filterTransTypes
I/System.out( 4801): TAG : [(TransSuccessPresenter.java:463)(D)] uploadTransTypes len=0
I/System.out( 4801): TransSuccessPresenter : [(TransSuccessPresenter.java:488)(D)] doPostTransProcessing success.
D/wpa_supplicant( 3304): wlan0: Control interface command 'SIGNAL_POLL'
V/WLAN_PSA(  281): NL MSG, len[3995], NL type[0x1C] WNI type[0x5900] len[33551]
V/WLAN_PSA(  281): NL MSG, PID: 281
E/AudioPolicyManager(  274): unknown stream type 13
E/AudioPolicyManager(  274): unknown stream type 13
E/AudioPolicyManager(  274): unknown stream type 13
E/AudioPolicyManager(  274): unknown stream type 13
E/AudioPolicyManager(  274): unknown stream type 13
E/AudioPolicyManager(  274): unknown stream type 13
E/AudioPolicyManager(  274): unknown stream type 13
E/AudioPolicyManager(  274): unknown stream type 13
E/AudioPolicyManager(  274): unknown stream type 13
E/AudioPolicyManager(  274): unknown stream type 13
E/AudioPolicyManager(  274): unknown stream type 13
E/AudioPolicyManager(  274): unknown stream type 13
E/AudioPolicyManager(  274): unknown stream type 13
E/AudioPolicyManager(  274): unknown stream type 13
E/AudioPolicyManager(  274): unknown stream type 13
E/AudioPolicyManager(  274): unknown stream type 13
E/AudioPolicyManager(  274): unknown stream type 13
W/SurfaceFlinger(  259): couldn't log to binary event log: overflow.
I/System.out( 4801): SaleUIFlow : [(BaseTransFlow.java:276)(Run)] isUIStateNeedCheckTimeout=0
I/ServiceManager(19789): Waiting for service AtCmdFwd...
I/SurfaceFlinger(  259): FPS: 36
D/UIAutomatorStub( 6033): URI: /jsonrpc/0, Method: POST, params, {NanoHttpd.QUERY_STRING=null}, files: {postData={"jsonrpc": "2.0", "id": "d98f5dbb69763dc92b3685b3b5577f37", "method": "deviceInfo", "params": {}}}
W/QueryController( 6033): Could not detect idle state.
W/QueryController( 6033): Could not detect idle state.
W/QueryController( 6033): Could not detect idle state.
W/QueryController( 6033): Could not detect idle state.
D/UIAutomatorStub( 6033): URI: /jsonrpc/0, Method: POST, params, {NanoHttpd.QUERY_STRING=null}, files: {postData={"jsonrpc": "2.0", "id": "b163aaa2350f12ff9a663ec1e2e8ff19", "method": "click", "params": [345, 1216]}}
D/InteractionController( 6033): clickNoSync (345, 1216)
I/System.out( 4801): TransSuccessPresenter : [(TransSuccessPresenter.java:493)(C)] doClickBtnSuccessProcess
I/System.out( 4801): TransSuccessActivity : [(BaseActivity.java:177)(A)] setLoadingDialogStatus is true
E/AudioPolicyManager(  274): unknown stream type 13
E/AudioPolicyManager(  274): unknown stream type 13
E/AudioPolicyManager(  274): unknown stream type 13
E/AudioPolicyManager(  274): unknown stream type 13
E/AudioPolicyManager(  274): unknown stream type 13
E/AudioPolicyManager(  274): unknown stream type 13
E/AudioPolicyManager(  274): unknown stream type 13
E/AudioPolicyManager(  274): unknown stream type 13
E/AudioPolicyManager(  274): unknown stream type 13
I/System.out( 4801): TransSuccessActivity : [(BaseActivity.java:182)(A)] loadingDialog isShowing false
I/ViewRootImpl( 4801): CPU Rendering VSync enable = true
V/WindowManager(  791): not Base app: Adding window Window{32f0929 u0 com.verifone.scb.presentation/com.verifone.adc.presentation.view.activities.TransSuccessActivity} at 12 of 17
I/System.out( 4801): TransSuccessPresenter : [(TransSuccessPresenter.java:317)(A)] Print finished004063006147
I/System.out( 4801): database : [(TransactionRepositoryImpl.java:410)(GetRecordInformation)] getRecordInformation traceNum: 004063
I/System.out( 4801): database_record : [(DBFunRecordInfo.java:286)(B)] trace : 004063Stan : 006147
I/PrintTransReceiptModel( 4801): loadPrintReceiptsInfos: executed,  currPrintReceiptNumber0
I/System.out( 4801): database : [(TransactionRepositoryImpl.java:115)(GetSystemParameter)] getSystemParameter
I/PrintTransReceiptModel( 4801): checkIsAllPrintFinish currPrintReceiptNumber: 0  receiptNumber 2
I/System.out( 4801): getReceiptPrintDark : [(PrintTransReceiptModel.java:140)(A)] getReceiptPrintDark: 6
I/System.out( 4801): database : [(TransactionRepositoryImpl.java:115)(GetSystemParameter)] getSystemParameter
I/System.out( 4801): TAG : [(BasePrintModel.java:192)(A)] -----------text = Siam Commercial Bank
I/System.out( 4801): TAG : [(BasePrintModel.java:192)(A)] -----------text =   VERIFONE Co.,Ltd.
I/System.out( 4801): TAG : [(BasePrintModel.java:192)(A)] -----------text =     Head Office
I/System.out( 4801): BasePrintModel.java : [(BasePrintModel.java:281)(A)] TAG, contentLen=14
I/System.out( 4801): BasePrintModel.java : [(BasePrintModel.java:281)(A)] TAG, contentLen=11
I/System.out( 4801): BasePrintModel.java : [(BasePrintModel.java:281)(A)] TAG, contentLen=14
I/System.out( 4801): BasePrintModel.java : [(BasePrintModel.java:281)(A)] TAG, contentLen=12
I/System.out( 4801): BasePrintModel.java : [(BasePrintModel.java:281)(A)] TAG, contentLen=12
I/System.out( 4801): BasePrintModel.java : [(BasePrintModel.java:281)(A)] TAG, contentLen=15
I/System.out( 4801): BasePrintModel.java : [(BasePrintModel.java:281)(A)] TAG, contentLen=27
I/System.out( 4801): BasePrintModel.java : [(BasePrintModel.java:281)(A)] TAG, contentLen=18
I/System.out( 4801): BasePrintModel.java : [(BasePrintModel.java:281)(A)] TAG, contentLen=28
I/System.out( 4801): BasePrintModel.java : [(BasePrintModel.java:281)(A)] TAG, contentLen=15
I/System.out( 4801): BasePrintModel.java : [(BasePrintModel.java:281)(A)] TAG, contentLen=19
I/System.out( 4801): BasePrintModel.java : [(BasePrintModel.java:281)(A)] TAG, contentLen=17
I/System.out( 4801): BasePrintModel.java : [(BasePrintModel.java:281)(A)] TAG, contentLen=20
I/System.out( 4801): BasePrintModel.java : [(BasePrintModel.java:281)(A)] TAG, contentLen=13
I/System.out( 4801): BasePrintModel.java : [(BasePrintModel.java:281)(A)] TAG, contentLen=7
I/System.out( 4801): TAG : [(BasePrintModel.java:192)(A)] -----------text = SCAN FOR VOID
I/System.out( 4801): TAG : [(BasePrintModel.java:192)(A)] -----------text = 004063
I/System.out( 4801): TAG : [(BasePrintModel.java:192)(A)] -----------text = Sale
I/System.out( 4801): TAG : [(TvShowUtil.java:24)(A)] Amount=15
I/System.out( 4801): TAG : [(TvShowUtil.java:41)(A)] Amount=15
I/System.out( 4801): TAG : [(TvShowUtil.java:49)(A)] Amount=0.15
I/System.out( 4801): TAG : [(TvShowUtil.java:24)(A)] Amount=0
I/System.out( 4801): TAG : [(TvShowUtil.java:41)(A)] Amount=0
I/System.out( 4801): TAG : [(TvShowUtil.java:49)(A)] Amount=0.00
I/System.out( 4801): TAG : [(TvShowUtil.java:24)(A)] Amount=15
I/System.out( 4801): TAG : [(TvShowUtil.java:41)(A)] Amount=15
I/System.out( 4801): TAG : [(TvShowUtil.java:49)(A)] Amount=0.15
I/System.out( 4801): TAG : [(BasePrintModel.java:192)(A)] -----------text = CARDHOLDER SIGNATURE
I/System.out( 4801): PrintTransReceiptModel : [(PrintTransReceiptModel.java:643)(C)] isNeedESign : false | Amount is less than CVM limit no need to sign !
I/System.out( 4801): PrintTransReceiptModel : [(PrintTransReceiptModel.java:644)(C)] isWearAble : false | wearable is no need to sign at any amount !
I/System.out( 4801): TAG : [(BasePrintModel.java:192)(A)] -----------text = No Signature is Required
I/System.out( 4801): TAG : [(BasePrintModel.java:192)(A)] -----------text = 
I/System.out( 4801): TAG : [(BasePrintModel.java:192)(A)] -----------text = I ACKNOWLEDGE SATISFACTORY RECEIPT
I/System.out( 4801): TAG : [(BasePrintModel.java:192)(A)] -----------text = OF RELATIVE GOOD/SERVICE
I/System.out( 4801): TAG : [(BasePrintModel.java:192)(A)] -----------text = *** NO REFUND ***
I/System.out( 4801): database : [(TransactionRepositoryImpl.java:1943)(IsTLEAllowed)] Is TLE Allowed
I/PrintTransReceiptModel( 4801): setPrintReceiptsType currPrintReceiptNumber: 0
I/System.out( 4801): TAG : [(BasePrintModel.java:192)(A)] -----------text = 01.06.04
I/DeviceService( 4714): getPrinter() executed
I/PrinterManager( 4714): getStatus executed
D/NonContactCardTimer( 4714): stop
D/InsertCardTimer( 4714): stop
I/SocsiSystemService(  791): getK21CommandService mK21CommandService=com.socsi.aidl.command.CommandTransfer$Stub$Proxy@1a6d7d60;
I/SocsiSystemService(  791): getK21CommandService mK21CommandService=com.socsi.aidl.command.CommandTransfer$Stub$Proxy@1a6d7d60;
D/CommandService_HandleProtocol( 4223): send >>> [D102 ]
D/CommandService_HandleProtocol( 4223): send >>> []
D/CommandService_HandleProtocol( 4223): 
D/CommandService_HandleProtocol( 4223): recv <<< [D102 ]
D/CommandService_HandleProtocol( 4223): recv <<< [00] []
D/CommandService_HandleProtocol( 4223): 
I/SocsiSystemService(  791): getK21CommandService mK21CommandService=com.socsi.aidl.command.CommandTransfer$Stub$Proxy@1a6d7d60;
I/SocsiSystemService(  791): getK21CommandService mK21CommandService=com.socsi.aidl.command.CommandTransfer$Stub$Proxy@1a6d7d60;
D/CommandService_HandleProtocol( 4223): send >>> [D107 ]
D/CommandService_HandleProtocol( 4223): send >>> [01]
D/CommandService_HandleProtocol( 4223): 
D/CommandService_HandleProtocol( 4223): recv <<< [D107 ]
D/CommandService_HandleProtocol( 4223): recv <<< [00] []
D/CommandService_HandleProtocol( 4223): 
I/SocsiSystemService(  791): getK21CommandService mK21CommandService=com.socsi.aidl.command.CommandTransfer$Stub$Proxy@1a6d7d60;
I/SocsiSystemService(  791): getK21CommandService mK21CommandService=com.socsi.aidl.command.CommandTransfer$Stub$Proxy@1a6d7d60;
D/CommandService_HandleProtocol( 4223): send >>> [1B47 ]
D/CommandService_HandleProtocol( 4223): send >>> [53]
D/CommandService_HandleProtocol( 4223): 
D/CommandService_HandleProtocol( 4223): recv <<< [1B47 ]
D/CommandService_HandleProtocol( 4223): recv <<< [00] [1B472F163030080369]
D/CommandService_HandleProtocol( 4223): 
I/PrinterManager( 4714): VFI printer RspCode=240
D/PrinterManager( 4714): getStatus() return=240
I/System.out( 4801): PrinterObservable : [(PrinterObservable.java:41)(D)] printer status: 240
I/System.out( 4801): PrintTransReceiptModel : [(PrintTransReceiptModel.java:696)(OnError)] StartPrintReceiptsObserver onError exception: Printer unavailable for out of paper
I/System.out( 4801): TransSuccessPresenter : [(TransSuccessPresenter.java:351)(OnError)] Print failed
I/System.out( 4801): TransSuccessActivity : [(BaseActivity.java:177)(A)] setLoadingDialogStatus is false
I/System.out( 4801): TransSuccessActivity : [(BaseActivity.java:182)(A)] loadingDialog isShowing true
E/AudioPolicyManager(  274): unknown stream type 13
E/AudioPolicyManager(  274): unknown stream type 13
E/AudioPolicyManager(  274): unknown stream type 13
E/AudioPolicyManager(  274): unknown stream type 13
E/AudioPolicyManager(  274): unknown stream type 13
E/AudioPolicyManager(  274): unknown stream type 13
E/AudioPolicyManager(  274): unknown stream type 13
E/AudioPolicyManager(  274): unknown stream type 13
E/AudioPolicyManager(  274): unknown stream type 13
E/AudioPolicyManager(  274): unknown stream type 13
E/AudioPolicyManager(  274): unknown stream type 13
E/AudioPolicyManager(  274): unknown stream type 13
E/AudioPolicyManager(  274): unknown stream type 13
E/AudioPolicyManager(  274): unknown stream type 13
E/AudioPolicyManager(  274): unknown stream type 13
E/AudioPolicyManager(  274): unknown stream type 13
E/AudioPolicyManager(  274): unknown stream type 13
I/System.out( 4801): TAG : [(CustomDialog.java:47)(<init>)] TransSuccessActivity dialogType=1
I/ViewRootImpl( 4801): CPU Rendering VSync enable = true
V/WindowManager(  791): not Base app: Adding window Window{2b04bddc u0 com.verifone.scb.presentation/com.verifone.adc.presentation.view.activities.TransSuccessActivity} at 13 of 18
I/System.out( 4801): SaleUIFlow : [(BaseTransFlow.java:276)(Run)] isUIStateNeedCheckTimeout=0
I/ServiceManager(19789): Waiting for service AtCmdFwd...
I/SurfaceFlinger(  259): FPS: 40
D/UIAutomatorStub( 6033): URI: /jsonrpc/0, Method: POST, params, {NanoHttpd.QUERY_STRING=null}, files: {postData={"jsonrpc": "2.0", "id": "fd4d222a640060590f7041661e7464ff", "method": "deviceInfo", "params": {}}}
W/QueryController( 6033): Could not detect idle state.
W/QueryController( 6033): Could not detect idle state.
W/QueryController( 6033): Could not detect idle state.
W/QueryController( 6033): Could not detect idle state.
D/UIAutomatorStub( 6033): URI: /jsonrpc/0, Method: POST, params, {NanoHttpd.QUERY_STRING=null}, files: {postData={"jsonrpc": "2.0", "id": "c24dbe2907d068d51bf33d3d290ff6e0", "method": "click", "params": [216, 793]}}
D/InteractionController( 6033): clickNoSync (216, 793)
E/AudioPolicyManager(  274): unknown stream type 13
E/AudioPolicyManager(  274): unknown stream type 13
E/AudioPolicyManager(  274): unknown stream type 13
E/AudioPolicyManager(  274): unknown stream type 13
E/AudioPolicyManager(  274): unknown stream type 13
E/AudioPolicyManager(  274): unknown stream type 13
E/AudioPolicyManager(  274): unknown stream type 13
E/AudioPolicyManager(  274): unknown stream type 13
E/AudioPolicyManager(  274): unknown stream type 13
I/System.out( 4801): UINavigator : [(UINavigator.java:28)(A)] transUiFlow=not null
I/System.out( 4801): UINavigator : [(UINavigator.java:30)(A)] transUiFlow = SaleUIFlow
I/System.out( 4801): UINavigator : [(UINavigator.java:54)(B)] LastUIname=com.verifone.adc.presentation.view.activities.NetworkProcessActivity
I/System.out( 4801): UINavigator : [(UINavigator.java:55)(B)] CurrentUIName=com.verifone.adc.presentation.view.activities.TransSuccessActivity
I/System.out( 4801): SaleUIFlow : [(BaseTransFlow.java:75)(IsCorrectUIEntry)] uiState=16
I/System.out( 4801): SaleUIFlow : [(BaseTransFlow.java:76)(IsCorrectUIEntry)] context class name=TransSuccessActivity
I/System.out( 4801): BaseTransFlow.java : [(BaseTransFlow.java:145)(DoBackToEntry)] isTransNotAllow=false
I/System.out( 4801): SaleUIFlow : [(BaseTransFlow.java:327)(C)] call stopUIWatch.
I/System.out( 4801): UINavigator : [(UINavigator.java:76)(A)] setTransUiFlow = null
I/System.out( 4801): TAG : [(UIFlowControlData.java:167)(G)] start clearUIStack
I/System.out( 4801): TAG : [(UIFlowControlData.java:169)(G)] uiState[0]
I/System.out( 4801): TAG : [(UIFlowControlData.java:169)(G)] uiState[1]
I/System.out( 4801): TAG : [(UIFlowControlData.java:169)(G)] uiState[18]
I/System.out( 4801): TAG : [(UIFlowControlData.java:169)(G)] uiState[2]
I/System.out( 4801): TAG : [(UIFlowControlData.java:169)(G)] uiState[3]
I/System.out( 4801): TAG : [(UIFlowControlData.java:169)(G)] uiState[8]
I/System.out( 4801): TAG : [(UIFlowControlData.java:169)(G)] uiState[9]
I/System.out( 4801): TAG : [(UIFlowControlData.java:169)(G)] uiState[16]
I/System.out( 4801): TAG : [(UIFlowControlData.java:173)(G)] clearUIStack end
I/DeviceService( 4714): getInsertCardReader() executed
I/InsertCardReaderManager( 4714): IInsertCardReaderManager getInstance() executed
D/InsertCardReaderManager( 4714): slotNo=0
I/InsertCardReaderManager( 4714): isCardIn() executed
D/InsertCardTimer( 4714): startBroast timeout=30
D/InsertCardTimer( 4714): registerReveiver 
D/InsertCardTimer( 4714): alarm timeout=30
I/SocsiSystemService(  791): getK21CommandService mK21CommandService=com.socsi.aidl.command.CommandTransfer$Stub$Proxy@1a6d7d60;
I/SocsiSystemService(  791): getK21CommandService mK21CommandService=com.socsi.aidl.command.CommandTransfer$Stub$Proxy@1a6d7d60;
D/CommandService_HandleProtocol( 4223): send >>> [D109 IC]
D/CommandService_HandleProtocol( 4223): send >>> []
D/CommandService_HandleProtocol( 4223): 
D/CommandService_HandleProtocol( 4223): recv <<< [D109 IC]
D/CommandService_HandleProtocol( 4223): recv <<< [00] [D1092F173030FF031B]
D/CommandService_HandleProtocol( 4223): 
I/InsertCardReaderManager( 4714): Icc.Icc_Ready, ret=-1
I/System.out( 4801): ICCardReaderObservable : [(ICCardReaderObservable.java:123)(A)] isCardIn isExist: false
I/System.out( 4801): SaleUIFlow : [(BaseTransFlow.java:211)(DoCheckCardRemoveAndUIBack)] else card removed
I/System.out( 4801): UseCaseSetDoingTransactionFlag : [(UseCaseSetDoingTransactionFlag.java:32)(A)] Is Doing Trans : false
I/System.out( 4801): TAG : [(AndroidUtil.java:22)(A)] Start activity[MainActivity]
I/Timeline( 4801): Timeline: Activity_launch_request id:com.verifone.scb.presentation time:23872598
I/ActivityManager(  791): START u0 {cmp=com.verifone.scb.presentation/com.verifone.adc.presentation.view.activities.MainActivity} from uid 10130 on display 0
I/System.out( 4801): BaseMvpActivity : [(BaseMvpActivity.java:112)(OnDestroy)] ----onDestory=InputAmountActivity
I/System.out( 4801): BaseMvpActivity : [(BaseMvpActivity.java:112)(OnDestroy)] ----onDestory=InputTipAmountActivity
I/System.out( 4801): BaseMvpActivity : [(BaseMvpActivity.java:112)(OnDestroy)] ----onDestory=ChoicePaymentActivity
I/System.out( 4801): BaseMvpActivity : [(BaseMvpActivity.java:112)(OnDestroy)] ----onDestory=CheckCardActivity
I/System.out( 4801): BaseMvpActivity : [(BaseMvpActivity.java:112)(OnDestroy)] ----onDestory=EmvActivity
I/System.out( 4801): BaseMvpActivity : [(BaseMvpActivity.java:112)(OnDestroy)] ----onDestory=NetworkProcessActivity
E/AudioPolicyManager(  274): unknown stream type 13
E/AudioPolicyManager(  274): unknown stream type 13
E/AudioPolicyManager(  274): unknown stream type 13
E/AudioPolicyManager(  274): unknown stream type 13
E/AudioPolicyManager(  274): unknown stream type 13
E/AudioPolicyManager(  274): unknown stream type 13
E/AudioPolicyManager(  274): unknown stream type 13
E/AudioPolicyManager(  274): unknown stream type 13
E/AudioPolicyManager(  274): unknown stream type 13
E/AudioPolicyManager(  274): unknown stream type 13
E/AudioPolicyManager(  274): unknown stream type 13
E/AudioPolicyManager(  274): unknown stream type 13
E/AudioPolicyManager(  274): unknown stream type 13
E/AudioPolicyManager(  274): unknown stream type 13
E/AudioPolicyManager(  274): unknown stream type 13
E/AudioPolicyManager(  274): unknown stream type 13
E/AudioPolicyManager(  274): unknown stream type 13
I/System.out( 4801): BaseMvpActivity : [(BaseMvpActivity.java:85)(OnPause)] ----onPause=TransSuccessActivity
I/System.out( 4801): BaseMvpActivity : [(BaseMvpActivity.java:63)(OnStart)] ----onStart=MainActivity
I/System.out( 4801): BasePresenter : [(BasePresenter.java:30)(AttachUI)] ============attachUI
I/System.out( 4801): BasePresenter : [(BasePresenter.java:32)(AttachUI)] UI=MainActivity
I/System.out( 4801): BaseMvpActivity : [(BaseMvpActivity.java:73)(OnResume)] ----onResume=MainActivity
I/System.out( 4801): UseCaseSetDoingTransactionFlag : [(UseCaseSetDoingTransactionFlag.java:32)(A)] Is Doing Trans : false
I/System.out( 4801): TAG : [(UseCaseGetTmsParameter.java:31)(A)] tmsParam len=0
I/System.out( 4801): MainPresenter : [(MainPresenter.java:200)(A)] status=5
I/System.out( 4801): MainPresenter : [(MainPresenter.java:209)(A)] batteryPct=1.0
I/System.out( 4801): SaleUIFlow : [(BaseTransFlow.java:314)(Run)] Watch dog thread stoped. isRun=false
I/Timeline( 4801): Timeline: Activity_idle id: android.os.BinderProxy@34ef7bc1 time:23872810
I/ServiceManager(19789): Waiting for service AtCmdFwd...
I/Timeline(  791): Timeline: Activity_windows_visible id: ActivityRecord{2022c146 u0 com.verifone.scb.presentation/com.verifone.adc.presentation.view.activities.MainActivity t948} time:23873059
I/System.out( 4801): BaseMvpActivity : [(BaseMvpActivity.java:93)(OnStop)] ----onStop=TransSuccessActivity
I/System.out( 4801): BasePresenter : [(BasePresenter.java:51)(DetachUI)] ============detachUI
I/System.out( 4801): BasePresenter : [(BasePresenter.java:53)(DetachUI)] UI=TransSuccessActivity
I/TransSuccessActivity( 4801): releaseWakeLock: 
I/System.out( 4801): BaseMvpActivity : [(BaseMvpActivity.java:112)(OnDestroy)] ----onDestory=TransSuccessActivity
W/SurfaceFlinger(  259): couldn't log to binary event log: overflow.
W/SurfaceFlinger(  259): couldn't log to binary event log: overflow.
I/SurfaceFlinger(  259): FPS: 42
D/wpa_supplicant( 3304): wlan0: Control interface command 'SIGNAL_POLL'
V/WLAN_PSA(  281): NL MSG, len[4012], NL type[0x1C] WNI type[0x5900] len[37903]
V/WLAN_PSA(  281): NL MSG, PID: 281
D/AndroidRuntime(20822): >>>>>> START com.android.internal.os.RuntimeInit uid 2000 <<<<<<
D/AndroidRuntime(20822): CheckJNI is OFF
I/ServiceManager(19789): Waiting for service AtCmdFwd...
D/AndroidRuntime(20822): Calling main entry com.android.commands.monkey.Monkey
W/BroadcastQueue(  791): Skipping deliver [background] BroadcastRecord{2c879d3f u-1 android.net.conn.CONNECTIVITY_CHANGE} to ReceiverList{2561560c 20822 (unknown name)/2000/u-1 remote:343f8e99}: process crashing
I/Timeline(20822): Timeline: Activity_launch_request id:com.verifone.scb.presentation time:23874038
I/ActivityManager(  791): START u0 {act=android.intent.action.MAIN cat=[android.intent.category.LAUNCHER] flg=0x10200000 cmp=com.verifone.scb.presentation/com.verifone.adc.presentation.view.activities.SplashActivity} from uid 2000 on display 0
I/art     (20822): System.exit called, status: 0
I/AndroidRuntime(20822): VM exiting with result code 0.
D/UIAutomatorStub( 6033): URI: /jsonrpc/0, Method: POST, params, {NanoHttpd.QUERY_STRING=null}, files: {postData={"jsonrpc": "2.0", "id": "a77786a1eb24c14e343b91c104a318d4", "method": "deviceInfo", "params": {}}}
W/QueryController( 6033): Could not detect idle state.
W/QueryController( 6033): Could not detect idle state.
W/QueryController( 6033): Could not detect idle state.
W/QueryController( 6033): Could not detect idle state.
