I/IPBOCManager( 4714): tag:9F26(11)=9F260805E7444D7892A63B
I/clss_kernel_main( 4714): <clss_main_getstr,994>:clss_main_getstr context address = 0xB7FC7058
I/IPBOCManager( 4714): tag:9F27(4)=9F270180
I/clss_kernel_main( 4714): <clss_main_getstr,994>:clss_main_getstr context address = 0xB7FC7058
I/IPBOCManager( 4714): tag:9F33(6)=9F3303E0B8C8
I/clss_kernel_main( 4714): <clss_main_getstr,994>:clss_main_getstr context address = 0xB7FC7058
I/IPBOCManager( 4714): tag:9F34( )=null
I/clss_kernel_main( 4714): <clss_main_getstr,994>:clss_main_getstr context address = 0xB7FC7058
I/IPBOCManager( 4714): tag:9F35(4)=9F350122
I/clss_kernel_main( 4714): <clss_main_getstr,994>:clss_main_getstr context address = 0xB7FC7058
I/IPBOCManager( 4714): tag:9F36(5)=9F360205A3
I/clss_kernel_main( 4714): <clss_main_getstr,994>:clss_main_getstr context address = 0xB7FC7058
I/IPBOCManager( 4714): tag:9F37(7)=9F3704A8874A25
I/clss_kernel_main( 4714): <clss_main_getstr,994>:clss_main_getstr context address = 0xB7FC7058
I/IPBOCManager( 4714): tag:9F41(7)=9F410402480000
I/IPBOCManager( 4714): getAppTLVList return:5F2A0207645F340101820200008407A0000000031010950500000000009A031905089C01009F02060000000000159F03060000000000009F090202009F100706010A03A000009F1A0207649F1E0832303030313037339F260805E7444D7892A63B9F2701809F3303E0B8C89F3501229F360205A39F3704A8874A259F410402480000
I/DeviceService( 4714): EMV getEMV() executed
I/IEMVManager( 4714): IEMVManager.getInstance execute
I/IPBOCManager( 4714): getAppTLVList() executed
I/IPBOCManager( 4714): getCardBrand, txnaid=A0000000031010
I/clss_kernel_main( 4714): <clss_main_getstr,994>:clss_main_getstr context address = 0xB7FC7058
I/IPBOCManager( 4714): tag:84(9)=8407A0000000031010
I/IPBOCManager( 4714): getAppTLVList return:8407A0000000031010
I/System.out( 4801): CurrentTranData : [(CurrentTranData.java:580)(SetEmvICData)] ==> 500B56495341204352454449549B020000
I/System.out( 4801): currentTranData : [(CurrentTranData.java:589)(SetEmvICData)] tag: 50 ==> 5649534120435245444954
I/System.out( 4801): currentTranData : [(CurrentTranData.java:589)(SetEmvICData)] tag: 9B ==> 0000
I/System.out( 4801): UseCaseEMVStart : [(UseCaseEMVStart.java:263)(A)] ON_CONFIRM_CARDINFO
I/DeviceService( 4714): EMV getEMV() executed
I/IEMVManager( 4714): IEMVManager.getInstance execute
I/IPBOCManager( 4714): getAppTLVList() executed
I/IPBOCManager( 4714): getCardBrand, txnaid=A0000000031010
I/clss_kernel_main( 4714): <clss_main_getstr,994>:clss_main_getstr context address = 0xB7FC7058
I/IPBOCManager( 4714): tag:5F20(5)=5F2002202F
I/clss_kernel_main( 4714): <clss_main_getstr,994>:clss_main_getstr context address = 0xB7FC7058
I/IPBOCManager( 4714): tag:84(9)=8407A0000000031010
I/IPBOCManager( 4714): getAppTLVList return:5F2002202F8407A0000000031010
I/System.out( 4801): UseCaseEMVStart : [(UseCaseEMVStart.java:159)(A)] emv tag list=5F2002202F8407A0000000031010
I/System.out( 4801): UseCaseEMVStart : [(UseCaseEMVStart.java:162)(A)] IC Card holder bcd name=202F
I/System.out( 4801): UseCaseEMVStart : [(UseCaseEMVStart.java:164)(A)] IC Card holder asc name= /
I/System.out( 4801): UseCaseEMVStart : [(UseCaseEMVStart.java:276)(A)] getPan  4514617655689810
I/System.out( 4801): UseCaseEMVStart : [(UseCaseEMVStart.java:277)(A)] getCardSequenceNum  01
I/System.out( 4801): UseCaseEMVStart : [(UseCaseEMVStart.java:278)(A)] getExpiredDate  2301
I/System.out( 4801): UseCaseEMVStart : [(UseCaseEMVStart.java:279)(A)] getTrack2  4514617655689810D230120112198402
I/System.out( 4801): UseCaseEMVStart : [(UseCaseEMVStart.java:280)(A)] getTrack3  null
I/DeviceService( 4714): EMV getEMV() executed
I/IEMVManager( 4714): IEMVManager.getInstance execute
I/IPBOCManager( 4714): getAppTLVList() executed
I/IPBOCManager( 4714): getCardBrand, txnaid=A0000000031010
I/clss_kernel_main( 4714): <clss_main_getstr,994>:clss_main_getstr context address = 0xB7FC7058
I/IPBOCManager( 4714): tag:84(9)=8407A0000000031010
I/IPBOCManager( 4714): getAppTLVList return:8407A0000000031010
I/System.out( 4801): BinRoutingUtil : [(BinRoutingUtil.java:92)(B)]  doBinRoutingWithRID !
I/System.out( 4801): DBFunCardIssuerInfo : [(DBFunCardIssuerInfo.java:90)(A)] dbGetAcquirer pan = 4514617655689810
I/System.out( 4801):  Bin : 4514617655
I/System.out( 4801): BinRoutingUtil : [(BinRoutingUtil.java:95)(B)] RID=A000000003 cardIssuerInfos.size=2
I/System.out( 4801): BinRoutingUtil : [(BinRoutingUtil.java:96)(B)] isCupUIEntry=false
I/System.out( 4801): BinRoutingUtil : [(BinRoutingUtil.java:633)(A)] Add small range A000000003: 4500000000 - 4999999999
I/System.out( 4801): BinRoutingUtil : [(BinRoutingUtil.java:633)(A)] Add small range A000000677: 4000000000 - 4999999999
I/System.out( 4801): BinRoutingUtil : [(BinRoutingUtil.java:106)(B)] Small range Table index is  :1
I/System.out( 4801): TAG : [(CurrentTranData.java:498)(SetCardIssuerTypeName)] setCardIssuerTypeName = VISA
I/System.out( 4801): TAG : [(CurrentTranData.java:489)(SetAcquirerHostType)] setAcquirerHostType = 1
I/System.out( 4801): TAG : [(CurrentTranData.java:515)(SetBinRoutingNeedOnlinePin)] setBinRoutingNeedOnlinePin = false
I/System.out( 4801): TAG : [(CurrentTranData.java:524)(SetTipAdjustAllowed)] setTipAdjustAllowed = true
I/System.out( 4801): DBFunHostInfo : [(DBFunAcquirerHostInfo.java:51)(A)] Select 1 trans record successfully
I/System.out( 4801): UseCaseEMVStart : [(UseCaseEMVStart.java:297)(A)] Bin Routing Result : 0
I/System.out( 4801): database_record : [(DBFunRecordInfo.java:2265)(H)] (DB)Sale   trx total count : 497
I/System.out( 4801): database_record : [(DBFunRecordInfo.java:2266)(H)] (DB)refund trx total count : 0
I/System.out( 4801): database : [(TransactionRepositoryImpl.java:2056)(CheckSaleAndRefundCount)] Sale   trx total count : 497
I/System.out( 4801): database : [(TransactionRepositoryImpl.java:2057)(CheckSaleAndRefundCount)] refund trx total count : 0
I/System.out( 4801): database : [(TransactionRepositoryImpl.java:115)(GetSystemParameter)] getSystemParameter
I/System.out( 4801): database : [(TransactionRepositoryImpl.java:240)(PutCurTranDataParameter)] putCurTranDataParameter
I/System.out( 4801): EmvPresenter : [(EmvPresenter.java:148)(A)] ON_CONFIRM_CARDINFO
I/System.out( 4801): EmvPresenter : [(EmvPresenter.java:150)(A)] Pan=[4514617655689810]
I/System.out( 4801): database : [(TransactionRepositoryImpl.java:251)(GetCurTranDataParameter)] getCurTranDataParameter
I/System.out( 4801): database : [(TransactionRepositoryImpl.java:115)(GetSystemParameter)] getSystemParameter
I/System.out( 4801): EMVObservable : [(EMVObservable.java:97)(A)] importCardConfirmResult pass: true
I/DeviceService( 4714): EMV getEMV() executed
I/IEMVManager( 4714): IEMVManager.getInstance execute
I/IPBOCManager( 4714): importCardConfirmResult executed, pass=true
I/IPBOCManager( 4714): import card no, ret=false
D/IPBOCManager( 4714): card confirm confirm exit...
D/IPBOCManager( 4714): startFlow result:3
I/IPBOCManagerodt( 4714): -->outputDebugTag for check-->
I/clss_kernel_main( 4714): <clss_main_getstr,994>:clss_main_getstr context address = 0xB7FC7058
I/IPBOCManagerodt( 4714): CardAppVersion(9F08):
I/clss_kernel_main( 4714): <clss_main_getstr,994>:clss_main_getstr context address = 0xB7FC7058
I/IPBOCManagerodt( 4714): AppVersion(9F09):0200
I/clss_kernel_main( 4714): <clss_main_getstr,994>:clss_main_getstr context address = 0xB7FC7058
I/IPBOCManagerodt( 4714): TCAP(9F33):E0B8C8
I/clss_kernel_main( 4714): <clss_main_getstr,994>:clss_main_getstr context address = 0xB7FC7058
I/IPBOCManagerodt( 4714): ADDTCAP(9F40):F000F0A001
I/clss_kernel_main( 4714): <clss_main_getstr,994>:clss_main_getstr context address = 0xB7FC7058
I/IPBOCManagerodt( 4714): TTQ(9F66):26000080
I/clss_kernel_main( 4714): <clss_main_getstr,994>:clss_main_getstr context address = 0xB7FC7058
I/IPBOCManagerodt( 4714): qpboc(9F68):
I/clss_kernel_main( 4714): <clss_main_getstr,994>:clss_main_getstr context address = 0xB7FC7058
I/IPBOCManagerodt( 4714): ISR TAC dec(9F0E):
I/clss_kernel_main( 4714): <clss_main_getstr,994>:clss_main_getstr context address = 0xB7FC7058
I/IPBOCManagerodt( 4714): ISR TAC online(9F0F):
I/clss_kernel_main( 4714): <clss_main_getstr,994>:clss_main_getstr context address = 0xB7FC7058
I/IPBOCManagerodt( 4714): AID(4F):A0000000031010
I/clss_kernel_main( 4714): <clss_main_getstr,994>:clss_main_getstr context address = 0xB7FC7058
I/IPBOCManagerodt( 4714): TVR(95):0000000000
I/clss_kernel_main( 4714): <clss_main_getstr,994>:clss_main_getstr context address = 0xB7FC7058
I/IPBOCManagerodt( 4714): TSI(9B):0000
I/clss_kernel_main( 4714): <clss_main_getstr,994>:clss_main_getstr context address = 0xB7FC7058
I/IPBOCManagerodt( 4714): AC(9F26):05E7444D7892A63B
I/clss_kernel_main( 4714): <clss_main_getstr,994>:clss_main_getstr context address = 0xB7FC7058
I/IPBOCManagerodt( 4714): ISR CODE(9F11):
I/clss_kernel_main( 4714): <clss_main_getstr,994>:clss_main_getstr context address = 0xB7FC7058
I/IPBOCManagerodt( 4714): IAD(9F10):06010A03A00000
I/clss_kernel_main( 4714): <clss_main_getstr,994>:clss_main_getstr context address = 0xB7FC7058
I/IPBOCManagerodt( 4714): APP NAME(9F12):null
I/clss_kernel_main( 4714): <clss_main_getstr,994>:clss_main_getstr context address = 0xB7FC7058
I/IPBOCManagerodt( 4714): APP LABEL(50):VISA CREDIT
I/clss_kernel_main( 4714): <clss_main_getstr,994>:clss_main_getstr context address = 0xB7FC7058
I/IPBOCManagerodt( 4714): APID(87):01
I/clss_kernel_main( 4714): <clss_main_getstr,994>:clss_main_getstr context address = 0xB7FC7058
I/IPBOCManagerodt( 4714): AIP(82):0000
I/clss_kernel_main( 4714): <clss_main_getstr,994>:clss_main_getstr context address = 0xB7FC7058
I/IPBOCManagerodt( 4714): DF(84):A0000000031010
I/clss_kernel_main( 4714): <clss_main_getstr,994>:clss_main_getstr context address = 0xB7FC7058
I/IPBOCManagerodt( 4714): CA INDEX(8F):
I/clss_kernel_main( 4714): <clss_main_getstr,994>:clss_main_getstr context address = 0xB7FC7058
I/IPBOCManagerodt( 4714): RID INDEX(9F22):
I/clss_kernel_main( 4714): <clss_main_getstr,994>:clss_main_getstr context address = 0xB7FC7058
I/IPBOCManagerodt( 4714): EC SUPPORT(9F7A):
I/clss_kernel_main( 4714): <clss_main_getstr,994>:clss_main_getstr context address = 0xB7FC7058
I/IPBOCManagerodt( 4714): EC BAL(9F79):
I/clss_kernel_main( 4714): <clss_main_getstr,994>:clss_main_getstr context address = 0xB7FC7058
I/IPBOCManagerodt( 4714): CARD ATTR(9F6C):0800
I/clss_kernel_main( 4714): <clss_main_getstr,994>:clss_main_getstr context address = 0xB7FC7058
I/IPBOCManagerodt( 4714): CVM RESULT(9F34):
I/clss_kernel_main( 4714): <clss_main_getstr,994>:clss_main_getstr context address = 0xB7FC7058
I/IPBOCManagerodt( 4714): CVM LIST(8E):
I/IPBOCManagerodt( 4714): <--outputDebugTag for check<--
I/IPBOCManager( 4714): Transaction online
I/IPBOCManager( 4714): getField55Data() executed, cardType=4, dataType=1
I/IPBOCManager( 4714): getAppTLVList() executed
I/IPBOCManager( 4714): getCardBrand, txnaid=A0000000031010
I/clss_kernel_main( 4714): <clss_main_getstr,994>:clss_main_getstr context address = 0xB7FC7058
I/IPBOCManager( 4714): tag:9F26(11)=9F260805E7444D7892A63B
I/clss_kernel_main( 4714): <clss_main_getstr,994>:clss_main_getstr context address = 0xB7FC7058
I/IPBOCManager( 4714): tag:9F27(4)=9F270180
I/clss_kernel_main( 4714): <clss_main_getstr,994>:clss_main_getstr context address = 0xB7FC7058
I/IPBOCManager( 4714): tag:9F10(10)=9F100706010A03A00000
I/clss_kernel_main( 4714): <clss_main_getstr,994>:clss_main_getstr context address = 0xB7FC7058
I/IPBOCManager( 4714): tag:9F37(7)=9F3704A8874A25
I/clss_kernel_main( 4714): <clss_main_getstr,994>:clss_main_getstr context address = 0xB7FC7058
I/IPBOCManager( 4714): tag:9F1A(5)=9F1A020764
I/clss_kernel_main( 4714): <clss_main_getstr,994>:clss_main_getstr context address = 0xB7FC7058
I/IPBOCManager( 4714): tag:9F36(5)=9F360205A3
I/clss_kernel_main( 4714): <clss_main_getstr,994>:clss_main_getstr context address = 0xB7FC7058
I/IPBOCManager( 4714): tag:95(7)=95050000000000
I/clss_kernel_main( 4714): <clss_main_getstr,994>:clss_main_getstr context address = 0xB7FC7058
I/IPBOCManager( 4714): tag:9A(5)=9A03190508
I/clss_kernel_main( 4714): <clss_main_getstr,994>:clss_main_getstr context address = 0xB7FC7058
I/IPBOCManager( 4714): tag:9C(3)=9C0100
I/clss_kernel_main( 4714): <clss_main_getstr,994>:clss_main_getstr context address = 0xB7FC7058
I/IPBOCManager( 4714): tag:9F02(9)=9F0206000000000015
I/clss_kernel_main( 4714): <clss_main_getstr,994>:clss_main_getstr context address = 0xB7FC7058
I/IPBOCManager( 4714): tag:5F2A(5)=5F2A020764
I/clss_kernel_main( 4714): <clss_main_getstr,994>:clss_main_getstr context address = 0xB7FC7058
I/IPBOCManager( 4714): tag:82(4)=82020000
I/clss_kernel_main( 4714): <clss_main_getstr,994>:clss_main_getstr context address = 0xB7FC7058
I/IPBOCManager( 4714): tag:9F03(9)=9F0306000000000000
I/clss_kernel_main( 4714): <clss_main_getstr,994>:clss_main_getstr context address = 0xB7FC7058
I/IPBOCManager( 4714): tag:9F33(6)=9F3303E0B8C8
I/clss_kernel_main( 4714): <clss_main_getstr,994>:clss_main_getstr context address = 0xB7FC7058
I/IPBOCManager( 4714): tag:9F34( )=null
I/clss_kernel_main( 4714): <clss_main_getstr,994>:clss_main_getstr context address = 0xB7FC7058
I/IPBOCManager( 4714): tag:9F35(4)=9F350122
I/clss_kernel_main( 4714): <clss_main_getstr,994>:clss_main_getstr context address = 0xB7FC7058
I/IPBOCManager( 4714): tag:84(9)=8407A0000000031010
I/clss_kernel_main( 4714): <clss_main_getstr,994>:clss_main_getstr context address = 0xB7FC7058
I/IPBOCManager( 4714): tag:9F1E(11)=9F1E083230303031303733
I/clss_kernel_main( 4714): <clss_main_getstr,994>:clss_main_getstr context address = 0xB7FC7058
I/IPBOCManager( 4714): tag:9F09(5)=9F09020200
I/clss_kernel_main( 4714): <clss_main_getstr,994>:clss_main_getstr context address = 0xB7FC7058
I/IPBOCManager( 4714): tag:9F41(7)=9F410402480000
I/IPBOCManager( 4714): getAppTLVList return:9F260805E7444D7892A63B9F2701809F100706010A03A000009F3704A8874A259F1A0207649F360205A3950500000000009A031905089C01009F02060000000000155F2A020764820200009F03060000000000009F3303E0B8C89F3501228407A00000000310109F1E0832303030313037339F090202009F410402480000
I/System.out( 4801): EMVObservable : [(EMVObservable.java:238)(OnRequestOnlineProcess)] EMVHandler onRequestOnlineProcess 201
E/AudioPolicyManager(  274): unknown stream type 13
E/AudioPolicyManager(  274): unknown stream type 13
I/System.out( 4801): EMVObservable : [(EMVObservable.java:245)(OnRequestOnlineProcess)] CVM Result Type  0
E/AudioPolicyManager(  274): unknown stream type 13
E/AudioPolicyManager(  274): unknown stream type 13
I/System.out( 4801): EMVObservable : [(EMVObservable.java:247)(OnRequestOnlineProcess)] Is need to sign  false
E/AudioPolicyManager(  274): unknown stream type 13
E/AudioPolicyManager(  274): unknown stream type 13
E/AudioPolicyManager(  274): unknown stream type 13
E/AudioPolicyManager(  274): unknown stream type 13
I/System.out( 4801): UseCaseEMVStart : [(UseCaseEMVStart.java:223)(B)] saveData executed.
I/DeviceService( 4714): EMV getEMV() executed
I/IEMVManager( 4714): IEMVManager.getInstance execute
I/IPBOCManager( 4714): getAppTLVList() executed
I/IPBOCManager( 4714): getCardBrand, txnaid=A0000000031010
I/clss_kernel_main( 4714): <clss_main_getstr,994>:clss_main_getstr context address = 0xB7FC7058
I/IPBOCManager( 4714): tag:84(9)=8407A0000000031010
I/IPBOCManager( 4714): getAppTLVList return:8407A0000000031010
I/System.out( 4801): UseCaseEMVStart : [(UseCaseEMVStart.java:239)(B)] A000000003
E/AudioPolicyManager(  274): unknown stream type 13
E/AudioPolicyManager(  274): unknown stream type 13
I/System.out( 4801): UseCaseEMVStart : [(UseCaseEMVStart.java:214)(A)] AID else
E/AudioPolicyManager(  274): unknown stream type 13
E/AudioPolicyManager(  274): unknown stream type 13
I/System.out( 4801): database : [(TransactionRepositoryImpl.java:251)(GetCurTranDataParameter)] getCurTranDataParameter
I/System.out( 4801): database : [(TransactionRepositoryImpl.java:115)(GetSystemParameter)] getSystemParameter
I/DeviceService( 4714): EMV getEMV() executed
I/IEMVManager( 4714): IEMVManager.getInstance execute
I/IPBOCManager( 4714): getAppTLVList() executed
I/IPBOCManager( 4714): getCardBrand, txnaid=A0000000031010
I/clss_kernel_main( 4714): <clss_main_getstr,994>:clss_main_getstr context address = 0xB7FC7058
I/IPBOCManager( 4714): tag:50(13)=500B5649534120435245444954
I/clss_kernel_main( 4714): <clss_main_getstr,994>:clss_main_getstr context address = 0xB7FC7058
I/IPBOCManager( 4714): tag:9F12( )=null
I/clss_kernel_main( 4714): <clss_main_getstr,994>:clss_main_getstr context address = 0xB7FC7058
I/IPBOCManager( 4714): tag:9B(4)=9B020000
I/IPBOCManager( 4714): getAppTLVList return:500B56495341204352454449549B020000
I/DeviceService( 4714): EMV getEMV() executed
I/IEMVManager( 4714): IEMVManager.getInstance execute
I/IPBOCManager( 4714): getAppTLVList() executed
I/IPBOCManager( 4714): getCardBrand, txnaid=A0000000031010
I/clss_kernel_main( 4714): <clss_main_getstr,994>:clss_main_getstr context address = 0xB7FC7058
I/IPBOCManager( 4714): tag:5F2A(5)=5F2A020764
I/clss_kernel_main( 4714): <clss_main_getstr,994>:clss_main_getstr context address = 0xB7FC7058
I/IPBOCManager( 4714): tag:5F34(4)=5F340101
I/clss_kernel_main( 4714): <clss_main_getstr,994>:clss_main_getstr context address = 0xB7FC7058
I/IPBOCManager( 4714): tag:82(4)=82020000
I/clss_kernel_main( 4714): <clss_main_getstr,994>:clss_main_getstr context address = 0xB7FC7058
I/IPBOCManager( 4714): tag:84(9)=8407A0000000031010
I/clss_kernel_main( 4714): <clss_main_getstr,994>:clss_main_getstr context address = 0xB7FC7058
I/IPBOCManager( 4714): tag:95(7)=95050000000000
I/clss_kernel_main( 4714): <clss_main_getstr,994>:clss_main_getstr context address = 0xB7FC7058
I/IPBOCManager( 4714): tag:9A(5)=9A03190508
I/clss_kernel_main( 4714): <clss_main_getstr,994>:clss_main_getstr context address = 0xB7FC7058
I/IPBOCManager( 4714): tag:9C(3)=9C0100
I/clss_kernel_main( 4714): <clss_main_getstr,994>:clss_main_getstr context address = 0xB7FC7058
I/IPBOCManager( 4714): tag:9F02(9)=9F0206000000000015
I/clss_kernel_main( 4714): <clss_main_getstr,994>:clss_main_getstr context address = 0xB7FC7058
I/IPBOCManager( 4714): tag:9F03(9)=9F0306000000000000
I/clss_kernel_main( 4714): <clss_main_getstr,994>:clss_main_getstr context address = 0xB7FC7058
I/IPBOCManager( 4714): tag:9F09(5)=9F09020200
I/clss_kernel_main( 4714): <clss_main_getstr,994>:clss_main_getstr context address = 0xB7FC7058
I/IPBOCManager( 4714): tag:9F10(10)=9F100706010A03A00000
I/clss_kernel_main( 4714): <clss_main_getstr,994>:clss_main_getstr context address = 0xB7FC7058
I/IPBOCManager( 4714): tag:9F1A(5)=9F1A020764
I/clss_kernel_main( 4714): <clss_main_getstr,994>:clss_main_getstr context address = 0xB7FC7058
I/IPBOCManager( 4714): tag:9F1E(11)=9F1E083230303031303733
I/clss_kernel_main( 4714): <clss_main_getstr,994>:clss_main_getstr context address = 0xB7FC7058
I/IPBOCManager( 4714): tag:9F26(11)=9F260805E7444D7892A63B
I/clss_kernel_main( 4714): <clss_main_getstr,994>:clss_main_getstr context address = 0xB7FC7058
I/IPBOCManager( 4714): tag:9F27(4)=9F270180
I/clss_kernel_main( 4714): <clss_main_getstr,994>:clss_main_getstr context address = 0xB7FC7058
I/IPBOCManager( 4714): tag:9F33(6)=9F3303E0B8C8
I/clss_kernel_main( 4714): <clss_main_getstr,994>:clss_main_getstr context address = 0xB7FC7058
I/IPBOCManager( 4714): tag:9F34( )=null
I/clss_kernel_main( 4714): <clss_main_getstr,994>:clss_main_getstr context address = 0xB7FC7058
I/IPBOCManager( 4714): tag:9F35(4)=9F350122
I/clss_kernel_main( 4714): <clss_main_getstr,994>:clss_main_getstr context address = 0xB7FC7058
I/IPBOCManager( 4714): tag:9F36(5)=9F360205A3
I/clss_kernel_main( 4714): <clss_main_getstr,994>:clss_main_getstr context address = 0xB7FC7058
I/IPBOCManager( 4714): tag:9F37(7)=9F3704A8874A25
I/clss_kernel_main( 4714): <clss_main_getstr,994>:clss_main_getstr context address = 0xB7FC7058
I/IPBOCManager( 4714): tag:9F41(7)=9F410402480000
I/IPBOCManager( 4714): getAppTLVList return:5F2A0207645F340101820200008407A0000000031010950500000000009A031905089C01009F02060000000000159F03060000000000009F090202009F100706010A03A000009F1A0207649F1E0832303030313037339F260805E7444D7892A63B9F2701809F3303E0B8C89F3501229F360205A39F3704A8874A259F410402480000
I/DeviceService( 4714): EMV getEMV() executed
I/IEMVManager( 4714): IEMVManager.getInstance execute
I/IPBOCManager( 4714): getAppTLVList() executed
I/IPBOCManager( 4714): getCardBrand, txnaid=A0000000031010
I/clss_kernel_main( 4714): <clss_main_getstr,994>:clss_main_getstr context address = 0xB7FC7058
I/IPBOCManager( 4714): tag:84(9)=8407A0000000031010
I/IPBOCManager( 4714): getAppTLVList return:8407A0000000031010
I/System.out( 4801): CurrentTranData : [(CurrentTranData.java:580)(SetEmvICData)] ==> 500B56495341204352454449549B020000
I/System.out( 4801): currentTranData : [(CurrentTranData.java:589)(SetEmvICData)] tag: 50 ==> 5649534120435245444954
I/System.out( 4801): currentTranData : [(CurrentTranData.java:589)(SetEmvICData)] tag: 9B ==> 0000
I/System.out( 4801): UseCaseEMVStart : [(UseCaseEMVStart.java:321)(A)] ON_REQUEST_ONLINE
I/System.out( 4801): CurrentTranData : [(CurrentTranData.java:580)(SetEmvICData)] ==> 9F260805E7444D7892A63B9F2701809F100706010A03A000009F3704A8874A259F1A0207649F360205A3950500000000009A031905089C01009F02060000000000155F2A020764820200009F03060000000000009F3303E0B8C89F3501228407A00000000310109F1E0832303030313037339F090202009F410402480000
I/System.out( 4801): currentTranData : [(CurrentTranData.java:589)(SetEmvICData)] tag: 84 ==> A0000000031010
I/System.out( 4801): currentTranData : [(CurrentTranData.java:589)(SetEmvICData)] tag: 82 ==> 0000
I/System.out( 4801): currentTranData : [(CurrentTranData.java:589)(SetEmvICData)] tag: 9F26 ==> 05E7444D7892A63B
I/System.out( 4801): currentTranData : [(CurrentTranData.java:589)(SetEmvICData)] tag: 9F36 ==> 05A3
I/System.out( 4801): currentTranData : [(CurrentTranData.java:589)(SetEmvICData)] tag: 9F09 ==> 0200
I/System.out( 4801): currentTranData : [(CurrentTranData.java:589)(SetEmvICData)] tag: 9F1A ==> 0764
I/System.out( 4801): currentTranData : [(CurrentTranData.java:589)(SetEmvICData)] tag: 9F27 ==> 80
I/System.out( 4801): currentTranData : [(CurrentTranData.java:589)(SetEmvICData)] tag: 5F2A ==> 0764
I/System.out( 4801): currentTranData : [(CurrentTranData.java:589)(SetEmvICData)] tag: 9C ==> 00
I/System.out( 4801): currentTranData : [(CurrentTranData.java:589)(SetEmvICData)] tag: 9F10 ==> 06010A03A00000
I/System.out( 4801): currentTranData : [(CurrentTranData.java:589)(SetEmvICData)] tag: 9F1E ==> 3230303031303733
I/System.out( 4801): currentTranData : [(CurrentTranData.java:589)(SetEmvICData)] tag: 9F37 ==> A8874A25
I/System.out( 4801): currentTranData : [(CurrentTranData.java:589)(SetEmvICData)] tag: 95 ==> 0000000000
I/System.out( 4801): currentTranData : [(CurrentTranData.java:589)(SetEmvICData)] tag: 9F33 ==> E0B8C8
I/DeviceService( 4714): EMV getEMV() executed
I/IEMVManager( 4714): IEMVManager.getInstance execute
I/IPBOCManager( 4714): getAppTLVList() executed
I/IPBOCManager( 4714): getCardBrand, txnaid=A0000000031010
I/clss_kernel_main( 4714): <clss_main_getstr,994>:clss_main_getstr context address = 0xB7FC7058
I/IPBOCManager( 4714): tag:9F34( )=null
I/IPBOCManager( 4714): getAppTLVList return:
I/System.out( 4801): UseCaseEMVStart : [(UseCaseEMVStart.java:194)(A)] tlvTags 
I/DeviceService( 4714): EMV getEMV() executed
I/IEMVManager( 4714): IEMVManager.getInstance execute
I/IPBOCManager( 4714): getAppTLVList() executed
I/IPBOCManager( 4714): getCardBrand, txnaid=A0000000031010
I/clss_kernel_main( 4714): <clss_main_getstr,994>:clss_main_getstr context address = 0xB7FC7058
I/IPBOCManager( 4714): tag:84(9)=8407A0000000031010
I/IPBOCManager( 4714): getAppTLVList return:8407A0000000031010
I/DeviceService( 4714): EMV getEMV() executed
I/IEMVManager( 4714): IEMVManager.getInstance execute
I/IPBOCManager( 4714): getAppTLVList() executed
I/IPBOCManager( 4714): getCardBrand, txnaid=A0000000031010
I/clss_kernel_main( 4714): <clss_main_getstr,994>:clss_main_getstr context address = 0xB7FC7058
I/IPBOCManager( 4714): tag:84(9)=8407A0000000031010
I/IPBOCManager( 4714): getAppTLVList return:8407A0000000031010
I/System.out( 4801): UseCaseEMVStart : [(UseCaseEMVStart.java:335)(A)] AID : A000000003
I/DeviceService( 4714): EMV getEMV() executed
I/IEMVManager( 4714): IEMVManager.getInstance execute
I/IPBOCManager( 4714): getAppTLVList() executed
I/IPBOCManager( 4714): getCardBrand, txnaid=A0000000031010
I/clss_kernel_main( 4714): <clss_main_getstr,994>:clss_main_getstr context address = 0xB7FC7058
I/IPBOCManager( 4714): tag:9F34( )=null
I/IPBOCManager( 4714): getAppTLVList return:
I/System.out( 4801): UseCaseEMVStart : [(UseCaseEMVStart.java:194)(A)] tlvTags 
I/System.out( 4801): UseCaseEMVStart : [(UseCaseEMVStart.java:336)(A)] CVM : 
I/System.out( 4801): UseCaseEMVStart : [(UseCaseEMVStart.java:339)(A)] getArqcData  9F260805E7444D7892A63B9F2701809F100706010A03A000009F3704A8874A259F1A0207649F360205A3950500000000009A031905089C01009F02060000000000155F2A020764820200009F03060000000000009F3303E0B8C89F3501228407A00000000310109F1E0832303030313037339F090202009F410402480000
I/System.out( 4801): UseCaseEMVStart : [(UseCaseEMVStart.java:340)(A)] getTcData  null
I/System.out( 4801): UseCaseEMVStart : [(UseCaseEMVStart.java:341)(A)] getReversalData  9F260805E7444D7892A63B9F2701809F100706010A03A000009F3704A8874A259F1A0207649F360205A3950500000000009A031905089C01009F02060000000000155F2A020764820200009F03060000000000009F3303E0B8C89F3501228407A00000000310109F1E0832303030313037339F090202009F410402480000
I/System.out( 4801): UseCaseEMVStart : [(UseCaseEMVStart.java:342)(A)] tlvTagListSCB  5F2A0207645F340101820200008407A0000000031010950500000000009A031905089C01009F02060000000000159F03060000000000009F090202009F100706010A03A000009F1A0207649F1E0832303030313037339F260805E7444D7892A63B9F2701809F3303E0B8C89F3501229F360205A39F3704A8874A259F410402480000
I/System.out( 4801): database : [(TransactionRepositoryImpl.java:240)(PutCurTranDataParameter)] putCurTranDataParameter
I/System.out( 4801): EmvPresenter : [(EmvPresenter.java:137)(A)] ON_REQUEST_ONLINE
I/clss_kernel_main( 4714): <clss_main_deinit,927>:clss_main_deinit context address = 0xB7FC7058
I/System.out( 4801): EmvPresenter : [(EmvPresenter.java:138)(A)] Is need to sign  false
I/System.out( 4801): EmvPresenter : [(EmvPresenter.java:465)(F)] 9F34 is null  true
I/System.out( 4801): EmvPresenter : [(EmvPresenter.java:467)(F)] CVM TYPE         0
I/System.out( 4801): EmvPresenter : [(EmvPresenter.java:317)(D)] isNeedOnline=true
I/System.out( 4801): UINavigator : [(UINavigator.java:28)(A)] transUiFlow=not null
I/System.out( 4801): UINavigator : [(UINavigator.java:30)(A)] transUiFlow = SaleUIFlow
I/System.out( 4801): UINavigator : [(UINavigator.java:54)(B)] LastUIname=com.verifone.adc.presentation.view.activities.CheckCardActivity
I/System.out( 4801): UINavigator : [(UINavigator.java:55)(B)] CurrentUIName=com.verifone.adc.presentation.view.activities.EmvActivity
I/System.out( 4801): SaleUIFlow : [(BaseTransFlow.java:75)(IsCorrectUIEntry)] uiState=8
I/System.out( 4801): SaleUIFlow : [(BaseTransFlow.java:76)(IsCorrectUIEntry)] context class name=EmvActivity
I/System.out( 4801): TAG : [(AndroidUtil.java:22)(A)] Start activity[NetworkProcessActivity]
I/Timeline( 4801): Timeline: Activity_launch_request id:com.verifone.scb.presentation time:23866642
I/ActivityManager(  791): START u0 {cmp=com.verifone.scb.presentation/com.verifone.adc.presentation.view.activities.NetworkProcessActivity} from uid 10130 on display 0
V/WindowManager(  791): addAppToken: AppWindowToken{34172a05 token=Token{10cad17c ActivityRecord{3565206f u0 com.verifone.scb.presentation/com.verifone.adc.presentation.view.activities.NetworkProcessActivity t948}}} to stack=1 task=948 at 8
I/System.out( 4801): BaseMvpActivity : [(BaseMvpActivity.java:85)(OnPause)] ----onPause=EmvActivity
I/System.out( 4801): BaseMvpActivity : [(BaseMvpActivity.java:26)(OnCreate)] ----onCreate=NetworkProcessActivity
I/System.out( 4801): database : [(TransactionRepositoryImpl.java:251)(GetCurTranDataParameter)] getCurTranDataParameter
I/System.out( 4801): database : [(TransactionRepositoryImpl.java:115)(GetSystemParameter)] getSystemParameter
I/DBTerminalStatusConver( 4801): getModelValue fromJson:com.verifone.adc.domain.entities.bo.TerminalStatusParam@2c4069e8
I/NetworkProcessActivity( 4801): acquireWakeLock: NetworkProcessActivity
I/System.out( 4801): BaseMvpActivity : [(BaseMvpActivity.java:63)(OnStart)] ----onStart=NetworkProcessActivity
I/System.out( 4801): BasePresenter : [(BasePresenter.java:30)(AttachUI)] ============attachUI
I/System.out( 4801): BasePresenter : [(BasePresenter.java:32)(AttachUI)] UI=NetworkProcessActivity
I/System.out( 4801): TAG : [(NetworkProcessPresenter.java:453)(J)] Do checkPreTrans
I/System.out( 4801): TAG : [(NetworkProcessPresenter.java:454)(J)] tranId=10001
I/System.out( 4801): database : [(TransactionRepositoryImpl.java:251)(GetCurTranDataParameter)] getCurTranDataParameter
I/System.out( 4801): BaseMvpActivity : [(BaseMvpActivity.java:73)(OnResume)] ----onResume=NetworkProcessActivity
I/System.out( 4801): database : [(TransactionRepositoryImpl.java:658)(IsReversalInformationExist)] isReversalInformationExist
I/ViewRootImpl( 4801): CPU Rendering VSync enable = true
I/System.out( 4801): database : [(TransactionRepositoryImpl.java:666)(U)] 
I/System.out( 4801): UseCaseCheckUpLoadTrans : [(UseCaseCheckUpLoadTrans.java:125)(A)] CheckPreTrans => UploadTransType size():0
V/WindowManager(  791): Adding window Window{1cd548b u0 com.verifone.scb.presentation/com.verifone.adc.presentation.view.activities.NetworkProcessActivity} at 10 of 15 (after Window{19ee7977 u0 com.verifone.scb.presentation/com.verifone.adc.presentation.view.activities.EmvActivity})
I/System.out( 4801): TAG : [(NetworkProcessPresenter.java:480)(G)] uploadTransTypes len=0
I/System.out( 4801): TAG : [(NetworkProcessPresenter.java:498)(L)] Do doTransaction
I/System.out( 4801): database : [(TransactionRepositoryImpl.java:251)(GetCurTranDataParameter)] getCurTranDataParameter
I/System.out( 4801): TAG : [(UseCaseDoTransaction.java:126)(A)] doTransaction hostType=1
I/System.out( 4801): DBFunHostInfo : [(DBFunAcquirerHostInfo.java:51)(A)] Select 1 trans record successfully
I/System.out( 4801): database : [(TransactionRepositoryImpl.java:240)(PutCurTranDataParameter)] putCurTranDataParameter
I/System.out( 4801): database : [(TransactionRepositoryImpl.java:251)(GetCurTranDataParameter)] getCurTranDataParameter
I/System.out( 4801): UseCaseDoTransaction : [(UseCaseDoTransaction.java:69)(C)] TransID : 10001
I/System.out( 4801): database : [(TransactionRepositoryImpl.java:251)(GetCurTranDataParameter)] getCurTranDataParameter
I/System.out( 4801): database : [(TransactionRepositoryImpl.java:115)(GetSystemParameter)] getSystemParameter
I/System.out( 4801): DBFunHostInfo : [(DBFunAcquirerHostInfo.java:51)(A)] Select 1 trans record successfully
I/System.out( 4801): TransUseCase : [(TransUseCase.java:77)(A)] DataWrapper Save Data
I/System.out( 4801): UseCaseNormalTrans : [(UseCaseNormalTrans.java:78)(A)] have many host and host type is : 1
I/System.out( 4801): DeviceInfoObservable : [(DeviceInfoObservable.java:84)(A)] random factor: 689810
I/System.out( 4801): DeviceInfoObservable : [(DeviceInfoObservable.java:99)(A)] tusnDataParamOut getTusn: 111111111111
I/System.out( 4801): DeviceInfoObservable : [(DeviceInfoObservable.java:100)(A)] tusnDataParamOut getMac:         
I/System.out( 4801): database : [(TransactionRepositoryImpl.java:240)(PutCurTranDataParameter)] putCurTranDataParameter
I/System.out( 4801): UseCaseNormalTrans : [(UseCaseNormalTrans.java:565)(A)] TrainingMode=false
I/System.out( 4801): TAG : [(CommImpl.java:65)(Comm2Server)] Server ip=10.172.24.125
I/System.out( 4801): TAG : [(CommImpl.java:66)(Comm2Server)] Server port=5555
I/System.out( 4801): TAG : [(CommImpl.java:67)(Comm2Server)] timeout sec=30000
I/System.out( 4801): TAG : [(CommImpl.java:68)(Comm2Server)] timeout retry=1
I/System.out( 4801): TAG : [(CommImpl.java:69)(Comm2Server)] isSSL=false
I/System.out( 4801): CommImpl : [(CommImpl.java:70)(Comm2Server)] Training mode=false
I/System.out( 4801): CommImpl.java : [(CommImpl.java:100)(OnNext)] NetCallBackListener onNext, comm status=ON_CONNECTING
I/System.out( 4801): UseCaseNormalTrans : [(UseCaseNormalTrans.java:537)(A)] communication: ON_CONNECTING
I/System.out( 4801): SocketComm : [(SocketComm.java:280)(A)] ..... IP: 10.172.24.125  PORT: 5555......0
I/System.out( 4801): SocketComm : [(SocketComm.java:80)(A)] finally
I/System.out( 4801): TAG : [(NetworkProcessPresenter.java:501)(A)] Comm status=ON_CONNECTING
I/System.out( 4801): SocketComm : [(SocketComm.java:292)(A)] ......0, 
I/System.out( 4801): CommImpl.java : [(CommImpl.java:100)(OnNext)] NetCallBackListener onNext, comm status=ON_CONNECTED
I/System.out( 4801): UseCaseNormalTrans : [(UseCaseNormalTrans.java:537)(A)] communication: ON_CONNECTED
I/Timeline( 4801): Timeline: Activity_idle id: android.os.BinderProxy@263f3a8a time:23866788
I/System.out( 4801): Iso8583Process : [(Iso8583Process.java:27)(A)] ============================ ISO8583_buildFrame =========================================
I/System.out( 4801): SaleUIFlow : [(BaseTransFlow.java:276)(Run)] isUIStateNeedCheckTimeout=0
I/ActivityManager(  791): Displayed com.verifone.scb.presentation/com.verifone.adc.presentation.view.activities.NetworkProcessActivity: +153ms
I/System.out( 4801): Iso8583TransData : [(Iso8583TransData.java:3478)(A)] ISO8583_SetData() executed
I/System.out( 4801): Iso8583TransData : [(Iso8583TransData.java:689)(A)] doGetF02_Account => 
I/System.out( 4801): Iso8583TransData : [(Iso8583TransData.java:729)(B)] doGetF03_ProcCode => 000000
I/System.out( 4801): Iso8583TransData : [(Iso8583TransData.java:764)(C)] doGetF04_Amount => 000000000015
I/System.out( 4801): Iso8583TransData : [(Iso8583TransData.java:916)(A)] doGetF11_StanNum => 006147
I/System.out( 4801): Utils : [(Utils.java:610)(A)] 20190508103950
I/System.out( 4801): Iso8583TransData : [(Iso8583TransData.java:941)(E)] doGetF12_TransTime => 103950
I/System.out( 4801): Utils : [(Utils.java:610)(A)] 20190508103950
I/System.out( 4801): Iso8583TransData : [(Iso8583TransData.java:966)(F)] doGetF13_TransDate => 0508
I/System.out( 4801): Iso8583TransData : [(Iso8583TransData.java:991)(G)] doGetF14_ExpareDate => 
I/System.out( 4801): Iso8583TransData : [(Iso8583TransData.java:1008)(H)] isFallback=false
I/System.out( 4801): Iso8583TransData : [(Iso8583TransData.java:1047)(H)] doGetF22_POSEntry => 072
I/System.out( 4801): Iso8583TransData : [(Iso8583TransData.java:1081)(A)] doGetF23_CardSequenceNum => 01
I/System.out( 4801): Iso8583TransData : [(Iso8583TransData.java:1101)(I)] doGetF24_NII => 140
I/System.out( 4801): Iso8583TransData : [(Iso8583TransData.java:1136)(J)] doGetF25_Servicepmode => 00
I/System.out( 4801): Iso8583TransData : [(Iso8583TransData.java:1198)(L)] doGetF37_refNo => null
I/System.out( 4801): Iso8583TransData : [(Iso8583TransData.java:1238)(M)] doGetF38_AuthCode => null
I/System.out( 4801): Iso8583TransData : [(Iso8583TransData.java:1275)(N)] doGetF39_SrcInfo => 
I/System.out( 4801): Iso8583TransData : [(Iso8583TransData.java:1306)(O)] doGetField48 => 
I/System.out( 4801): Iso8583TransData : [(Iso8583TransData.java:1413)(A)] doGetF53_SrcInfo => 0600000000000000
I/System.out( 4801): Iso8583TransData : [(Iso8583TransData.java:1451)(S)] doGetField54_TipAmount 000000000000
I/System.out( 4801): Iso8583TransData : [(Iso8583TransData.java:1587)(B)] doGetField55 => 5F2A0207645F340101820200008407A0000000031010950500000000009A031905089C01009F02060000000000159F03060000000000009F090202009F100706010A03A000009F1A0207649F1E0832303030313037339F260805E7444D7892A63B9F2701809F3303E0B8C89F3501229F360205A39F3704A8874A259F410402480000
I/System.out( 4801): Iso8583TransData : [(Iso8583TransData.java:1973)(B)] doGetField59 field59 => A20610100204020121111111111110300668981004008        0500801.00.00
I/System.out( 4801): Iso8583TransData : [(Iso8583TransData.java:2139)(C)] doGetField60 => 
I/System.out( 4801): Iso8583TransData : [(Iso8583TransData.java:2215)(D)] doGetField61 => 000000000000
I/System.out( 4801): Iso8583TransData : [(Iso8583TransData.java:2270)(D)] doGetF62_InvoiceNum => 004063
I/System.out( 4801): Iso8583Process : [(Iso8583Process.java:44)(A)] Sale
I/System.out( 4801): Iso8583TransData : [(Iso8583TransData.java:3146)(A)] setAllFieldsByBit() executed
I/System.out( 4801): Iso8583Process : [(Iso8583Process.java:390)(A)] 10001ISO8583 JSON:{"F0":"0200","F3":"000000","F4":"000000000015","F11":"006147","F22":"072","F23":"01","F24":"140","F25":"00","F35":"4514617655689810D230120112198402","F41":"71710074","F42":"0310392010","F55":"5F2A0207645F340101820200008407A0000000031010950500000000009A031905089C01009F02060000000000159F03060000000000009F090202009F100706010A03A000009F1A0207649F1E0832303030313037339F260805E7444D7892A63B9F2701809F3303E0B8C89F3501229F360205A39F3704A8874A259F410402480000","F62":"004063"}
I/System.out( 4801): Iso8583Process : [(Iso8583Process.java:391)(A)] ISO8583 Data:02003020078020C0020400000000000000001500614700720001014000324514617655689810D230120112198402373137313030373430333130333932303130202020202001305F2A0207645F340101820200008407A0000000031010950500000000009A031905089C01009F02060000000000159F03060000000000009F090202009F100706010A03A000009F1A0207649F1E0832303030313037339F260805E7444D7892A63B9F2701809F3303E0B8C89F3501229F360205A39F3704A8874A259F4104024800000006303034303633
I/System.out( 4801): Iso8583Process : [(Iso8583Process.java:407)(A)] ISO8583 strPacket:600140000002003020078020C0020400000000000000001500614700720001014000324514617655689810D230120112198402373137313030373430333130333932303130202020202001305F2A0207645F340101820200008407A0000000031010950500000000009A031905089C01009F02060000000000159F03060000000000009F090202009F100706010A03A000009F1A0207649F1E0832303030313037339F260805E7444D7892A63B9F2701809F3303E0B8C89F3501229F360205A39F3704A8874A259F4104024800000006303034303633
I/System.out( 4801): Iso8583Process : [(Iso8583Process.java:408)(A)] =========================================================================================
I/System.out( 4801): Iso8583Process : [(Iso8583Process.java:411)(A)] ISO8583 final message:{"F0":"0200","F3":"000000","F4":"000000000015","F11":"006147","F22":"0072","F23":"0001","F24":"0140","F25":"00","F35":"324514617655689810D230120112198402","F41":"3731373130303734","F42":"303331303339323031302020202020","F55":"01305F2A0207645F340101820200008407A0000000031010950500000000009A031905089C01009F02060000000000159F03060000000000009F090202009F100706010A03A000009F1A0207649F1E0832303030313037339F260805E7444D7892A63B9F2701809F3303E0B8C89F3501229F360205A39F3704A8874A259F410402480000","F62":"0006303034303633","TPDU":"6001400000","BITMAP":"0011000000100000000001111000000000100000110000000000001000000100"}
I/System.out( 4801): TransUseCase : [(TransUseCase.java:286)(M)] sendPackage executed.
I/System.out( 4801): TransUseCase : [(TransUseCase.java:377)(D)] saveReversal transId 10001
I/System.out( 4801): TransUseCase : [(TransUseCase.java:392)(D)]  getRspCode is null 
I/System.out( 4801): TransUseCase : [(TransUseCase.java:398)(D)] saveReversal TransId=10001 [Sale]orgTransId null[] SysTrace 004063 StanNum 006147 orgSysTrace null orgStanNum null SysTrace 006147
I/System.out( 4801): TransUseCase : [(TransUseCase.java:422)(D)] NO VOID/PREAUTH_COMPLETE_REFUND
I/System.out( 4801): TransUseCase : [(TransUseCase.java:423)(D)] PutRecordInformation
I/System.out( 4801): database : [(TransactionRepositoryImpl.java:711)(PutReversalInformation)] putReversalInformation
I/System.out( 4801): database : [(TransactionRepositoryImpl.java:718)(A)] putReversalInformation : 004063
I/System.out( 4801): database_record : [(DBFunRecordInfo.java:157)(A)] Put normal record
I/AudioFlinger(  274): BUFFER TIMEOUT: remove(4096) from active list on thread 0xb56df008
I/System.out( 4801): database_record : [(DBFunRecordInfo.java:176)(A)] Create a new record 004063   Stan : 006147
E/AudioPolicyManager(  274): unknown stream type 13
E/AudioPolicyManager(  274): unknown stream type 13
E/AudioPolicyManager(  274): unknown stream type 13
E/AudioPolicyManager(  274): unknown stream type 13
E/AudioPolicyManager(  274): unknown stream type 13
E/AudioPolicyManager(  274): unknown stream type 13
E/AudioPolicyManager(  274): unknown stream type 13
E/AudioPolicyManager(  274): unknown stream type 13
E/AudioPolicyManager(  274): unknown stream type 13
E/AudioPolicyManager(  274): unknown stream type 13
E/AudioPolicyManager(  274): unknown stream type 13
E/AudioPolicyManager(  274): unknown stream type 13
E/AudioPolicyManager(  274): unknown stream type 13
E/AudioPolicyManager(  274): unknown stream type 13
E/AudioPolicyManager(  274): unknown stream type 13
E/AudioPolicyManager(  274): unknown stream type 13
E/AudioPolicyManager(  274): unknown stream type 13
I/SurfaceFlinger(  259): FPS: 56
I/System.out( 4801): TransUseCase : [(TransUseCase.java:309)(B)] increaseSysTrace transType=SALE [Sale]
I/System.out( 4801): TransUseCase : [(TransUseCase.java:310)(B)] increaseSysTrace sysTrace=004063
I/System.out( 4801): TransUseCase : [(TransUseCase.java:311)(B)] increaseSysTrace stanNum=006147
I/System.out( 4801): TransUseCase : [(TransUseCase.java:312)(B)] increaseSysTrace before system sysTrace=004063
I/System.out( 4801): TransUseCase : [(TransUseCase.java:313)(B)] increaseSysTrace before hostInfo stanNum=006147
I/System.out( 4801): TransUseCase : [(TransUseCase.java:321)(B)] StanNum006148
I/System.out( 4801): database : [(TransactionRepositoryImpl.java:1671)(PutHostInfo)] putTLEKey
I/System.out( 4801): DBFunHostInfo : [(DBFunAcquirerHostInfo.java:34)(A)] Update a host record, acquirerType=1
I/System.out( 4801): TransUseCase : [(TransUseCase.java:332)(B)] TraceNum=004064
I/System.out( 4801): TransUseCase : [(TransUseCase.java:335)(B)] increaseSysTrace after system sysTrace=004064
I/System.out( 4801): TransUseCase : [(TransUseCase.java:336)(B)] increaseSysTrace after hostInfo stanNum=006148
I/System.out( 4801): TAG : [(NetworkProcessPresenter.java:501)(A)] Comm status=ON_CONNECTED
I/System.out( 4801): SocketComm : [(SocketComm.java:299)(A)] .....0
I/System.out( 4801): CommImpl.java : [(CommImpl.java:100)(OnNext)] NetCallBackListener onNext, comm status=ON_SENDIND
I/System.out( 4801): UseCaseNormalTrans : [(UseCaseNormalTrans.java:537)(A)] communication: ON_SENDIND
I/System.out( 4801): TAG : [(NetworkProcessPresenter.java:501)(A)] Comm status=ON_SENDIND
I/System.out( 4801): CommImpl.java : [(CommImpl.java:100)(OnNext)] NetCallBackListener onNext, comm status=ON_SENTED
I/System.out( 4801): UseCaseNormalTrans : [(UseCaseNormalTrans.java:537)(A)] communication: ON_SENTED
I/System.out( 4801): TAG : [(NetworkProcessPresenter.java:501)(A)] Comm status=ON_SENTED
I/System.out( 4801): CommImpl.java : [(CommImpl.java:100)(OnNext)] NetCallBackListener onNext, comm status=ON_RECEIVING
I/Timeline(  791): Timeline: Activity_windows_visible id: ActivityRecord{3565206f u0 com.verifone.scb.presentation/com.verifone.adc.presentation.view.activities.NetworkProcessActivity t948} time:23867171
I/System.out( 4801): UseCaseNormalTrans : [(UseCaseNormalTrans.java:537)(A)] communication: ON_RECEIVING
I/System.out( 4801): TAG : [(NetworkProcessPresenter.java:501)(A)] Comm status=ON_RECEIVING
I/System.out( 4801): SocketComm : [(SocketComm.java:312)(A)] .....0
I/System.out( 4801): SocketComm : [(SocketComm.java:313)(A)] Start RecvPacket:1557283191227
I/System.out( 4801): SocketComm : [(SocketComm.java:227)(A)]  set timeout: 30000  ms.
I/System.out( 4801): BaseMvpActivity : [(BaseMvpActivity.java:102)(OnSaveInstanceState)] ----onSaveInstanceState=ChoicePaymentActivity
I/System.out( 4801): BasePresenter : [(BasePresenter.java:51)(DetachUI)] ============detachUI
I/System.out( 4801): BasePresenter : [(BasePresenter.java:53)(DetachUI)] UI=ChoicePaymentActivity
I/System.out( 4801): BaseMvpActivity : [(BaseMvpActivity.java:93)(OnStop)] ----onStop=ChoicePaymentActivity
I/System.out( 4801): BasePresenter : [(BasePresenter.java:51)(DetachUI)] ============detachUI
I/ChoicePaymentActivity( 4801): releaseWakeLock: 
I/System.out( 4801): BaseMvpActivity : [(BaseMvpActivity.java:102)(OnSaveInstanceState)] ----onSaveInstanceState=CheckCardActivity
I/System.out( 4801): BasePresenter : [(BasePresenter.java:51)(DetachUI)] ============detachUI
I/System.out( 4801): BasePresenter : [(BasePresenter.java:53)(DetachUI)] UI=CheckCardActivity
I/System.out( 4801): BaseMvpActivity : [(BaseMvpActivity.java:93)(OnStop)] ----onStop=CheckCardActivity
I/System.out( 4801): BasePresenter : [(BasePresenter.java:51)(DetachUI)] ============detachUI
I/CheckCardActivity( 4801): releaseWakeLock: 
I/System.out( 4801): BaseMvpActivity : [(BaseMvpActivity.java:102)(OnSaveInstanceState)] ----onSaveInstanceState=EmvActivity
I/System.out( 4801): BasePresenter : [(BasePresenter.java:51)(DetachUI)] ============detachUI
I/System.out( 4801): BasePresenter : [(BasePresenter.java:53)(DetachUI)] UI=EmvActivity
I/System.out( 4801): BaseMvpActivity : [(BaseMvpActivity.java:93)(OnStop)] ----onStop=EmvActivity
I/System.out( 4801): BasePresenter : [(BasePresenter.java:51)(DetachUI)] ============detachUI
I/EmvActivity( 4801): releaseWakeLock: 
D/wpa_supplicant( 3304): wlan0: Control interface command 'SIGNAL_POLL'
I/System.out( 4801): SocketComm : [(SocketComm.java:233)(A)]  want length: 2  ,read length: 2
I/System.out( 4801): SocketComm : [(SocketComm.java:109)(A)] receive length buffer: 0148
I/System.out( 4801): SocketComm : [(SocketComm.java:127)(A)] Head = 0148
I/System.out( 4801): SocketComm : [(SocketComm.java:128)(A)] Expect read length:328
I/System.out( 4801): SocketComm : [(SocketComm.java:227)(A)]  set timeout: 29831  ms.
I/System.out( 4801): SocketComm : [(SocketComm.java:233)(A)]  want length: 328  ,read length: 328
I/System.out( 4801): CommImpl.java : [(CommImpl.java:100)(OnNext)] NetCallBackListener onNext, comm status=ON_RECEIVED
I/System.out( 4801): UseCaseNormalTrans : [(UseCaseNormalTrans.java:537)(A)] communication: ON_RECEIVED
I/System.out( 4801): TransUseCase : [(TransUseCase.java:377)(D)] saveReversal transId 10001
I/System.out( 4801): TransUseCase : [(TransUseCase.java:398)(D)] saveReversal TransId=10001 [Sale]orgTransId null[] SysTrace 004063 StanNum 006147 orgSysTrace null orgStanNum null SysTrace 006147
I/System.out( 4801): TransUseCase : [(TransUseCase.java:422)(D)] NO VOID/PREAUTH_COMPLETE_REFUND
I/System.out( 4801): TransUseCase : [(TransUseCase.java:423)(D)] PutRecordInformation
I/System.out( 4801): database : [(TransactionRepositoryImpl.java:711)(PutReversalInformation)] putReversalInformation
I/System.out( 4801): database : [(TransactionRepositoryImpl.java:718)(A)] putReversalInformation : 004063
I/System.out( 4801): database_record : [(DBFunRecordInfo.java:157)(A)] Put normal record
I/System.out( 4801): database_record : [(DBFunRecordInfo.java:180)(A)] Update a  record    004063   Stan : 006147
I/System.out( 4801): Iso8583Process : [(Iso8583Process.java:424)(A)] ============================ ISO8583_settleFrame ========================================
I/System.out( 4801): Iso8583Process : [(Iso8583Process.java:442)(A)] strIso8583: 0210347800000E80000200000000000000001500000000025000400000006147103952050830303030303036353433323134353637383930303731373130303734025602545830330130303030303042505453434220506F696E747320506F6F6C24202000520000019999000000002600000000000013000130303030303042505453434220506F696E747320506F6F6C2420200043000002333600000000233360000001476574207370656369616C20646973636F756E742032302520576F5720576F5720666F72206E657874207472616E73616374696F6E207768656E2072656465656D20706F696E74206F6E2074686973206D6F6E7468206F6E6C792062757420676574206F6E6C792031302520666F72206E657874207472616E73616374696F6E206E657874206D6F6E7468202B545F5F54202B2121210000000000000000
I/System.out( 4801): Iso8583Process : [(Iso8583Process.java:448)(A)] putTransMsgResponse {"F0":"0210","F3":"000000","F4":"000000000015","F6":"000000000250","F10":"00400000","F11":"006147","F12":"103952","F13":"0508","F37":"303030303030363534333231","F38":"343536373839","F39":"3030","F41":"3731373130303734","F63":"02545830330130303030303042505453434220506F696E747320506F6F6C24202000520000019999000000002600000000000013000130303030303042505453434220506F696E747320506F6F6C2420200043000002333600000000233360000001476574207370656369616C20646973636F756E742032302520576F5720576F5720666F72206E657874207472616E73616374696F6E207768656E2072656465656D20706F696E74206F6E2074686973206D6F6E7468206F6E6C792062757420676574206F6E6C792031302520666F72206E657874207472616E73616374696F6E206E657874206D6F6E7468202B545F5F54202B2121210000000000000000","TPDU":"6000000140"}
I/System.out( 4801): Iso8583Process : [(Iso8583Process.java:455)(A)] ISO8583 json8583_rsp json: {"F0":"0210","F3":"000000","F4":"000000000015","F6":"000000000250","F10":"00400000","F11":"006147","F12":"103952","F13":"0508","F37":"[{A}]303030303030363534333231","F38":"[{A}]343536373839","F39":"[{A}]3030","F41":"[{A}]3731373130303734","F63":"02545830330130303030303042505453434220506F696E747320506F6F6C24202000520000019999000000002600000000000013000130303030303042505453434220506F696E747320506F6F6C2420200043000002333600000000233360000001476574207370656369616C20646973636F756E742032302520576F5720576F5720666F72206E657874207472616E73616374696F6E207768656E2072656465656D20706F696E74206F6E2074686973206D6F6E7468206F6E6C792062757420676574206F6E6C792031302520666F72206E657874207472616E73616374696F6E206E657874206D6F6E7468202B545F5F54202B2121210000000000000000"}
I/System.out( 4801): Iso8583TransData : [(Iso8583TransData.java:3526)(A)] ISO8583_ParseData executed Sale
I/System.out( 4801): Iso8583TransData : [(Iso8583TransData.java:3540)(A)] this.getF06_AmountForeign => 000000000250
I/System.out( 4801): Iso8583TransData : [(Iso8583TransData.java:3545)(A)] this.getF10_ConversionRate 00400000
