I/ActivityManager(  800): START u0 {cmp=com.test.ui.activities.nihao/com.test.ui.activities.other.test_tools.TestToolsActivity} from uid 10448 on display 0
D/audio_hw_primary(  274): start_output_stream: enter: stream(0xb8142b30)usecase(1: low-latency-playback) devices(0x2)
D/audio_hw_primary(  274): select_devices: out_snd_device(2: speaker) in_snd_device(0: )
D/hardware_info(  274): hw_info_append_hw_type : device_name = speaker
I/soundtrigger(  274): audio_extn_sound_trigger_update_device_status: device 0x2 of type 0 for Event 1, with Raise=0
W/audio_hw_utils(  274): audio_extn_utils_update_stream_app_type_cfg: App type could not be selected. Falling back to default
I/audio_hw_primary(  274): select_devices Selected apptype: 69936
D/soundtrigger(  274): audio_extn_sound_trigger_update_stream_status: uc_id 1 of type 0 for Event 3, with Raise=0
D/ACDB-LOADER(  274): ACDB -> send_audio_cal, acdb_id = 14, path =  0
D/ACDB-LOADER(  274): ACDB -> send_asm_topology
D/ACDB-LOADER(  274): ACDB -> ACDB_CMD_GET_AUDPROC_STREAM_TOPOLOGY_ID
D/ACDB-LOADER(  274): ACDB -> send_adm_topology
D/ACDB-LOADER(  274): ACDB -> ACDB_CMD_GET_AUDPROC_COMMON_TOPOLOGY_ID
D/ACDB-LOADER(  274): ACDB -> send_audtable
D/ACDB-LOADER(  274): ACDB -> ACDB_CMD_GET_AUDPROC_COMMON_TABLE
D/ACDB-LOADER(  274): ACDB -> AUDIO_SET_AUDPROC_CAL
D/ACDB-LOADER(  274): ACDB -> send_audvoltable
D/ACDB-LOADER(  274): ACDB -> ACDB_CMD_GET_AUDPROC_GAIN_DEP_STEP_TABLE
D/ACDB-LOADER(  274): ACDB -> AUDIO_SET_AUDPROC_VOL_CAL
D/ACDB-LOADER(  274): ACDB -> send_afe_cal
D/ACDB-LOADER(  274): ACDB -> ACDB_CMD_GET_AFE_COMMON_TABLE
D/ACDB-LOADER(  274): ACDB -> AUDIO_SET_AFE_CAL
D/ACDB-LOADER(  274): ACDB -> send_hw_delay : acdb_id = 14 path = 0
D/ACDB-LOADER(  274): ACDB -> ACDB_AVSYNC_INFO: ACDB_CMD_GET_DEVICE_PROPERTY
I/audio_hw_utils(  274): audio_extn_utils_send_app_type_cfg app_type 69936, acdb_dev_id 14, sample_rate 48000
D/audio_hw_primary(  274): select_devices: done
V/WindowManager(  800): addAppToken: AppWindowToken{306e04d2 token=Token{e0e535d ActivityRecord{22d9e934 u0 com.test.ui.activities.nihao/com.test.ui.activities.other.test_tools.TestToolsActivity t3868}}} to stack=1 task=3868 at 2
D/MyApplication(23433): Add activity=com.test.ui.activities.other.test_tools.TestToolsActivity
D/UIAutomatorStub(16636): URI: /jsonrpc/0, Method: POST, params, {NanoHttpd.QUERY_STRING=null}, files: {postData={"jsonrpc": "2.0", "id": "80e4ce5c0dd1bd09987010749a4d6c1b", "method": "waitForExists", "params": [{"mask": 1, "childOrSibling": [], "childOrSiblingSelector": [], "text": "\u7ec3\u4e60\u6d4b\u8bd5"}, 5000]}}
W/QueryController(16636): Could not detect idle state.
I/ViewRootImpl(23433): CPU Rendering VSync enable = true
V/WindowManager(  800): Adding window Window{10c664a0 u0 com.test.ui.activities.nihao/com.test.ui.activities.other.test_tools.TestToolsActivity} at 13 of 18 (after Window{3877e07a u0 com.test.ui.activities.nihao/com.test.ui.activities.MainActivity})
E/AudioPolicyManager(  274): unknown stream type 13
E/AudioPolicyManager(  274): unknown stream type 13
E/AudioPolicyManager(  274): unknown stream type 13
E/AudioPolicyManager(  274): unknown stream type 13
E/AudioPolicyManager(  274): unknown stream type 13
E/AudioPolicyManager(  274): unknown stream type 13
E/AudioPolicyManager(  274): unknown stream type 13
E/AudioPolicyManager(  274): unknown stream type 13
E/AudioPolicyManager(  274): unknown stream type 13
E/AudioPolicyManager(  274): unknown stream type 13
E/AudioPolicyManager(  274): unknown stream type 13
E/AudioPolicyManager(  274): unknown stream type 13
E/AudioPolicyManager(  274): unknown stream type 13
E/AudioPolicyManager(  274): unknown stream type 13
E/AudioPolicyManager(  274): unknown stream type 13
E/AudioPolicyManager(  274): unknown stream type 13
E/AudioPolicyManager(  274): unknown stream type 13
I/ActivityManager(  800): Displayed com.test.ui.activities.nihao/com.test.ui.activities.other.test_tools.TestToolsActivity: +169ms
W/ByMatcher(16636): Node returned null child: android.view.accessibility.AccessibilityNodeInfo@80009ef2; boundsInParent: Rect(0, 0 - 720, 1280); boundsInScreen: Rect(0, 0 - 720, 1280); packageName: com.test.ui.activities.nihao; className: android.widget.FrameLayout; text: null; error: null; maxTextLength: -1; contentDescription: null; viewIdResName: null; checkable: false; checked: false; focusable: false; focused: false; selected: false; clickable: false; longClickable: false; enabled: true; password: false; scrollable: false; actions: [AccessibilityAction: ACTION_SELECT - null, AccessibilityAction: ACTION_CLEAR_SELECTION - null, AccessibilityAction: ACTION_ACCESSIBILITY_FOCUS - null]
W/ByMatcher(16636): Skipping null child (0 of 2)
W/ByMatcher(16636): Skipping null child (1 of 2)
D/OpenGLRenderer(23433): endAllStagingAnimators on 0xb81953a8 (RippleDrawable) with handle 0xb80e08f8
I/Timeline(23433): Timeline: Activity_idle id: android.os.BinderProxy@f61e163 time:20421632
W/ByMatcher(16636): Node returned null child: android.view.accessibility.AccessibilityNodeInfo@80009ef2; boundsInParent: Rect(0, 0 - 720, 1280); boundsInScreen: Rect(0, 0 - 720, 1280); packageName: com.test.ui.activities.nihao; className: android.widget.FrameLayout; text: null; error: null; maxTextLength: -1; contentDescription: null; viewIdResName: null; checkable: false; checked: false; focusable: false; focused: false; selected: false; clickable: false; longClickable: false; enabled: true; password: false; scrollable: false; actions: [AccessibilityAction: ACTION_SELECT - null, AccessibilityAction: ACTION_CLEAR_SELECTION - null, AccessibilityAction: ACTION_ACCESSIBILITY_FOCUS - null]
W/ByMatcher(16636): Skipping null child (0 of 2)
W/ByMatcher(16636): Skipping null child (1 of 2)
D/UIAutomatorStub(16636): URI: /jsonrpc/0, Method: POST, params, {NanoHttpd.QUERY_STRING=null}, files: {postData={"jsonrpc": "2.0", "id": "28bfaae2d6c5003e20f0bf87331ba83e", "method": "waitForExists", "params": [{"mask": 1, "childOrSibling": [], "childOrSiblingSelector": [], "text": "\u7ec3\u4e60\u6d4b\u8bd5"}, 5000]}}
W/QueryController(16636): Could not detect idle state.
D/UIAutomatorStub(16636): URI: /jsonrpc/0, Method: POST, params, {NanoHttpd.QUERY_STRING=null}, files: {postData={"jsonrpc": "2.0", "id": "c22891f4d5455d1947a4cd9b2ace5b5f", "method": "objInfo", "params": [{"mask": 1, "childOrSibling": [], "childOrSiblingSelector": [], "text": "\u7ec3\u4e60\u6d4b\u8bd5"}]}}
W/QueryController(16636): Could not detect idle state.
I/Timeline(  800): Timeline: Activity_windows_visible id: ActivityRecord{22d9e934 u0 com.test.ui.activities.nihao/com.test.ui.activities.other.test_tools.TestToolsActivity t3868} time:20421882
W/QueryController(16636): Could not detect idle state.
W/QueryController(16636): Could not detect idle state.
W/QueryController(16636): Could not detect idle state.
W/QueryController(16636): Could not detect idle state.
W/QueryController(16636): Could not detect idle state.
W/QueryController(16636): Could not detect idle state.
W/QueryController(16636): Could not detect idle state.
W/QueryController(16636): Could not detect idle state.
W/QueryController(16636): Could not detect idle state.
W/QueryController(16636): Could not detect idle state.
W/QueryController(16636): Could not detect idle state.
W/QueryController(16636): Could not detect idle state.
W/QueryController(16636): Could not detect idle state.
W/QueryController(16636): Could not detect idle state.
W/QueryController(16636): Could not detect idle state.
W/QueryController(16636): Could not detect idle state.
W/QueryController(16636): Could not detect idle state.
D/UIAutomatorStub(16636): URI: /jsonrpc/0, Method: POST, params, {NanoHttpd.QUERY_STRING=null}, files: {postData={"jsonrpc": "2.0", "id": "a06d660799df9905e00f1d759121855f", "method": "click", "params": [360.0, 718.0]}}
D/InteractionController(16636): clickNoSync (360, 718)
E/AudioPolicyManager(  274): unknown stream type 13
E/AudioPolicyManager(  274): unknown stream type 13
E/AudioPolicyManager(  274): unknown stream type 13
E/AudioPolicyManager(  274): unknown stream type 13
E/AudioPolicyManager(  274): unknown stream type 13
E/AudioPolicyManager(  274): unknown stream type 13
E/AudioPolicyManager(  274): unknown stream type 13
E/AudioPolicyManager(  274): unknown stream type 13
E/AudioPolicyManager(  274): unknown stream type 13
I/Timeline(23433): Timeline: Activity_launch_request id:com.test.ui.activities.nihao time:20422133
I/ActivityManager(  800): START u0 {cmp=com.test.ui.activities.nihao/com.test.ui.activities.other.test_tools.study.demon.rxjava.RxJavaTestActivity} from uid 10448 on display 0
V/WindowManager(  800): addAppToken: AppWindowToken{67827b8 token=Token{1a4d3a1b ActivityRecord{18c95c2a u0 com.test.ui.activities.nihao/com.test.ui.activities.other.test_tools.study.demon.rxjava.RxJavaTestActivity t3868}}} to stack=1 task=3868 at 3
I/ViewRootImpl(23433): CPU Rendering VSync enable = true
V/WindowManager(  800): Adding window Window{157910f6 u0 com.test.ui.activities.nihao/com.test.ui.activities.other.test_tools.study.demon.rxjava.RxJavaTestActivity} at 14 of 19 (after Window{10c664a0 u0 com.test.ui.activities.nihao/com.test.ui.activities.other.test_tools.TestToolsActivity})
I/SurfaceFlinger(  258): FPS: 47
E/AudioPolicyManager(  274): unknown stream type 13
E/AudioPolicyManager(  274): unknown stream type 13
E/AudioPolicyManager(  274): unknown stream type 13
E/AudioPolicyManager(  274): unknown stream type 13
E/AudioPolicyManager(  274): unknown stream type 13
E/AudioPolicyManager(  274): unknown stream type 13
E/AudioPolicyManager(  274): unknown stream type 13
E/AudioPolicyManager(  274): unknown stream type 13
E/AudioPolicyManager(  274): unknown stream type 13
E/AudioPolicyManager(  274): unknown stream type 13
E/AudioPolicyManager(  274): unknown stream type 13
E/AudioPolicyManager(  274): unknown stream type 13
E/AudioPolicyManager(  274): unknown stream type 13
E/AudioPolicyManager(  274): unknown stream type 13
E/AudioPolicyManager(  274): unknown stream type 13
E/AudioPolicyManager(  274): unknown stream type 13
E/AudioPolicyManager(  274): unknown stream type 13
I/ActivityManager(  800): Displayed com.test.ui.activities.nihao/com.test.ui.activities.other.test_tools.study.demon.rxjava.RxJavaTestActivity: +190ms
D/OpenGLRenderer(23433): endAllStagingAnimators on 0xb81af3c0 (RippleDrawable) with handle 0xb818af40
I/Timeline(23433): Timeline: Activity_idle id: android.os.BinderProxy@2dcaf19e time:20422419
D/AndroidRuntime(23496): >>>>>> START com.android.internal.os.RuntimeInit uid 2000 <<<<<<
D/AndroidRuntime(23496): CheckJNI is OFF
W/SurfaceFlinger(  258): couldn't log to binary event log: overflow.
D/AndroidRuntime(23496): Calling main entry com.android.commands.pm.Pm
I/art     (23496): System.exit called, status: 0
I/AndroidRuntime(23496): VM exiting with result code 0.
I/Timeline(  800): Timeline: Activity_windows_visible id: ActivityRecord{18c95c2a u0 com.test.ui.activities.nihao/com.test.ui.activities.other.test_tools.study.demon.rxjava.RxJavaTestActivity t3868} time:20422716
D/AndroidRuntime(23513): >>>>>> START com.android.internal.os.RuntimeInit uid 2000 <<<<<<
D/AndroidRuntime(23513): CheckJNI is OFF
I/SurfaceFlinger(  258): FPS: 49
D/AndroidRuntime(23513): Calling main entry com.android.commands.am.Am
I/ActivityManager(  800): Force stopping com.test.ui.activities.nihao appid=10448 user=0: from pid 23513
I/ActivityManager(  800): Killing 23433:com.test.ui.activities.nihao/u0a448 (adj 0): stop com.test.ui.activities.nihao
I/WindowState(  800): WIN DEATH: Window{157910f6 u0 com.test.ui.activities.nihao/com.test.ui.activities.other.test_tools.study.demon.rxjava.RxJavaTestActivity}
I/WindowState(  800): WIN DEATH: Window{10c664a0 u0 com.test.ui.activities.nihao/com.test.ui.activities.other.test_tools.TestToolsActivity}
W/InputDispatcher(  800): channel '1c1a0f96 com.test.ui.activities.nihao/com.test.ui.activities.MainActivity (server)' ~ Consumer closed input channel or an error occurred.  events=0x9
E/InputDispatcher(  800): channel '1c1a0f96 com.test.ui.activities.nihao/com.test.ui.activities.MainActivity (server)' ~ Channel is unrecoverably broken and will be disposed!
W/InputDispatcher(  800): channel '3877e07a com.test.ui.activities.nihao/com.test.ui.activities.MainActivity (server)' ~ Consumer closed input channel or an error occurred.  events=0x9
E/InputDispatcher(  800): channel '3877e07a com.test.ui.activities.nihao/com.test.ui.activities.MainActivity (server)' ~ Channel is unrecoverably broken and will be disposed!
I/WindowState(  800): WIN DEATH: Window{3877e07a u0 com.test.ui.activities.nihao/com.test.ui.activities.MainActivity}
W/InputDispatcher(  800): Attempted to unregister already unregistered input channel '3877e07a com.test.ui.activities.nihao/com.test.ui.activities.MainActivity (server)'
I/WindowState(  800): WIN DEATH: Window{1c1a0f96 u0 com.test.ui.activities.nihao/com.test.ui.activities.MainActivity}
W/InputDispatcher(  800): Attempted to unregister already unregistered input channel '1c1a0f96 com.test.ui.activities.nihao/com.test.ui.activities.MainActivity (server)'
W/ActivityManager(  800): Force removing ActivityRecord{18c95c2a u0 com.test.ui.activities.nihao/com.test.ui.activities.other.test_tools.study.demon.rxjava.RxJavaTestActivity t3868}: app died, no saved state
E/PackageManager(  800): checkpermisssion: android.permission.ACCESS_ALL_EXTERNAL_STORAGE packageName: com.test.ui.activities.nihao
I/ViewRootImpl(  800): CPU Rendering VSync enable = true
V/WindowManager(  800): Based on layer: Adding window Window{a0923da u0 Starting com.test.ui.activities.nihao} at 11 of 16
I/ActivityManager(  800): Start proc 23527:com.test.ui.activities.nihao/u0a448 for activity com.test.ui.activities.nihao/com.test.ui.activities.other.test_tools.TestToolsActivity
I/ActivityManager(  800):   Force finishing activity 3 ActivityRecord{16f2963c u0 com.test.ui.activities.nihao/com.test.ui.activities.MainActivity t3868}
I/art     (23527): Late-enabling -Xcheck:jni
I/ActivityManager(  800):   Force finishing activity 3 ActivityRecord{1e8b7b6e u0 com.test.ui.activities.nihao/com.test.ui.activities.MainActivity t3868}
I/ActivityManager(  800):   Force finishing activity 3 ActivityRecord{22d9e934 u0 com.test.ui.activities.nihao/com.test.ui.activities.other.test_tools.TestToolsActivity t3868}
W/ActivityManager(  800): Spurious death for ProcessRecord{2e0771e7 0:com.test.ui.activities.nihao/u0a448}, curProc for 23433: null
W/BroadcastQueue(  800): Permission Denial: broadcasting Intent { act=android.net.conn.CONNECTIVITY_CHANGE_IMMEDIATE flg=0x4000010 (has extras) } from null (pid=-1, uid=-1) requires android.permission.CHANGE_NETWORK_STATE due to registered receiver BroadcastFilter{16966739 u0 ReceiverList{cc0b300 3505 com.android.phone/1001/u0 remote:3cf4583}}
W/BroadcastQueue(  800): Permission Denial: broadcasting Intent { act=android.net.wifi.STATE_CHANGE flg=0x4000010 (has extras) } from null (pid=-1, uid=-1) requires android.permission.CHANGE_NETWORK_STATE due to registered receiver BroadcastFilter{16966739 u0 ReceiverList{cc0b300 3505 com.android.phone/1001/u0 remote:3cf4583}}
W/InputMethodManagerService(  800): Got RemoteException sending setActive(false) notification to pid 23433 uid 10448
D/TAG     (23527): time=1557385652523
W/IInputConnectionWrapper( 3505): showStatusIcon on inactive InputConnection
I/Timeline( 3505): Timeline: Activity_idle id: android.os.BinderProxy@12867392 time:20423570
I/ActivityManager(  800): START u0 {flg=0x10000000 cmp=com.test.ui.activities.nihao/com.test.ui.activities.MainActivity} from uid 2000 on display 0
V/WindowManager(  800): addAppToken: AppWindowToken{9b44256 token=Token{2da0c471 ActivityRecord{14e1e218 u0 com.test.ui.activities.nihao/com.test.ui.activities.MainActivity t3869}}} to stack=1 task=3869 at 0
D/wpa_supplicant( 3273): wlan0: Control interface command 'SIGNAL_POLL'
I/ViewRootImpl(  800): CPU Rendering VSync enable = true
V/WindowManager(  800): Adding window Window{2e8290a9 u0 Starting com.test.ui.activities.nihao} at 11 of 16 (after Window{26583d0 u0 com.android.settings/com.android.settings.deviceinfo.Status})
D/MyApplication(23527): Add activity=com.test.ui.activities.MainActivity
W/art     (23527): Before Android 4.1, method android.graphics.PorterDuffColorFilter android.support.graphics.drawable.VectorDrawableCompat.updateTintFilter(android.graphics.PorterDuffColorFilter, android.content.res.ColorStateList, android.graphics.PorterDuff$Mode) would have incorrectly overridden the package-private method in android.graphics.drawable.Drawable
D/PackageUtil(23527): className=com.test.logic.service_accesser.ADCServiceAccesser
D/PackageUtil(23527): idx=-1
D/PackageUtil(23527): className=com.test.logic.service_accesser.BOCServiceAccesser
D/PackageUtil(23527): idx=-1
D/PackageUtil(23527): className=com.test.logic.service_accesser.CBCServiceAccesser
D/PackageUtil(23527): idx=-1
D/PackageUtil(23527): className=com.test.logic.service_accesser.ICBCServiceAccesser
D/PackageUtil(23527): idx=-1
D/PackageUtil(23527): className=com.test.logic.service_accesser.RKServiceAccesser
D/PackageUtil(23527): idx=-1
D/PackageUtil(23527): className=com.test.logic.service_accesser.UMSServiceAccesser
D/PackageUtil(23527): idx=-1
D/PackageUtil(23527): className=com.test.logic.service_accesser.VFIServiceAccesser
D/PackageUtil(23527): idx=-1
D/PackageUtil(23527): className=com.test.logic.service_accesser.interfaces.ServiceAccessInterface
D/PackageUtil(23527): idx=10
D/PackageUtil(23527): className=com.test.logic.service_accesser.service_accesser.ServiceAccesser
D/PackageUtil(23527): idx=16
D/ServiceTester(23527): ClassFullName[com.test.logic.service_accesser.ADCServiceAccesser]
D/ServiceTester(23527): ClassName[ADCServiceAccesser]
D/ServiceTester(23527): Module package path=[com.test.logic.testmodules.adc_modules].
D/ServiceTester(23527): ClassFullName[com.test.logic.service_accesser.BOCServiceAccesser]
D/ServiceTester(23527): ClassName[BOCServiceAccesser]
D/ServiceTester(23527): Module package path=[com.test.logic.testmodules.boc_modules].
V/WLAN_PSA(  281): NL MSG, len[4075], NL type[0x1C] WNI type[0x5900] len[54031]
V/WLAN_PSA(  281): NL MSG, PID: 281
D/StatusBar.NetworkController( 3109): refreshViews: Data not connected!! Set no data type icon / Roaming
D/PackageUtil(23527): className=com.test.logic.testmodules.boc_modules.BeepTestCase
D/PackageUtil(23527): idx=-1
D/PackageUtil(23527): className=com.test.logic.testmodules.boc_modules.CardReaderTestCase
D/PackageUtil(23527): idx=-1
D/PackageUtil(23527): className=com.test.logic.testmodules.boc_modules.DeviceInfoTestCase
D/PackageUtil(23527): idx=-1
D/PackageUtil(23527): className=com.test.logic.testmodules.boc_modules.DeviceServiceTestCase
D/PackageUtil(23527): idx=-1
D/PackageUtil(23527): className=com.test.logic.testmodules.boc_modules.ICCardTestCase
D/PackageUtil(23527): idx=-1
D/PackageUtil(23527): className=com.test.logic.testmodules.boc_modules.LedTestCase
D/PackageUtil(23527): idx=-1
D/PackageUtil(23527): className=com.test.logic.testmodules.boc_modules.PinpadTestCase
D/PackageUtil(23527): idx=-1
D/PackageUtil(23527): className=com.test.logic.testmodules.boc_modules.PrinterTestCase
D/PackageUtil(23527): idx=-1
D/PackageUtil(23527): className=com.test.logic.testmodules.boc_modules.RFCardTestCase
D/PackageUtil(23527): idx=-1
D/PackageUtil(23527): className=com.test.logic.testmodules.boc_modules.ScannerTestCase
D/PackageUtil(23527): idx=-1
D/PackageUtil(23527): className=com.test.logic.testmodules.boc_modules.SwiperTestCase
D/PackageUtil(23527): idx=-1
D/PackageUtil(23527): className=com.test.logic.testmodules.boc_modules.TerminalManageTestCase
D/PackageUtil(23527): idx=-1
D/PackageUtil(23527): className=com.test.logic.testmodules.boc_modules.common.DeviceService
D/PackageUtil(23527): idx=6
D/ServiceTester(23527): ClassName[com.test.logic.testmodules.boc_modules.BeepTestCase]
D/ServiceTester(23527): ModuleName[BeepTestCase]
D/ServiceTester(23527): ClassName[com.test.logic.testmodules.boc_modules.CardReaderTestCase]
D/ServiceTester(23527): ModuleName[CardReaderTestCase]
D/ServiceTester(23527): ClassName[com.test.logic.testmodules.boc_modules.DeviceInfoTestCase]
D/ServiceTester(23527): ModuleName[DeviceInfoTestCase]
D/ServiceTester(23527): ClassName[com.test.logic.testmodules.boc_modules.DeviceServiceTestCase]
D/ServiceTester(23527): ModuleName[DeviceServiceTestCase]
D/ServiceTester(23527): ClassName[com.test.logic.testmodules.boc_modules.ICCardTestCase]
D/ServiceTester(23527): ModuleName[ICCardTestCase]
D/ServiceTester(23527): ClassName[com.test.logic.testmodules.boc_modules.LedTestCase]
D/ServiceTester(23527): ModuleName[LedTestCase]
D/ServiceTester(23527): ClassName[com.test.logic.testmodules.boc_modules.PinpadTestCase]
D/ServiceTester(23527): ModuleName[PinpadTestCase]
D/ServiceTester(23527): ClassName[com.test.logic.testmodules.boc_modules.PrinterTestCase]
D/ServiceTester(23527): ModuleName[PrinterTestCase]
D/ServiceTester(23527): ClassName[com.test.logic.testmodules.boc_modules.RFCardTestCase]
D/ServiceTester(23527): ModuleName[RFCardTestCase]
D/ServiceTester(23527): ClassName[com.test.logic.testmodules.boc_modules.ScannerTestCase]
D/ServiceTester(23527): ModuleName[ScannerTestCase]
D/ServiceTester(23527): ClassName[com.test.logic.testmodules.boc_modules.SwiperTestCase]
D/ServiceTester(23527): ModuleName[SwiperTestCase]
D/ServiceTester(23527): ClassName[com.test.logic.testmodules.boc_modules.TerminalManageTestCase]
D/ServiceTester(23527): ModuleName[TerminalManageTestCase]
D/ServiceTester(23527): ClassFullName[com.test.logic.service_accesser.CBCServiceAccesser]
D/ServiceTester(23527): ClassName[CBCServiceAccesser]
D/ServiceTester(23527): Module package path=[com.test.logic.testmodules.cbc_modules].
D/ServiceTester(23527): ClassFullName[com.test.logic.service_accesser.ICBCServiceAccesser]
D/ServiceTester(23527): ClassName[ICBCServiceAccesser]
D/ServiceTester(23527): Module package path=[com.test.logic.testmodules.icbc_modules].
I/SurfaceFlinger(  258): FPS: 48
D/PackageUtil(23527): className=com.test.logic.testmodules.icbc_modules.ModuleExternalSerial
D/PackageUtil(23527): idx=-1
D/PackageUtil(23527): className=com.test.logic.testmodules.icbc_modules.ModulePinpad
D/PackageUtil(23527): idx=-1
D/PackageUtil(23527): className=com.test.logic.testmodules.icbc_modules.common.DeviceService
D/PackageUtil(23527): idx=6
D/ServiceTester(23527): ClassName[com.test.logic.testmodules.icbc_modules.ModuleExternalSerial]
D/ServiceTester(23527): ModuleName[ModuleExternalSerial]
D/ServiceTester(23527): ClassName[com.test.logic.testmodules.icbc_modules.ModulePinpad]
D/ServiceTester(23527): ModuleName[ModulePinpad]
D/ServiceTester(23527): ClassFullName[com.test.logic.service_accesser.RKServiceAccesser]
D/ServiceTester(23527): ClassName[RKServiceAccesser]
D/ServiceTester(23527): Module package path=[com.test.logic.testmodules.rk_modules].
D/PackageUtil(23527): className=com.test.logic.testmodules.rk_modules.ModuleScanner
D/PackageUtil(23527): idx=-1
D/PackageUtil(23527): className=com.test.logic.testmodules.rk_modules.common.DeviceService
D/PackageUtil(23527): idx=6
D/ServiceTester(23527): ClassName[com.test.logic.testmodules.rk_modules.ModuleScanner]
D/ServiceTester(23527): ModuleName[ModuleScanner]
D/ServiceTester(23527): ClassFullName[com.test.logic.service_accesser.UMSServiceAccesser]
D/ServiceTester(23527): ClassName[UMSServiceAccesser]
D/ServiceTester(23527): Module package path=[com.test.logic.testmodules.ums_modules].
D/ServiceTester(23527): ClassFullName[com.test.logic.service_accesser.VFIServiceAccesser]
D/ServiceTester(23527): ClassName[VFIServiceAccesser]
D/ServiceTester(23527): Module package path=[com.test.logic.testmodules.vfi_modules].
D/PackageUtil(23527): className=com.test.logic.testmodules.vfi_modules.ModulePinpad
D/PackageUtil(23527): idx=-1
D/PackageUtil(23527): className=com.test.logic.testmodules.vfi_modules.common.DeviceService
D/PackageUtil(23527): idx=6
D/ServiceTester(23527): ClassName[com.test.logic.testmodules.vfi_modules.ModulePinpad]
D/ServiceTester(23527): ModuleName[ModulePinpad]
I/ViewRootImpl(23527): CPU Rendering VSync enable = true
D/OpenGLRenderer(23527): Use EGL_SWAP_BEHAVIOR_PRESERVED: true
D/Atlas   (23527): Validating map...
V/WindowManager(  800): Adding window Window{359dd392 u0 com.test.ui.activities.nihao/com.test.ui.activities.MainActivity} at 11 of 17 (before Window{2e8290a9 u0 Starting com.test.ui.activities.nihao})
I/Adreno-EGL(23527): <qeglDrvAPI_eglInitialize:379>: EGL 1.4 QUALCOMM build: AU_LINUX_ANDROID_LA.BR.1.2.3_RB1.05.01.00.036.053_msm8909_LA.BR.1.2.3_RB1__release_AU (Ibddc658e36)
I/Adreno-EGL(23527): OpenGL ES Shader Compiler Version: E031.25.03.04
I/Adreno-EGL(23527): Build Date: 09/10/15 Thu
I/Adreno-EGL(23527): Local Branch: mybranch13976726
I/Adreno-EGL(23527): Remote Branch: quic/LA.BR.1.2.3_rb1.79
I/Adreno-EGL(23527): Local Patches: NONE
I/Adreno-EGL(23527): Reconstruct Branch: AU_LINUX_ANDROID_LA.BR.1.2.3_RB1.05.01.00.036.053 + 7c4888a + 22ca218 + 855d166 + 95575a0 + 4193eef + 64d916f + 88f4cbe + c272012 + 046ce63 + 9b2bddc + d5b5339 + a2bdc2f +  NOTHING
I/OpenGLRenderer(23527): Initialized EGL, version 1.4
D/OpenGLRenderer(23527): Enabling debug mode 0
W/ResourceType( 3109): No package identifier when getting value for resource number 0x00000000
W/PackageManager( 3109): Failure retrieving resources for com.android.settings: Resource ID #0x0
I/ActivityManager(  800): Displayed com.test.ui.activities.nihao/com.test.ui.activities.MainActivity: +1s38ms (total +1s379ms)
I/Timeline(  800): Timeline: Activity_windows_visible id: ActivityRecord{14e1e218 u0 com.test.ui.activities.nihao/com.test.ui.activities.MainActivity t3869} time:20424812
D/AndroidRuntime(23513): Shutting down VM
I/Timeline(23527): Timeline: Activity_idle id: android.os.BinderProxy@1a9f0fdd time:20424857
D/StatusBar.NetworkController( 3109): refreshViews: Data not connected!! Set no data type icon / Roaming
I/SurfaceFlinger(  258): FPS: 52
D/audio_hw_primary(  274): out_standby: enter: stream (0xb8142b30) usecase(1: low-latency-playback)
D/soundtrigger(  274): audio_extn_sound_trigger_update_stream_status: uc_id 1 of type 0 for Event 2, with Raise=0
D/hardware_info(  274): hw_info_append_hw_type : device_name = speaker
I/soundtrigger(  274): audio_extn_sound_trigger_update_device_status: device 0x2 of type 0 for Event 0, with Raise=0
E/WifiStateMachine(  800): WifiStateMachine CMD_START_SCAN source -2 txSuccessRate=11.37 rxSuccessRate=10.81 targetRoamBSSID=any RSSI=-49
E/WifiStateMachine(  800): WifiStateMachine starting scan for "Verifone_Guest"-WPA_PSK with 2412,2462,2437
D/wpa_supplicant( 3273): wlan0: Control interface command 'SCAN TYPE=ONLY freq=2412,2462,2437'
D/wpa_supplicant( 3273): wlan0: Setting scan request: 0.000000 sec
D/wpa_supplicant( 3273): wlan0: Starting AP scan for wildcard SSID
D/wpa_supplicant( 3273): wlan0: Limit manual scan to specified channels
D/wpa_supplicant( 3273): wlan0: Add radio work 'scan'@0xb802fce8
D/wpa_supplicant( 3273): wlan0: First radio work item in the queue - schedule start immediately
D/wpa_supplicant( 3273): wlan0: Starting radio work 'scan'@0xb802fce8 after 0.000084 second wait
D/wpa_supplicant( 3273): wlan0: nl80211: scan request
D/wpa_supplicant( 3273): nl80211: Scan SSID - hexdump(len=0): [NULL]
D/wpa_supplicant( 3273): nl80211: Scan frequency 2412 MHz
D/wpa_supplicant( 3273): nl80211: Scan frequency 2437 MHz
D/wpa_supplicant( 3273): nl80211: Scan frequency 2462 MHz
V/WLAN_PSA(  281): NL MSG, len[914], NL type[0x11] WNI type[0x5050] len[894]
V/WLAN_PSA(  281): NL MSG, PID: 281
D/wpa_supplicant( 3273): Scan requested (ret=0) - scan timeout 30 seconds
V/WLAN_PSA(  281): NL MSG, len[3951], NL type[0x1C] WNI type[0x5900] len[22287]
V/WLAN_PSA(  281): NL MSG, PID: 281
D/wpa_supplicant( 3273): nl80211: Event message available
V/WLAN_PSA(  281): NL MSG, len[048], NL type[0x11] WNI type[0x5050] len[028]
V/WLAN_PSA(  281): NL MSG, PID: 281
I/WifiHAL (  800): Poll result = 1
I/WifiHAL (  800): Found some events!!!
D/WifiHAL (  800): no_seq_check received
I/WifiHAL (  800): event received NL80211_CMD_TRIGGER_SCAN
I/WifiHAL (  800): event received NL80211_CMD_TRIGGER_SCAN, vendor_id = 0x0
I/WifiHAL (  800): event ignored!!
D/wpa_supplicant( 3273): nl80211: Drv Event 33 (NL80211_CMD_TRIGGER_SCAN) received for wlan0
D/wpa_supplicant( 3273): wlan0: nl80211: Scan trigger
D/wpa_supplicant( 3273): wlan0: Event SCAN_STARTED (49) received
D/wpa_supplicant( 3273): wlan0: Own scan request started a scan in 0.000694 seconds
D/wpa_supplicant( 3273): CTRL_IFACE monitor sent successfully to /data/misc/wifi/sockets/wpa_ctrl_290-1\x00
D/wpa_supplicant( 3273): CTRL_IFACE monitor sent successfully to /data/misc/wifi/sockets/wpa_ctrl_800-3\x00
V/WLAN_PSA(  281): NL MSG, len[3975], NL type[0x1C] WNI type[0x5900] len[28431]
V/WLAN_PSA(  281): NL MSG, PID: 281
V/WLAN_PSA(  281): NL MSG, len[4029], NL type[0x1C] WNI type[0x5900] len[42255]
V/WLAN_PSA(  281): NL MSG, PID: 281
V/WLAN_PSA(  281): NL MSG, len[3989], NL type[0x1C] WNI type[0x5900] len[32015]
V/WLAN_PSA(  281): NL MSG, PID: 281
V/WLAN_PSA(  281): NL MSG, len[4017], NL type[0x1C] WNI type[0x5900] len[39183]
V/WLAN_PSA(  281): NL MSG, PID: 281
V/WLAN_PSA(  281): NL MSG, len[914], NL type[0x11] WNI type[0x5050] len[894]
V/WLAN_PSA(  281): NL MSG, PID: 281
V/WLAN_PSA(  281): NL MSG, len[4080], NL type[0x1C] WNI type[0x5900] len[55311]
V/WLAN_PSA(  281): NL MSG, PID: 281
I/WifiHAL (  800): Poll result = 1
I/WifiHAL (  800): Found some events!!!
D/wpa_supplicant( 3273): nl80211: Event message available
D/WifiHAL (  800): no_seq_check received
I/WifiHAL (  800): event received NL80211_CMD_NEW_SCAN_RESULTS
D/wpa_supplicant( 3273): nl80211: Drv Event 34 (NL80211_CMD_NEW_SCAN_RESULTS) received for wlan0
I/WifiHAL (  800): event received NL80211_CMD_NEW_SCAN_RESULTS, vendor_id = 0x0
I/WifiHAL (  800): event ignored!!
D/wpa_supplicant( 3273): wlan0: nl80211: New scan results available
D/wpa_supplicant( 3273): nl80211: Scan included frequencies: 2412 2437 2462
D/wpa_supplicant( 3273): wlan0: Event SCAN_RESULTS (3) received
D/wpa_supplicant( 3273): wlan0: Scan completed in 0.137564 seconds
D/wpa_supplicant( 3273): nl80211: Associated on 2412 MHz
D/wpa_supplicant( 3273): nl80211: Associated with 00:6b:f1:67:8d:01
D/wpa_supplicant( 3273): nl80211: Received scan results (16 BSSes)
D/wpa_supplicant( 3273): nl80211: Scan results indicate BSS status with 00:6b:f1:67:8d:01 as associated
V/WLAN_PSA(  281): NL MSG, len[4080], NL type[0x1C] WNI type[0x5900] len[55311]
D/wpa_supplicant( 3273): wlan0: BSS: Start scan result update 550
V/WLAN_PSA(  281): NL MSG, PID: 281
D/wpa_supplicant( 3273): wlan0: BSS: Add new id 726 BSSID 14:d1:69:43:20:49 SSID '\x00\x00\x00\x00\x00\x00\x00\x00'
D/wpa_supplicant( 3273): CTRL_IFACE monitor sent successfully to /data/misc/wifi/sockets/wpa_ctrl_290-1\x00
D/wpa_supplicant( 3273): CTRL_IFACE monitor sent successfully to /data/misc/wifi/sockets/wpa_ctrl_800-3\x00
D/wpa_supplicant( 3273): wlan0: BSS: Add new id 727 BSSID 14:d1:69:43:20:45 SSID '\x00\x00\x00\x00\x00\x00\x00\x00\x00\x00\x00\x00\x00\x00\x00'
D/wpa_supplicant( 3273): CTRL_IFACE monitor sent successfully to /data/misc/wifi/sockets/wpa_ctrl_290-1\x00
D/wpa_supplicant( 3273): CTRL_IFACE monitor sent successfully to /data/misc/wifi/sockets/wpa_ctrl_800-3\x00
D/wpa_supplicant( 3273): BSS: last_scan_res_used=16/32
D/wpa_supplicant( 3273): wlan0: Scan-only results received
D/wpa_supplicant( 3273): CTRL_IFACE monitor sent successfully to /data/misc/wifi/sockets/wpa_ctrl_290-1\x00
D/wpa_supplicant( 3273): CTRL_IFACE monitor sent successfully to /data/misc/wifi/sockets/wpa_ctrl_800-3\x00
D/wpa_supplicant( 3273): wlan0: Radio work 'scan'@0xb802fce8 done in 0.141062 seconds
D/wpa_supplicant( 3273): wlan0: Control interface command 'BSS RANGE=0- MASK=0x21987'
D/wpa_supplicant( 3273): wlan0: Control interface command 'STATUS-NO_EVENTS'
D/StatusBar.NetworkController( 3109): refreshViews: Data not connected!! Set no data type icon / Roaming
D/TaskPersister(  800): removeObsoleteFile: deleting file=3868_task.xml
I/SurfaceFlinger(  258): FPS: 17
D/wpa_supplicant( 3273): wlan0: Control interface command 'SIGNAL_POLL'
D/StatusBar.NetworkController( 3109): refreshViews: Data not connected!! Set no data type icon / Roaming
I/SurfaceFlinger(  258): FPS: 5
