--------- beginning of main
I/SurfaceFlinger(  258): FPS: 3
D/StatusBar.NetworkController( 3109): refreshViews: Data not connected!! Set no data type icon / Roaming
I/SurfaceFlinger(  258): FPS: 3
D/wpa_supplicant( 3273): wlan0: Control interface command 'SIGNAL_POLL'
V/WLAN_PSA(  281): NL MSG, len[4070], NL type[0x1C] WNI type[0x5900] len[52751]
V/WLAN_PSA(  281): NL MSG, PID: 281
I/ServiceManager(22439): Waiting for service AtCmdFwd...
D/AndroidRuntime(23376): >>>>>> START com.android.internal.os.RuntimeInit uid 2000 <<<<<<
D/AndroidRuntime(23376): CheckJNI is OFF
D/AndroidRuntime(23376): Calling main entry com.android.commands.monkey.Monkey
--------- beginning of system
W/BroadcastQueue(  800): Skipping deliver [background] BroadcastRecord{2364e5e4 u-1 android.net.conn.CONNECTIVITY_CHANGE} to ReceiverList{2598a4d 23376 (unknown name)/2000/u-1 remote:32b62b76}: process crashing
I/Timeline(23376): Timeline: Activity_launch_request id:com.test.ui.activities.nihao time:20412187
I/ActivityManager(  800): START u0 {act=android.intent.action.MAIN cat=[android.intent.category.LAUNCHER] flg=0x10200000 cmp=com.test.ui.activities.nihao/com.test.ui.activities.MainActivity} from uid 2000 on display 0
V/WindowManager(  800): addAppToken: AppWindowToken{197c7c50 token=Token{6822213 ActivityRecord{cd18902 u0 com.test.ui.activities.nihao/com.test.ui.activities.MainActivity t3867}}} to stack=1 task=3867 at 0
I/ViewRootImpl(  800): CPU Rendering VSync enable = true
V/WindowManager(  800): Adding window Window{6f9c08b u0 Starting com.test.ui.activities.nihao} at 11 of 16 (after Window{26583d0 u0 com.android.settings/com.android.settings.deviceinfo.Status})
D/MyApplication(23311): Add activity=com.test.ui.activities.MainActivity
W/art     (23311): Before Android 4.1, method android.graphics.PorterDuffColorFilter android.support.graphics.drawable.VectorDrawableCompat.updateTintFilter(android.graphics.PorterDuffColorFilter, android.content.res.ColorStateList, android.graphics.PorterDuff$Mode) would have incorrectly overridden the package-private method in android.graphics.drawable.Drawable
I/art     (23376): System.exit called, status: 0
I/AndroidRuntime(23376): VM exiting with result code 0.
D/UIAutomatorStub(16636): URI: /jsonrpc/0, Method: POST, params, {NanoHttpd.QUERY_STRING=null}, files: {postData={"jsonrpc": "2.0", "id": "a2f05cc4534a05ba229ba392226f0fad", "method": "waitForExists", "params": [{"mask": 1, "childOrSibling": [], "childOrSiblingSelector": [], "text": "\u6d4b\u8bd5\u5de5\u5177"}, 5000]}}
W/QueryController(16636): Could not detect idle state.
W/UiDevice(16636): Skipping null root node for window: AccessibilityWindowInfo[id=265, type=TYPE_APPLICATION, layer=21050, bounds=Rect(0, 0 - 720, 1280), focused=true, active=true, hasParent=false, hasChildren=false]
D/PackageUtil(23311): className=com.test.logic.service_accesser.ADCServiceAccesser
D/PackageUtil(23311): idx=-1
D/PackageUtil(23311): className=com.test.logic.service_accesser.BOCServiceAccesser
D/PackageUtil(23311): idx=-1
D/PackageUtil(23311): className=com.test.logic.service_accesser.CBCServiceAccesser
D/PackageUtil(23311): idx=-1
D/PackageUtil(23311): className=com.test.logic.service_accesser.ICBCServiceAccesser
D/PackageUtil(23311): idx=-1
D/PackageUtil(23311): className=com.test.logic.service_accesser.RKServiceAccesser
D/PackageUtil(23311): idx=-1
D/PackageUtil(23311): className=com.test.logic.service_accesser.UMSServiceAccesser
D/PackageUtil(23311): idx=-1
D/PackageUtil(23311): className=com.test.logic.service_accesser.VFIServiceAccesser
D/PackageUtil(23311): idx=-1
D/PackageUtil(23311): className=com.test.logic.service_accesser.interfaces.ServiceAccessInterface
D/PackageUtil(23311): idx=10
D/PackageUtil(23311): className=com.test.logic.service_accesser.service_accesser.ServiceAccesser
D/PackageUtil(23311): idx=16
D/ServiceTester(23311): ClassFullName[com.test.logic.service_accesser.ADCServiceAccesser]
D/ServiceTester(23311): ClassName[ADCServiceAccesser]
D/ServiceTester(23311): Module package path=[com.test.logic.testmodules.adc_modules].
D/ServiceTester(23311): ClassFullName[com.test.logic.service_accesser.BOCServiceAccesser]
D/ServiceTester(23311): ClassName[BOCServiceAccesser]
D/ServiceTester(23311): Module package path=[com.test.logic.testmodules.boc_modules].
D/PackageUtil(23311): className=com.test.logic.testmodules.boc_modules.BeepTestCase
D/PackageUtil(23311): idx=-1
D/PackageUtil(23311): className=com.test.logic.testmodules.boc_modules.CardReaderTestCase
D/PackageUtil(23311): idx=-1
D/PackageUtil(23311): className=com.test.logic.testmodules.boc_modules.DeviceInfoTestCase
D/PackageUtil(23311): idx=-1
D/PackageUtil(23311): className=com.test.logic.testmodules.boc_modules.DeviceServiceTestCase
D/PackageUtil(23311): idx=-1
D/PackageUtil(23311): className=com.test.logic.testmodules.boc_modules.ICCardTestCase
D/PackageUtil(23311): idx=-1
D/PackageUtil(23311): className=com.test.logic.testmodules.boc_modules.LedTestCase
D/PackageUtil(23311): idx=-1
D/PackageUtil(23311): className=com.test.logic.testmodules.boc_modules.PinpadTestCase
D/PackageUtil(23311): idx=-1
D/PackageUtil(23311): className=com.test.logic.testmodules.boc_modules.PrinterTestCase
D/PackageUtil(23311): idx=-1
D/PackageUtil(23311): className=com.test.logic.testmodules.boc_modules.RFCardTestCase
D/PackageUtil(23311): idx=-1
D/PackageUtil(23311): className=com.test.logic.testmodules.boc_modules.ScannerTestCase
D/PackageUtil(23311): idx=-1
D/PackageUtil(23311): className=com.test.logic.testmodules.boc_modules.SwiperTestCase
D/PackageUtil(23311): idx=-1
D/PackageUtil(23311): className=com.test.logic.testmodules.boc_modules.TerminalManageTestCase
D/PackageUtil(23311): idx=-1
D/PackageUtil(23311): className=com.test.logic.testmodules.boc_modules.common.DeviceService
D/PackageUtil(23311): idx=6
D/ServiceTester(23311): ClassName[com.test.logic.testmodules.boc_modules.BeepTestCase]
D/ServiceTester(23311): ModuleName[BeepTestCase]
D/ServiceTester(23311): ClassName[com.test.logic.testmodules.boc_modules.CardReaderTestCase]
D/ServiceTester(23311): ModuleName[CardReaderTestCase]
D/ServiceTester(23311): ClassName[com.test.logic.testmodules.boc_modules.DeviceInfoTestCase]
D/ServiceTester(23311): ModuleName[DeviceInfoTestCase]
D/ServiceTester(23311): ClassName[com.test.logic.testmodules.boc_modules.DeviceServiceTestCase]
D/ServiceTester(23311): ModuleName[DeviceServiceTestCase]
D/ServiceTester(23311): ClassName[com.test.logic.testmodules.boc_modules.ICCardTestCase]
D/ServiceTester(23311): ModuleName[ICCardTestCase]
D/ServiceTester(23311): ClassName[com.test.logic.testmodules.boc_modules.LedTestCase]
D/ServiceTester(23311): ModuleName[LedTestCase]
D/ServiceTester(23311): ClassName[com.test.logic.testmodules.boc_modules.PinpadTestCase]
D/ServiceTester(23311): ModuleName[PinpadTestCase]
D/ServiceTester(23311): ClassName[com.test.logic.testmodules.boc_modules.PrinterTestCase]
D/ServiceTester(23311): ModuleName[PrinterTestCase]
D/ServiceTester(23311): ClassName[com.test.logic.testmodules.boc_modules.RFCardTestCase]
D/ServiceTester(23311): ModuleName[RFCardTestCase]
D/ServiceTester(23311): ClassName[com.test.logic.testmodules.boc_modules.ScannerTestCase]
D/ServiceTester(23311): ModuleName[ScannerTestCase]
D/ServiceTester(23311): ClassName[com.test.logic.testmodules.boc_modules.SwiperTestCase]
D/ServiceTester(23311): ModuleName[SwiperTestCase]
D/ServiceTester(23311): ClassName[com.test.logic.testmodules.boc_modules.TerminalManageTestCase]
D/ServiceTester(23311): ModuleName[TerminalManageTestCase]
D/ServiceTester(23311): ClassFullName[com.test.logic.service_accesser.CBCServiceAccesser]
D/ServiceTester(23311): ClassName[CBCServiceAccesser]
D/ServiceTester(23311): Module package path=[com.test.logic.testmodules.cbc_modules].
I/SurfaceFlinger(  258): FPS: 24
D/ServiceTester(23311): ClassFullName[com.test.logic.service_accesser.ICBCServiceAccesser]
D/ServiceTester(23311): ClassName[ICBCServiceAccesser]
D/ServiceTester(23311): Module package path=[com.test.logic.testmodules.icbc_modules].
D/PackageUtil(23311): className=com.test.logic.testmodules.icbc_modules.ModuleExternalSerial
D/PackageUtil(23311): idx=-1
D/PackageUtil(23311): className=com.test.logic.testmodules.icbc_modules.ModulePinpad
D/PackageUtil(23311): idx=-1
D/PackageUtil(23311): className=com.test.logic.testmodules.icbc_modules.common.DeviceService
D/PackageUtil(23311): idx=6
D/ServiceTester(23311): ClassName[com.test.logic.testmodules.icbc_modules.ModuleExternalSerial]
D/ServiceTester(23311): ModuleName[ModuleExternalSerial]
D/ServiceTester(23311): ClassName[com.test.logic.testmodules.icbc_modules.ModulePinpad]
D/ServiceTester(23311): ModuleName[ModulePinpad]
D/ServiceTester(23311): ClassFullName[com.test.logic.service_accesser.RKServiceAccesser]
D/ServiceTester(23311): ClassName[RKServiceAccesser]
D/ServiceTester(23311): Module package path=[com.test.logic.testmodules.rk_modules].
I/ServiceManager(22439): Waiting for service AtCmdFwd...
D/PackageUtil(23311): className=com.test.logic.testmodules.rk_modules.ModuleScanner
D/PackageUtil(23311): idx=-1
D/PackageUtil(23311): className=com.test.logic.testmodules.rk_modules.common.DeviceService
D/PackageUtil(23311): idx=6
D/ServiceTester(23311): ClassName[com.test.logic.testmodules.rk_modules.ModuleScanner]
D/ServiceTester(23311): ModuleName[ModuleScanner]
D/ServiceTester(23311): ClassFullName[com.test.logic.service_accesser.UMSServiceAccesser]
D/ServiceTester(23311): ClassName[UMSServiceAccesser]
D/ServiceTester(23311): Module package path=[com.test.logic.testmodules.ums_modules].
D/ServiceTester(23311): ClassFullName[com.test.logic.service_accesser.VFIServiceAccesser]
D/ServiceTester(23311): ClassName[VFIServiceAccesser]
D/ServiceTester(23311): Module package path=[com.test.logic.testmodules.vfi_modules].
D/PackageUtil(23311): className=com.test.logic.testmodules.vfi_modules.ModulePinpad
D/PackageUtil(23311): idx=-1
D/PackageUtil(23311): className=com.test.logic.testmodules.vfi_modules.common.DeviceService
D/PackageUtil(23311): idx=6
D/ServiceTester(23311): ClassName[com.test.logic.testmodules.vfi_modules.ModulePinpad]
D/ServiceTester(23311): ModuleName[ModulePinpad]
I/ViewRootImpl(23311): CPU Rendering VSync enable = true
D/OpenGLRenderer(23311): Use EGL_SWAP_BEHAVIOR_PRESERVED: true
D/Atlas   (23311): Validating map...
V/WindowManager(  800): Adding window Window{1694cdac u0 com.test.ui.activities.nihao/com.test.ui.activities.MainActivity} at 11 of 17 (before Window{6f9c08b u0 Starting com.test.ui.activities.nihao})
I/Adreno-EGL(23311): <qeglDrvAPI_eglInitialize:379>: EGL 1.4 QUALCOMM build: AU_LINUX_ANDROID_LA.BR.1.2.3_RB1.05.01.00.036.053_msm8909_LA.BR.1.2.3_RB1__release_AU (Ibddc658e36)
I/Adreno-EGL(23311): OpenGL ES Shader Compiler Version: E031.25.03.04
I/Adreno-EGL(23311): Build Date: 09/10/15 Thu
I/Adreno-EGL(23311): Local Branch: mybranch13976726
I/Adreno-EGL(23311): Remote Branch: quic/LA.BR.1.2.3_rb1.79
I/Adreno-EGL(23311): Local Patches: NONE
I/Adreno-EGL(23311): Reconstruct Branch: AU_LINUX_ANDROID_LA.BR.1.2.3_RB1.05.01.00.036.053 + 7c4888a + 22ca218 + 855d166 + 95575a0 + 4193eef + 64d916f + 88f4cbe + c272012 + 046ce63 + 9b2bddc + d5b5339 + a2bdc2f +  NOTHING
I/OpenGLRenderer(23311): Initialized EGL, version 1.4
D/OpenGLRenderer(23311): Enabling debug mode 0
W/ResourceType( 3109): No package identifier when getting value for resource number 0x00000000
W/PackageManager( 3109): Failure retrieving resources for com.android.settings: Resource ID #0x0
I/ActivityManager(  800): Displayed com.test.ui.activities.nihao/com.test.ui.activities.MainActivity: +1s33ms (total +9s831ms)
I/Timeline(  800): Timeline: Activity_windows_visible id: ActivityRecord{cd18902 u0 com.test.ui.activities.nihao/com.test.ui.activities.MainActivity t3867} time:20413275
I/Timeline(23311): Timeline: Activity_idle id: android.os.BinderProxy@1a9f0fdd time:20413311
W/QueryController(16636): Could not detect idle state.
D/UIAutomatorStub(16636): URI: /jsonrpc/0, Method: POST, params, {NanoHttpd.QUERY_STRING=null}, files: {postData={"jsonrpc": "2.0", "id": "f7dd9268b4d2858feb2f4cca17ee8c0b", "method": "waitForExists", "params": [{"mask": 1, "childOrSibling": [], "childOrSiblingSelector": [], "text": "\u6d4b\u8bd5\u5de5\u5177"}, 5000]}}
W/QueryController(16636): Could not detect idle state.
D/UIAutomatorStub(16636): URI: /jsonrpc/0, Method: POST, params, {NanoHttpd.QUERY_STRING=null}, files: {postData={"jsonrpc": "2.0", "id": "e4cedbdaea97a4ce34f58e47a2775e16", "method": "objInfo", "params": [{"mask": 1, "childOrSibling": [], "childOrSiblingSelector": [], "text": "\u6d4b\u8bd5\u5de5\u5177"}]}}
W/QueryController(16636): Could not detect idle state.
W/QueryController(16636): Could not detect idle state.
W/QueryController(16636): Could not detect idle state.
W/QueryController(16636): Could not detect idle state.
W/QueryController(16636): Could not detect idle state.
W/QueryController(16636): Could not detect idle state.
W/QueryController(16636): Could not detect idle state.
W/QueryController(16636): Could not detect idle state.
W/QueryController(16636): Could not detect idle state.
W/QueryController(16636): Could not detect idle state.
W/QueryController(16636): Could not detect idle state.
W/QueryController(16636): Could not detect idle state.
W/QueryController(16636): Could not detect idle state.
W/QueryController(16636): Could not detect idle state.
W/QueryController(16636): Could not detect idle state.
W/QueryController(16636): Could not detect idle state.
W/QueryController(16636): Could not detect idle state.
W/QueryController(16636): Could not detect idle state.
I/SurfaceFlinger(  258): FPS: 49
D/UIAutomatorStub(16636): URI: /jsonrpc/0, Method: POST, params, {NanoHttpd.QUERY_STRING=null}, files: {postData={"jsonrpc": "2.0", "id": "2b135673eee29b47d25addd6288e34f8", "method": "click", "params": [360.0, 1089.0]}}
D/InteractionController(16636): clickNoSync (360, 1089)
D/MainActivity(23311): Entry[测试工具] been clicked
E/AudioPolicyManager(  274): unknown stream type 13
E/AudioPolicyManager(  274): unknown stream type 13
E/AudioPolicyManager(  274): unknown stream type 13
E/AudioPolicyManager(  274): unknown stream type 13
E/AudioPolicyManager(  274): unknown stream type 13
E/AudioPolicyManager(  274): unknown stream type 13
E/AudioPolicyManager(  274): unknown stream type 13
E/AudioPolicyManager(  274): unknown stream type 13
E/AudioPolicyManager(  274): unknown stream type 13
I/Timeline(23311): Timeline: Activity_launch_request id:com.test.ui.activities.nihao time:20413789
I/ActivityManager(  800): START u0 {cmp=com.test.ui.activities.nihao/com.test.ui.activities.other.test_tools.TestToolsActivity} from uid 10448 on display 0
D/audio_hw_primary(  274): start_output_stream: enter: stream(0xb8142b30)usecase(1: low-latency-playback) devices(0x2)
D/audio_hw_primary(  274): select_devices: out_snd_device(2: speaker) in_snd_device(0: )
D/hardware_info(  274): hw_info_append_hw_type : device_name = speaker
I/soundtrigger(  274): audio_extn_sound_trigger_update_device_status: device 0x2 of type 0 for Event 1, with Raise=0
V/WindowManager(  800): addAppToken: AppWindowToken{e909cd6 token=Token{623f8f1 ActivityRecord{22571898 u0 com.test.ui.activities.nihao/com.test.ui.activities.other.test_tools.TestToolsActivity t3867}}} to stack=1 task=3867 at 1
W/audio_hw_utils(  274): audio_extn_utils_update_stream_app_type_cfg: App type could not be selected. Falling back to default
I/audio_hw_primary(  274): select_devices Selected apptype: 69936
D/soundtrigger(  274): audio_extn_sound_trigger_update_stream_status: uc_id 1 of type 0 for Event 3, with Raise=0
D/ACDB-LOADER(  274): ACDB -> send_audio_cal, acdb_id = 14, path =  0
D/ACDB-LOADER(  274): ACDB -> send_asm_topology
D/ACDB-LOADER(  274): ACDB -> ACDB_CMD_GET_AUDPROC_STREAM_TOPOLOGY_ID
D/ACDB-LOADER(  274): ACDB -> send_adm_topology
D/ACDB-LOADER(  274): ACDB -> ACDB_CMD_GET_AUDPROC_COMMON_TOPOLOGY_ID
D/ACDB-LOADER(  274): ACDB -> send_audtable
D/ACDB-LOADER(  274): ACDB -> ACDB_CMD_GET_AUDPROC_COMMON_TABLE
D/ACDB-LOADER(  274): ACDB -> AUDIO_SET_AUDPROC_CAL
D/ACDB-LOADER(  274): ACDB -> send_audvoltable
D/ACDB-LOADER(  274): ACDB -> ACDB_CMD_GET_AUDPROC_GAIN_DEP_STEP_TABLE
D/ACDB-LOADER(  274): ACDB -> AUDIO_SET_AUDPROC_VOL_CAL
D/ACDB-LOADER(  274): ACDB -> send_afe_cal
D/ACDB-LOADER(  274): ACDB -> ACDB_CMD_GET_AFE_COMMON_TABLE
D/ACDB-LOADER(  274): ACDB -> AUDIO_SET_AFE_CAL
D/ACDB-LOADER(  274): ACDB -> send_hw_delay : acdb_id = 14 path = 0
D/ACDB-LOADER(  274): ACDB -> ACDB_AVSYNC_INFO: ACDB_CMD_GET_DEVICE_PROPERTY
I/audio_hw_utils(  274): audio_extn_utils_send_app_type_cfg app_type 69936, acdb_dev_id 14, sample_rate 48000
D/audio_hw_primary(  274): select_devices: done
D/MyApplication(23311): Add activity=com.test.ui.activities.other.test_tools.TestToolsActivity
I/ServiceManager(22439): Waiting for service AtCmdFwd...
D/UIAutomatorStub(16636): URI: /jsonrpc/0, Method: POST, params, {NanoHttpd.QUERY_STRING=null}, files: {postData={"jsonrpc": "2.0", "id": "9c1b09b5161dfd9e4c48cf381f5d1c61", "method": "waitForExists", "params": [{"mask": 1, "childOrSibling": [], "childOrSiblingSelector": [], "text": "\u7ec3\u4e60\u6d4b\u8bd5"}, 5000]}}
W/QueryController(16636): Could not detect idle state.
I/ViewRootImpl(23311): CPU Rendering VSync enable = true
V/WindowManager(  800): Adding window Window{36f12644 u0 com.test.ui.activities.nihao/com.test.ui.activities.other.test_tools.TestToolsActivity} at 12 of 17 (after Window{1694cdac u0 com.test.ui.activities.nihao/com.test.ui.activities.MainActivity})
I/ActivityManager(  800): Displayed com.test.ui.activities.nihao/com.test.ui.activities.other.test_tools.TestToolsActivity: +137ms
E/AudioPolicyManager(  274): unknown stream type 13
E/AudioPolicyManager(  274): unknown stream type 13
E/AudioPolicyManager(  274): unknown stream type 13
E/AudioPolicyManager(  274): unknown stream type 13
E/AudioPolicyManager(  274): unknown stream type 13
E/AudioPolicyManager(  274): unknown stream type 13
E/AudioPolicyManager(  274): unknown stream type 13
E/AudioPolicyManager(  274): unknown stream type 13
E/AudioPolicyManager(  274): unknown stream type 13
E/AudioPolicyManager(  274): unknown stream type 13
E/AudioPolicyManager(  274): unknown stream type 13
E/AudioPolicyManager(  274): unknown stream type 13
E/AudioPolicyManager(  274): unknown stream type 13
E/AudioPolicyManager(  274): unknown stream type 13
E/AudioPolicyManager(  274): unknown stream type 13
E/AudioPolicyManager(  274): unknown stream type 13
E/AudioPolicyManager(  274): unknown stream type 13
D/OpenGLRenderer(23311): endAllStagingAnimators on 0xb80ffaa8 (RippleDrawable) with handle 0xb80fd4a0
I/Timeline(23311): Timeline: Activity_idle id: android.os.BinderProxy@568202f time:20414008
D/UIAutomatorStub(16636): URI: /jsonrpc/0, Method: POST, params, {NanoHttpd.QUERY_STRING=null}, files: {postData={"jsonrpc": "2.0", "id": "5e1a48076b6b6a7194fae93f2a28c32f", "method": "waitForExists", "params": [{"mask": 1, "childOrSibling": [], "childOrSiblingSelector": [], "text": "\u7ec3\u4e60\u6d4b\u8bd5"}, 5000]}}
W/QueryController(16636): Could not detect idle state.
D/UIAutomatorStub(16636): URI: /jsonrpc/0, Method: POST, params, {NanoHttpd.QUERY_STRING=null}, files: {postData={"jsonrpc": "2.0", "id": "adcdbb9bd5671abe67faba27df88a7b0", "method": "objInfo", "params": [{"mask": 1, "childOrSibling": [], "childOrSiblingSelector": [], "text": "\u7ec3\u4e60\u6d4b\u8bd5"}]}}
W/QueryController(16636): Could not detect idle state.
W/QueryController(16636): Could not detect idle state.
W/QueryController(16636): Could not detect idle state.
W/QueryController(16636): Could not detect idle state.
W/QueryController(16636): Could not detect idle state.
W/QueryController(16636): Could not detect idle state.
W/QueryController(16636): Could not detect idle state.
W/QueryController(16636): Could not detect idle state.
W/QueryController(16636): Could not detect idle state.
W/QueryController(16636): Could not detect idle state.
W/QueryController(16636): Could not detect idle state.
W/QueryController(16636): Could not detect idle state.
W/QueryController(16636): Could not detect idle state.
W/QueryController(16636): Could not detect idle state.
W/QueryController(16636): Could not detect idle state.
W/QueryController(16636): Could not detect idle state.
W/QueryController(16636): Could not detect idle state.
W/QueryController(16636): Could not detect idle state.
D/UIAutomatorStub(16636): URI: /jsonrpc/0, Method: POST, params, {NanoHttpd.QUERY_STRING=null}, files: {postData={"jsonrpc": "2.0", "id": "59fdd767a6aac02e6b52a0a0fbee963a", "method": "click", "params": [360.0, 718.0]}}
D/InteractionController(16636): clickNoSync (360, 718)
I/Timeline(  800): Timeline: Activity_windows_visible id: ActivityRecord{22571898 u0 com.test.ui.activities.nihao/com.test.ui.activities.other.test_tools.TestToolsActivity t3867} time:20414315
I/Timeline(23311): Timeline: Activity_launch_request id:com.test.ui.activities.nihao time:20414403
I/ActivityManager(  800): START u0 {cmp=com.test.ui.activities.nihao/com.test.ui.activities.other.test_tools.study.demon.rxjava.RxJavaTestActivity} from uid 10448 on display 0
E/AudioPolicyManager(  274): unknown stream type 13
E/AudioPolicyManager(  274): unknown stream type 13
E/AudioPolicyManager(  274): unknown stream type 13
E/AudioPolicyManager(  274): unknown stream type 13
E/AudioPolicyManager(  274): unknown stream type 13
E/AudioPolicyManager(  274): unknown stream type 13
E/AudioPolicyManager(  274): unknown stream type 13
E/AudioPolicyManager(  274): unknown stream type 13
E/AudioPolicyManager(  274): unknown stream type 13
V/WindowManager(  800): addAppToken: AppWindowToken{373cf9dc token=Token{18df2e4f ActivityRecord{151e70ae u0 com.test.ui.activities.nihao/com.test.ui.activities.other.test_tools.study.demon.rxjava.RxJavaTestActivity t3867}}} to stack=1 task=3867 at 2
I/ViewRootImpl(23311): CPU Rendering VSync enable = true
V/WindowManager(  800): Adding window Window{3f64e9ba u0 com.test.ui.activities.nihao/com.test.ui.activities.other.test_tools.study.demon.rxjava.RxJavaTestActivity} at 13 of 18 (after Window{36f12644 u0 com.test.ui.activities.nihao/com.test.ui.activities.other.test_tools.TestToolsActivity})
E/AudioPolicyManager(  274): unknown stream type 13
E/AudioPolicyManager(  274): unknown stream type 13
E/AudioPolicyManager(  274): unknown stream type 13
E/AudioPolicyManager(  274): unknown stream type 13
E/AudioPolicyManager(  274): unknown stream type 13
E/AudioPolicyManager(  274): unknown stream type 13
E/AudioPolicyManager(  274): unknown stream type 13
E/AudioPolicyManager(  274): unknown stream type 13
E/AudioPolicyManager(  274): unknown stream type 13
E/AudioPolicyManager(  274): unknown stream type 13
E/AudioPolicyManager(  274): unknown stream type 13
E/AudioPolicyManager(  274): unknown stream type 13
E/AudioPolicyManager(  274): unknown stream type 13
E/AudioPolicyManager(  274): unknown stream type 13
E/AudioPolicyManager(  274): unknown stream type 13
E/AudioPolicyManager(  274): unknown stream type 13
E/AudioPolicyManager(  274): unknown stream type 13
I/ActivityManager(  800): Displayed com.test.ui.activities.nihao/com.test.ui.activities.other.test_tools.study.demon.rxjava.RxJavaTestActivity: +186ms
D/OpenGLRenderer(23311): endAllStagingAnimators on 0xb81a9208 (RippleDrawable) with handle 0xb80dfad0
I/SurfaceFlinger(  258): FPS: 57
I/Timeline(23311): Timeline: Activity_idle id: android.os.BinderProxy@222dc3da time:20414686
D/wpa_supplicant( 3273): wlan0: Control interface command 'SIGNAL_POLL'
D/AndroidRuntime(23405): >>>>>> START com.android.internal.os.RuntimeInit uid 2000 <<<<<<
D/AndroidRuntime(23405): CheckJNI is OFF
I/ServiceManager(22439): Waiting for service AtCmdFwd...
W/SurfaceFlinger(  258): couldn't log to binary event log: overflow.
D/AndroidRuntime(23405): Calling main entry com.android.commands.pm.Pm
I/Timeline(  800): Timeline: Activity_windows_visible id: ActivityRecord{151e70ae u0 com.test.ui.activities.nihao/com.test.ui.activities.other.test_tools.study.demon.rxjava.RxJavaTestActivity t3867} time:20414997
I/art     (23405): System.exit called, status: 0
I/AndroidRuntime(23405): VM exiting with result code 0.
D/AndroidRuntime(23420): >>>>>> START com.android.internal.os.RuntimeInit uid 2000 <<<<<<
D/AndroidRuntime(23420): CheckJNI is OFF
D/AndroidRuntime(23420): Calling main entry com.android.commands.am.Am
I/ActivityManager(  800): Force stopping com.test.ui.activities.nihao appid=10448 user=0: from pid 23420
I/ActivityManager(  800): Killing 23311:com.test.ui.activities.nihao/u0a448 (adj 0): stop com.test.ui.activities.nihao
I/SurfaceFlinger(  258): FPS: 43
W/InputDispatcher(  800): channel '1694cdac com.test.ui.activities.nihao/com.test.ui.activities.MainActivity (server)' ~ Consumer closed input channel or an error occurred.  events=0x9
E/InputDispatcher(  800): channel '1694cdac com.test.ui.activities.nihao/com.test.ui.activities.MainActivity (server)' ~ Channel is unrecoverably broken and will be disposed!
I/WindowState(  800): WIN DEATH: Window{1694cdac u0 com.test.ui.activities.nihao/com.test.ui.activities.MainActivity}
W/InputDispatcher(  800): channel '3f64e9ba com.test.ui.activities.nihao/com.test.ui.activities.other.test_tools.study.demon.rxjava.RxJavaTestActivity (server)' ~ Consumer closed input channel or an error occurred.  events=0x9
E/InputDispatcher(  800): channel '3f64e9ba com.test.ui.activities.nihao/com.test.ui.activities.other.test_tools.study.demon.rxjava.RxJavaTestActivity (server)' ~ Channel is unrecoverably broken and will be disposed!
W/InputDispatcher(  800): channel '36f12644 com.test.ui.activities.nihao/com.test.ui.activities.other.test_tools.TestToolsActivity (server)' ~ Consumer closed input channel or an error occurred.  events=0x9
E/InputDispatcher(  800): channel '36f12644 com.test.ui.activities.nihao/com.test.ui.activities.other.test_tools.TestToolsActivity (server)' ~ Channel is unrecoverably broken and will be disposed!
W/InputDispatcher(  800): Attempted to unregister already unregistered input channel '1694cdac com.test.ui.activities.nihao/com.test.ui.activities.MainActivity (server)'
I/WindowState(  800): WIN DEATH: Window{36f12644 u0 com.test.ui.activities.nihao/com.test.ui.activities.other.test_tools.TestToolsActivity}
W/InputDispatcher(  800): Attempted to unregister already unregistered input channel '36f12644 com.test.ui.activities.nihao/com.test.ui.activities.other.test_tools.TestToolsActivity (server)'
I/WindowState(  800): WIN DEATH: Window{3f64e9ba u0 com.test.ui.activities.nihao/com.test.ui.activities.other.test_tools.study.demon.rxjava.RxJavaTestActivity}
W/InputDispatcher(  800): Attempted to unregister already unregistered input channel '3f64e9ba com.test.ui.activities.nihao/com.test.ui.activities.other.test_tools.study.demon.rxjava.RxJavaTestActivity (server)'
I/ServiceManager(22439): Waiting for service AtCmdFwd...
W/ActivityManager(  800): Force removing ActivityRecord{151e70ae u0 com.test.ui.activities.nihao/com.test.ui.activities.other.test_tools.study.demon.rxjava.RxJavaTestActivity t3867}: app died, no saved state
E/PackageManager(  800): checkpermisssion: android.permission.ACCESS_ALL_EXTERNAL_STORAGE packageName: com.test.ui.activities.nihao
I/ViewRootImpl(  800): CPU Rendering VSync enable = true
V/WindowManager(  800): Based on layer: Adding window Window{17de615e u0 Starting com.test.ui.activities.nihao} at 11 of 16
I/art     (23433): Late-enabling -Xcheck:jni
I/ActivityManager(  800): Start proc 23433:com.test.ui.activities.nihao/u0a448 for activity com.test.ui.activities.nihao/com.test.ui.activities.other.test_tools.TestToolsActivity
I/ActivityManager(  800):   Force finishing activity 3 ActivityRecord{cd18902 u0 com.test.ui.activities.nihao/com.test.ui.activities.MainActivity t3867}
I/ActivityManager(  800):   Force finishing activity 3 ActivityRecord{22571898 u0 com.test.ui.activities.nihao/com.test.ui.activities.other.test_tools.TestToolsActivity t3867}
W/ActivityManager(  800): Spurious death for ProcessRecord{f283a5b 0:com.test.ui.activities.nihao/u0a448}, curProc for 23311: null
I/art     (  289): Explicit concurrent mark sweep GC freed 713(30KB) AllocSpace objects, 0(0B) LOS objects, 87% free, 145KB/1169KB, paused 1.187ms total 20.431ms
W/BroadcastQueue(  800): Permission Denial: broadcasting Intent { act=android.net.conn.CONNECTIVITY_CHANGE_IMMEDIATE flg=0x4000010 (has extras) } from null (pid=-1, uid=-1) requires android.permission.CHANGE_NETWORK_STATE due to registered receiver BroadcastFilter{1348cc0d u0 ReceiverList{36e516a4 3505 com.android.phone/1001/u0 remote:5262137}}
W/BroadcastQueue(  800): Permission Denial: broadcasting Intent { act=android.net.wifi.STATE_CHANGE flg=0x4000010 (has extras) } from null (pid=-1, uid=-1) requires android.permission.CHANGE_NETWORK_STATE due to registered receiver BroadcastFilter{1348cc0d u0 ReceiverList{36e516a4 3505 com.android.phone/1001/u0 remote:5262137}}
I/art     (  289): Explicit concurrent mark sweep GC freed 5(160B) AllocSpace objects, 0(0B) LOS objects, 87% free, 145KB/1169KB, paused 248us total 20.903ms
I/art     (  289): Explicit concurrent mark sweep GC freed 5(160B) AllocSpace objects, 0(0B) LOS objects, 87% free, 145KB/1169KB, paused 278us total 18.599ms
D/TAG     (23433): time=1557385644934
W/InputMethodManagerService(  800): Got RemoteException sending setActive(false) notification to pid 23311 uid 10448
I/Timeline( 3505): Timeline: Activity_idle id: android.os.BinderProxy@12867392 time:20415969
V/WLAN_PSA(  281): NL MSG, len[4023], NL type[0x1C] WNI type[0x5900] len[40719]
V/WLAN_PSA(  281): NL MSG, PID: 281
D/StatusBar.NetworkController( 3109): refreshViews: Data not connected!! Set no data type icon / Roaming
I/ActivityManager(  800): START u0 {flg=0x10000000 cmp=com.test.ui.activities.nihao/com.test.ui.activities.MainActivity} from uid 2000 on display 0
V/WindowManager(  800): addAppToken: AppWindowToken{35b3cd1a token=Token{1d786fc5 ActivityRecord{16f2963c u0 com.test.ui.activities.nihao/com.test.ui.activities.MainActivity t3868}}} to stack=1 task=3868 at 0
I/ViewRootImpl(  800): CPU Rendering VSync enable = true
V/WindowManager(  800): Adding window Window{b11d27d u0 Starting com.test.ui.activities.nihao} at 11 of 16 (after Window{26583d0 u0 com.android.settings/com.android.settings.deviceinfo.Status})
D/MyApplication(23433): Add activity=com.test.ui.activities.MainActivity
W/art     (23433): Before Android 4.1, method android.graphics.PorterDuffColorFilter android.support.graphics.drawable.VectorDrawableCompat.updateTintFilter(android.graphics.PorterDuffColorFilter, android.content.res.ColorStateList, android.graphics.PorterDuff$Mode) would have incorrectly overridden the package-private method in android.graphics.drawable.Drawable
D/PackageUtil(23433): className=com.test.logic.service_accesser.ADCServiceAccesser
D/PackageUtil(23433): idx=-1
D/PackageUtil(23433): className=com.test.logic.service_accesser.BOCServiceAccesser
D/PackageUtil(23433): idx=-1
D/PackageUtil(23433): className=com.test.logic.service_accesser.CBCServiceAccesser
D/PackageUtil(23433): idx=-1
D/PackageUtil(23433): className=com.test.logic.service_accesser.ICBCServiceAccesser
D/PackageUtil(23433): idx=-1
D/PackageUtil(23433): className=com.test.logic.service_accesser.RKServiceAccesser
D/PackageUtil(23433): idx=-1
D/PackageUtil(23433): className=com.test.logic.service_accesser.UMSServiceAccesser
D/PackageUtil(23433): idx=-1
D/PackageUtil(23433): className=com.test.logic.service_accesser.VFIServiceAccesser
D/PackageUtil(23433): idx=-1
D/PackageUtil(23433): className=com.test.logic.service_accesser.interfaces.ServiceAccessInterface
D/PackageUtil(23433): idx=10
D/PackageUtil(23433): className=com.test.logic.service_accesser.service_accesser.ServiceAccesser
D/PackageUtil(23433): idx=16
D/ServiceTester(23433): ClassFullName[com.test.logic.service_accesser.ADCServiceAccesser]
D/ServiceTester(23433): ClassName[ADCServiceAccesser]
D/ServiceTester(23433): Module package path=[com.test.logic.testmodules.adc_modules].
D/ServiceTester(23433): ClassFullName[com.test.logic.service_accesser.BOCServiceAccesser]
D/ServiceTester(23433): ClassName[BOCServiceAccesser]
D/ServiceTester(23433): Module package path=[com.test.logic.testmodules.boc_modules].
D/PackageUtil(23433): className=com.test.logic.testmodules.boc_modules.BeepTestCase
D/PackageUtil(23433): idx=-1
D/PackageUtil(23433): className=com.test.logic.testmodules.boc_modules.CardReaderTestCase
D/PackageUtil(23433): idx=-1
D/PackageUtil(23433): className=com.test.logic.testmodules.boc_modules.DeviceInfoTestCase
D/PackageUtil(23433): idx=-1
D/PackageUtil(23433): className=com.test.logic.testmodules.boc_modules.DeviceServiceTestCase
D/PackageUtil(23433): idx=-1
D/PackageUtil(23433): className=com.test.logic.testmodules.boc_modules.ICCardTestCase
D/PackageUtil(23433): idx=-1
D/PackageUtil(23433): className=com.test.logic.testmodules.boc_modules.LedTestCase
D/PackageUtil(23433): idx=-1
D/PackageUtil(23433): className=com.test.logic.testmodules.boc_modules.PinpadTestCase
D/PackageUtil(23433): idx=-1
D/PackageUtil(23433): className=com.test.logic.testmodules.boc_modules.PrinterTestCase
D/PackageUtil(23433): idx=-1
D/PackageUtil(23433): className=com.test.logic.testmodules.boc_modules.RFCardTestCase
D/PackageUtil(23433): idx=-1
D/PackageUtil(23433): className=com.test.logic.testmodules.boc_modules.ScannerTestCase
D/PackageUtil(23433): idx=-1
D/PackageUtil(23433): className=com.test.logic.testmodules.boc_modules.SwiperTestCase
D/PackageUtil(23433): idx=-1
D/PackageUtil(23433): className=com.test.logic.testmodules.boc_modules.TerminalManageTestCase
D/VM_BMS  (  454): wake_lock acquired
D/PackageUtil(23433): idx=-1
D/VM_BMS  (  454): New BMS data - Size=56
D/VM_BMS  (  454): Start process_bms_data
D/VM_BMS  (  454): Battery charge_cycle=56 fcc_adjust=1736 rbatt_adjust=1736 cycle_changed=false
D/PackageUtil(23433): className=com.test.logic.testmodules.boc_modules.common.DeviceService
D/PackageUtil(23433): idx=6
D/VM_BMS  (  454): For batt_temp=340 fcc_mah=5005
D/VM_BMS  (  454): Lookup fcc_mah=5005.000000  adjusted fcc_mah=4918.113281
D/VM_BMS  (  454): For ocv=4160488 batt_temp=340 soc=100
D/VM_BMS  (  454): fifo_count=5 acc_count=0
D/VM_BMS  (  454): INIT: ocv=4160488 last_ocv=4160488 batt_temp=340 soc=100
D/VM_BMS  (  454): For soc=100 batt_temp=340 slope=14600
D/VM_BMS  (  454): For soc=100 batt_temp=340 rbatt_sf=98
D/VM_BMS  (  454): rbatt_mohm_default=100, rbatt_mohm=98, sf=98 batt_temp=340
D/VM_BMS  (  454): Lookup rbatt=98.000000  adjusted rbatt=99.701279
D/VM_BMS  (  454): For ocv=4160395 batt_temp=340 soc=100
D/VM_BMS  (  454): FIFO=0 fifo_avg=4.141682 rbatt=0.149701 slope=1.460000 ibatt=0.125314 ocv=4.160396 soc=100 fcc_ah=4.918113 sample_count=128 sample_interval=70 seq_num=545
D/ServiceTester(23433): ClassName[com.test.logic.testmodules.boc_modules.BeepTestCase]
D/VM_BMS  (  454): For soc=100 batt_temp=340 slope=14600
D/VM_BMS  (  454): For soc=100 batt_temp=340 rbatt_sf=98
D/VM_BMS  (  454): rbatt_mohm_default=100, rbatt_mohm=98, sf=98 batt_temp=340
D/ServiceTester(23433): ModuleName[BeepTestCase]
D/VM_BMS  (  454): Lookup rbatt=98.000000  adjusted rbatt=99.701279
D/VM_BMS  (  454): For ocv=4160289 batt_temp=340 soc=100
D/ServiceTester(23433): ClassName[com.test.logic.testmodules.boc_modules.CardReaderTestCase]
D/VM_BMS  (  454): FIFO=1 fifo_avg=4.139026 rbatt=0.149701 slope=1.460000 ibatt=0.142393 ocv=4.160290 soc=100 fcc_ah=4.918113 sample_count=128 sample_interval=70 seq_num=545
D/ServiceTester(23433): ModuleName[CardReaderTestCase]
D/VM_BMS  (  454): For soc=100 batt_temp=340 slope=14600
D/ServiceTester(23433): ClassName[com.test.logic.testmodules.boc_modules.DeviceInfoTestCase]
D/VM_BMS  (  454): For soc=100 batt_temp=340 rbatt_sf=98
D/VM_BMS  (  454): rbatt_mohm_default=100, rbatt_mohm=98, sf=98 batt_temp=340
D/ServiceTester(23433): ModuleName[DeviceInfoTestCase]
D/VM_BMS  (  454): Lookup rbatt=98.000000  adjusted rbatt=99.701279
D/VM_BMS  (  454): For ocv=4160127 batt_temp=340 soc=100
D/ServiceTester(23433): ClassName[com.test.logic.testmodules.boc_modules.DeviceServiceTestCase]
D/VM_BMS  (  454): FIFO=2 fifo_avg=4.127525 rbatt=0.149701 slope=1.460000 ibatt=0.218323 ocv=4.160128 soc=100 fcc_ah=4.918113 sample_count=128 sample_interval=70 seq_num=545
D/ServiceTester(23433): ModuleName[DeviceServiceTestCase]
D/VM_BMS  (  454): For soc=100 batt_temp=340 slope=14600
D/ServiceTester(23433): ClassName[com.test.logic.testmodules.boc_modules.ICCardTestCase]
D/VM_BMS  (  454): For soc=100 batt_temp=340 rbatt_sf=98
D/VM_BMS  (  454): rbatt_mohm_default=100, rbatt_mohm=98, sf=98 batt_temp=340
D/ServiceTester(23433): ModuleName[ICCardTestCase]
D/VM_BMS  (  454): Lookup rbatt=98.000000  adjusted rbatt=99.701279
D/ServiceTester(23433): ClassName[com.test.logic.testmodules.boc_modules.LedTestCase]
D/VM_BMS  (  454): For ocv=4160007 batt_temp=340 soc=100
D/ServiceTester(23433): ModuleName[LedTestCase]
D/VM_BMS  (  454): FIFO=3 fifo_avg=4.135781 rbatt=0.149701 slope=1.460000 ibatt=0.162233 ocv=4.160007 soc=100 fcc_ah=4.918113 sample_count=128 sample_interval=70 seq_num=545
D/ServiceTester(23433): ClassName[com.test.logic.testmodules.boc_modules.PinpadTestCase]
D/VM_BMS  (  454): For soc=100 batt_temp=340 slope=14600
D/ServiceTester(23433): ModuleName[PinpadTestCase]
D/VM_BMS  (  454): For soc=100 batt_temp=340 rbatt_sf=98
D/VM_BMS  (  454): rbatt_mohm_default=100, rbatt_mohm=98, sf=98 batt_temp=340
D/VM_BMS  (  454): Lookup rbatt=98.000000  adjusted rbatt=99.701279
D/ServiceTester(23433): ClassName[com.test.logic.testmodules.boc_modules.PrinterTestCase]
D/VM_BMS  (  454): For ocv=4159828 batt_temp=340 soc=99
D/ServiceTester(23433): ModuleName[PrinterTestCase]
D/VM_BMS  (  454): FIFO=4 fifo_avg=4.123689 rbatt=0.149701 slope=1.460000 ibatt=0.242005 ocv=4.159828 soc=99 fcc_ah=4.918113 sample_count=128 sample_interval=70 seq_num=545
D/ServiceTester(23433): ClassName[com.test.logic.testmodules.boc_modules.RFCardTestCase]
D/ServiceTester(23433): ModuleName[RFCardTestCase]
D/ServiceTester(23433): ClassName[com.test.logic.testmodules.boc_modules.ScannerTestCase]
D/ServiceTester(23433): ModuleName[ScannerTestCase]
D/ServiceTester(23433): ClassName[com.test.logic.testmodules.boc_modules.SwiperTestCase]
D/ServiceTester(23433): ModuleName[SwiperTestCase]
D/ServiceTester(23433): ClassName[com.test.logic.testmodules.boc_modules.TerminalManageTestCase]
D/ServiceTester(23433): ModuleName[TerminalManageTestCase]
I/VM_BMS  (  454): power_supply_update: ocv_uv=4159828 ibatt=242004 soc=99 seq_num=545
D/VM_BMS  (  454): End process_bms_data
D/VM_BMS  (  454): wake_lock released
D/ServiceTester(23433): ClassFullName[com.test.logic.service_accesser.CBCServiceAccesser]
D/ServiceTester(23433): ClassName[CBCServiceAccesser]
D/ServiceTester(23433): Module package path=[com.test.logic.testmodules.cbc_modules].
E/BatteryService(  800): Enter shutdownIfOverTempLocked
E/BatteryController( 3109): ++++++++++++++ batteryPresent:  true   mPluggedIn: true
D/UIABatteryMonitor(16636): notify battery changed. current level 100
E/BatteryService(  800): Enter shutdownIfOverTempLocked
E/BatteryController( 3109): ++++++++++++++ batteryPresent:  true   mPluggedIn: true
D/UIABatteryMonitor(16636): notify battery changed. current level 100
I/art     (16636): Background partial concurrent mark sweep GC freed 14682(1259KB) AllocSpace objects, 25(400KB) LOS objects, 39% free, 2MB/3MB, paused 13.095ms total 50.001ms
D/ServiceTester(23433): ClassFullName[com.test.logic.service_accesser.ICBCServiceAccesser]
D/ServiceTester(23433): ClassName[ICBCServiceAccesser]
D/ServiceTester(23433): Module package path=[com.test.logic.testmodules.icbc_modules].
I/SurfaceFlinger(  258): FPS: 48
D/PackageUtil(23433): className=com.test.logic.testmodules.icbc_modules.ModuleExternalSerial
D/PackageUtil(23433): idx=-1
D/PackageUtil(23433): className=com.test.logic.testmodules.icbc_modules.ModulePinpad
D/PackageUtil(23433): idx=-1
D/PackageUtil(23433): className=com.test.logic.testmodules.icbc_modules.common.DeviceService
D/PackageUtil(23433): idx=6
D/ServiceTester(23433): ClassName[com.test.logic.testmodules.icbc_modules.ModuleExternalSerial]
D/ServiceTester(23433): ModuleName[ModuleExternalSerial]
D/ServiceTester(23433): ClassName[com.test.logic.testmodules.icbc_modules.ModulePinpad]
D/ServiceTester(23433): ModuleName[ModulePinpad]
D/ServiceTester(23433): ClassFullName[com.test.logic.service_accesser.RKServiceAccesser]
D/ServiceTester(23433): ClassName[RKServiceAccesser]
D/ServiceTester(23433): Module package path=[com.test.logic.testmodules.rk_modules].
W/Atfwd_Sendcmd(22439): AtCmdFwd service not published, waiting... retryCnt : 4
D/PackageUtil(23433): className=com.test.logic.testmodules.rk_modules.ModuleScanner
D/PackageUtil(23433): idx=-1
D/PackageUtil(23433): className=com.test.logic.testmodules.rk_modules.common.DeviceService
D/PackageUtil(23433): idx=6
D/ServiceTester(23433): ClassName[com.test.logic.testmodules.rk_modules.ModuleScanner]
D/ServiceTester(23433): ModuleName[ModuleScanner]
D/ServiceTester(23433): ClassFullName[com.test.logic.service_accesser.UMSServiceAccesser]
D/ServiceTester(23433): ClassName[UMSServiceAccesser]
D/ServiceTester(23433): Module package path=[com.test.logic.testmodules.ums_modules].
D/ServiceTester(23433): ClassFullName[com.test.logic.service_accesser.VFIServiceAccesser]
D/ServiceTester(23433): ClassName[VFIServiceAccesser]
D/ServiceTester(23433): Module package path=[com.test.logic.testmodules.vfi_modules].
D/PackageUtil(23433): className=com.test.logic.testmodules.vfi_modules.ModulePinpad
D/PackageUtil(23433): idx=-1
D/PackageUtil(23433): className=com.test.logic.testmodules.vfi_modules.common.DeviceService
D/PackageUtil(23433): idx=6
D/ServiceTester(23433): ClassName[com.test.logic.testmodules.vfi_modules.ModulePinpad]
D/ServiceTester(23433): ModuleName[ModulePinpad]
I/ViewRootImpl(23433): CPU Rendering VSync enable = true
D/OpenGLRenderer(23433): Use EGL_SWAP_BEHAVIOR_PRESERVED: true
D/Atlas   (23433): Validating map...
V/WindowManager(  800): Adding window Window{1c1a0f96 u0 com.test.ui.activities.nihao/com.test.ui.activities.MainActivity} at 11 of 17 (before Window{b11d27d u0 Starting com.test.ui.activities.nihao})
I/Adreno-EGL(23433): <qeglDrvAPI_eglInitialize:379>: EGL 1.4 QUALCOMM build: AU_LINUX_ANDROID_LA.BR.1.2.3_RB1.05.01.00.036.053_msm8909_LA.BR.1.2.3_RB1__release_AU (Ibddc658e36)
I/Adreno-EGL(23433): OpenGL ES Shader Compiler Version: E031.25.03.04
I/Adreno-EGL(23433): Build Date: 09/10/15 Thu
I/Adreno-EGL(23433): Local Branch: mybranch13976726
I/Adreno-EGL(23433): Remote Branch: quic/LA.BR.1.2.3_rb1.79
I/Adreno-EGL(23433): Local Patches: NONE
I/Adreno-EGL(23433): Reconstruct Branch: AU_LINUX_ANDROID_LA.BR.1.2.3_RB1.05.01.00.036.053 + 7c4888a + 22ca218 + 855d166 + 95575a0 + 4193eef + 64d916f + 88f4cbe + c272012 + 046ce63 + 9b2bddc + d5b5339 + a2bdc2f +  NOTHING
I/OpenGLRenderer(23433): Initialized EGL, version 1.4
D/OpenGLRenderer(23433): Enabling debug mode 0
W/ResourceType( 3109): No package identifier when getting value for resource number 0x00000000
W/PackageManager( 3109): Failure retrieving resources for com.android.settings: Resource ID #0x0
I/ActivityManager(  800): Displayed com.test.ui.activities.nihao/com.test.ui.activities.MainActivity: +1s60ms (total +1s414ms)
I/Timeline(  800): Timeline: Activity_windows_visible id: ActivityRecord{16f2963c u0 com.test.ui.activities.nihao/com.test.ui.activities.MainActivity t3868} time:20417245
D/AndroidRuntime(23420): Shutting down VM
I/Timeline(23433): Timeline: Activity_idle id: android.os.BinderProxy@1a9f0fdd time:20417288
D/audio_hw_primary(  274): out_standby: enter: stream (0xb8142b30) usecase(1: low-latency-playback)
E/BatteryService(  800): Enter shutdownIfOverTempLocked
D/soundtrigger(  274): audio_extn_sound_trigger_update_stream_status: uc_id 1 of type 0 for Event 2, with Raise=0
D/hardware_info(  274): hw_info_append_hw_type : device_name = speaker
E/BatteryController( 3109): ++++++++++++++ batteryPresent:  true   mPluggedIn: true
D/UIABatteryMonitor(16636): notify battery changed. current level 100
I/soundtrigger(  274): audio_extn_sound_trigger_update_device_status: device 0x2 of type 0 for Event 0, with Raise=0
I/SurfaceFlinger(  258): FPS: 45
D/wpa_supplicant( 3273): wlan0: Control interface command 'SIGNAL_POLL'
D/StatusBar.NetworkController( 3109): refreshViews: Data not connected!! Set no data type icon / Roaming
D/TaskPersister(  800): removeObsoleteFile: deleting file=3866_task.xml
D/TaskPersister(  800): removeObsoleteFile: deleting file=3867_task.xml
D/StatusBar.NetworkController( 3109): refreshViews: Data not connected!! Set no data type icon / Roaming
I/SurfaceFlinger(  258): FPS: 17
I/SurfaceFlinger(  258): FPS: 4
D/AndroidRuntime(23472): >>>>>> START com.android.internal.os.RuntimeInit uid 2000 <<<<<<
D/AndroidRuntime(23472): CheckJNI is OFF
D/AndroidRuntime(23472): Calling main entry com.android.commands.monkey.Monkey
W/BroadcastQueue(  800): Skipping deliver [background] BroadcastRecord{39ac3f70 u-1 android.net.conn.CONNECTIVITY_CHANGE} to ReceiverList{a4b52e9 23472 (unknown name)/2000/u-1 remote:335f8f22}: process crashing
I/Timeline(23472): Timeline: Activity_launch_request id:com.test.ui.activities.nihao time:20420580
I/ActivityManager(  800): START u0 {act=android.intent.action.MAIN cat=[android.intent.category.LAUNCHER] flg=0x10200000 cmp=com.test.ui.activities.nihao/com.test.ui.activities.MainActivity} from uid 2000 on display 0
V/WindowManager(  800): addAppToken: AppWindowToken{3aede29c token=Token{2613420f ActivityRecord{1e8b7b6e u0 com.test.ui.activities.nihao/com.test.ui.activities.MainActivity t3868}}} to stack=1 task=3868 at 1
D/MyApplication(23433): Add activity=com.test.ui.activities.MainActivity
I/ViewRootImpl(23433): CPU Rendering VSync enable = true
V/WindowManager(  800): Adding window Window{3877e07a u0 com.test.ui.activities.nihao/com.test.ui.activities.MainActivity} at 12 of 17 (after Window{1c1a0f96 u0 com.test.ui.activities.nihao/com.test.ui.activities.MainActivity})
I/art     (23472): System.exit called, status: 0
I/AndroidRuntime(23472): VM exiting with result code 0.
D/UIAutomatorStub(16636): URI: /jsonrpc/0, Method: POST, params, {NanoHttpd.QUERY_STRING=null}, files: {postData={"jsonrpc": "2.0", "id": "56309fa8d3c42823a83b6877ba393c1a", "method": "waitForExists", "params": [{"mask": 1, "childOrSibling": [], "childOrSiblingSelector": [], "text": "\u6d4b\u8bd5\u5de5\u5177"}, 5000]}}
W/QueryController(16636): Could not detect idle state.
I/ActivityManager(  800): Displayed com.test.ui.activities.nihao/com.test.ui.activities.MainActivity: +140ms
V/WLAN_PSA(  281): NL MSG, len[4018], NL type[0x1C] WNI type[0x5900] len[39439]
V/WLAN_PSA(  281): NL MSG, PID: 281
D/wpa_supplicant( 3273): wlan0: Control interface command 'SIGNAL_POLL'
I/Timeline(23433): Timeline: Activity_idle id: android.os.BinderProxy@3b30af96 time:20420804
D/UIAutomatorStub(16636): URI: /jsonrpc/0, Method: POST, params, {NanoHttpd.QUERY_STRING=null}, files: {postData={"jsonrpc": "2.0", "id": "a2822f803c1000a9d0c74a174c417a13", "method": "waitForExists", "params": [{"mask": 1, "childOrSibling": [], "childOrSiblingSelector": [], "text": "\u6d4b\u8bd5\u5de5\u5177"}, 5000]}}
W/QueryController(16636): Could not detect idle state.
D/UIAutomatorStub(16636): URI: /jsonrpc/0, Method: POST, params, {NanoHttpd.QUERY_STRING=null}, files: {postData={"jsonrpc": "2.0", "id": "870a7a7ada707683f9dd6d47bf31d3dc", "method": "objInfo", "params": [{"mask": 1, "childOrSibling": [], "childOrSiblingSelector": [], "text": "\u6d4b\u8bd5\u5de5\u5177"}]}}
W/QueryController(16636): Could not detect idle state.
W/QueryController(16636): Could not detect idle state.
W/QueryController(16636): Could not detect idle state.
W/QueryController(16636): Could not detect idle state.
W/QueryController(16636): Could not detect idle state.
W/QueryController(16636): Could not detect idle state.
D/StatusBar.NetworkController( 3109): refreshViews: Data not connected!! Set no data type icon / Roaming
W/QueryController(16636): Could not detect idle state.
W/QueryController(16636): Could not detect idle state.
W/QueryController(16636): Could not detect idle state.
W/QueryController(16636): Could not detect idle state.
W/QueryController(16636): Could not detect idle state.
W/QueryController(16636): Could not detect idle state.
W/QueryController(16636): Could not detect idle state.
W/QueryController(16636): Could not detect idle state.
W/QueryController(16636): Could not detect idle state.
W/QueryController(16636): Could not detect idle state.
I/Timeline(  800): Timeline: Activity_windows_visible id: ActivityRecord{1e8b7b6e u0 com.test.ui.activities.nihao/com.test.ui.activities.MainActivity t3868} time:20421098
W/QueryController(16636): Could not detect idle state.
W/QueryController(16636): Could not detect idle state.
D/UIAutomatorStub(16636): URI: /jsonrpc/0, Method: POST, params, {NanoHttpd.QUERY_STRING=null}, files: {postData={"jsonrpc": "2.0", "id": "4395de53dc8b24fb65adaa812fdd32a1", "method": "click", "params": [360.0, 1089.0]}}
D/InteractionController(16636): clickNoSync (360, 1089)
I/SurfaceFlinger(  258): FPS: 32
E/AudioPolicyManager(  274): unknown stream type 13
E/AudioPolicyManager(  274): unknown stream type 13
E/AudioPolicyManager(  274): unknown stream type 13
E/AudioPolicyManager(  274): unknown stream type 13
E/AudioPolicyManager(  274): unknown stream type 13
E/AudioPolicyManager(  274): unknown stream type 13
E/AudioPolicyManager(  274): unknown stream type 13
E/AudioPolicyManager(  274): unknown stream type 13
E/AudioPolicyManager(  274): unknown stream type 13
D/MainActivity(23433): Entry[测试工具] been clicked
I/Timeline(23433): Timeline: Activity_launch_request id:com.test.ui.activities.nihao time:20421321
