D/UIAutomatorStub( 6033): URI: /jsonrpc/0, Method: POST, params, {NanoHttpd.QUERY_STRING=null}, files: {postData={"jsonrpc": "2.0", "id": "bf3e9965c8b13250f638900f56876848", "method": "click", "params": [144, 268]}}
D/InteractionController( 6033): clickNoSync (144, 268)
E/AudioPolicyManager(  274): unknown stream type 13
E/AudioPolicyManager(  274): unknown stream type 13
E/AudioPolicyManager(  274): unknown stream type 13
E/AudioPolicyManager(  274): unknown stream type 13
E/AudioPolicyManager(  274): unknown stream type 13
E/AudioPolicyManager(  274): unknown stream type 13
E/AudioPolicyManager(  274): unknown stream type 13
E/AudioPolicyManager(  274): unknown stream type 13
E/AudioPolicyManager(  274): unknown stream type 13
I/System.out( 4801): database : [(TransactionRepositoryImpl.java:274)(ClrCurTranDataParameter)] clrCurTranDataParameter
I/System.out( 4801): database : [(TransactionRepositoryImpl.java:115)(GetSystemParameter)] getSystemParameter
I/System.out( 4801): database : [(TransactionRepositoryImpl.java:179)(GetSwitchParameter)] getSwitchParameter transId 10001
I/System.out( 4801): database : [(TransactionRepositoryImpl.java:658)(IsReversalInformationExist)] isReversalInformationExist
I/System.out( 4801): database : [(TransactionRepositoryImpl.java:832)(DbGetCurrDebitTotal)] dbGetCurrDebitTotal
I/DBSettlementRecordConverter( 4801): fromJson:com.verifone.adc.domain.entities.bo.SwitchParameter@17271c0e
I/System.out( 4801): database : [(TransactionRepositoryImpl.java:666)(U)] 
I/System.out( 4801): database_record : [(DBFunRecordInfo.java:1103)(K)]  498
I/System.out( 4801): database_record : [(DBFunRecordInfo.java:1104)(K)]  7458
I/System.out( 4801): database_record : [(DBFunRecordInfo.java:1109)(K)]  74.58
I/System.out( 4801): database_record : [(DBFunRecordInfo.java:1110)(K)] ----------------------------------------------
I/DBTerminalStatusConver( 4801): getModelValue fromJson:com.verifone.adc.domain.entities.bo.TerminalStatusParam@707662f
I/System.out( 4801): UseCaseStartTransaction : [(UseCaseStartTransaction.java:143)(B)] 
I/System.out( 4801): UseCaseStartTransaction : [(UseCaseStartTransaction.java:157)(B)] isLowPowerStatus=false
I/System.out( 4801): UseCaseStartTransaction : [(UseCaseStartTransaction.java:158)(B)] isPowerConnected=true
I/System.out( 4801): UseCaseStartTransaction : [(UseCaseStartTransaction.java:196)(B)]  putCurTranDataParameter
I/System.out( 4801): database : [(TransactionRepositoryImpl.java:240)(PutCurTranDataParameter)] putCurTranDataParameter
I/System.out( 4801): database : [(TransactionRepositoryImpl.java:115)(GetSystemParameter)] getSystemParameter
I/System.out( 4801): TAG : [(NavigatorUtil.java:30)(A)] tradingType=SALE
I/System.out( 4801): TAG : [(NavigatorUtil.java:31)(A)] isSupportTip=true
I/System.out( 4801): TAG : [(NavigatorUtil.java:32)(A)] isRefundNeedInputApprovalCode=true
I/System.out( 4801): TAG : [(NavigatorUtil.java:33)(A)] isRefundNeedInputRefNum=true
I/System.out( 4801): database : [(TransactionRepositoryImpl.java:179)(GetSwitchParameter)] getSwitchParameter transId 10001
I/DBSettlementRecordConverter( 4801): fromJson:com.verifone.adc.domain.entities.bo.SwitchParameter@36a3043c
I/System.out( 4801): UseCaseSetDoingTransactionFlag : [(UseCaseSetDoingTransactionFlag.java:32)(A)] Is Doing Trans : true
I/System.out( 4801): TAG : [(NavigatorUtil.java:46)(A)] isNeedInputManagerPasswd=false
I/System.out( 4801): UINavigator : [(UINavigator.java:76)(A)] setTransUiFlow = com.verifone.adc.presentation.navigation.transflows.SaleUIFlow@311b45c5
I/System.out( 4801): UINavigator : [(UINavigator.java:28)(A)] transUiFlow=not null
I/System.out( 4801): UINavigator : [(UINavigator.java:30)(A)] transUiFlow = SaleUIFlow
I/System.out( 4801): SaleUIFlow : [(BaseTransFlow.java:75)(IsCorrectUIEntry)] uiState=0
I/System.out( 4801): SaleUIFlow : [(BaseTransFlow.java:276)(Run)] isUIStateNeedCheckTimeout=0
I/System.out( 4801): SaleUIFlow : [(BaseTransFlow.java:76)(IsCorrectUIEntry)] context class name=MainActivity
I/System.out( 4801): TAG : [(AndroidUtil.java:22)(A)] Start activity[InputAmountActivity]
I/Timeline( 4801): Timeline: Activity_launch_request id:com.verifone.scb.presentation time:23874346
I/ActivityManager(  791): START u0 {cmp=com.verifone.scb.presentation/com.verifone.adc.presentation.view.activities.InputAmountActivity} from uid 10130 on display 0
V/WindowManager(  791): addAppToken: AppWindowToken{13e2ce5b token=Token{223996a ActivityRecord{2bf17b55 u0 com.verifone.scb.presentation/com.verifone.adc.presentation.view.activities.InputAmountActivity t948}}} to stack=1 task=948 at 3
I/System.out( 4801): BaseMvpActivity : [(BaseMvpActivity.java:85)(OnPause)] ----onPause=MainActivity
I/System.out( 4801): BaseMvpActivity : [(BaseMvpActivity.java:26)(OnCreate)] ----onCreate=InputAmountActivity
I/SurfaceFlinger(  259): FPS: 1
I/System.out( 4801): database : [(TransactionRepositoryImpl.java:251)(GetCurTranDataParameter)] getCurTranDataParameter
I/System.out( 4801): TAG : [(TvShowUtil.java:24)(A)] Amount=
I/InputAmountActivity( 4801): acquireWakeLock: InputAmountActivity
I/System.out( 4801): BaseMvpActivity : [(BaseMvpActivity.java:63)(OnStart)] ----onStart=InputAmountActivity
I/System.out( 4801): BasePresenter : [(BasePresenter.java:30)(AttachUI)] ============attachUI
I/System.out( 4801): BasePresenter : [(BasePresenter.java:32)(AttachUI)] UI=InputAmountActivity
I/System.out( 4801): BaseMvpActivity : [(BaseMvpActivity.java:73)(OnResume)] ----onResume=InputAmountActivity
I/ViewRootImpl( 4801): CPU Rendering VSync enable = true
V/WindowManager(  791): Adding window Window{379b77d1 u0 com.verifone.scb.presentation/com.verifone.adc.presentation.view.activities.InputAmountActivity} at 5 of 10 (after Window{1239abd2 u0 com.verifone.scb.presentation/com.verifone.adc.presentation.view.activities.MainActivity})
E/AudioPolicyManager(  274): unknown stream type 13
E/AudioPolicyManager(  274): unknown stream type 13
E/AudioPolicyManager(  274): unknown stream type 13
E/AudioPolicyManager(  274): unknown stream type 13
E/AudioPolicyManager(  274): unknown stream type 13
E/AudioPolicyManager(  274): unknown stream type 13
E/AudioPolicyManager(  274): unknown stream type 13
E/AudioPolicyManager(  274): unknown stream type 13
E/AudioPolicyManager(  274): unknown stream type 13
E/AudioPolicyManager(  274): unknown stream type 13
E/AudioPolicyManager(  274): unknown stream type 13
E/AudioPolicyManager(  274): unknown stream type 13
E/AudioPolicyManager(  274): unknown stream type 13
E/AudioPolicyManager(  274): unknown stream type 13
E/AudioPolicyManager(  274): unknown stream type 13
E/AudioPolicyManager(  274): unknown stream type 13
E/AudioPolicyManager(  274): unknown stream type 13
I/ActivityManager(  791): Displayed com.verifone.scb.presentation/com.verifone.adc.presentation.view.activities.InputAmountActivity: +164ms
I/Timeline( 4801): Timeline: Activity_idle id: android.os.BinderProxy@2453a80f time:23874569
I/ServiceManager(19789): Waiting for service AtCmdFwd...
I/System.out( 4801): BaseMvpActivity : [(BaseMvpActivity.java:102)(OnSaveInstanceState)] ----onSaveInstanceState=MainActivity
I/System.out( 4801): BasePresenter : [(BasePresenter.java:51)(DetachUI)] ============detachUI
I/System.out( 4801): BasePresenter : [(BasePresenter.java:53)(DetachUI)] UI=MainActivity
I/System.out( 4801): BaseMvpActivity : [(BaseMvpActivity.java:93)(OnStop)] ----onStop=MainActivity
I/System.out( 4801): BasePresenter : [(BasePresenter.java:51)(DetachUI)] ============detachUI
I/Timeline(  791): Timeline: Activity_windows_visible id: ActivityRecord{2bf17b55 u0 com.verifone.scb.presentation/com.verifone.adc.presentation.view.activities.InputAmountActivity t948} time:23874894
D/UIAutomatorStub( 6033): URI: /jsonrpc/0, Method: POST, params, {NanoHttpd.QUERY_STRING=null}, files: {postData={"jsonrpc": "2.0", "id": "e3d95026ecb59a5224e8e4a00accc41b", "method": "deviceInfo", "params": {}}}
W/QueryController( 6033): Could not detect idle state.
W/QueryController( 6033): Could not detect idle state.
W/QueryController( 6033): Could not detect idle state.
W/QueryController( 6033): Could not detect idle state.
D/UIAutomatorStub( 6033): URI: /jsonrpc/0, Method: POST, params, {NanoHttpd.QUERY_STRING=null}, files: {postData={"jsonrpc": "2.0", "id": "008f0956cf0db614b80010e3194439d5", "method": "click", "params": [129, 665]}}
D/InteractionController( 6033): clickNoSync (129, 665)
I/SurfaceFlinger(  259): FPS: 31
I/System.out( 4801): TAG : [(KeyboardUtil.java:172)(OnKey)] onKey primaryCode=49 keyCodes=[I@302ff5b8
I/System.out( 4801): TAG : [(KeyboardUtil.java:207)(OnKey)] numberKeyPressed primaryCode=49
I/System.out( 4801): TAG : [(TvShowUtil.java:24)(A)] Amount=1
I/System.out( 4801): TAG : [(TvShowUtil.java:41)(A)] Amount=1
I/System.out( 4801): TAG : [(TvShowUtil.java:49)(A)] Amount=0.01
W/Atfwd_Sendcmd(19789): AtCmdFwd service not published, waiting... retryCnt : 4
D/wpa_supplicant( 3304): wlan0: Control interface command 'SIGNAL_POLL'
D/UIAutomatorStub( 6033): URI: /jsonrpc/0, Method: POST, params, {NanoHttpd.QUERY_STRING=null}, files: {postData={"jsonrpc": "2.0", "id": "be946d07b4e4bc2a69f97801de39c50d", "method": "deviceInfo", "params": {}}}
W/QueryController( 6033): Could not detect idle state.
W/QueryController( 6033): Could not detect idle state.
W/QueryController( 6033): Could not detect idle state.
W/QueryController( 6033): Could not detect idle state.
D/UIAutomatorStub( 6033): URI: /jsonrpc/0, Method: POST, params, {NanoHttpd.QUERY_STRING=null}, files: {postData={"jsonrpc": "2.0", "id": "d7caac397e8a6b237bbc9c8fe29b2dca", "method": "click", "params": [345, 793]}}
D/InteractionController( 6033): clickNoSync (345, 793)
I/SurfaceFlinger(  259): FPS: 3
I/System.out( 4801): TAG : [(KeyboardUtil.java:172)(OnKey)] onKey primaryCode=53 keyCodes=[I@2599df91
I/System.out( 4801): TAG : [(KeyboardUtil.java:207)(OnKey)] numberKeyPressed primaryCode=53
I/System.out( 4801): TAG : [(TvShowUtil.java:24)(A)] Amount=15
I/System.out( 4801): TAG : [(TvShowUtil.java:41)(A)] Amount=15
I/System.out( 4801): TAG : [(TvShowUtil.java:49)(A)] Amount=0.15
D/audio_hw_primary(  274): out_standby: enter: stream (0xb82a71e0) usecase(1: low-latency-playback)
D/soundtrigger(  274): audio_extn_sound_trigger_update_stream_status: uc_id 1 of type 0 for Event 2, with Raise=0
D/hardware_info(  274): hw_info_append_hw_type : device_name = speaker
I/soundtrigger(  274): audio_extn_sound_trigger_update_device_status: device 0x2 of type 0 for Event 0, with Raise=0
D/UIAutomatorStub( 6033): URI: /jsonrpc/0, Method: POST, params, {NanoHttpd.QUERY_STRING=null}, files: {postData={"jsonrpc": "2.0", "id": "7e1a726d675fa251541d38762712105b", "method": "deviceInfo", "params": {}}}
W/QueryController( 6033): Could not detect idle state.
W/QueryController( 6033): Could not detect idle state.
W/QueryController( 6033): Could not detect idle state.
W/QueryController( 6033): Could not detect idle state.
D/UIAutomatorStub( 6033): URI: /jsonrpc/0, Method: POST, params, {NanoHttpd.QUERY_STRING=null}, files: {postData={"jsonrpc": "2.0", "id": "b61c554b956409e51e6b4c56f4e0161a", "method": "click", "params": [352, 1203]}}
D/InteractionController( 6033): clickNoSync (352, 1203)
I/SurfaceFlinger(  259): FPS: 3
I/System.out( 4801): InputAmountPresenter : [(InputAmountPresenter.java:53)(A)] Save amount=0.15
E/AudioPolicyManager(  274): unknown stream type 13
E/AudioPolicyManager(  274): unknown stream type 13
E/AudioPolicyManager(  274): unknown stream type 13
E/AudioPolicyManager(  274): unknown stream type 13
E/AudioPolicyManager(  274): unknown stream type 13
I/System.out( 4801): InputAmountPresenter : [(InputAmountPresenter.java:62)(A)] amount=000000000015
E/AudioPolicyManager(  274): unknown stream type 13
E/AudioPolicyManager(  274): unknown stream type 13
E/AudioPolicyManager(  274): unknown stream type 13
E/AudioPolicyManager(  274): unknown stream type 13
D/audio_hw_primary(  274): start_output_stream: enter: stream(0xb82a71e0)usecase(1: low-latency-playback) devices(0x2)
D/audio_hw_primary(  274): select_devices: out_snd_device(2: speaker) in_snd_device(0: )
D/hardware_info(  274): hw_info_append_hw_type : device_name = speaker
I/soundtrigger(  274): audio_extn_sound_trigger_update_device_status: device 0x2 of type 0 for Event 1, with Raise=0
I/System.out( 4801): database : [(TransactionRepositoryImpl.java:251)(GetCurTranDataParameter)] getCurTranDataParameter
W/audio_hw_utils(  274): audio_extn_utils_update_stream_app_type_cfg: App type could not be selected. Falling back to default
I/audio_hw_primary(  274): select_devices Selected apptype: 69936
D/soundtrigger(  274): audio_extn_sound_trigger_update_stream_status: uc_id 1 of type 0 for Event 3, with Raise=0
D/ACDB-LOADER(  274): ACDB -> send_audio_cal, acdb_id = 14, path =  0
D/ACDB-LOADER(  274): ACDB -> send_asm_topology
D/ACDB-LOADER(  274): ACDB -> ACDB_CMD_GET_AUDPROC_STREAM_TOPOLOGY_ID
D/ACDB-LOADER(  274): ACDB -> send_adm_topology
D/ACDB-LOADER(  274): ACDB -> ACDB_CMD_GET_AUDPROC_COMMON_TOPOLOGY_ID
D/ACDB-LOADER(  274): ACDB -> send_audtable
D/ACDB-LOADER(  274): ACDB -> ACDB_CMD_GET_AUDPROC_COMMON_TABLE
D/ACDB-LOADER(  274): ACDB -> AUDIO_SET_AUDPROC_CAL
D/ACDB-LOADER(  274): ACDB -> send_audvoltable
D/ACDB-LOADER(  274): ACDB -> ACDB_CMD_GET_AUDPROC_GAIN_DEP_STEP_TABLE
D/ACDB-LOADER(  274): ACDB -> AUDIO_SET_AUDPROC_VOL_CAL
D/ACDB-LOADER(  274): ACDB -> send_afe_cal
D/ACDB-LOADER(  274): ACDB -> ACDB_CMD_GET_AFE_COMMON_TABLE
D/ACDB-LOADER(  274): ACDB -> AUDIO_SET_AFE_CAL
D/ACDB-LOADER(  274): ACDB -> send_hw_delay : acdb_id = 14 path = 0
D/ACDB-LOADER(  274): ACDB -> ACDB_AVSYNC_INFO: ACDB_CMD_GET_DEVICE_PROPERTY
I/audio_hw_utils(  274): audio_extn_utils_send_app_type_cfg app_type 69936, acdb_dev_id 14, sample_rate 48000
D/audio_hw_primary(  274): select_devices: done
I/System.out( 4801): database : [(TransactionRepositoryImpl.java:240)(PutCurTranDataParameter)] putCurTranDataParameter
I/System.out( 4801): UINavigator : [(UINavigator.java:28)(A)] transUiFlow=not null
I/System.out( 4801): UINavigator : [(UINavigator.java:30)(A)] transUiFlow = SaleUIFlow
I/System.out( 4801): UINavigator : [(UINavigator.java:54)(B)] LastUIname=null
I/System.out( 4801): UINavigator : [(UINavigator.java:55)(B)] CurrentUIName=com.verifone.adc.presentation.view.activities.InputAmountActivity
I/System.out( 4801): SaleUIFlow : [(BaseTransFlow.java:75)(IsCorrectUIEntry)] uiState=1
I/System.out( 4801): SaleUIFlow : [(BaseTransFlow.java:76)(IsCorrectUIEntry)] context class name=InputAmountActivity
I/System.out( 4801): TAG : [(AndroidUtil.java:22)(A)] Start activity[InputTipAmountActivity]
I/Timeline( 4801): Timeline: Activity_launch_request id:com.verifone.scb.presentation time:23877998
I/ActivityManager(  791): START u0 {cmp=com.verifone.scb.presentation/com.verifone.adc.presentation.view.activities.InputTipAmountActivity} from uid 10130 on display 0
V/WindowManager(  791): addAppToken: AppWindowToken{13f45009 token=Token{15d47d10 ActivityRecord{28aaadd3 u0 com.verifone.scb.presentation/com.verifone.adc.presentation.view.activities.InputTipAmountActivity t948}}} to stack=1 task=948 at 4
I/System.out( 4801): BaseMvpActivity : [(BaseMvpActivity.java:85)(OnPause)] ----onPause=InputAmountActivity
I/System.out( 4801): BaseMvpActivity : [(BaseMvpActivity.java:26)(OnCreate)] ----onCreate=InputTipAmountActivity
I/System.out( 4801): database : [(TransactionRepositoryImpl.java:251)(GetCurTranDataParameter)] getCurTranDataParameter
I/System.out( 4801): TAG : [(TvShowUtil.java:24)(A)] Amount=
I/InputTipAmountActivity( 4801): acquireWakeLock: InputTipAmountActivity
I/System.out( 4801): BaseMvpActivity : [(BaseMvpActivity.java:63)(OnStart)] ----onStart=InputTipAmountActivity
I/System.out( 4801): BasePresenter : [(BasePresenter.java:30)(AttachUI)] ============attachUI
I/System.out( 4801): BasePresenter : [(BasePresenter.java:32)(AttachUI)] UI=InputTipAmountActivity
I/System.out( 4801): BaseMvpActivity : [(BaseMvpActivity.java:73)(OnResume)] ----onResume=InputTipAmountActivity
I/ViewRootImpl( 4801): CPU Rendering VSync enable = true
V/WindowManager(  791): Adding window Window{32e8542f u0 com.verifone.scb.presentation/com.verifone.adc.presentation.view.activities.InputTipAmountActivity} at 6 of 11 (after Window{379b77d1 u0 com.verifone.scb.presentation/com.verifone.adc.presentation.view.activities.InputAmountActivity})
E/AudioPolicyManager(  274): unknown stream type 13
E/AudioPolicyManager(  274): unknown stream type 13
E/AudioPolicyManager(  274): unknown stream type 13
E/AudioPolicyManager(  274): unknown stream type 13
E/AudioPolicyManager(  274): unknown stream type 13
E/AudioPolicyManager(  274): unknown stream type 13
E/AudioPolicyManager(  274): unknown stream type 13
E/AudioPolicyManager(  274): unknown stream type 13
E/AudioPolicyManager(  274): unknown stream type 13
E/AudioPolicyManager(  274): unknown stream type 13
E/AudioPolicyManager(  274): unknown stream type 13
E/AudioPolicyManager(  274): unknown stream type 13
E/AudioPolicyManager(  274): unknown stream type 13
E/AudioPolicyManager(  274): unknown stream type 13
E/AudioPolicyManager(  274): unknown stream type 13
E/AudioPolicyManager(  274): unknown stream type 13
E/AudioPolicyManager(  274): unknown stream type 13
I/ActivityManager(  791): Displayed com.verifone.scb.presentation/com.verifone.adc.presentation.view.activities.InputTipAmountActivity: +192ms
I/art     ( 4801): Background sticky concurrent mark sweep GC freed 250758(11MB) AllocSpace objects, 6(120KB) LOS objects, 22% free, 27MB/35MB, paused 1.306ms total 113.711ms
I/Timeline( 4801): Timeline: Activity_idle id: android.os.BinderProxy@3cd58a time:23878253
I/System.out( 4801): SaleUIFlow : [(BaseTransFlow.java:276)(Run)] isUIStateNeedCheckTimeout=350
W/SurfaceFlinger(  259): couldn't log to binary event log: overflow.
I/Timeline(  791): Timeline: Activity_windows_visible id: ActivityRecord{28aaadd3 u0 com.verifone.scb.presentation/com.verifone.adc.presentation.view.activities.InputTipAmountActivity t948} time:23878558
I/System.out( 4801): BaseMvpActivity : [(BaseMvpActivity.java:102)(OnSaveInstanceState)] ----onSaveInstanceState=InputAmountActivity
I/System.out( 4801): BasePresenter : [(BasePresenter.java:51)(DetachUI)] ============detachUI
I/System.out( 4801): BasePresenter : [(BasePresenter.java:53)(DetachUI)] UI=InputAmountActivity
I/System.out( 4801): BaseMvpActivity : [(BaseMvpActivity.java:93)(OnStop)] ----onStop=InputAmountActivity
I/System.out( 4801): BasePresenter : [(BasePresenter.java:51)(DetachUI)] ============detachUI
I/InputAmountActivity( 4801): releaseWakeLock: 
V/WLAN_PSA(  281): NL MSG, len[4019], NL type[0x1C] WNI type[0x5900] len[39695]
V/WLAN_PSA(  281): NL MSG, PID: 281
D/UIAutomatorStub( 6033): URI: /jsonrpc/0, Method: POST, params, {NanoHttpd.QUERY_STRING=null}, files: {postData={"jsonrpc": "2.0", "id": "4e99b20837c34a6396e0723f133d2af8", "method": "deviceInfo", "params": {}}}
W/QueryController( 6033): Could not detect idle state.
W/QueryController( 6033): Could not detect idle state.
W/QueryController( 6033): Could not detect idle state.
W/QueryController( 6033): Could not detect idle state.
D/UIAutomatorStub( 6033): URI: /jsonrpc/0, Method: POST, params, {NanoHttpd.QUERY_STRING=null}, files: {postData={"jsonrpc": "2.0", "id": "29f60869085b3da6a3ed02ae122a655d", "method": "click", "params": [374, 1216]}}
D/InteractionController( 6033): clickNoSync (374, 1216)
I/SurfaceFlinger(  259): FPS: 37
I/System.out( 4801): InputTipAmountPresenter : [(InputTipAmountPresenter.java:63)(A)] Save tip amount=0.00
I/System.out( 4801): InputTipAmountPresenter : [(InputTipAmountPresenter.java:87)(A)] amountLong=15
I/System.out( 4801): InputTipAmountPresenter : [(InputTipAmountPresenter.java:88)(A)] tipAmountLong=0 orgTipAmountLong=0
I/System.out( 4801): InputTipAmountPresenter : [(InputTipAmountPresenter.java:125)(A)] Local total amount  15
E/AudioPolicyManager(  274): unknown stream type 13
I/System.out( 4801): InputTipAmountPresenter : [(InputTipAmountPresenter.java:126)(A)] Local total amount length  2
I/System.out( 4801): InputTipAmountPresenter : [(InputTipAmountPresenter.java:135)(A)] Tip amount=000000000000
I/System.out( 4801): database : [(TransactionRepositoryImpl.java:251)(GetCurTranDataParameter)] getCurTranDataParameter
I/System.out( 4801): database : [(TransactionRepositoryImpl.java:240)(PutCurTranDataParameter)] putCurTranDataParameter
I/System.out( 4801): UINavigator : [(UINavigator.java:28)(A)] transUiFlow=not null
I/System.out( 4801): UINavigator : [(UINavigator.java:30)(A)] transUiFlow = SaleUIFlow
I/System.out( 4801): UINavigator : [(UINavigator.java:54)(B)] LastUIname=com.verifone.adc.presentation.view.activities.InputAmountActivity
E/AudioPolicyManager(  274): unknown stream type 13
E/AudioPolicyManager(  274): unknown stream type 13
E/AudioPolicyManager(  274): unknown stream type 13
E/AudioPolicyManager(  274): unknown stream type 13
E/AudioPolicyManager(  274): unknown stream type 13
E/AudioPolicyManager(  274): unknown stream type 13
E/AudioPolicyManager(  274): unknown stream type 13
E/AudioPolicyManager(  274): unknown stream type 13
I/System.out( 4801): UINavigator : [(UINavigator.java:55)(B)] CurrentUIName=com.verifone.adc.presentation.view.activities.InputTipAmountActivity
I/System.out( 4801): SaleUIFlow : [(BaseTransFlow.java:75)(IsCorrectUIEntry)] uiState=18
I/System.out( 4801): SaleUIFlow : [(BaseTransFlow.java:76)(IsCorrectUIEntry)] context class name=InputTipAmountActivity
I/System.out( 4801): TAG : [(AndroidUtil.java:22)(A)] Start activity[ChoicePaymentActivity]
I/Timeline( 4801): Timeline: Activity_launch_request id:com.verifone.scb.presentation time:23879211
I/ActivityManager(  791): START u0 {cmp=com.verifone.scb.presentation/com.verifone.adc.presentation.view.activities.ChoicePaymentActivity} from uid 10130 on display 0
V/WindowManager(  791): addAppToken: AppWindowToken{2bf89a27 token=Token{333d44e6 ActivityRecord{1018f741 u0 com.verifone.scb.presentation/com.verifone.adc.presentation.view.activities.ChoicePaymentActivity t948}}} to stack=1 task=948 at 5
I/System.out( 4801): BaseMvpActivity : [(BaseMvpActivity.java:85)(OnPause)] ----onPause=InputTipAmountActivity
I/System.out( 4801): BaseMvpActivity : [(BaseMvpActivity.java:26)(OnCreate)] ----onCreate=ChoicePaymentActivity
I/System.out( 4801): database : [(TransactionRepositoryImpl.java:251)(GetCurTranDataParameter)] getCurTranDataParameter
I/System.out( 4801): database : [(TransactionRepositoryImpl.java:115)(GetSystemParameter)] getSystemParameter
I/ChoicePaymentActivity( 4801): acquireWakeLock: ChoicePaymentActivity
I/System.out( 4801): BaseMvpActivity : [(BaseMvpActivity.java:63)(OnStart)] ----onStart=ChoicePaymentActivity
I/System.out( 4801): BasePresenter : [(BasePresenter.java:30)(AttachUI)] ============attachUI
I/System.out( 4801): BasePresenter : [(BasePresenter.java:32)(AttachUI)] UI=ChoicePaymentActivity
I/System.out( 4801): TAG : [(TvShowUtil.java:24)(A)] Amount=000000000015
I/System.out( 4801): TAG : [(TvShowUtil.java:41)(A)] Amount=15
I/System.out( 4801): TAG : [(TvShowUtil.java:49)(A)] Amount=0.15
I/System.out( 4801): BaseMvpActivity : [(BaseMvpActivity.java:73)(OnResume)] ----onResume=ChoicePaymentActivity
I/ViewRootImpl( 4801): CPU Rendering VSync enable = true
V/WindowManager(  791): Adding window Window{43cc67d u0 com.verifone.scb.presentation/com.verifone.adc.presentation.view.activities.ChoicePaymentActivity} at 7 of 12 (after Window{32e8542f u0 com.verifone.scb.presentation/com.verifone.adc.presentation.view.activities.InputTipAmountActivity})
I/System.out( 4801): TAG : [(MyItemDecoration.java:108)(GetItemOffsets)] spanCount=2 childCount=6
I/System.out( 4801): TAG : [(MyItemDecoration.java:112)(GetItemOffsets)] isLastRaw=false isLastColum=false
I/System.out( 4801): TAG : [(MyItemDecoration.java:113)(GetItemOffsets)] intrinsicWidth=1 intrinsicHeight=1
I/System.out( 4801): TAG : [(MyItemDecoration.java:108)(GetItemOffsets)] spanCount=2 childCount=6
I/System.out( 4801): TAG : [(MyItemDecoration.java:112)(GetItemOffsets)] isLastRaw=false isLastColum=true
I/System.out( 4801): TAG : [(MyItemDecoration.java:113)(GetItemOffsets)] intrinsicWidth=1 intrinsicHeight=1
D/wpa_supplicant( 3304): wlan0: Control interface command 'SIGNAL_POLL'
I/System.out( 4801): TAG : [(MyItemDecoration.java:108)(GetItemOffsets)] spanCount=2 childCount=6
I/System.out( 4801): TAG : [(MyItemDecoration.java:112)(GetItemOffsets)] isLastRaw=false isLastColum=false
I/System.out( 4801): TAG : [(MyItemDecoration.java:113)(GetItemOffsets)] intrinsicWidth=1 intrinsicHeight=1
I/System.out( 4801): TAG : [(MyItemDecoration.java:108)(GetItemOffsets)] spanCount=2 childCount=6
I/System.out( 4801): TAG : [(MyItemDecoration.java:112)(GetItemOffsets)] isLastRaw=false isLastColum=true
I/System.out( 4801): TAG : [(MyItemDecoration.java:113)(GetItemOffsets)] intrinsicWidth=1 intrinsicHeight=1
I/System.out( 4801): TAG : [(MyItemDecoration.java:108)(GetItemOffsets)] spanCount=2 childCount=6
I/System.out( 4801): TAG : [(MyItemDecoration.java:112)(GetItemOffsets)] isLastRaw=false isLastColum=false
I/System.out( 4801): TAG : [(MyItemDecoration.java:113)(GetItemOffsets)] intrinsicWidth=1 intrinsicHeight=1
I/System.out( 4801): TAG : [(MyItemDecoration.java:108)(GetItemOffsets)] spanCount=2 childCount=6
I/System.out( 4801): TAG : [(MyItemDecoration.java:112)(GetItemOffsets)] isLastRaw=true isLastColum=true
I/System.out( 4801): TAG : [(MyItemDecoration.java:113)(GetItemOffsets)] intrinsicWidth=1 intrinsicHeight=1
I/System.out( 4801): SaleUIFlow : [(BaseTransFlow.java:276)(Run)] isUIStateNeedCheckTimeout=139
E/AudioPolicyManager(  274): unknown stream type 13
E/AudioPolicyManager(  274): unknown stream type 13
E/AudioPolicyManager(  274): unknown stream type 13
E/AudioPolicyManager(  274): unknown stream type 13
E/AudioPolicyManager(  274): unknown stream type 13
E/AudioPolicyManager(  274): unknown stream type 13
E/AudioPolicyManager(  274): unknown stream type 13
E/AudioPolicyManager(  274): unknown stream type 13
E/AudioPolicyManager(  274): unknown stream type 13
E/AudioPolicyManager(  274): unknown stream type 13
E/AudioPolicyManager(  274): unknown stream type 13
E/AudioPolicyManager(  274): unknown stream type 13
E/AudioPolicyManager(  274): unknown stream type 13
E/AudioPolicyManager(  274): unknown stream type 13
E/AudioPolicyManager(  274): unknown stream type 13
E/AudioPolicyManager(  274): unknown stream type 13
E/AudioPolicyManager(  274): unknown stream type 13
I/ActivityManager(  791): Displayed com.verifone.scb.presentation/com.verifone.adc.presentation.view.activities.ChoicePaymentActivity: +200ms
I/Timeline( 4801): Timeline: Activity_idle id: android.os.BinderProxy@e90a58d time:23879492
W/SurfaceFlinger(  259): couldn't log to binary event log: overflow.
I/System.out( 4801): BaseMvpActivity : [(BaseMvpActivity.java:102)(OnSaveInstanceState)] ----onSaveInstanceState=InputTipAmountActivity
I/System.out( 4801): BasePresenter : [(BasePresenter.java:51)(DetachUI)] ============detachUI
I/System.out( 4801): BasePresenter : [(BasePresenter.java:53)(DetachUI)] UI=InputTipAmountActivity
I/Timeline(  791): Timeline: Activity_windows_visible id: ActivityRecord{1018f741 u0 com.verifone.scb.presentation/com.verifone.adc.presentation.view.activities.ChoicePaymentActivity t948} time:23879810
I/System.out( 4801): BaseMvpActivity : [(BaseMvpActivity.java:93)(OnStop)] ----onStop=InputTipAmountActivity
I/System.out( 4801): BasePresenter : [(BasePresenter.java:51)(DetachUI)] ============detachUI
I/InputTipAmountActivity( 4801): releaseWakeLock: 
D/UIAutomatorStub( 6033): URI: /jsonrpc/0, Method: POST, params, {NanoHttpd.QUERY_STRING=null}, files: {postData={"jsonrpc": "2.0", "id": "f835123df390a514e253a44de147474e", "method": "deviceInfo", "params": {}}}
W/QueryController( 6033): Could not detect idle state.
W/QueryController( 6033): Could not detect idle state.
W/QueryController( 6033): Could not detect idle state.
W/QueryController( 6033): Could not detect idle state.
D/UIAutomatorStub( 6033): URI: /jsonrpc/0, Method: POST, params, {NanoHttpd.QUERY_STRING=null}, files: {postData={"jsonrpc": "2.0", "id": "47678e69c059a0b8796f83efbcc756d1", "method": "click", "params": [187, 588]}}
D/InteractionController( 6033): clickNoSync (187, 588)
E/AudioPolicyManager(  274): unknown stream type 13
E/AudioPolicyManager(  274): unknown stream type 13
E/AudioPolicyManager(  274): unknown stream type 13
E/AudioPolicyManager(  274): unknown stream type 13
E/AudioPolicyManager(  274): unknown stream type 13
E/AudioPolicyManager(  274): unknown stream type 13
E/AudioPolicyManager(  274): unknown stream type 13
E/AudioPolicyManager(  274): unknown stream type 13
I/System.out( 4801): UseCasePutCurTranData : [(UseCasePutCurTranData.java:32)(A)] putCurTranDataParametercom.verifone.adc.domain.entities.bo.RecordInformation@3c750f8f
E/AudioPolicyManager(  274): unknown stream type 13
I/System.out( 4801): database : [(TransactionRepositoryImpl.java:240)(PutCurTranDataParameter)] putCurTranDataParameter
I/System.out( 4801): UINavigator : [(UINavigator.java:28)(A)] transUiFlow=not null
I/System.out( 4801): UINavigator : [(UINavigator.java:30)(A)] transUiFlow = SaleUIFlow
I/System.out( 4801): UINavigator : [(UINavigator.java:54)(B)] LastUIname=com.verifone.adc.presentation.view.activities.InputTipAmountActivity
I/System.out( 4801): UINavigator : [(UINavigator.java:55)(B)] CurrentUIName=com.verifone.adc.presentation.view.activities.ChoicePaymentActivity
I/System.out( 4801): SaleUIFlow : [(BaseTransFlow.java:75)(IsCorrectUIEntry)] uiState=2
I/System.out( 4801): SaleUIFlow : [(BaseTransFlow.java:76)(IsCorrectUIEntry)] context class name=ChoicePaymentActivity
I/System.out( 4801): TAG : [(AndroidUtil.java:22)(A)] Start activity[CheckCardActivity]
I/Timeline( 4801): Timeline: Activity_launch_request id:com.verifone.scb.presentation time:23880422
I/ActivityManager(  791): START u0 {cmp=com.verifone.scb.presentation/com.verifone.adc.presentation.view.activities.CheckCardActivity} from uid 10130 on display 0
V/WindowManager(  791): addAppToken: AppWindowToken{36c34835 token=Token{f18ca6c ActivityRecord{231ca71f u0 com.verifone.scb.presentation/com.verifone.adc.presentation.view.activities.CheckCardActivity t948}}} to stack=1 task=948 at 6
I/System.out( 4801): BaseMvpActivity : [(BaseMvpActivity.java:85)(OnPause)] ----onPause=ChoicePaymentActivity
I/System.out( 4801): BaseMvpActivity : [(BaseMvpActivity.java:26)(OnCreate)] ----onCreate=CheckCardActivity
I/SurfaceFlinger(  259): FPS: 34
I/System.out( 4801): database : [(TransactionRepositoryImpl.java:251)(GetCurTranDataParameter)] getCurTranDataParameter
I/System.out( 4801): database : [(TransactionRepositoryImpl.java:115)(GetSystemParameter)] getSystemParameter
I/CheckCardActivity( 4801): acquireWakeLock: CheckCardActivity
I/System.out( 4801): BaseMvpActivity : [(BaseMvpActivity.java:63)(OnStart)] ----onStart=CheckCardActivity
I/System.out( 4801): BasePresenter : [(BasePresenter.java:30)(AttachUI)] ============attachUI
I/System.out( 4801): BasePresenter : [(BasePresenter.java:32)(AttachUI)] UI=CheckCardActivity
I/System.out( 4801): UseCasePutCurTranData : [(UseCasePutCurTranData.java:32)(A)] putCurTranDataParametercom.verifone.adc.domain.entities.bo.RecordInformation@3c750f8f
I/System.out( 4801): database : [(TransactionRepositoryImpl.java:240)(PutCurTranDataParameter)] putCurTranDataParameter
I/System.out( 4801): TAG : [(TvShowUtil.java:24)(A)] Amount=000000000015
I/System.out( 4801): TAG : [(TvShowUtil.java:41)(A)] Amount=15
I/System.out( 4801): TAG : [(TvShowUtil.java:49)(A)] Amount=0.15
I/System.out( 4801): database : [(TransactionRepositoryImpl.java:251)(GetCurTranDataParameter)] getCurTranDataParameter
I/System.out( 4801): BaseMvpActivity : [(BaseMvpActivity.java:73)(OnResume)] ----onResume=CheckCardActivity
I/ViewRootImpl( 4801): CPU Rendering VSync enable = true
V/WindowManager(  791): Adding window Window{1eee963b u0 com.verifone.scb.presentation/com.verifone.adc.presentation.view.activities.CheckCardActivity} at 8 of 13 (after Window{43cc67d u0 com.verifone.scb.presentation/com.verifone.adc.presentation.view.activities.ChoicePaymentActivity})
I/System.out( 4801): database : [(TransactionRepositoryImpl.java:115)(GetSystemParameter)] getSystemParameter
I/System.out( 4801): database : [(TransactionRepositoryImpl.java:251)(GetCurTranDataParameter)] getCurTranDataParameter
I/System.out( 4801): UseCaseCheckCardStart : [(UseCaseCheckCardStart.java:331)(A)] repeat
I/CheckCardObservable( 4801): current thread: Thread[RxCachedThreadScheduler-6,5,main]
I/System.out( 4801): CheckCardObservable : [(CheckCardObservable.java:131)(A)] supportRFCard  true
I/System.out( 4801): CheckCardObservable : [(CheckCardObservable.java:132)(A)] supportSmartCard  true
I/System.out( 4801): CheckCardObservable : [(CheckCardObservable.java:133)(A)] supportCTLSCard  true
I/DeviceService( 4714): EMV getEMV() executed
I/IEMVManager( 4714): IEMVManager.getInstance execute
I/IPBOCManager( 4714): checkCard() executed,timeout=60
I/IPBOCManager( 4714): supportMagCard=true
I/IPBOCManager( 4714): supportICCard=false
I/IPBOCManager( 4714): supportSmartCard=true
I/IPBOCManager( 4714): supportRFCard=false
I/IPBOCManager( 4714): supportCTLSCard=true
I/IPBOCManager( 4714): please swipe msgcard
I/IPBOCManager( 4714): please insert iccard
I/IPBOCManager( 4714): please swing rf ctls card
I/IPBOCManager( 4714): supportCard=7
D/CardReader( 4714): searchCard  type =7
I/SocsiSystemService(  791): getK21CommandService mK21CommandService=com.socsi.aidl.command.CommandTransfer$Stub$Proxy@1a6d7d60;
I/SocsiSystemService(  791): getK21CommandService mK21CommandService=com.socsi.aidl.command.CommandTransfer$Stub$Proxy@1a6d7d60;
D/CommandService_HandleProtocol( 4223): send >>> [D107 ]
D/CommandService_HandleProtocol( 4223): send >>> [00]
D/CommandService_HandleProtocol( 4223): 
W/FileUtils( 4714): Failed to chmod(/storage/emulated/0/socsi/usageRecord.db): android.system.ErrnoException: chmod failed: EPERM (Operation not permitted)
D/CommandService_HandleProtocol( 4223): recv <<< [D107 ]
D/CommandService_HandleProtocol( 4223): recv <<< [00] []
D/CommandService_HandleProtocol( 4223): 
D/NonContactCardTimer( 4714): startBroast timeout=30
D/NonContactCardTimer( 4714): registerReveiver 
D/NonContactCardTimer( 4714): alarm timeout=30
E/AudioPolicyManager(  274): unknown stream type 13
E/AudioPolicyManager(  274): unknown stream type 13
E/AudioPolicyManager(  274): unknown stream type 13
E/AudioPolicyManager(  274): unknown stream type 13
E/AudioPolicyManager(  274): unknown stream type 13
E/AudioPolicyManager(  274): unknown stream type 13
E/AudioPolicyManager(  274): unknown stream type 13
E/AudioPolicyManager(  274): unknown stream type 13
E/AudioPolicyManager(  274): unknown stream type 13
E/AudioPolicyManager(  274): unknown stream type 13
E/AudioPolicyManager(  274): unknown stream type 13
E/AudioPolicyManager(  274): unknown stream type 13
E/AudioPolicyManager(  274): unknown stream type 13
E/AudioPolicyManager(  274): unknown stream type 13
E/AudioPolicyManager(  274): unknown stream type 13
E/AudioPolicyManager(  274): unknown stream type 13
E/AudioPolicyManager(  274): unknown stream type 13
I/SocsiSystemService(  791): getK21CommandService mK21CommandService=com.socsi.aidl.command.CommandTransfer$Stub$Proxy@1a6d7d60;
I/SocsiSystemService(  791): getK21CommandService mK21CommandService=com.socsi.aidl.command.CommandTransfer$Stub$Proxy@1a6d7d60;
D/CommandService_HandleProtocol( 4223): send >>> [D10A RF]
D/CommandService_HandleProtocol( 4223): send >>> []
D/CommandService_HandleProtocol( 4223): 
I/ActivityManager(  791): Displayed com.verifone.scb.presentation/com.verifone.adc.presentation.view.activities.CheckCardActivity: +157ms
W/FileUtils( 4714): Failed to chmod(/storage/emulated/0/socsi/usageRecord.db): android.system.ErrnoException: chmod failed: EPERM (Operation not permitted)
W/FileUtils( 4714): Failed to chmod(/storage/emulated/0/socsi/usageRecord.db): android.system.ErrnoException: chmod failed: EPERM (Operation not permitted)
D/CommandService_HandleProtocol( 4223): recv <<< [D10A RF]
D/CommandService_HandleProtocol( 4223): recv <<< [00] [D10A2F1930300414000445154E8A0019137880720280318066B1840C016E018300900003CA]
D/CommandService_HandleProtocol( 4223): 
I/Timeline( 4801): Timeline: Activity_idle id: android.os.BinderProxy@3111816f time:23880651
I/SocsiSystemService(  791): getK21CommandService mK21CommandService=com.socsi.aidl.command.CommandTransfer$Stub$Proxy@1a6d7d60;
I/SocsiSystemService(  791): getK21CommandService mK21CommandService=com.socsi.aidl.command.CommandTransfer$Stub$Proxy@1a6d7d60;
D/CommandService_HandleProtocol( 4223): send >>> [D107 ]
D/CommandService_HandleProtocol( 4223): send >>> [01]
D/CommandService_HandleProtocol( 4223): 
D/CommandService_HandleProtocol( 4223): recv <<< [D107 ]
D/CommandService_HandleProtocol( 4223): recv <<< [00] []
D/CommandService_HandleProtocol( 4223): 
D/ICC     ( 4714): close start
D/InsertCardTimer( 4714): stop
D/InsertCardTimer( 4714): unRegisterReveiver 
I/SocsiSystemService(  791): getK21CommandService mK21CommandService=com.socsi.aidl.command.CommandTransfer$Stub$Proxy@1a6d7d60;
I/SocsiSystemService(  791): getK21CommandService mK21CommandService=com.socsi.aidl.command.CommandTransfer$Stub$Proxy@1a6d7d60;
D/CommandService_HandleProtocol( 4223): send >>> [E104 ]
D/CommandService_HandleProtocol( 4223): send >>> [00]
D/CommandService_HandleProtocol( 4223): 
D/CommandService_HandleProtocol( 4223): recv <<< [E104 ]
D/CommandService_HandleProtocol( 4223): recv <<< [00] []
D/CommandService_HandleProtocol( 4223): 
D/ICC     ( 4714): close end
D/NonContactCardTimer( 4714): startBroast timeout=30
D/NonContactCardTimer( 4714): alarm timeout=30
I/IPBOCManager( 4714): setRfSearchCallback,onSearchResult=0,cardType=20(14)
I/System.out( 4801): CheckCardObservable : [(CheckCardObservable.java:86)(OnCardActivate)] onCardPowerUp: CardInformation.CardType.RF
I/DeviceService( 4714): EMV getEMV() executed
I/IEMVManager( 4714): IEMVManager.getInstance execute
I/IPBOCManager( 4714): stopCheckCard() executed,supportCard=4
I/SocsiSystemService(  791): getK21CommandService mK21CommandService=com.socsi.aidl.command.CommandTransfer$Stub$Proxy@1a6d7d60;
I/SocsiSystemService(  791): getK21CommandService mK21CommandService=com.socsi.aidl.command.CommandTransfer$Stub$Proxy@1a6d7d60;
D/CommandService_HandleProtocol( 4223): send >>> [D107 ]
D/CommandService_HandleProtocol( 4223): send >>> [01]
D/CommandService_HandleProtocol( 4223): 
D/CommandService_HandleProtocol( 4223): recv <<< [D107 ]
D/CommandService_HandleProtocol( 4223): recv <<< [00] []
D/CommandService_HandleProtocol( 4223): 
I/System.out( 4801): UseCaseCheckCardStart : [(UseCaseCheckCardStart.java:94)(D)] isTrackEncrypt false isExistTrackKey false
I/System.out( 4801): database : [(TransactionRepositoryImpl.java:240)(PutCurTranDataParameter)] putCurTranDataParameter
I/System.out( 4801): database : [(TransactionRepositoryImpl.java:251)(GetCurTranDataParameter)] getCurTranDataParameter
I/System.out( 4801): UINavigator : [(UINavigator.java:28)(A)] transUiFlow=not null
I/System.out( 4801): UINavigator : [(UINavigator.java:30)(A)] transUiFlow = SaleUIFlow
I/System.out( 4801): UINavigator : [(UINavigator.java:54)(B)] LastUIname=com.verifone.adc.presentation.view.activities.ChoicePaymentActivity
I/System.out( 4801): UINavigator : [(UINavigator.java:55)(B)] CurrentUIName=com.verifone.adc.presentation.view.activities.CheckCardActivity
I/System.out( 4801): SaleUIFlow : [(BaseTransFlow.java:75)(IsCorrectUIEntry)] uiState=3
I/System.out( 4801): SaleUIFlow : [(BaseTransFlow.java:76)(IsCorrectUIEntry)] context class name=CheckCardActivity
I/System.out( 4801): TAG : [(AndroidUtil.java:22)(A)] Start activity[EmvActivity]
I/Timeline( 4801): Timeline: Activity_launch_request id:com.verifone.scb.presentation time:23880690
I/ActivityManager(  791): START u0 {cmp=com.verifone.scb.presentation/com.verifone.adc.presentation.view.activities.EmvActivity} from uid 10130 on display 0
V/WindowManager(  791): addAppToken: AppWindowToken{17b89f6e token=Token{d2686e9 ActivityRecord{26e3c370 u0 com.verifone.scb.presentation/com.verifone.adc.presentation.view.activities.EmvActivity t948}}} to stack=1 task=948 at 7
I/System.out( 4801): BaseMvpActivity : [(BaseMvpActivity.java:85)(OnPause)] ----onPause=CheckCardActivity
I/DeviceService( 4714): EMV getEMV() executed
I/IEMVManager( 4714): IEMVManager.getInstance execute
I/IPBOCManager( 4714): stopCheckCard() executed,supportCard=4
I/SocsiSystemService(  791): getK21CommandService mK21CommandService=com.socsi.aidl.command.CommandTransfer$Stub$Proxy@1a6d7d60;
I/SocsiSystemService(  791): getK21CommandService mK21CommandService=com.socsi.aidl.command.CommandTransfer$Stub$Proxy@1a6d7d60;
W/FileUtils( 4714): Failed to chmod(/storage/emulated/0/socsi/usageRecord.db): android.system.ErrnoException: chmod failed: EPERM (Operation not permitted)
D/CommandService_HandleProtocol( 4223): send >>> [D107 ]
D/CommandService_HandleProtocol( 4223): send >>> [01]
D/CommandService_HandleProtocol( 4223): 
D/CommandService_HandleProtocol( 4223): recv <<< [D107 ]
D/CommandService_HandleProtocol( 4223): recv <<< [00] []
D/CommandService_HandleProtocol( 4223): 
I/System.out( 4801): BaseMvpActivity : [(BaseMvpActivity.java:26)(OnCreate)] ----onCreate=EmvActivity
I/System.out( 4801): database : [(TransactionRepositoryImpl.java:267)(GetCurTranDataParam)] getCurTranDataParam
I/System.out( 4801): database : [(TransactionRepositoryImpl.java:251)(GetCurTranDataParameter)] getCurTranDataParameter
I/EmvActivity( 4801): acquireWakeLock: EmvActivity
I/System.out( 4801): BaseMvpActivity : [(BaseMvpActivity.java:63)(OnStart)] ----onStart=EmvActivity
I/System.out( 4801): BasePresenter : [(BasePresenter.java:30)(AttachUI)] ============attachUI
I/System.out( 4801): BasePresenter : [(BasePresenter.java:32)(AttachUI)] UI=EmvActivity
I/System.out( 4801): database : [(TransactionRepositoryImpl.java:115)(GetSystemParameter)] getSystemParameter
I/System.out( 4801): database : [(TransactionRepositoryImpl.java:179)(GetSwitchParameter)] getSwitchParameter transId 10001
I/System.out( 4801): BaseMvpActivity : [(BaseMvpActivity.java:73)(OnResume)] ----onResume=EmvActivity
I/ViewRootImpl( 4801): CPU Rendering VSync enable = true
V/WindowManager(  791): Adding window Window{1e19a69c u0 com.verifone.scb.presentation/com.verifone.adc.presentation.view.activities.EmvActivity} at 9 of 14 (after Window{1eee963b u0 com.verifone.scb.presentation/com.verifone.adc.presentation.view.activities.CheckCardActivity})
I/DBSettlementRecordConverter( 4801): fromJson:com.verifone.adc.domain.entities.bo.SwitchParameter@36da07a4
I/System.out( 4801): UseCaseEMVStart : [(UseCaseEMVStart.java:76)(A)] EMV full process
I/System.out( 4801): EMVObservable : [(EMVObservable.java:306)(A)] transType:1
I/DeviceService( 4714): EMV getEMV() executed
I/IEMVManager( 4714): IEMVManager.getInstance execute
I/IPBOCManager( 4714): startEMV() executed, build version=20190426135923
I/IPBOCManager( 4714): set debug show = true
I/IPBOCManager( 4714): setDebugShow, debugFlag=FF
I/EMVLib  ( 4714): 
I/EMVLib  ( 4714): file:emvcore.c,line:341,func:emv_init
I/EMVLib  ( 4714): Enter into emv_init( ) 
I/EMVLib  ( 4714): 
I/IPBOCManager( 4714): implementPBOC_1stGAC() executed
I/IPBOCManager( 4714): startCtlsEmvProcess2() executed
I/IPBOCManager( 4714): prm(in):transTypeCode=0,cardType=1,authAmount=15,isSupportQ=false,isSupportSM=false,isQPBOCForceOnline=false,merchantName=Test,merchantId=000000000000,terminalId=00000000,traceNo=,transCurrCode=null,otherAmount=0,processType=1
I/IPBOCManager( 4714): transParam.setTransDate=20190508,transParam.setTradeTime=104005
I/SocsiSystemService(  791): getK21CommandService mK21CommandService=com.socsi.aidl.command.CommandTransfer$Stub$Proxy@1a6d7d60;
I/SocsiSystemService(  791): getK21CommandService mK21CommandService=com.socsi.aidl.command.CommandTransfer$Stub$Proxy@1a6d7d60;
D/CommandService_HandleProtocol( 4223): send >>> [1A2A ]
D/CommandService_HandleProtocol( 4223): send >>> [04]
D/CommandService_HandleProtocol( 4223): 
D/CommandService_HandleProtocol( 4223): recv <<< [1A2A ]
D/CommandService_HandleProtocol( 4223): recv <<< [00] [1A2A2F1E303000041FFB73DB0358]
D/CommandService_HandleProtocol( 4223): 
I/IPBOCManager( 4714): qpboc setSerialNumber:249
I/SocsiSystemService(  791): getK21CommandService mK21CommandService=com.socsi.aidl.command.CommandTransfer$Stub$Proxy@1a6d7d60;
I/SocsiSystemService(  791): getK21CommandService mK21CommandService=com.socsi.aidl.command.CommandTransfer$Stub$Proxy@1a6d7d60;
D/CommandService_HandleProtocol( 4223): send >>> [FF02 SN/PN/CSN/KSN]
D/CommandService_HandleProtocol( 4223): send >>> [01]
D/CommandService_HandleProtocol( 4223): 
D/CommandService_HandleProtocol( 4223): recv <<< [FF02 SN/PN/CSN/KSN]
D/CommandService_HandleProtocol( 4223): recv <<< [00] [FF022F1F303000183030303030353034563132303030313037330391]
D/CommandService_HandleProtocol( 4223): 
I/clss_aids_database( 4714): <_aid_browser_dispatch_func,254>:kernel id = 0
I/clss_aids_database( 4714): <_aid_browser_dispatch_func,255>:len = 7
I/clss_aids_database( 4714): A0 00 00 00 03 10 10 
I/clss_aids_database( 4714): <_aid_browser_dispatch_func,256>:kernel_data address = 0xB7FA4AA0
I/clss_aids_database( 4714): <_aid_browser_dispatch_func,257>:kernel_data_len = 135
I/clss_kernel_main( 4714): <clss_main_aid_dispatch_func,285>:aid->kernel_data:
I/clss_kernel_main( 4714): <clss_main_aid_dispatch_func,286>:len = 135
I/clss_kernel_main( 4714): DF 14 03 9F 37 04 5F 2A 02 07 64 DF 17 01 00 9F 09 02 02 00 DF 16 01 00 DF 
I/clss_kernel_main( 4714): 81 19 01 08 9F 7B 06 00 00 00 00 13 88 9F 33 03 E0 B8 C8 9F 40 05 F0 00 F0 
I/clss_kernel_main( 4714): A0 01 DF 81 18 01 30 DF 18 01 01 9F 35 01 22 DF 12 05 DC 40 04 F8 00 97 09 
I/clss_kernel_main( 4714): 9F 1A 02 95 05 9A 03 9C 01 9F 1A 02 07 64 9F 15 0F 20 20 20 20 20 20 20 20 
I/clss_kernel_main( 4714): 20 20 20 20 20 20 20 DF 15 04 00 00 00 00 DF 81 1B 01 20 DF 11 05 DC 40 00 
I/clss_kernel_main( 4714): A8 00 DF 13 05 00 10 00 00 00 
I/clss_kernel_main( 4714): <clss_main_aid_dispatch_func,291>:buf:
I/clss_kernel_main( 4714): <clss_main_aid_dispatch_func,292>:len = 199
I/clss_kernel_main( 4714): 9F 2A 01 00 9F 06 07 A0 00 00 00 03 10 10 DF 01 01 01 DF 23 02 F0 01 9F 1B 
I/clss_kernel_main( 4714): 04 00 00 00 00 DF 19 06 00 00 00 15 00 00 DF 20 06 99 99 99 99 99 99 DF 21 
I/clss_kernel_main( 4714): 06 00 00 00 15 00 00 9F 66 04 26 00 00 80 DF 14 03 9F 37 04 5F 2A 02 07 64 
I/clss_kernel_main( 4714): DF 17 01 00 9F 09 02 02 00 DF 16 01 00 DF 81 19 01 08 9F 7B 06 00 00 00 00 
I/clss_kernel_main( 4714): 13 88 9F 33 03 E0 B8 C8 9F 40 05 F0 00 F0 A0 01 DF 81 18 01 30 DF 18 01 01 
I/clss_kernel_main( 4714): 9F 35 01 22 DF 12 05 DC 40 04 F8 00 97 09 9F 1A 02 95 05 9A 03 9C 01 9F 1A 
I/clss_kernel_main( 4714): 02 07 64 9F 15 0F 20 20 20 20 20 20 20 20 20 20 20 20 20 20 20 DF 15 04 00 
I/clss_kernel_main( 4714): 00 00 00 DF 81 1B 01 20 DF 11 05 DC 40 00 A8 00 DF 13 05 00 10 00 00 00 
I/clss_aids_database( 4714): <_aid_browser_dispatch_func,254>:kernel id = 0
I/clss_aids_database( 4714): <_aid_browser_dispatch_func,255>:len = 7
I/clss_aids_database( 4714): A0 00 00 00 03 20 10 
I/clss_aids_database( 4714): <_aid_browser_dispatch_func,256>:kernel_data address = 0xB7F8D838
I/clss_aids_database( 4714): <_aid_browser_dispatch_func,257>:kernel_data_len = 135
I/clss_kernel_main( 4714): <clss_main_aid_dispatch_func,285>:aid->kernel_data:
I/clss_kernel_main( 4714): <clss_main_aid_dispatch_func,286>:len = 135
I/clss_kernel_main( 4714): DF 14 03 9F 37 04 5F 2A 02 07 64 DF 17 01 00 9F 09 02 02 00 DF 16 01 00 DF 
I/clss_kernel_main( 4714): 81 19 01 08 9F 7B 06 00 00 00 00 13 88 9F 33 03 E0 B8 C8 9F 40 05 F0 00 F0 
I/clss_kernel_main( 4714): A0 01 DF 81 18 01 30 DF 18 01 01 9F 35 01 22 DF 12 05 DC 40 04 F8 00 97 09 
I/clss_kernel_main( 4714): 9F 1A 02 95 05 9A 03 9C 01 9F 1A 02 07 64 9F 15 0F 20 20 20 20 20 20 20 20 
I/clss_kernel_main( 4714): 20 20 20 20 20 20 20 DF 15 04 00 00 00 00 DF 81 1B 01 20 DF 11 05 DC 40 00 
I/clss_kernel_main( 4714): A8 00 DF 13 05 00 10 00 00 00 
I/clss_kernel_main( 4714): <clss_main_aid_dispatch_func,291>:buf:
I/clss_kernel_main( 4714): <clss_main_aid_dispatch_func,292>:len = 199
I/clss_kernel_main( 4714): 9F 2A 01 00 9F 06 07 A0 00 00 00 03 20 10 DF 01 01 01 DF 23 02 F0 01 9F 1B 
I/clss_kernel_main( 4714): 04 00 00 00 00 DF 19 06 00 00 00 15 00 00 DF 20 06 99 99 99 99 99 99 DF 21 
I/clss_kernel_main( 4714): 06 00 00 00 15 00 00 9F 66 04 26 00 00 80 DF 14 03 9F 37 04 5F 2A 02 07 64 
I/clss_kernel_main( 4714): DF 17 01 00 9F 09 02 02 00 DF 16 01 00 DF 81 19 01 08 9F 7B 06 00 00 00 00 
I/clss_kernel_main( 4714): 13 88 9F 33 03 E0 B8 C8 9F 40 05 F0 00 F0 A0 01 DF 81 18 01 30 DF 18 01 01 
I/clss_kernel_main( 4714): 9F 35 01 22 DF 12 05 DC 40 04 F8 00 97 09 9F 1A 02 95 05 9A 03 9C 01 9F 1A 
I/clss_kernel_main( 4714): 02 07 64 9F 15 0F 20 20 20 20 20 20 20 20 20 20 20 20 20 20 20 DF 15 04 00 
I/clss_kernel_main( 4714): 00 00 00 DF 81 1B 01 20 DF 11 05 DC 40 00 A8 00 DF 13 05 00 10 00 00 00 
I/clss_aids_database( 4714): <_aid_browser_dispatch_func,254>:kernel id = 0
I/clss_aids_database( 4714): <_aid_browser_dispatch_func,255>:len = 7
I/clss_aids_database( 4714): A0 00 00 00 04 10 10 
I/clss_aids_database( 4714): <_aid_browser_dispatch_func,256>:kernel_data address = 0xB7FD11A0
I/clss_aids_database( 4714): <_aid_browser_dispatch_func,257>:kernel_data_len = 135
I/clss_kernel_main( 4714): <clss_main_aid_dispatch_func,285>:aid->kernel_data:
I/clss_kernel_main( 4714): <clss_main_aid_dispatch_func,286>:len = 135
I/clss_kernel_main( 4714): DF 14 03 9F 37 04 5F 2A 02 07 64 DF 17 01 00 9F 09 02 00 02 DF 16 01 00 DF 
I/clss_kernel_main( 4714): 81 19 01 08 9F 7B 06 00 00 00 00 13 88 9F 33 03 E0 B8 C8 9F 40 05 F0 00 F0 
