--------- beginning of main
D/AndroidRuntime(12158): >>>>>> START com.android.internal.os.RuntimeInit uid 2000 <<<<<<
D/AndroidRuntime(12158): CheckJNI is OFF
D/AndroidRuntime(12158): Calling main entry com.android.commands.pm.Pm
I/art     (12158): System.exit called, status: 0
I/AndroidRuntime(12158): VM exiting with result code 0.
D/AndroidRuntime(12173): >>>>>> START com.android.internal.os.RuntimeInit uid 2000 <<<<<<
D/AndroidRuntime(12173): CheckJNI is OFF
D/AndroidRuntime(12173): Calling main entry com.android.commands.pm.Pm
I/art     (12173): System.exit called, status: 0
I/AndroidRuntime(12173): VM exiting with result code 0.
D/AndroidRuntime(12188): >>>>>> START com.android.internal.os.RuntimeInit uid 2000 <<<<<<
D/AndroidRuntime(12188): CheckJNI is OFF
D/AndroidRuntime(12188): Calling main entry com.android.commands.monkey.Monkey
--------- beginning of system
W/BroadcastQueue(  791): Skipping deliver [background] BroadcastRecord{2d8b33cf u-1 android.net.conn.CONNECTIVITY_CHANGE} to ReceiverList{2f28515c 12188 (unknown name)/2000/u-1 remote:2babfea9}: process crashing
I/Timeline(12188): Timeline: Activity_launch_request id:com.test.ui.activities.nihao time:43127040
I/ActivityManager(  791): START u0 {act=android.intent.action.MAIN cat=[android.intent.category.LAUNCHER] flg=0x10200000 cmp=com.test.ui.activities.nihao/com.test.ui.activities.MainActivity} from uid 2000 on display 0
V/WindowManager(  791): addAppToken: AppWindowToken{14313deb token=Token{208ecd3a ActivityRecord{261cdc65 u0 com.test.ui.activities.nihao/com.test.ui.activities.MainActivity t1023}}} to stack=1 task=1023 at 0
I/ViewRootImpl(  791): CPU Rendering VSync enable = true
V/WindowManager(  791): Adding window Window{355dc992 u0 Starting com.test.ui.activities.nihao} at 4 of 9 (after Window{bc046b1 u0 com.verifone.scb.presentation/com.verifone.adc.presentation.view.activities.MainActivity})
I/SurfaceFlinger(  259): FPS: 1
D/MyApplication(12131): Add activity=com.test.ui.activities.MainActivity
W/art     (12131): Before Android 4.1, method android.graphics.PorterDuffColorFilter android.support.graphics.drawable.VectorDrawableCompat.updateTintFilter(android.graphics.PorterDuffColorFilter, android.content.res.ColorStateList, android.graphics.PorterDuff$Mode) would have incorrectly overridden the package-private method in android.graphics.drawable.Drawable
I/art     (12188): System.exit called, status: 0
I/AndroidRuntime(12188): VM exiting with result code 0.
D/UIAutomatorStub( 6033): URI: /jsonrpc/0, Method: POST, params, {NanoHttpd.QUERY_STRING=null}, files: {postData={"jsonrpc": "2.0", "id": "e441aa5e153802bce8b5e63e8da735ae", "method": "waitForExists", "params": [{"mask": 1, "childOrSibling": [], "childOrSiblingSelector": [], "text": "\u6d4b\u8bd5\u5de5\u5177"}, 5000]}}
W/QueryController( 6033): Could not detect idle state.
D/wpa_supplicant(27986): wlan0: Control interface command 'SIGNAL_POLL'
V/WLAN_PSA(  281): NL MSG, len[4081], NL type[0x1C] WNI type[0x5900] len[55567]
V/WLAN_PSA(  281): NL MSG, PID: 281
W/UiDevice( 6033): Skipping null root node for window: AccessibilityWindowInfo[id=12, type=TYPE_APPLICATION, layer=21015, bounds=Rect(0, 0 - 720, 1280), focused=true, active=true, hasParent=false, hasChildren=false]
D/PackageUtil(12131): className=com.test.logic.service_accesser.ADCServiceAccesser
D/PackageUtil(12131): idx=-1
D/PackageUtil(12131): className=com.test.logic.service_accesser.BOCServiceAccesser
D/PackageUtil(12131): idx=-1
D/PackageUtil(12131): className=com.test.logic.service_accesser.CBCServiceAccesser
D/PackageUtil(12131): idx=-1
D/PackageUtil(12131): className=com.test.logic.service_accesser.ICBCServiceAccesser
D/PackageUtil(12131): idx=-1
D/PackageUtil(12131): className=com.test.logic.service_accesser.RKServiceAccesser
D/PackageUtil(12131): idx=-1
D/PackageUtil(12131): className=com.test.logic.service_accesser.UMSServiceAccesser
D/PackageUtil(12131): idx=-1
D/PackageUtil(12131): className=com.test.logic.service_accesser.VFIServiceAccesser
D/PackageUtil(12131): idx=-1
D/PackageUtil(12131): className=com.test.logic.service_accesser.interfaces.ServiceAccessInterface
D/PackageUtil(12131): idx=10
D/PackageUtil(12131): className=com.test.logic.service_accesser.service_accesser.ServiceAccesser
D/PackageUtil(12131): idx=16
D/ServiceTester(12131): ClassFullName[com.test.logic.service_accesser.ADCServiceAccesser]
D/ServiceTester(12131): ClassName[ADCServiceAccesser]
D/ServiceTester(12131): Module package path=[com.test.logic.testmodules.adc_modules].
D/ServiceTester(12131): ClassFullName[com.test.logic.service_accesser.BOCServiceAccesser]
D/ServiceTester(12131): ClassName[BOCServiceAccesser]
D/ServiceTester(12131): Module package path=[com.test.logic.testmodules.boc_modules].
D/PackageUtil(12131): className=com.test.logic.testmodules.boc_modules.BeepTestCase
D/PackageUtil(12131): idx=-1
D/PackageUtil(12131): className=com.test.logic.testmodules.boc_modules.CardReaderTestCase
D/PackageUtil(12131): idx=-1
D/PackageUtil(12131): className=com.test.logic.testmodules.boc_modules.DeviceInfoTestCase
D/PackageUtil(12131): idx=-1
D/PackageUtil(12131): className=com.test.logic.testmodules.boc_modules.DeviceServiceTestCase
D/PackageUtil(12131): idx=-1
D/PackageUtil(12131): className=com.test.logic.testmodules.boc_modules.ICCardTestCase
D/PackageUtil(12131): idx=-1
D/PackageUtil(12131): className=com.test.logic.testmodules.boc_modules.LedTestCase
D/PackageUtil(12131): idx=-1
D/PackageUtil(12131): className=com.test.logic.testmodules.boc_modules.PinpadTestCase
D/PackageUtil(12131): idx=-1
D/PackageUtil(12131): className=com.test.logic.testmodules.boc_modules.PrinterTestCase
D/PackageUtil(12131): idx=-1
D/PackageUtil(12131): className=com.test.logic.testmodules.boc_modules.RFCardTestCase
D/PackageUtil(12131): idx=-1
D/PackageUtil(12131): className=com.test.logic.testmodules.boc_modules.ScannerTestCase
D/PackageUtil(12131): idx=-1
D/PackageUtil(12131): className=com.test.logic.testmodules.boc_modules.SwiperTestCase
D/PackageUtil(12131): idx=-1
D/PackageUtil(12131): className=com.test.logic.testmodules.boc_modules.TerminalManageTestCase
D/PackageUtil(12131): idx=-1
D/PackageUtil(12131): className=com.test.logic.testmodules.boc_modules.common.DeviceService
D/PackageUtil(12131): idx=6
D/ServiceTester(12131): ClassName[com.test.logic.testmodules.boc_modules.BeepTestCase]
D/ServiceTester(12131): ModuleName[BeepTestCase]
D/ServiceTester(12131): ClassName[com.test.logic.testmodules.boc_modules.CardReaderTestCase]
D/ServiceTester(12131): ModuleName[CardReaderTestCase]
D/ServiceTester(12131): ClassName[com.test.logic.testmodules.boc_modules.DeviceInfoTestCase]
D/ServiceTester(12131): ModuleName[DeviceInfoTestCase]
D/ServiceTester(12131): ClassName[com.test.logic.testmodules.boc_modules.DeviceServiceTestCase]
D/ServiceTester(12131): ModuleName[DeviceServiceTestCase]
D/ServiceTester(12131): ClassName[com.test.logic.testmodules.boc_modules.ICCardTestCase]
D/ServiceTester(12131): ModuleName[ICCardTestCase]
D/ServiceTester(12131): ClassName[com.test.logic.testmodules.boc_modules.LedTestCase]
D/ServiceTester(12131): ModuleName[LedTestCase]
D/ServiceTester(12131): ClassName[com.test.logic.testmodules.boc_modules.PinpadTestCase]
D/ServiceTester(12131): ModuleName[PinpadTestCase]
D/ServiceTester(12131): ClassName[com.test.logic.testmodules.boc_modules.PrinterTestCase]
D/ServiceTester(12131): ModuleName[PrinterTestCase]
D/ServiceTester(12131): ClassName[com.test.logic.testmodules.boc_modules.RFCardTestCase]
D/ServiceTester(12131): ModuleName[RFCardTestCase]
D/ServiceTester(12131): ClassName[com.test.logic.testmodules.boc_modules.ScannerTestCase]
D/ServiceTester(12131): ModuleName[ScannerTestCase]
D/ServiceTester(12131): ClassName[com.test.logic.testmodules.boc_modules.SwiperTestCase]
D/ServiceTester(12131): ModuleName[SwiperTestCase]
D/ServiceTester(12131): ClassName[com.test.logic.testmodules.boc_modules.TerminalManageTestCase]
D/ServiceTester(12131): ModuleName[TerminalManageTestCase]
D/ServiceTester(12131): ClassFullName[com.test.logic.service_accesser.CBCServiceAccesser]
D/ServiceTester(12131): ClassName[CBCServiceAccesser]
D/ServiceTester(12131): Module package path=[com.test.logic.testmodules.cbc_modules].
D/ServiceTester(12131): ClassFullName[com.test.logic.service_accesser.ICBCServiceAccesser]
D/ServiceTester(12131): ClassName[ICBCServiceAccesser]
D/ServiceTester(12131): Module package path=[com.test.logic.testmodules.icbc_modules].
D/PackageUtil(12131): className=com.test.logic.testmodules.icbc_modules.ModuleExternalSerial
D/PackageUtil(12131): idx=-1
D/PackageUtil(12131): className=com.test.logic.testmodules.icbc_modules.ModulePinpad
D/PackageUtil(12131): idx=-1
D/PackageUtil(12131): className=com.test.logic.testmodules.icbc_modules.common.DeviceService
D/PackageUtil(12131): idx=6
D/ServiceTester(12131): ClassName[com.test.logic.testmodules.icbc_modules.ModuleExternalSerial]
D/ServiceTester(12131): ModuleName[ModuleExternalSerial]
D/ServiceTester(12131): ClassName[com.test.logic.testmodules.icbc_modules.ModulePinpad]
D/ServiceTester(12131): ModuleName[ModulePinpad]
D/ServiceTester(12131): ClassFullName[com.test.logic.service_accesser.RKServiceAccesser]
D/ServiceTester(12131): ClassName[RKServiceAccesser]
D/ServiceTester(12131): Module package path=[com.test.logic.testmodules.rk_modules].
D/PackageUtil(12131): className=com.test.logic.testmodules.rk_modules.ModuleScanner
D/PackageUtil(12131): idx=-1
D/PackageUtil(12131): className=com.test.logic.testmodules.rk_modules.common.DeviceService
D/PackageUtil(12131): idx=6
D/ServiceTester(12131): ClassName[com.test.logic.testmodules.rk_modules.ModuleScanner]
D/ServiceTester(12131): ModuleName[ModuleScanner]
D/ServiceTester(12131): ClassFullName[com.test.logic.service_accesser.UMSServiceAccesser]
D/ServiceTester(12131): ClassName[UMSServiceAccesser]
D/ServiceTester(12131): Module package path=[com.test.logic.testmodules.ums_modules].
D/ServiceTester(12131): ClassFullName[com.test.logic.service_accesser.VFIServiceAccesser]
D/ServiceTester(12131): ClassName[VFIServiceAccesser]
D/ServiceTester(12131): Module package path=[com.test.logic.testmodules.vfi_modules].
D/PackageUtil(12131): className=com.test.logic.testmodules.vfi_modules.ModulePinpad
D/PackageUtil(12131): idx=-1
D/PackageUtil(12131): className=com.test.logic.testmodules.vfi_modules.common.DeviceService
D/PackageUtil(12131): idx=6
D/ServiceTester(12131): ClassName[com.test.logic.testmodules.vfi_modules.ModulePinpad]
D/ServiceTester(12131): ModuleName[ModulePinpad]
I/art     (12131): Background sticky concurrent mark sweep GC freed 11589(956KB) AllocSpace objects, 0(0B) LOS objects, 33% free, 2MB/3MB, paused 7.040ms total 20.363ms
I/ViewRootImpl(12131): CPU Rendering VSync enable = true
D/OpenGLRenderer(12131): Use EGL_SWAP_BEHAVIOR_PRESERVED: true
D/Atlas   (12131): Validating map...
V/WindowManager(  791): Adding window Window{2c95b6b7 u0 com.test.ui.activities.nihao/com.test.ui.activities.MainActivity} at 4 of 10 (before Window{355dc992 u0 Starting com.test.ui.activities.nihao})
I/Adreno-EGL(12131): <qeglDrvAPI_eglInitialize:379>: EGL 1.4 QUALCOMM build: AU_LINUX_ANDROID_LA.BR.1.2.3_RB1.05.01.00.036.053_msm8909_LA.BR.1.2.3_RB1__release_AU (Ibddc658e36)
I/Adreno-EGL(12131): OpenGL ES Shader Compiler Version: E031.25.03.04
I/Adreno-EGL(12131): Build Date: 09/10/15 Thu
I/Adreno-EGL(12131): Local Branch: mybranch13976726
I/Adreno-EGL(12131): Remote Branch: quic/LA.BR.1.2.3_rb1.79
I/Adreno-EGL(12131): Local Patches: NONE
I/Adreno-EGL(12131): Reconstruct Branch: AU_LINUX_ANDROID_LA.BR.1.2.3_RB1.05.01.00.036.053 + 7c4888a + 22ca218 + 855d166 + 95575a0 + 4193eef + 64d916f + 88f4cbe + c272012 + 046ce63 + 9b2bddc + d5b5339 + a2bdc2f +  NOTHING
I/OpenGLRenderer(12131): Initialized EGL, version 1.4
D/OpenGLRenderer(12131): Enabling debug mode 0
I/ActivityManager(  791): Displayed com.test.ui.activities.nihao/com.test.ui.activities.MainActivity: +1s34ms (total +9s330ms)
I/Timeline(  791): Timeline: Activity_windows_visible id: ActivityRecord{261cdc65 u0 com.test.ui.activities.nihao/com.test.ui.activities.MainActivity t1023} time:43128086
I/SurfaceFlinger(  259): FPS: 44
I/Timeline(12131): Timeline: Activity_idle id: android.os.BinderProxy@12421135 time:43128128
W/QueryController( 6033): Could not detect idle state.
D/UIAutomatorStub( 6033): URI: /jsonrpc/0, Method: POST, params, {NanoHttpd.QUERY_STRING=null}, files: {postData={"jsonrpc": "2.0", "id": "78633f24016361cc307d2cec16783241", "method": "objInfo", "params": [{"mask": 1, "childOrSibling": [], "childOrSiblingSelector": [], "text": "\u6d4b\u8bd5\u5de5\u5177"}]}}
W/QueryController( 6033): Could not detect idle state.
W/QueryController( 6033): Could not detect idle state.
W/QueryController( 6033): Could not detect idle state.
W/QueryController( 6033): Could not detect idle state.
W/QueryController( 6033): Could not detect idle state.
W/QueryController( 6033): Could not detect idle state.
W/QueryController( 6033): Could not detect idle state.
W/QueryController( 6033): Could not detect idle state.
W/QueryController( 6033): Could not detect idle state.
W/QueryController( 6033): Could not detect idle state.
W/QueryController( 6033): Could not detect idle state.
W/QueryController( 6033): Could not detect idle state.
W/QueryController( 6033): Could not detect idle state.
W/QueryController( 6033): Could not detect idle state.
W/QueryController( 6033): Could not detect idle state.
W/QueryController( 6033): Could not detect idle state.
W/QueryController( 6033): Could not detect idle state.
W/QueryController( 6033): Could not detect idle state.
D/UIAutomatorStub( 6033): URI: /jsonrpc/0, Method: POST, params, {NanoHttpd.QUERY_STRING=null}, files: {postData={"jsonrpc": "2.0", "id": "db933152d3a10d2cc3e2e124bb8fcdf7", "method": "click", "params": [360.0, 1089.0]}}
D/InteractionController( 6033): clickNoSync (360, 1089)
D/MainActivity(12131): Entry[测试工具] been clicked
E/AudioPolicyManager(  274): unknown stream type 13
E/AudioPolicyManager(  274): unknown stream type 13
E/AudioPolicyManager(  274): unknown stream type 13
E/AudioPolicyManager(  274): unknown stream type 13
E/AudioPolicyManager(  274): unknown stream type 13
E/AudioPolicyManager(  274): unknown stream type 13
E/AudioPolicyManager(  274): unknown stream type 13
E/AudioPolicyManager(  274): unknown stream type 13
E/AudioPolicyManager(  274): unknown stream type 13
I/Timeline(12131): Timeline: Activity_launch_request id:com.test.ui.activities.nihao time:43128442
I/ActivityManager(  791): START u0 {cmp=com.test.ui.activities.nihao/com.test.ui.activities.other.test_tools.TestToolsActivity} from uid 10132 on display 0
D/audio_hw_primary(  274): start_output_stream: enter: stream(0xb82a71e0)usecase(1: low-latency-playback) devices(0x2)
D/audio_hw_primary(  274): select_devices: out_snd_device(2: speaker) in_snd_device(0: )
D/hardware_info(  274): hw_info_append_hw_type : device_name = speaker
I/soundtrigger(  274): audio_extn_sound_trigger_update_device_status: device 0x2 of type 0 for Event 1, with Raise=0
V/WindowManager(  791): addAppToken: AppWindowToken{1b1a0589 token=Token{2ed19890 ActivityRecord{3c450753 u0 com.test.ui.activities.nihao/com.test.ui.activities.other.test_tools.TestToolsActivity t1023}}} to stack=1 task=1023 at 1
W/audio_hw_utils(  274): audio_extn_utils_update_stream_app_type_cfg: App type could not be selected. Falling back to default
I/audio_hw_primary(  274): select_devices Selected apptype: 69936
D/soundtrigger(  274): audio_extn_sound_trigger_update_stream_status: uc_id 1 of type 0 for Event 3, with Raise=0
D/ACDB-LOADER(  274): ACDB -> send_audio_cal, acdb_id = 14, path =  0
D/ACDB-LOADER(  274): ACDB -> send_asm_topology
D/ACDB-LOADER(  274): ACDB -> ACDB_CMD_GET_AUDPROC_STREAM_TOPOLOGY_ID
D/ACDB-LOADER(  274): ACDB -> send_adm_topology
D/ACDB-LOADER(  274): ACDB -> ACDB_CMD_GET_AUDPROC_COMMON_TOPOLOGY_ID
D/ACDB-LOADER(  274): ACDB -> send_audtable
D/ACDB-LOADER(  274): ACDB -> ACDB_CMD_GET_AUDPROC_COMMON_TABLE
D/ACDB-LOADER(  274): ACDB -> AUDIO_SET_AUDPROC_CAL
D/ACDB-LOADER(  274): ACDB -> send_audvoltable
D/ACDB-LOADER(  274): ACDB -> ACDB_CMD_GET_AUDPROC_GAIN_DEP_STEP_TABLE
D/ACDB-LOADER(  274): ACDB -> AUDIO_SET_AUDPROC_VOL_CAL
D/ACDB-LOADER(  274): ACDB -> send_afe_cal
D/ACDB-LOADER(  274): ACDB -> ACDB_CMD_GET_AFE_COMMON_TABLE
D/ACDB-LOADER(  274): ACDB -> AUDIO_SET_AFE_CAL
D/ACDB-LOADER(  274): ACDB -> send_hw_delay : acdb_id = 14 path = 0
D/ACDB-LOADER(  274): ACDB -> ACDB_AVSYNC_INFO: ACDB_CMD_GET_DEVICE_PROPERTY
I/audio_hw_utils(  274): audio_extn_utils_send_app_type_cfg app_type 69936, acdb_dev_id 14, sample_rate 48000
D/audio_hw_primary(  274): select_devices: done
D/MyApplication(12131): Add activity=com.test.ui.activities.other.test_tools.TestToolsActivity
D/UIAutomatorStub( 6033): URI: /jsonrpc/0, Method: POST, params, {NanoHttpd.QUERY_STRING=null}, files: {postData={"jsonrpc": "2.0", "id": "667056fa1d5b21e51e299c5fdf9b1441", "method": "waitForExists", "params": [{"mask": 1, "childOrSibling": [], "childOrSiblingSelector": [], "text": "\u6d4b\u8bd5\u5de5\u5177"}, 5000]}}
W/QueryController( 6033): Could not detect idle state.
I/ViewRootImpl(12131): CPU Rendering VSync enable = true
V/WindowManager(  791): Adding window Window{2b8ec5af u0 com.test.ui.activities.nihao/com.test.ui.activities.other.test_tools.TestToolsActivity} at 5 of 10 (after Window{2c95b6b7 u0 com.test.ui.activities.nihao/com.test.ui.activities.MainActivity})
E/AudioPolicyManager(  274): unknown stream type 13
E/AudioPolicyManager(  274): unknown stream type 13
E/AudioPolicyManager(  274): unknown stream type 13
E/AudioPolicyManager(  274): unknown stream type 13
E/AudioPolicyManager(  274): unknown stream type 13
E/AudioPolicyManager(  274): unknown stream type 13
E/AudioPolicyManager(  274): unknown stream type 13
E/AudioPolicyManager(  274): unknown stream type 13
E/AudioPolicyManager(  274): unknown stream type 13
E/AudioPolicyManager(  274): unknown stream type 13
E/AudioPolicyManager(  274): unknown stream type 13
E/AudioPolicyManager(  274): unknown stream type 13
E/AudioPolicyManager(  274): unknown stream type 13
E/AudioPolicyManager(  274): unknown stream type 13
E/AudioPolicyManager(  274): unknown stream type 13
E/AudioPolicyManager(  274): unknown stream type 13
E/AudioPolicyManager(  274): unknown stream type 13
I/ActivityManager(  791): Displayed com.test.ui.activities.nihao/com.test.ui.activities.other.test_tools.TestToolsActivity: +162ms
D/OpenGLRenderer(12131): endAllStagingAnimators on 0xb80a0f10 (RippleDrawable) with handle 0xb80c6b90
I/Timeline(12131): Timeline: Activity_idle id: android.os.BinderProxy@1a84c7 time:43128690
W/ByMatcher( 6033): Node returned null child: android.view.accessibility.AccessibilityNodeInfo@800080d0; boundsInParent: Rect(0, 0 - 720, 1280); boundsInScreen: Rect(0, 0 - 720, 1280); packageName: com.test.ui.activities.nihao; className: android.widget.FrameLayout; text: null; error: null; maxTextLength: -1; contentDescription: null; viewIdResName: null; checkable: false; checked: false; focusable: false; focused: false; selected: false; clickable: false; longClickable: false; enabled: true; password: false; scrollable: false; actions: [AccessibilityAction: ACTION_SELECT - null, AccessibilityAction: ACTION_CLEAR_SELECTION - null, AccessibilityAction: ACTION_ACCESSIBILITY_FOCUS - null]
W/ByMatcher( 6033): Skipping null child (0 of 2)
W/ByMatcher( 6033): Skipping null child (1 of 2)
W/ByMatcher( 6033): Node returned null child: android.view.accessibility.AccessibilityNodeInfo@800080d0; boundsInParent: Rect(0, 0 - 720, 1280); boundsInScreen: Rect(0, 0 - 720, 1280); packageName: com.test.ui.activities.nihao; className: android.widget.FrameLayout; text: null; error: null; maxTextLength: -1; contentDescription: null; viewIdResName: null; checkable: false; checked: false; focusable: false; focused: false; selected: false; clickable: false; longClickable: false; enabled: true; password: false; scrollable: false; actions: [AccessibilityAction: ACTION_SELECT - null, AccessibilityAction: ACTION_CLEAR_SELECTION - null, AccessibilityAction: ACTION_ACCESSIBILITY_FOCUS - null]
W/ByMatcher( 6033): Skipping null child (0 of 2)
W/ByMatcher( 6033): Skipping null child (1 of 2)
I/Timeline(  791): Timeline: Activity_windows_visible id: ActivityRecord{3c450753 u0 com.test.ui.activities.nihao/com.test.ui.activities.other.test_tools.TestToolsActivity t1023} time:43128990
W/QueryController( 6033): Could not detect idle state.
D/wpa_supplicant(27986): wlan0: Control interface command 'SIGNAL_POLL'
W/QueryController( 6033): Could not detect idle state.
D/TaskPersister(  791): removeObsoleteFile: deleting file=1022_task.xml
V/WLAN_PSA(  281): NL MSG, len[4061], NL type[0x1C] WNI type[0x5900] len[50447]
V/WLAN_PSA(  281): NL MSG, PID: 281
D/audio_hw_primary(  274): out_standby: enter: stream (0xb82a71e0) usecase(1: low-latency-playback)
D/soundtrigger(  274): audio_extn_sound_trigger_update_stream_status: uc_id 1 of type 0 for Event 2, with Raise=0
D/hardware_info(  274): hw_info_append_hw_type : device_name = speaker
I/soundtrigger(  274): audio_extn_sound_trigger_update_device_status: device 0x2 of type 0 for Event 0, with Raise=0
W/QueryController( 6033): Could not detect idle state.
W/QueryController( 6033): Could not detect idle state.
D/wpa_supplicant(27986): wlan0: Control interface command 'SIGNAL_POLL'
W/QueryController( 6033): Could not detect idle state.
