--------- beginning of main
D/wpa_supplicant(27986): wlan0: Control interface command 'SIGNAL_POLL'
V/WLAN_PSA(  281): NL MSG, len[4067], NL type[0x1C] WNI type[0x5900] len[51983]
V/WLAN_PSA(  281): NL MSG, PID: 281
D/AndroidRuntime(12260): >>>>>> START com.android.internal.os.RuntimeInit uid 2000 <<<<<<
D/AndroidRuntime(12260): CheckJNI is OFF
D/AndroidRuntime(12260): Calling main entry com.android.commands.pm.Pm
I/art     (12260): System.exit called, status: 0
I/AndroidRuntime(12260): VM exiting with result code 0.
D/AndroidRuntime(12275): >>>>>> START com.android.internal.os.RuntimeInit uid 2000 <<<<<<
D/AndroidRuntime(12275): CheckJNI is OFF
D/AndroidRuntime(12275): Calling main entry com.android.commands.pm.Pm
I/art     (12275): System.exit called, status: 0
I/AndroidRuntime(12275): VM exiting with result code 0.
D/AndroidRuntime(12290): >>>>>> START com.android.internal.os.RuntimeInit uid 2000 <<<<<<
D/AndroidRuntime(12290): CheckJNI is OFF
D/AndroidRuntime(12290): Calling main entry com.android.commands.monkey.Monkey
--------- beginning of system
W/BroadcastQueue(  791): Skipping deliver [background] BroadcastRecord{262d0cd8 u-1 android.net.conn.CONNECTIVITY_CHANGE} to ReceiverList{2287831 12290 (unknown name)/2000/u-1 remote:2bfb344a}: process crashing
I/Timeline(12290): Timeline: Activity_launch_request id:com.test.ui.activities.nihao time:43146848
I/ActivityManager(  791): START u0 {act=android.intent.action.MAIN cat=[android.intent.category.LAUNCHER] flg=0x10200000 cmp=com.test.ui.activities.nihao/com.test.ui.activities.MainActivity} from uid 2000 on display 0
V/WindowManager(  791): addAppToken: AppWindowToken{15d21e84 token=Token{3fc4dc97 ActivityRecord{26c04b16 u0 com.test.ui.activities.nihao/com.test.ui.activities.MainActivity t1024}}} to stack=1 task=1024 at 0
I/ViewRootImpl(  791): CPU Rendering VSync enable = true
V/WindowManager(  791): Adding window Window{900c78f u0 Starting com.test.ui.activities.nihao} at 4 of 9 (after Window{bc046b1 u0 com.verifone.scb.presentation/com.verifone.adc.presentation.view.activities.MainActivity})
I/SurfaceFlinger(  259): FPS: 2
D/MyApplication(12234): Add activity=com.test.ui.activities.MainActivity
W/art     (12234): Before Android 4.1, method android.graphics.PorterDuffColorFilter android.support.graphics.drawable.VectorDrawableCompat.updateTintFilter(android.graphics.PorterDuffColorFilter, android.content.res.ColorStateList, android.graphics.PorterDuff$Mode) would have incorrectly overridden the package-private method in android.graphics.drawable.Drawable
I/art     (12290): System.exit called, status: 0
I/AndroidRuntime(12290): VM exiting with result code 0.
D/UIAutomatorStub( 6033): URI: /jsonrpc/0, Method: POST, params, {NanoHttpd.QUERY_STRING=null}, files: {postData={"jsonrpc": "2.0", "id": "4039af260af46cbaebe8cae67ed25727", "method": "waitForExists", "params": [{"mask": 1, "childOrSibling": [], "childOrSiblingSelector": [], "text": "\u6d4b\u8bd5\u5de5\u5177"}, 5000]}}
W/QueryController( 6033): Could not detect idle state.
W/UiDevice( 6033): Skipping null root node for window: AccessibilityWindowInfo[id=12, type=TYPE_APPLICATION, layer=21015, bounds=Rect(0, 0 - 720, 1280), focused=true, active=true, hasParent=false, hasChildren=false]
D/PackageUtil(12234): className=com.test.logic.service_accesser.ADCServiceAccesser
D/PackageUtil(12234): idx=-1
D/PackageUtil(12234): className=com.test.logic.service_accesser.BOCServiceAccesser
D/PackageUtil(12234): idx=-1
D/PackageUtil(12234): className=com.test.logic.service_accesser.CBCServiceAccesser
D/PackageUtil(12234): idx=-1
D/PackageUtil(12234): className=com.test.logic.service_accesser.ICBCServiceAccesser
D/PackageUtil(12234): idx=-1
D/PackageUtil(12234): className=com.test.logic.service_accesser.RKServiceAccesser
D/PackageUtil(12234): idx=-1
D/PackageUtil(12234): className=com.test.logic.service_accesser.UMSServiceAccesser
D/PackageUtil(12234): idx=-1
D/PackageUtil(12234): className=com.test.logic.service_accesser.VFIServiceAccesser
D/PackageUtil(12234): idx=-1
D/PackageUtil(12234): className=com.test.logic.service_accesser.interfaces.ServiceAccessInterface
D/PackageUtil(12234): idx=10
D/PackageUtil(12234): className=com.test.logic.service_accesser.service_accesser.ServiceAccesser
D/PackageUtil(12234): idx=16
D/ServiceTester(12234): ClassFullName[com.test.logic.service_accesser.ADCServiceAccesser]
D/ServiceTester(12234): ClassName[ADCServiceAccesser]
D/ServiceTester(12234): Module package path=[com.test.logic.testmodules.adc_modules].
D/ServiceTester(12234): ClassFullName[com.test.logic.service_accesser.BOCServiceAccesser]
D/ServiceTester(12234): ClassName[BOCServiceAccesser]
D/ServiceTester(12234): Module package path=[com.test.logic.testmodules.boc_modules].
D/PackageUtil(12234): className=com.test.logic.testmodules.boc_modules.BeepTestCase
D/PackageUtil(12234): idx=-1
D/PackageUtil(12234): className=com.test.logic.testmodules.boc_modules.CardReaderTestCase
D/PackageUtil(12234): idx=-1
D/PackageUtil(12234): className=com.test.logic.testmodules.boc_modules.DeviceInfoTestCase
D/PackageUtil(12234): idx=-1
D/PackageUtil(12234): className=com.test.logic.testmodules.boc_modules.DeviceServiceTestCase
D/PackageUtil(12234): idx=-1
D/PackageUtil(12234): className=com.test.logic.testmodules.boc_modules.ICCardTestCase
D/PackageUtil(12234): idx=-1
D/PackageUtil(12234): className=com.test.logic.testmodules.boc_modules.LedTestCase
D/PackageUtil(12234): idx=-1
D/PackageUtil(12234): className=com.test.logic.testmodules.boc_modules.PinpadTestCase
D/PackageUtil(12234): idx=-1
D/PackageUtil(12234): className=com.test.logic.testmodules.boc_modules.PrinterTestCase
D/PackageUtil(12234): idx=-1
D/PackageUtil(12234): className=com.test.logic.testmodules.boc_modules.RFCardTestCase
D/PackageUtil(12234): idx=-1
D/PackageUtil(12234): className=com.test.logic.testmodules.boc_modules.ScannerTestCase
D/PackageUtil(12234): idx=-1
D/PackageUtil(12234): className=com.test.logic.testmodules.boc_modules.SwiperTestCase
D/PackageUtil(12234): idx=-1
D/PackageUtil(12234): className=com.test.logic.testmodules.boc_modules.TerminalManageTestCase
D/PackageUtil(12234): idx=-1
D/PackageUtil(12234): className=com.test.logic.testmodules.boc_modules.common.DeviceService
D/PackageUtil(12234): idx=6
D/ServiceTester(12234): ClassName[com.test.logic.testmodules.boc_modules.BeepTestCase]
D/ServiceTester(12234): ModuleName[BeepTestCase]
D/ServiceTester(12234): ClassName[com.test.logic.testmodules.boc_modules.CardReaderTestCase]
D/ServiceTester(12234): ModuleName[CardReaderTestCase]
D/ServiceTester(12234): ClassName[com.test.logic.testmodules.boc_modules.DeviceInfoTestCase]
D/ServiceTester(12234): ModuleName[DeviceInfoTestCase]
D/ServiceTester(12234): ClassName[com.test.logic.testmodules.boc_modules.DeviceServiceTestCase]
D/ServiceTester(12234): ModuleName[DeviceServiceTestCase]
D/ServiceTester(12234): ClassName[com.test.logic.testmodules.boc_modules.ICCardTestCase]
D/ServiceTester(12234): ModuleName[ICCardTestCase]
D/ServiceTester(12234): ClassName[com.test.logic.testmodules.boc_modules.LedTestCase]
D/ServiceTester(12234): ModuleName[LedTestCase]
D/ServiceTester(12234): ClassName[com.test.logic.testmodules.boc_modules.PinpadTestCase]
D/ServiceTester(12234): ModuleName[PinpadTestCase]
D/ServiceTester(12234): ClassName[com.test.logic.testmodules.boc_modules.PrinterTestCase]
D/ServiceTester(12234): ModuleName[PrinterTestCase]
D/ServiceTester(12234): ClassName[com.test.logic.testmodules.boc_modules.RFCardTestCase]
D/ServiceTester(12234): ModuleName[RFCardTestCase]
D/ServiceTester(12234): ClassName[com.test.logic.testmodules.boc_modules.ScannerTestCase]
D/ServiceTester(12234): ModuleName[ScannerTestCase]
D/ServiceTester(12234): ClassName[com.test.logic.testmodules.boc_modules.SwiperTestCase]
D/ServiceTester(12234): ModuleName[SwiperTestCase]
D/ServiceTester(12234): ClassName[com.test.logic.testmodules.boc_modules.TerminalManageTestCase]
D/ServiceTester(12234): ModuleName[TerminalManageTestCase]
D/ServiceTester(12234): ClassFullName[com.test.logic.service_accesser.CBCServiceAccesser]
D/ServiceTester(12234): ClassName[CBCServiceAccesser]
D/ServiceTester(12234): Module package path=[com.test.logic.testmodules.cbc_modules].
D/ServiceTester(12234): ClassFullName[com.test.logic.service_accesser.ICBCServiceAccesser]
D/ServiceTester(12234): ClassName[ICBCServiceAccesser]
D/ServiceTester(12234): Module package path=[com.test.logic.testmodules.icbc_modules].
D/PackageUtil(12234): className=com.test.logic.testmodules.icbc_modules.ModuleExternalSerial
D/PackageUtil(12234): idx=-1
D/PackageUtil(12234): className=com.test.logic.testmodules.icbc_modules.ModulePinpad
D/PackageUtil(12234): idx=-1
D/PackageUtil(12234): className=com.test.logic.testmodules.icbc_modules.common.DeviceService
D/PackageUtil(12234): idx=6
D/ServiceTester(12234): ClassName[com.test.logic.testmodules.icbc_modules.ModuleExternalSerial]
D/ServiceTester(12234): ModuleName[ModuleExternalSerial]
D/ServiceTester(12234): ClassName[com.test.logic.testmodules.icbc_modules.ModulePinpad]
D/ServiceTester(12234): ModuleName[ModulePinpad]
D/ServiceTester(12234): ClassFullName[com.test.logic.service_accesser.RKServiceAccesser]
D/ServiceTester(12234): ClassName[RKServiceAccesser]
D/ServiceTester(12234): Module package path=[com.test.logic.testmodules.rk_modules].
D/PackageUtil(12234): className=com.test.logic.testmodules.rk_modules.ModuleScanner
D/PackageUtil(12234): idx=-1
D/PackageUtil(12234): className=com.test.logic.testmodules.rk_modules.common.DeviceService
D/PackageUtil(12234): idx=6
D/ServiceTester(12234): ClassName[com.test.logic.testmodules.rk_modules.ModuleScanner]
D/ServiceTester(12234): ModuleName[ModuleScanner]
D/ServiceTester(12234): ClassFullName[com.test.logic.service_accesser.UMSServiceAccesser]
D/ServiceTester(12234): ClassName[UMSServiceAccesser]
D/ServiceTester(12234): Module package path=[com.test.logic.testmodules.ums_modules].
D/com.socsi.thread.MtmsDownloadThread( 4647): 【进入应用下载时机检查线程】
D/com.socsi.thread.MtmsDownloadThread( 4647): 没有应用需要下载，不需要检查
D/com.socsi.thread.MtmsDownloadThread( 4647): ------------下载时机检查 over------------------
D/ServiceTester(12234): ClassFullName[com.test.logic.service_accesser.VFIServiceAccesser]
D/ServiceTester(12234): ClassName[VFIServiceAccesser]
D/ServiceTester(12234): Module package path=[com.test.logic.testmodules.vfi_modules].
D/PackageUtil(12234): className=com.test.logic.testmodules.vfi_modules.ModulePinpad
D/PackageUtil(12234): idx=-1
D/PackageUtil(12234): className=com.test.logic.testmodules.vfi_modules.common.DeviceService
D/PackageUtil(12234): idx=6
D/ServiceTester(12234): ClassName[com.test.logic.testmodules.vfi_modules.ModulePinpad]
D/ServiceTester(12234): ModuleName[ModulePinpad]
I/ViewRootImpl(12234): CPU Rendering VSync enable = true
D/OpenGLRenderer(12234): Use EGL_SWAP_BEHAVIOR_PRESERVED: true
D/Atlas   (12234): Validating map...
V/WindowManager(  791): Adding window Window{d45a420 u0 com.test.ui.activities.nihao/com.test.ui.activities.MainActivity} at 4 of 10 (before Window{900c78f u0 Starting com.test.ui.activities.nihao})
I/Adreno-EGL(12234): <qeglDrvAPI_eglInitialize:379>: EGL 1.4 QUALCOMM build: AU_LINUX_ANDROID_LA.BR.1.2.3_RB1.05.01.00.036.053_msm8909_LA.BR.1.2.3_RB1__release_AU (Ibddc658e36)
I/Adreno-EGL(12234): OpenGL ES Shader Compiler Version: E031.25.03.04
I/Adreno-EGL(12234): Build Date: 09/10/15 Thu
I/Adreno-EGL(12234): Local Branch: mybranch13976726
I/Adreno-EGL(12234): Remote Branch: quic/LA.BR.1.2.3_rb1.79
I/Adreno-EGL(12234): Local Patches: NONE
I/Adreno-EGL(12234): Reconstruct Branch: AU_LINUX_ANDROID_LA.BR.1.2.3_RB1.05.01.00.036.053 + 7c4888a + 22ca218 + 855d166 + 95575a0 + 4193eef + 64d916f + 88f4cbe + c272012 + 046ce63 + 9b2bddc + d5b5339 + a2bdc2f +  NOTHING
I/OpenGLRenderer(12234): Initialized EGL, version 1.4
D/OpenGLRenderer(12234): Enabling debug mode 0
I/ActivityManager(  791): Displayed com.test.ui.activities.nihao/com.test.ui.activities.MainActivity: +1s44ms (total +13s183ms)
I/Timeline(  791): Timeline: Activity_windows_visible id: ActivityRecord{26c04b16 u0 com.test.ui.activities.nihao/com.test.ui.activities.MainActivity t1024} time:43147903
I/SurfaceFlinger(  259): FPS: 44
I/Timeline(12234): Timeline: Activity_idle id: android.os.BinderProxy@12421135 time:43147940
W/QueryController( 6033): Could not detect idle state.
D/UIAutomatorStub( 6033): URI: /jsonrpc/0, Method: POST, params, {NanoHttpd.QUERY_STRING=null}, files: {postData={"jsonrpc": "2.0", "id": "724a953e32e75af15775cb4b2d17586f", "method": "objInfo", "params": [{"mask": 1, "childOrSibling": [], "childOrSiblingSelector": [], "text": "\u6d4b\u8bd5\u5de5\u5177"}]}}
W/QueryController( 6033): Could not detect idle state.
W/QueryController( 6033): Could not detect idle state.
W/QueryController( 6033): Could not detect idle state.
W/QueryController( 6033): Could not detect idle state.
W/QueryController( 6033): Could not detect idle state.
W/QueryController( 6033): Could not detect idle state.
W/QueryController( 6033): Could not detect idle state.
W/QueryController( 6033): Could not detect idle state.
W/QueryController( 6033): Could not detect idle state.
W/QueryController( 6033): Could not detect idle state.
W/QueryController( 6033): Could not detect idle state.
W/QueryController( 6033): Could not detect idle state.
W/QueryController( 6033): Could not detect idle state.
W/QueryController( 6033): Could not detect idle state.
W/QueryController( 6033): Could not detect idle state.
W/QueryController( 6033): Could not detect idle state.
W/QueryController( 6033): Could not detect idle state.
W/QueryController( 6033): Could not detect idle state.
D/UIAutomatorStub( 6033): URI: /jsonrpc/0, Method: POST, params, {NanoHttpd.QUERY_STRING=null}, files: {postData={"jsonrpc": "2.0", "id": "c918a548aaeeab7d10fd3b0273efc306", "method": "click", "params": [360.0, 1089.0]}}
D/InteractionController( 6033): clickNoSync (360, 1089)
D/MainActivity(12234): Entry[测试工具] been clicked
E/AudioPolicyManager(  274): unknown stream type 13
E/AudioPolicyManager(  274): unknown stream type 13
E/AudioPolicyManager(  274): unknown stream type 13
E/AudioPolicyManager(  274): unknown stream type 13
E/AudioPolicyManager(  274): unknown stream type 13
E/AudioPolicyManager(  274): unknown stream type 13
E/AudioPolicyManager(  274): unknown stream type 13
E/AudioPolicyManager(  274): unknown stream type 13
E/AudioPolicyManager(  274): unknown stream type 13
I/Timeline(12234): Timeline: Activity_launch_request id:com.test.ui.activities.nihao time:43148271
I/ActivityManager(  791): START u0 {cmp=com.test.ui.activities.nihao/com.test.ui.activities.other.test_tools.TestToolsActivity} from uid 10132 on display 0
D/audio_hw_primary(  274): start_output_stream: enter: stream(0xb82a71e0)usecase(1: low-latency-playback) devices(0x2)
D/audio_hw_primary(  274): select_devices: out_snd_device(2: speaker) in_snd_device(0: )
D/hardware_info(  274): hw_info_append_hw_type : device_name = speaker
I/soundtrigger(  274): audio_extn_sound_trigger_update_device_status: device 0x2 of type 0 for Event 1, with Raise=0
V/WindowManager(  791): addAppToken: AppWindowToken{1229faa token=Token{258bb295 ActivityRecord{1d30e24c u0 com.test.ui.activities.nihao/com.test.ui.activities.other.test_tools.TestToolsActivity t1024}}} to stack=1 task=1024 at 1
W/audio_hw_utils(  274): audio_extn_utils_update_stream_app_type_cfg: App type could not be selected. Falling back to default
I/audio_hw_primary(  274): select_devices Selected apptype: 69936
D/soundtrigger(  274): audio_extn_sound_trigger_update_stream_status: uc_id 1 of type 0 for Event 3, with Raise=0
D/ACDB-LOADER(  274): ACDB -> send_audio_cal, acdb_id = 14, path =  0
D/ACDB-LOADER(  274): ACDB -> send_asm_topology
D/ACDB-LOADER(  274): ACDB -> ACDB_CMD_GET_AUDPROC_STREAM_TOPOLOGY_ID
D/ACDB-LOADER(  274): ACDB -> send_adm_topology
D/ACDB-LOADER(  274): ACDB -> ACDB_CMD_GET_AUDPROC_COMMON_TOPOLOGY_ID
D/ACDB-LOADER(  274): ACDB -> send_audtable
D/ACDB-LOADER(  274): ACDB -> ACDB_CMD_GET_AUDPROC_COMMON_TABLE
D/ACDB-LOADER(  274): ACDB -> AUDIO_SET_AUDPROC_CAL
D/ACDB-LOADER(  274): ACDB -> send_audvoltable
D/ACDB-LOADER(  274): ACDB -> ACDB_CMD_GET_AUDPROC_GAIN_DEP_STEP_TABLE
D/ACDB-LOADER(  274): ACDB -> AUDIO_SET_AUDPROC_VOL_CAL
D/ACDB-LOADER(  274): ACDB -> send_afe_cal
D/ACDB-LOADER(  274): ACDB -> ACDB_CMD_GET_AFE_COMMON_TABLE
D/ACDB-LOADER(  274): ACDB -> AUDIO_SET_AFE_CAL
D/ACDB-LOADER(  274): ACDB -> send_hw_delay : acdb_id = 14 path = 0
D/ACDB-LOADER(  274): ACDB -> ACDB_AVSYNC_INFO: ACDB_CMD_GET_DEVICE_PROPERTY
I/audio_hw_utils(  274): audio_extn_utils_send_app_type_cfg app_type 69936, acdb_dev_id 14, sample_rate 48000
D/audio_hw_primary(  274): select_devices: done
D/wpa_supplicant(27986): wlan0: Control interface command 'SIGNAL_POLL'
D/UIAutomatorStub( 6033): URI: /jsonrpc/0, Method: POST, params, {NanoHttpd.QUERY_STRING=null}, files: {postData={"jsonrpc": "2.0", "id": "ad806dd63df0dfd0a551057e5adbe347", "method": "waitForExists", "params": [{"mask": 1, "childOrSibling": [], "childOrSiblingSelector": [], "text": "\u6d4b\u8bd5\u5de5\u5177"}, 5000]}}
W/QueryController( 6033): Could not detect idle state.
D/MyApplication(12234): Add activity=com.test.ui.activities.other.test_tools.TestToolsActivity
I/ViewRootImpl(12234): CPU Rendering VSync enable = true
V/WindowManager(  791): Adding window Window{3cafd738 u0 com.test.ui.activities.nihao/com.test.ui.activities.other.test_tools.TestToolsActivity} at 5 of 10 (after Window{d45a420 u0 com.test.ui.activities.nihao/com.test.ui.activities.MainActivity})
I/ActivityManager(  791): Displayed com.test.ui.activities.nihao/com.test.ui.activities.other.test_tools.TestToolsActivity: +138ms
E/AudioPolicyManager(  274): unknown stream type 13
E/AudioPolicyManager(  274): unknown stream type 13
E/AudioPolicyManager(  274): unknown stream type 13
E/AudioPolicyManager(  274): unknown stream type 13
E/AudioPolicyManager(  274): unknown stream type 13
E/AudioPolicyManager(  274): unknown stream type 13
E/AudioPolicyManager(  274): unknown stream type 13
E/AudioPolicyManager(  274): unknown stream type 13
E/AudioPolicyManager(  274): unknown stream type 13
E/AudioPolicyManager(  274): unknown stream type 13
E/AudioPolicyManager(  274): unknown stream type 13
E/AudioPolicyManager(  274): unknown stream type 13
E/AudioPolicyManager(  274): unknown stream type 13
E/AudioPolicyManager(  274): unknown stream type 13
E/AudioPolicyManager(  274): unknown stream type 13
E/AudioPolicyManager(  274): unknown stream type 13
E/AudioPolicyManager(  274): unknown stream type 13
D/OpenGLRenderer(12234): endAllStagingAnimators on 0xb80b0e08 (RippleDrawable) with handle 0xb8096120
I/Timeline(12234): Timeline: Activity_idle id: android.os.BinderProxy@1a84c7 time:43148486
W/ByMatcher( 6033): Node returned null child: android.view.accessibility.AccessibilityNodeInfo@800080d4; boundsInParent: Rect(0, 0 - 720, 1280); boundsInScreen: Rect(0, 0 - 720, 1280); packageName: com.test.ui.activities.nihao; className: android.widget.FrameLayout; text: null; error: null; maxTextLength: -1; contentDescription: null; viewIdResName: null; checkable: false; checked: false; focusable: false; focused: false; selected: false; clickable: false; longClickable: false; enabled: true; password: false; scrollable: false; actions: [AccessibilityAction: ACTION_SELECT - null, AccessibilityAction: ACTION_CLEAR_SELECTION - null, AccessibilityAction: ACTION_ACCESSIBILITY_FOCUS - null]
W/ByMatcher( 6033): Skipping null child (0 of 2)
W/ByMatcher( 6033): Skipping null child (1 of 2)
W/ByMatcher( 6033): Node returned null child: android.view.accessibility.AccessibilityNodeInfo@800080d4; boundsInParent: Rect(0, 0 - 720, 1280); boundsInScreen: Rect(0, 0 - 720, 1280); packageName: com.test.ui.activities.nihao; className: android.widget.FrameLayout; text: null; error: null; maxTextLength: -1; contentDescription: null; viewIdResName: null; checkable: false; checked: false; focusable: false; focused: false; selected: false; clickable: false; longClickable: false; enabled: true; password: false; scrollable: false; actions: [AccessibilityAction: ACTION_SELECT - null, AccessibilityAction: ACTION_CLEAR_SELECTION - null, AccessibilityAction: ACTION_ACCESSIBILITY_FOCUS - null]
W/ByMatcher( 6033): Skipping null child (0 of 2)
W/ByMatcher( 6033): Skipping null child (1 of 2)
D/com.socsi.thread.UploadResultThread( 4647): 【进入应用下载结果上送线程】
D/com.socsi.thread.UploadResultThread( 4647): ..........终端无应用下载/更新结果可以上送
D/com.socsi.thread.UploadResultThread( 4647): ------------结果上送over------------------
I/Timeline(  791): Timeline: Activity_windows_visible id: ActivityRecord{1d30e24c u0 com.test.ui.activities.nihao/com.test.ui.activities.other.test_tools.TestToolsActivity t1024} time:43148808
W/QueryController( 6033): Could not detect idle state.
W/QueryController( 6033): Could not detect idle state.
D/TaskPersister(  791): removeObsoleteFile: deleting file=1023_task.xml
V/WLAN_PSA(  281): NL MSG, len[4075], NL type[0x1C] WNI type[0x5900] len[54031]
V/WLAN_PSA(  281): NL MSG, PID: 281
D/wpa_supplicant(27986): wlan0: Control interface command 'SIGNAL_POLL'
D/audio_hw_primary(  274): out_standby: enter: stream (0xb82a71e0) usecase(1: low-latency-playback)
D/soundtrigger(  274): audio_extn_sound_trigger_update_stream_status: uc_id 1 of type 0 for Event 2, with Raise=0
D/hardware_info(  274): hw_info_append_hw_type : device_name = speaker
I/soundtrigger(  274): audio_extn_sound_trigger_update_device_status: device 0x2 of type 0 for Event 0, with Raise=0
W/QueryController( 6033): Could not detect idle state.
W/QueryController( 6033): Could not detect idle state.
W/QueryController( 6033): Could not detect idle state.
