--------- beginning of main
D/wpa_supplicant(27986): wlan0: Control interface command 'SIGNAL_POLL'
D/AndroidRuntime(12058): >>>>>> START com.android.internal.os.RuntimeInit uid 2000 <<<<<<
D/AndroidRuntime(12058): CheckJNI is OFF
D/AndroidRuntime(12058): Calling main entry com.android.commands.pm.Pm
I/art     (12058): System.exit called, status: 0
I/AndroidRuntime(12058): VM exiting with result code 0.
V/WLAN_PSA(  281): NL MSG, len[4048], NL type[0x1C] WNI type[0x5900] len[47119]
V/WLAN_PSA(  281): NL MSG, PID: 281
D/AndroidRuntime(12073): >>>>>> START com.android.internal.os.RuntimeInit uid 2000 <<<<<<
D/AndroidRuntime(12073): CheckJNI is OFF
D/AndroidRuntime(12073): Calling main entry com.android.commands.pm.Pm
I/art     (12073): System.exit called, status: 0
I/AndroidRuntime(12073): VM exiting with result code 0.
D/AndroidRuntime(12088): >>>>>> START com.android.internal.os.RuntimeInit uid 2000 <<<<<<
D/AndroidRuntime(12088): CheckJNI is OFF
D/AndroidRuntime(12088): Calling main entry com.android.commands.monkey.Monkey
--------- beginning of system
W/BroadcastQueue(  791): Skipping deliver [background] BroadcastRecord{a47fad2 u-1 android.net.conn.CONNECTIVITY_CHANGE} to ReceiverList{1f7df7a3 12088 (unknown name)/2000/u-1 remote:30c96f34}: process crashing
I/Timeline(12088): Timeline: Activity_launch_request id:com.test.ui.activities.nihao time:43111128
I/ActivityManager(  791): START u0 {act=android.intent.action.MAIN cat=[android.intent.category.LAUNCHER] flg=0x10200000 cmp=com.test.ui.activities.nihao/com.test.ui.activities.MainActivity} from uid 2000 on display 0
V/WindowManager(  791): addAppToken: AppWindowToken{1786f21e token=Token{a4b659 ActivityRecord{35284aa0 u0 com.test.ui.activities.nihao/com.test.ui.activities.MainActivity t1022}}} to stack=1 task=1022 at 0
I/ViewRootImpl(  791): CPU Rendering VSync enable = true
V/WindowManager(  791): Adding window Window{3f05d791 u0 Starting com.test.ui.activities.nihao} at 4 of 9 (after Window{bc046b1 u0 com.verifone.scb.presentation/com.verifone.adc.presentation.view.activities.MainActivity})
I/SurfaceFlinger(  259): FPS: 1
D/MyApplication(12020): Add activity=com.test.ui.activities.MainActivity
W/art     (12020): Before Android 4.1, method android.graphics.PorterDuffColorFilter android.support.graphics.drawable.VectorDrawableCompat.updateTintFilter(android.graphics.PorterDuffColorFilter, android.content.res.ColorStateList, android.graphics.PorterDuff$Mode) would have incorrectly overridden the package-private method in android.graphics.drawable.Drawable
I/art     (12088): System.exit called, status: 0
I/AndroidRuntime(12088): VM exiting with result code 0.
D/UIAutomatorStub( 6033): URI: /jsonrpc/0, Method: POST, params, {NanoHttpd.QUERY_STRING=null}, files: {postData={"jsonrpc": "2.0", "id": "be802e4874dc9d10f079714acdcbbc1c", "method": "waitForExists", "params": [{"mask": 1, "childOrSibling": [], "childOrSiblingSelector": [], "text": "\u6d4b\u8bd5\u5de5\u5177"}, 5000]}}
W/QueryController( 6033): Could not detect idle state.
D/PackageUtil(12020): className=com.test.logic.service_accesser.ADCServiceAccesser
D/PackageUtil(12020): idx=-1
D/PackageUtil(12020): className=com.test.logic.service_accesser.BOCServiceAccesser
D/PackageUtil(12020): idx=-1
D/PackageUtil(12020): className=com.test.logic.service_accesser.CBCServiceAccesser
D/PackageUtil(12020): idx=-1
D/PackageUtil(12020): className=com.test.logic.service_accesser.ICBCServiceAccesser
D/PackageUtil(12020): idx=-1
D/PackageUtil(12020): className=com.test.logic.service_accesser.RKServiceAccesser
D/PackageUtil(12020): idx=-1
D/PackageUtil(12020): className=com.test.logic.service_accesser.UMSServiceAccesser
D/PackageUtil(12020): idx=-1
D/PackageUtil(12020): className=com.test.logic.service_accesser.VFIServiceAccesser
D/PackageUtil(12020): idx=-1
D/PackageUtil(12020): className=com.test.logic.service_accesser.interfaces.ServiceAccessInterface
D/PackageUtil(12020): idx=10
D/PackageUtil(12020): className=com.test.logic.service_accesser.service_accesser.ServiceAccesser
D/PackageUtil(12020): idx=16
D/ServiceTester(12020): ClassFullName[com.test.logic.service_accesser.ADCServiceAccesser]
D/ServiceTester(12020): ClassName[ADCServiceAccesser]
D/ServiceTester(12020): Module package path=[com.test.logic.testmodules.adc_modules].
W/UiDevice( 6033): Skipping null root node for window: AccessibilityWindowInfo[id=12, type=TYPE_APPLICATION, layer=21015, bounds=Rect(0, 0 - 720, 1280), focused=true, active=true, hasParent=false, hasChildren=false]
D/ServiceTester(12020): ClassFullName[com.test.logic.service_accesser.BOCServiceAccesser]
D/ServiceTester(12020): ClassName[BOCServiceAccesser]
D/ServiceTester(12020): Module package path=[com.test.logic.testmodules.boc_modules].
D/PackageUtil(12020): className=com.test.logic.testmodules.boc_modules.BeepTestCase
D/PackageUtil(12020): idx=-1
D/PackageUtil(12020): className=com.test.logic.testmodules.boc_modules.CardReaderTestCase
D/PackageUtil(12020): idx=-1
D/PackageUtil(12020): className=com.test.logic.testmodules.boc_modules.DeviceInfoTestCase
D/PackageUtil(12020): idx=-1
D/PackageUtil(12020): className=com.test.logic.testmodules.boc_modules.DeviceServiceTestCase
D/PackageUtil(12020): idx=-1
D/PackageUtil(12020): className=com.test.logic.testmodules.boc_modules.ICCardTestCase
D/PackageUtil(12020): idx=-1
D/PackageUtil(12020): className=com.test.logic.testmodules.boc_modules.LedTestCase
D/PackageUtil(12020): idx=-1
D/PackageUtil(12020): className=com.test.logic.testmodules.boc_modules.PinpadTestCase
D/PackageUtil(12020): idx=-1
D/PackageUtil(12020): className=com.test.logic.testmodules.boc_modules.PrinterTestCase
D/PackageUtil(12020): idx=-1
D/PackageUtil(12020): className=com.test.logic.testmodules.boc_modules.RFCardTestCase
D/PackageUtil(12020): idx=-1
D/PackageUtil(12020): className=com.test.logic.testmodules.boc_modules.ScannerTestCase
D/PackageUtil(12020): idx=-1
D/PackageUtil(12020): className=com.test.logic.testmodules.boc_modules.SwiperTestCase
D/PackageUtil(12020): idx=-1
D/PackageUtil(12020): className=com.test.logic.testmodules.boc_modules.TerminalManageTestCase
D/PackageUtil(12020): idx=-1
D/PackageUtil(12020): className=com.test.logic.testmodules.boc_modules.common.DeviceService
D/PackageUtil(12020): idx=6
D/ServiceTester(12020): ClassName[com.test.logic.testmodules.boc_modules.BeepTestCase]
D/ServiceTester(12020): ModuleName[BeepTestCase]
D/ServiceTester(12020): ClassName[com.test.logic.testmodules.boc_modules.CardReaderTestCase]
D/ServiceTester(12020): ModuleName[CardReaderTestCase]
D/ServiceTester(12020): ClassName[com.test.logic.testmodules.boc_modules.DeviceInfoTestCase]
D/ServiceTester(12020): ModuleName[DeviceInfoTestCase]
D/ServiceTester(12020): ClassName[com.test.logic.testmodules.boc_modules.DeviceServiceTestCase]
D/ServiceTester(12020): ModuleName[DeviceServiceTestCase]
D/ServiceTester(12020): ClassName[com.test.logic.testmodules.boc_modules.ICCardTestCase]
D/ServiceTester(12020): ModuleName[ICCardTestCase]
D/ServiceTester(12020): ClassName[com.test.logic.testmodules.boc_modules.LedTestCase]
D/ServiceTester(12020): ModuleName[LedTestCase]
D/ServiceTester(12020): ClassName[com.test.logic.testmodules.boc_modules.PinpadTestCase]
D/ServiceTester(12020): ModuleName[PinpadTestCase]
D/ServiceTester(12020): ClassName[com.test.logic.testmodules.boc_modules.PrinterTestCase]
D/ServiceTester(12020): ModuleName[PrinterTestCase]
D/ServiceTester(12020): ClassName[com.test.logic.testmodules.boc_modules.RFCardTestCase]
D/ServiceTester(12020): ModuleName[RFCardTestCase]
D/ServiceTester(12020): ClassName[com.test.logic.testmodules.boc_modules.ScannerTestCase]
D/ServiceTester(12020): ModuleName[ScannerTestCase]
D/ServiceTester(12020): ClassName[com.test.logic.testmodules.boc_modules.SwiperTestCase]
D/ServiceTester(12020): ModuleName[SwiperTestCase]
D/ServiceTester(12020): ClassName[com.test.logic.testmodules.boc_modules.TerminalManageTestCase]
D/ServiceTester(12020): ModuleName[TerminalManageTestCase]
D/ServiceTester(12020): ClassFullName[com.test.logic.service_accesser.CBCServiceAccesser]
D/ServiceTester(12020): ClassName[CBCServiceAccesser]
D/ServiceTester(12020): Module package path=[com.test.logic.testmodules.cbc_modules].
D/ServiceTester(12020): ClassFullName[com.test.logic.service_accesser.ICBCServiceAccesser]
D/ServiceTester(12020): ClassName[ICBCServiceAccesser]
D/ServiceTester(12020): Module package path=[com.test.logic.testmodules.icbc_modules].
D/PackageUtil(12020): className=com.test.logic.testmodules.icbc_modules.ModuleExternalSerial
D/PackageUtil(12020): idx=-1
D/PackageUtil(12020): className=com.test.logic.testmodules.icbc_modules.ModulePinpad
D/PackageUtil(12020): idx=-1
D/PackageUtil(12020): className=com.test.logic.testmodules.icbc_modules.common.DeviceService
D/PackageUtil(12020): idx=6
D/ServiceTester(12020): ClassName[com.test.logic.testmodules.icbc_modules.ModuleExternalSerial]
D/ServiceTester(12020): ModuleName[ModuleExternalSerial]
D/ServiceTester(12020): ClassName[com.test.logic.testmodules.icbc_modules.ModulePinpad]
D/ServiceTester(12020): ModuleName[ModulePinpad]
D/ServiceTester(12020): ClassFullName[com.test.logic.service_accesser.RKServiceAccesser]
D/ServiceTester(12020): ClassName[RKServiceAccesser]
D/ServiceTester(12020): Module package path=[com.test.logic.testmodules.rk_modules].
D/PackageUtil(12020): className=com.test.logic.testmodules.rk_modules.ModuleScanner
D/PackageUtil(12020): idx=-1
D/PackageUtil(12020): className=com.test.logic.testmodules.rk_modules.common.DeviceService
D/PackageUtil(12020): idx=6
D/ServiceTester(12020): ClassName[com.test.logic.testmodules.rk_modules.ModuleScanner]
D/ServiceTester(12020): ModuleName[ModuleScanner]
D/ServiceTester(12020): ClassFullName[com.test.logic.service_accesser.UMSServiceAccesser]
D/ServiceTester(12020): ClassName[UMSServiceAccesser]
D/ServiceTester(12020): Module package path=[com.test.logic.testmodules.ums_modules].
D/ServiceTester(12020): ClassFullName[com.test.logic.service_accesser.VFIServiceAccesser]
D/ServiceTester(12020): ClassName[VFIServiceAccesser]
D/ServiceTester(12020): Module package path=[com.test.logic.testmodules.vfi_modules].
D/PackageUtil(12020): className=com.test.logic.testmodules.vfi_modules.ModulePinpad
D/PackageUtil(12020): idx=-1
D/PackageUtil(12020): className=com.test.logic.testmodules.vfi_modules.common.DeviceService
D/PackageUtil(12020): idx=6
D/ServiceTester(12020): ClassName[com.test.logic.testmodules.vfi_modules.ModulePinpad]
D/ServiceTester(12020): ModuleName[ModulePinpad]
I/ViewRootImpl(12020): CPU Rendering VSync enable = true
D/OpenGLRenderer(12020): Use EGL_SWAP_BEHAVIOR_PRESERVED: true
D/Atlas   (12020): Validating map...
V/WindowManager(  791): Adding window Window{b8559da u0 com.test.ui.activities.nihao/com.test.ui.activities.MainActivity} at 4 of 10 (before Window{3f05d791 u0 Starting com.test.ui.activities.nihao})
D/wpa_supplicant(27986): wlan0: Control interface command 'SIGNAL_POLL'
I/Adreno-EGL(12020): <qeglDrvAPI_eglInitialize:379>: EGL 1.4 QUALCOMM build: AU_LINUX_ANDROID_LA.BR.1.2.3_RB1.05.01.00.036.053_msm8909_LA.BR.1.2.3_RB1__release_AU (Ibddc658e36)
I/Adreno-EGL(12020): OpenGL ES Shader Compiler Version: E031.25.03.04
I/Adreno-EGL(12020): Build Date: 09/10/15 Thu
I/Adreno-EGL(12020): Local Branch: mybranch13976726
I/Adreno-EGL(12020): Remote Branch: quic/LA.BR.1.2.3_rb1.79
I/Adreno-EGL(12020): Local Patches: NONE
I/Adreno-EGL(12020): Reconstruct Branch: AU_LINUX_ANDROID_LA.BR.1.2.3_RB1.05.01.00.036.053 + 7c4888a + 22ca218 + 855d166 + 95575a0 + 4193eef + 64d916f + 88f4cbe + c272012 + 046ce63 + 9b2bddc + d5b5339 + a2bdc2f +  NOTHING
I/OpenGLRenderer(12020): Initialized EGL, version 1.4
D/OpenGLRenderer(12020): Enabling debug mode 0
I/ActivityManager(  791): Displayed com.test.ui.activities.nihao/com.test.ui.activities.MainActivity: +1s45ms (total +52s504ms)
I/Timeline(  791): Timeline: Activity_windows_visible id: ActivityRecord{35284aa0 u0 com.test.ui.activities.nihao/com.test.ui.activities.MainActivity t1022} time:43112184
I/SurfaceFlinger(  259): FPS: 45
I/Timeline(12020): Timeline: Activity_idle id: android.os.BinderProxy@12421135 time:43112228
W/QueryController( 6033): Could not detect idle state.
D/UIAutomatorStub( 6033): URI: /jsonrpc/0, Method: POST, params, {NanoHttpd.QUERY_STRING=null}, files: {postData={"jsonrpc": "2.0", "id": "840cf46e949ecbdffeec5cd63ac51b42", "method": "objInfo", "params": [{"mask": 1, "childOrSibling": [], "childOrSiblingSelector": [], "text": "\u6d4b\u8bd5\u5de5\u5177"}]}}
W/QueryController( 6033): Could not detect idle state.
W/QueryController( 6033): Could not detect idle state.
W/QueryController( 6033): Could not detect idle state.
W/QueryController( 6033): Could not detect idle state.
W/QueryController( 6033): Could not detect idle state.
W/QueryController( 6033): Could not detect idle state.
W/QueryController( 6033): Could not detect idle state.
W/QueryController( 6033): Could not detect idle state.
W/QueryController( 6033): Could not detect idle state.
W/QueryController( 6033): Could not detect idle state.
W/QueryController( 6033): Could not detect idle state.
W/QueryController( 6033): Could not detect idle state.
W/QueryController( 6033): Could not detect idle state.
W/QueryController( 6033): Could not detect idle state.
W/QueryController( 6033): Could not detect idle state.
W/QueryController( 6033): Could not detect idle state.
W/QueryController( 6033): Could not detect idle state.
W/QueryController( 6033): Could not detect idle state.
D/UIAutomatorStub( 6033): URI: /jsonrpc/0, Method: POST, params, {NanoHttpd.QUERY_STRING=null}, files: {postData={"jsonrpc": "2.0", "id": "98b1f4590b5bdea40040af6fd6af3e71", "method": "click", "params": [360.0, 1089.0]}}
D/InteractionController( 6033): clickNoSync (360, 1089)
D/MainActivity(12020): Entry[测试工具] been clicked
I/Timeline(12020): Timeline: Activity_launch_request id:com.test.ui.activities.nihao time:43112612
I/ActivityManager(  791): START u0 {cmp=com.test.ui.activities.nihao/com.test.ui.activities.other.test_tools.TestToolsActivity} from uid 10132 on display 0
E/AudioPolicyManager(  274): unknown stream type 13
E/AudioPolicyManager(  274): unknown stream type 13
E/AudioPolicyManager(  274): unknown stream type 13
E/AudioPolicyManager(  274): unknown stream type 13
E/AudioPolicyManager(  274): unknown stream type 13
E/AudioPolicyManager(  274): unknown stream type 13
E/AudioPolicyManager(  274): unknown stream type 13
E/AudioPolicyManager(  274): unknown stream type 13
E/AudioPolicyManager(  274): unknown stream type 13
D/audio_hw_primary(  274): start_output_stream: enter: stream(0xb82a71e0)usecase(1: low-latency-playback) devices(0x2)
D/audio_hw_primary(  274): select_devices: out_snd_device(2: speaker) in_snd_device(0: )
D/hardware_info(  274): hw_info_append_hw_type : device_name = speaker
I/soundtrigger(  274): audio_extn_sound_trigger_update_device_status: device 0x2 of type 0 for Event 1, with Raise=0
V/WindowManager(  791): addAppToken: AppWindowToken{2db49794 token=Token{2dd04fe7 ActivityRecord{8ef39a6 u0 com.test.ui.activities.nihao/com.test.ui.activities.other.test_tools.TestToolsActivity t1022}}} to stack=1 task=1022 at 1
W/audio_hw_utils(  274): audio_extn_utils_update_stream_app_type_cfg: App type could not be selected. Falling back to default
I/audio_hw_primary(  274): select_devices Selected apptype: 69936
D/soundtrigger(  274): audio_extn_sound_trigger_update_stream_status: uc_id 1 of type 0 for Event 3, with Raise=0
D/ACDB-LOADER(  274): ACDB -> send_audio_cal, acdb_id = 14, path =  0
D/ACDB-LOADER(  274): ACDB -> send_asm_topology
D/ACDB-LOADER(  274): ACDB -> ACDB_CMD_GET_AUDPROC_STREAM_TOPOLOGY_ID
D/ACDB-LOADER(  274): ACDB -> send_adm_topology
D/ACDB-LOADER(  274): ACDB -> ACDB_CMD_GET_AUDPROC_COMMON_TOPOLOGY_ID
D/ACDB-LOADER(  274): ACDB -> send_audtable
D/ACDB-LOADER(  274): ACDB -> ACDB_CMD_GET_AUDPROC_COMMON_TABLE
D/ACDB-LOADER(  274): ACDB -> AUDIO_SET_AUDPROC_CAL
D/ACDB-LOADER(  274): ACDB -> send_audvoltable
D/ACDB-LOADER(  274): ACDB -> ACDB_CMD_GET_AUDPROC_GAIN_DEP_STEP_TABLE
D/ACDB-LOADER(  274): ACDB -> AUDIO_SET_AUDPROC_VOL_CAL
D/ACDB-LOADER(  274): ACDB -> send_afe_cal
D/ACDB-LOADER(  274): ACDB -> ACDB_CMD_GET_AFE_COMMON_TABLE
D/ACDB-LOADER(  274): ACDB -> AUDIO_SET_AFE_CAL
D/ACDB-LOADER(  274): ACDB -> send_hw_delay : acdb_id = 14 path = 0
D/ACDB-LOADER(  274): ACDB -> ACDB_AVSYNC_INFO: ACDB_CMD_GET_DEVICE_PROPERTY
I/audio_hw_utils(  274): audio_extn_utils_send_app_type_cfg app_type 69936, acdb_dev_id 14, sample_rate 48000
D/audio_hw_primary(  274): select_devices: done
D/UIAutomatorStub( 6033): URI: /jsonrpc/0, Method: POST, params, {NanoHttpd.QUERY_STRING=null}, files: {postData={"jsonrpc": "2.0", "id": "1ece732cc6afce78f26779f5d898851c", "method": "waitForExists", "params": [{"mask": 1, "childOrSibling": [], "childOrSiblingSelector": [], "text": "\u6d4b\u8bd5\u5de5\u5177"}, 5000]}}
D/MyApplication(12020): Add activity=com.test.ui.activities.other.test_tools.TestToolsActivity
W/QueryController( 6033): Could not detect idle state.
I/ViewRootImpl(12020): CPU Rendering VSync enable = true
V/WindowManager(  791): Adding window Window{9c54a32 u0 com.test.ui.activities.nihao/com.test.ui.activities.other.test_tools.TestToolsActivity} at 5 of 10 (after Window{b8559da u0 com.test.ui.activities.nihao/com.test.ui.activities.MainActivity})
I/ActivityManager(  791): Displayed com.test.ui.activities.nihao/com.test.ui.activities.other.test_tools.TestToolsActivity: +136ms
E/AudioPolicyManager(  274): unknown stream type 13
E/AudioPolicyManager(  274): unknown stream type 13
E/AudioPolicyManager(  274): unknown stream type 13
E/AudioPolicyManager(  274): unknown stream type 13
E/AudioPolicyManager(  274): unknown stream type 13
E/AudioPolicyManager(  274): unknown stream type 13
E/AudioPolicyManager(  274): unknown stream type 13
E/AudioPolicyManager(  274): unknown stream type 13
E/AudioPolicyManager(  274): unknown stream type 13
E/AudioPolicyManager(  274): unknown stream type 13
E/AudioPolicyManager(  274): unknown stream type 13
E/AudioPolicyManager(  274): unknown stream type 13
E/AudioPolicyManager(  274): unknown stream type 13
E/AudioPolicyManager(  274): unknown stream type 13
E/AudioPolicyManager(  274): unknown stream type 13
E/AudioPolicyManager(  274): unknown stream type 13
E/AudioPolicyManager(  274): unknown stream type 13
W/ByMatcher( 6033): Node returned null child: android.view.accessibility.AccessibilityNodeInfo@800080cc; boundsInParent: Rect(0, 0 - 720, 1280); boundsInScreen: Rect(0, 0 - 720, 1280); packageName: com.test.ui.activities.nihao; className: android.widget.FrameLayout; text: null; error: null; maxTextLength: -1; contentDescription: null; viewIdResName: null; checkable: false; checked: false; focusable: false; focused: false; selected: false; clickable: false; longClickable: false; enabled: true; password: false; scrollable: false; actions: [AccessibilityAction: ACTION_SELECT - null, AccessibilityAction: ACTION_CLEAR_SELECTION - null, AccessibilityAction: ACTION_ACCESSIBILITY_FOCUS - null]
W/ByMatcher( 6033): Skipping null child (0 of 2)
W/ByMatcher( 6033): Skipping null child (1 of 2)
W/ByMatcher( 6033): Node returned null child: android.view.accessibility.AccessibilityNodeInfo@800080cc; boundsInParent: Rect(0, 0 - 720, 1280); boundsInScreen: Rect(0, 0 - 720, 1280); packageName: com.test.ui.activities.nihao; className: android.widget.FrameLayout; text: null; error: null; maxTextLength: -1; contentDescription: null; viewIdResName: null; checkable: false; checked: false; focusable: false; focused: false; selected: false; clickable: false; longClickable: false; enabled: true; password: false; scrollable: false; actions: [AccessibilityAction: ACTION_SELECT - null, AccessibilityAction: ACTION_CLEAR_SELECTION - null, AccessibilityAction: ACTION_ACCESSIBILITY_FOCUS - null]
W/ByMatcher( 6033): Skipping null child (0 of 2)
W/ByMatcher( 6033): Skipping null child (1 of 2)
D/OpenGLRenderer(12020): endAllStagingAnimators on 0xb80b0cd8 (RippleDrawable) with handle 0xb8102b40
I/Timeline(12020): Timeline: Activity_idle id: android.os.BinderProxy@1a84c7 time:43112834
E/LocSvc_eng(  791): W/AgpsReleasedState: unrecognized event 3
D/ConnectivityService(  791): releasing NetworkRequest NetworkRequest [ id=14, legacyType=5, [ Transports: CELLULAR Capabilities: INTERNET&NOT_RESTRICTED&TRUSTED&NOT_VPN] ]
D/ConnectivityManager.CallbackHandler(  791): CM callback handler got msg 524296
I/Timeline(  791): Timeline: Activity_windows_visible id: ActivityRecord{8ef39a6 u0 com.test.ui.activities.nihao/com.test.ui.activities.other.test_tools.TestToolsActivity t1022} time:43113139
I/ServiceManager(11399): Waiting for service AtCmdFwd...
W/QueryController( 6033): Could not detect idle state.
I/ServiceManager(11399): Waiting for service AtCmdFwd...
W/QueryController( 6033): Could not detect idle state.
V/WLAN_PSA(  281): NL MSG, len[4039], NL type[0x1C] WNI type[0x5900] len[44815]
V/WLAN_PSA(  281): NL MSG, PID: 281
D/wpa_supplicant(27986): wlan0: Control interface command 'SIGNAL_POLL'
D/TaskPersister(  791): removeObsoleteFile: deleting file=1021_task.xml
I/ServiceManager(11399): Waiting for service AtCmdFwd...
D/audio_hw_primary(  274): out_standby: enter: stream (0xb82a71e0) usecase(1: low-latency-playback)
D/soundtrigger(  274): audio_extn_sound_trigger_update_stream_status: uc_id 1 of type 0 for Event 2, with Raise=0
D/hardware_info(  274): hw_info_append_hw_type : device_name = speaker
I/soundtrigger(  274): audio_extn_sound_trigger_update_device_status: device 0x2 of type 0 for Event 0, with Raise=0
W/QueryController( 6033): Could not detect idle state.
I/ServiceManager(11399): Waiting for service AtCmdFwd...
W/QueryController( 6033): Could not detect idle state.
I/ServiceManager(11399): Waiting for service AtCmdFwd...
W/QueryController( 6033): Could not detect idle state.
D/wpa_supplicant(27986): wlan0: Control interface command 'SIGNAL_POLL'
V/WLAN_PSA(  281): NL MSG, len[4026], NL type[0x1C] WNI type[0x5900] len[41487]
V/WLAN_PSA(  281): NL MSG, PID: 281
