--------- beginning of main
D/StatusBar.NetworkController( 3181): refreshViews: Data not connected!! Set no data type icon / Roaming
D/AndroidRuntime(12878): >>>>>> START com.android.internal.os.RuntimeInit uid 2000 <<<<<<
D/AndroidRuntime(12878): CheckJNI is OFF
D/AndroidRuntime(12878): Calling main entry com.android.commands.pm.Pm
I/art     (12878): System.exit called, status: 0
I/AndroidRuntime(12878): VM exiting with result code 0.
D/AndroidRuntime(12893): >>>>>> START com.android.internal.os.RuntimeInit uid 2000 <<<<<<
D/AndroidRuntime(12893): CheckJNI is OFF
D/wpa_supplicant(27986): wlan0: Control interface command 'SIGNAL_POLL'
V/WLAN_PSA(  281): NL MSG, len[4012], NL type[0x1C] WNI type[0x5900] len[37903]
V/WLAN_PSA(  281): NL MSG, PID: 281
D/AndroidRuntime(12893): Calling main entry com.android.commands.pm.Pm
I/art     (12893): System.exit called, status: 0
I/AndroidRuntime(12893): VM exiting with result code 0.
D/AndroidRuntime(12908): >>>>>> START com.android.internal.os.RuntimeInit uid 2000 <<<<<<
D/AndroidRuntime(12908): CheckJNI is OFF
D/AndroidRuntime(12908): Calling main entry com.android.commands.monkey.Monkey
--------- beginning of system
W/BroadcastQueue(  791): Skipping deliver [background] BroadcastRecord{13f41b18 u-1 android.net.conn.CONNECTIVITY_CHANGE} to ReceiverList{2bc10971 12908 (unknown name)/2000/u-1 remote:1801888a}: process crashing
I/Timeline(12908): Timeline: Activity_launch_request id:com.test.ui.activities.nihao time:44064615
I/ActivityManager(  791): START u0 {act=android.intent.action.MAIN cat=[android.intent.category.LAUNCHER] flg=0x10200000 cmp=com.test.ui.activities.nihao/com.test.ui.activities.MainActivity} from uid 2000 on display 0
V/WindowManager(  791): addAppToken: AppWindowToken{359bd0c4 token=Token{138efd7 ActivityRecord{3077a356 u0 com.test.ui.activities.nihao/com.test.ui.activities.MainActivity t1027}}} to stack=1 task=1027 at 0
W/SurfaceFlinger(  259): FB is protected: PERMISSION_DENIED
W/WindowManager(  791): Screenshot failure taking screenshot for (720x1280) to layer 21015
I/System.out( 3504): BaseMvpActivity : [(BaseMvpActivity.java:85)(OnPause)] ----onPause=MainActivity
I/ViewRootImpl(  791): CPU Rendering VSync enable = true
V/WindowManager(  791): Adding window Window{33fc02cf u0 Starting com.test.ui.activities.nihao} at 4 of 9 (after Window{bc046b1 u0 com.verifone.scb.presentation/com.verifone.adc.presentation.view.activities.MainActivity})
I/SurfaceFlinger(  259): FPS: 3
D/MyApplication(12459): Add activity=com.test.ui.activities.MainActivity
W/art     (12459): Before Android 4.1, method android.graphics.PorterDuffColorFilter android.support.graphics.drawable.VectorDrawableCompat.updateTintFilter(android.graphics.PorterDuffColorFilter, android.content.res.ColorStateList, android.graphics.PorterDuff$Mode) would have incorrectly overridden the package-private method in android.graphics.drawable.Drawable
I/art     (12908): System.exit called, status: 0
I/AndroidRuntime(12908): VM exiting with result code 0.
D/UIAutomatorStub( 6033): URI: /jsonrpc/0, Method: POST, params, {NanoHttpd.QUERY_STRING=null}, files: {postData={"jsonrpc": "2.0", "id": "2f3a4c91e0d4d5f3cd1ec5a92bae4138", "method": "waitForExists", "params": [{"mask": 1, "childOrSibling": [], "childOrSiblingSelector": [], "text": "\u6d4b\u8bd5\u5de5\u5177"}, 5000]}}
W/QueryController( 6033): Could not detect idle state.
W/UiDevice( 6033): Skipping null root node for window: AccessibilityWindowInfo[id=3018, type=TYPE_APPLICATION, layer=21015, bounds=Rect(0, 0 - 720, 1280), focused=true, active=true, hasParent=false, hasChildren=false]
D/PackageUtil(12459): className=com.test.logic.service_accesser.ADCServiceAccesser
D/PackageUtil(12459): idx=-1
D/PackageUtil(12459): className=com.test.logic.service_accesser.BOCServiceAccesser
D/PackageUtil(12459): idx=-1
D/PackageUtil(12459): className=com.test.logic.service_accesser.CBCServiceAccesser
D/PackageUtil(12459): idx=-1
D/PackageUtil(12459): className=com.test.logic.service_accesser.ICBCServiceAccesser
D/PackageUtil(12459): idx=-1
D/PackageUtil(12459): className=com.test.logic.service_accesser.RKServiceAccesser
D/PackageUtil(12459): idx=-1
D/PackageUtil(12459): className=com.test.logic.service_accesser.UMSServiceAccesser
D/PackageUtil(12459): idx=-1
D/PackageUtil(12459): className=com.test.logic.service_accesser.VFIServiceAccesser
D/PackageUtil(12459): idx=-1
D/PackageUtil(12459): className=com.test.logic.service_accesser.interfaces.ServiceAccessInterface
D/PackageUtil(12459): idx=10
D/PackageUtil(12459): className=com.test.logic.service_accesser.service_accesser.ServiceAccesser
D/PackageUtil(12459): idx=16
D/ServiceTester(12459): ClassFullName[com.test.logic.service_accesser.ADCServiceAccesser]
D/ServiceTester(12459): ClassName[ADCServiceAccesser]
D/ServiceTester(12459): Module package path=[com.test.logic.testmodules.adc_modules].
D/ServiceTester(12459): ClassFullName[com.test.logic.service_accesser.BOCServiceAccesser]
D/ServiceTester(12459): ClassName[BOCServiceAccesser]
D/ServiceTester(12459): Module package path=[com.test.logic.testmodules.boc_modules].
D/PackageUtil(12459): className=com.test.logic.testmodules.boc_modules.BeepTestCase
D/PackageUtil(12459): idx=-1
D/PackageUtil(12459): className=com.test.logic.testmodules.boc_modules.CardReaderTestCase
D/PackageUtil(12459): idx=-1
D/PackageUtil(12459): className=com.test.logic.testmodules.boc_modules.DeviceInfoTestCase
D/PackageUtil(12459): idx=-1
D/PackageUtil(12459): className=com.test.logic.testmodules.boc_modules.DeviceServiceTestCase
D/PackageUtil(12459): idx=-1
D/PackageUtil(12459): className=com.test.logic.testmodules.boc_modules.ICCardTestCase
D/PackageUtil(12459): idx=-1
D/PackageUtil(12459): className=com.test.logic.testmodules.boc_modules.LedTestCase
D/PackageUtil(12459): idx=-1
D/PackageUtil(12459): className=com.test.logic.testmodules.boc_modules.PinpadTestCase
D/PackageUtil(12459): idx=-1
D/PackageUtil(12459): className=com.test.logic.testmodules.boc_modules.PrinterTestCase
D/PackageUtil(12459): idx=-1
D/PackageUtil(12459): className=com.test.logic.testmodules.boc_modules.RFCardTestCase
D/PackageUtil(12459): idx=-1
D/PackageUtil(12459): className=com.test.logic.testmodules.boc_modules.ScannerTestCase
D/PackageUtil(12459): idx=-1
D/PackageUtil(12459): className=com.test.logic.testmodules.boc_modules.SwiperTestCase
D/PackageUtil(12459): idx=-1
D/PackageUtil(12459): className=com.test.logic.testmodules.boc_modules.TerminalManageTestCase
D/PackageUtil(12459): idx=-1
D/PackageUtil(12459): className=com.test.logic.testmodules.boc_modules.common.DeviceService
D/PackageUtil(12459): idx=6
D/ServiceTester(12459): ClassName[com.test.logic.testmodules.boc_modules.BeepTestCase]
D/ServiceTester(12459): ModuleName[BeepTestCase]
D/ServiceTester(12459): ClassName[com.test.logic.testmodules.boc_modules.CardReaderTestCase]
D/ServiceTester(12459): ModuleName[CardReaderTestCase]
D/ServiceTester(12459): ClassName[com.test.logic.testmodules.boc_modules.DeviceInfoTestCase]
D/ServiceTester(12459): ModuleName[DeviceInfoTestCase]
D/ServiceTester(12459): ClassName[com.test.logic.testmodules.boc_modules.DeviceServiceTestCase]
D/ServiceTester(12459): ModuleName[DeviceServiceTestCase]
D/ServiceTester(12459): ClassName[com.test.logic.testmodules.boc_modules.ICCardTestCase]
D/ServiceTester(12459): ModuleName[ICCardTestCase]
D/ServiceTester(12459): ClassName[com.test.logic.testmodules.boc_modules.LedTestCase]
D/ServiceTester(12459): ModuleName[LedTestCase]
D/ServiceTester(12459): ClassName[com.test.logic.testmodules.boc_modules.PinpadTestCase]
D/ServiceTester(12459): ModuleName[PinpadTestCase]
D/ServiceTester(12459): ClassName[com.test.logic.testmodules.boc_modules.PrinterTestCase]
D/ServiceTester(12459): ModuleName[PrinterTestCase]
D/ServiceTester(12459): ClassName[com.test.logic.testmodules.boc_modules.RFCardTestCase]
D/ServiceTester(12459): ModuleName[RFCardTestCase]
D/ServiceTester(12459): ClassName[com.test.logic.testmodules.boc_modules.ScannerTestCase]
D/ServiceTester(12459): ModuleName[ScannerTestCase]
D/ServiceTester(12459): ClassName[com.test.logic.testmodules.boc_modules.SwiperTestCase]
D/ServiceTester(12459): ModuleName[SwiperTestCase]
D/ServiceTester(12459): ClassName[com.test.logic.testmodules.boc_modules.TerminalManageTestCase]
D/ServiceTester(12459): ModuleName[TerminalManageTestCase]
D/ServiceTester(12459): ClassFullName[com.test.logic.service_accesser.CBCServiceAccesser]
D/ServiceTester(12459): ClassName[CBCServiceAccesser]
D/ServiceTester(12459): Module package path=[com.test.logic.testmodules.cbc_modules].
D/ServiceTester(12459): ClassFullName[com.test.logic.service_accesser.ICBCServiceAccesser]
D/ServiceTester(12459): ClassName[ICBCServiceAccesser]
D/ServiceTester(12459): Module package path=[com.test.logic.testmodules.icbc_modules].
D/PackageUtil(12459): className=com.test.logic.testmodules.icbc_modules.ModuleExternalSerial
D/PackageUtil(12459): idx=-1
D/PackageUtil(12459): className=com.test.logic.testmodules.icbc_modules.ModulePinpad
D/PackageUtil(12459): idx=-1
D/PackageUtil(12459): className=com.test.logic.testmodules.icbc_modules.common.DeviceService
D/PackageUtil(12459): idx=6
D/ServiceTester(12459): ClassName[com.test.logic.testmodules.icbc_modules.ModuleExternalSerial]
D/ServiceTester(12459): ModuleName[ModuleExternalSerial]
D/ServiceTester(12459): ClassName[com.test.logic.testmodules.icbc_modules.ModulePinpad]
D/ServiceTester(12459): ModuleName[ModulePinpad]
D/ServiceTester(12459): ClassFullName[com.test.logic.service_accesser.RKServiceAccesser]
D/ServiceTester(12459): ClassName[RKServiceAccesser]
D/ServiceTester(12459): Module package path=[com.test.logic.testmodules.rk_modules].
D/PackageUtil(12459): className=com.test.logic.testmodules.rk_modules.ModuleScanner
D/PackageUtil(12459): idx=-1
D/PackageUtil(12459): className=com.test.logic.testmodules.rk_modules.common.DeviceService
D/PackageUtil(12459): idx=6
D/ServiceTester(12459): ClassName[com.test.logic.testmodules.rk_modules.ModuleScanner]
D/ServiceTester(12459): ModuleName[ModuleScanner]
D/ServiceTester(12459): ClassFullName[com.test.logic.service_accesser.UMSServiceAccesser]
D/ServiceTester(12459): ClassName[UMSServiceAccesser]
D/ServiceTester(12459): Module package path=[com.test.logic.testmodules.ums_modules].
D/ServiceTester(12459): ClassFullName[com.test.logic.service_accesser.VFIServiceAccesser]
D/ServiceTester(12459): ClassName[VFIServiceAccesser]
D/ServiceTester(12459): Module package path=[com.test.logic.testmodules.vfi_modules].
D/PackageUtil(12459): className=com.test.logic.testmodules.vfi_modules.ModulePinpad
D/PackageUtil(12459): idx=-1
D/PackageUtil(12459): className=com.test.logic.testmodules.vfi_modules.common.DeviceService
D/PackageUtil(12459): idx=6
D/ServiceTester(12459): ClassName[com.test.logic.testmodules.vfi_modules.ModulePinpad]
D/ServiceTester(12459): ModuleName[ModulePinpad]
I/ViewRootImpl(12459): CPU Rendering VSync enable = true
D/OpenGLRenderer(12459): Use EGL_SWAP_BEHAVIOR_PRESERVED: true
D/Atlas   (12459): Validating map...
V/WindowManager(  791): Adding window Window{e1257de u0 com.test.ui.activities.nihao/com.test.ui.activities.MainActivity} at 4 of 10 (before Window{33fc02cf u0 Starting com.test.ui.activities.nihao})
I/Adreno-EGL(12459): <qeglDrvAPI_eglInitialize:379>: EGL 1.4 QUALCOMM build: AU_LINUX_ANDROID_LA.BR.1.2.3_RB1.05.01.00.036.053_msm8909_LA.BR.1.2.3_RB1__release_AU (Ibddc658e36)
I/Adreno-EGL(12459): OpenGL ES Shader Compiler Version: E031.25.03.04
I/Adreno-EGL(12459): Build Date: 09/10/15 Thu
I/Adreno-EGL(12459): Local Branch: mybranch13976726
I/Adreno-EGL(12459): Remote Branch: quic/LA.BR.1.2.3_rb1.79
I/Adreno-EGL(12459): Local Patches: NONE
I/Adreno-EGL(12459): Reconstruct Branch: AU_LINUX_ANDROID_LA.BR.1.2.3_RB1.05.01.00.036.053 + 7c4888a + 22ca218 + 855d166 + 95575a0 + 4193eef + 64d916f + 88f4cbe + c272012 + 046ce63 + 9b2bddc + d5b5339 + a2bdc2f +  NOTHING
I/OpenGLRenderer(12459): Initialized EGL, version 1.4
D/OpenGLRenderer(12459): Enabling debug mode 0
W/ResourceType( 3181): No package identifier when getting value for resource number 0x00000000
W/PackageManager( 3181): Failure retrieving resources for com.verifone.scb.presentation: Resource ID #0x0
I/SurfaceFlinger(  259): FPS: 56
I/ActivityManager(  791): Displayed com.test.ui.activities.nihao/com.test.ui.activities.MainActivity: +1s78ms
I/Timeline(  791): Timeline: Activity_windows_visible id: ActivityRecord{3077a356 u0 com.test.ui.activities.nihao/com.test.ui.activities.MainActivity t1027} time:44065707
I/Timeline(12459): Timeline: Activity_idle id: android.os.BinderProxy@12421135 time:44065743
I/System.out( 3504): BaseMvpActivity : [(BaseMvpActivity.java:102)(OnSaveInstanceState)] ----onSaveInstanceState=MainActivity
I/System.out( 3504): BasePresenter : [(BasePresenter.java:51)(DetachUI)] ============detachUI
I/System.out( 3504): BasePresenter : [(BasePresenter.java:53)(DetachUI)] UI=MainActivity
I/System.out( 3504): BaseMvpActivity : [(BaseMvpActivity.java:93)(OnStop)] ----onStop=MainActivity
I/System.out( 3504): BasePresenter : [(BasePresenter.java:51)(DetachUI)] ============detachUI
W/QueryController( 6033): Could not detect idle state.
D/UIAutomatorStub( 6033): URI: /jsonrpc/0, Method: POST, params, {NanoHttpd.QUERY_STRING=null}, files: {postData={"jsonrpc": "2.0", "id": "cb0ba55f27dac703d85fd6210f32ac69", "method": "objInfo", "params": [{"mask": 1, "childOrSibling": [], "childOrSiblingSelector": [], "text": "\u6d4b\u8bd5\u5de5\u5177"}]}}
W/QueryController( 6033): Could not detect idle state.
W/QueryController( 6033): Could not detect idle state.
W/QueryController( 6033): Could not detect idle state.
W/QueryController( 6033): Could not detect idle state.
W/QueryController( 6033): Could not detect idle state.
W/QueryController( 6033): Could not detect idle state.
W/QueryController( 6033): Could not detect idle state.
W/QueryController( 6033): Could not detect idle state.
W/QueryController( 6033): Could not detect idle state.
W/QueryController( 6033): Could not detect idle state.
W/QueryController( 6033): Could not detect idle state.
W/QueryController( 6033): Could not detect idle state.
W/QueryController( 6033): Could not detect idle state.
W/QueryController( 6033): Could not detect idle state.
W/QueryController( 6033): Could not detect idle state.
W/QueryController( 6033): Could not detect idle state.
W/QueryController( 6033): Could not detect idle state.
W/QueryController( 6033): Could not detect idle state.
D/UIAutomatorStub( 6033): URI: /jsonrpc/0, Method: POST, params, {NanoHttpd.QUERY_STRING=null}, files: {postData={"jsonrpc": "2.0", "id": "c1dde123456a16987e661d198e99c8f6", "method": "click", "params": [360.0, 1089.0]}}
D/InteractionController( 6033): clickNoSync (360, 1089)
D/MainActivity(12459): Entry[测试工具] been clicked
E/AudioPolicyManager(  274): unknown stream type 13
E/AudioPolicyManager(  274): unknown stream type 13
I/Timeline(12459): Timeline: Activity_launch_request id:com.test.ui.activities.nihao time:44066073
E/AudioPolicyManager(  274): unknown stream type 13
E/AudioPolicyManager(  274): unknown stream type 13
E/AudioPolicyManager(  274): unknown stream type 13
E/AudioPolicyManager(  274): unknown stream type 13
E/AudioPolicyManager(  274): unknown stream type 13
E/AudioPolicyManager(  274): unknown stream type 13
E/AudioPolicyManager(  274): unknown stream type 13
I/ActivityManager(  791): START u0 {cmp=com.test.ui.activities.nihao/com.test.ui.activities.other.test_tools.TestToolsActivity} from uid 10132 on display 0
V/WindowManager(  791): addAppToken: AppWindowToken{2a9b0578 token=Token{1d5df6db ActivityRecord{126813ea u0 com.test.ui.activities.nihao/com.test.ui.activities.other.test_tools.TestToolsActivity t1027}}} to stack=1 task=1027 at 1
D/audio_hw_primary(  274): start_output_stream: enter: stream(0xb82a71e0)usecase(1: low-latency-playback) devices(0x2)
D/audio_hw_primary(  274): select_devices: out_snd_device(2: speaker) in_snd_device(0: )
D/hardware_info(  274): hw_info_append_hw_type : device_name = speaker
I/soundtrigger(  274): audio_extn_sound_trigger_update_device_status: device 0x2 of type 0 for Event 1, with Raise=0
W/audio_hw_utils(  274): audio_extn_utils_update_stream_app_type_cfg: App type could not be selected. Falling back to default
I/audio_hw_primary(  274): select_devices Selected apptype: 69936
D/soundtrigger(  274): audio_extn_sound_trigger_update_stream_status: uc_id 1 of type 0 for Event 3, with Raise=0
D/ACDB-LOADER(  274): ACDB -> send_audio_cal, acdb_id = 14, path =  0
D/ACDB-LOADER(  274): ACDB -> send_asm_topology
D/ACDB-LOADER(  274): ACDB -> ACDB_CMD_GET_AUDPROC_STREAM_TOPOLOGY_ID
D/ACDB-LOADER(  274): ACDB -> send_adm_topology
D/ACDB-LOADER(  274): ACDB -> ACDB_CMD_GET_AUDPROC_COMMON_TOPOLOGY_ID
D/ACDB-LOADER(  274): ACDB -> send_audtable
D/ACDB-LOADER(  274): ACDB -> ACDB_CMD_GET_AUDPROC_COMMON_TABLE
D/ACDB-LOADER(  274): ACDB -> AUDIO_SET_AUDPROC_CAL
D/ACDB-LOADER(  274): ACDB -> send_audvoltable
D/ACDB-LOADER(  274): ACDB -> ACDB_CMD_GET_AUDPROC_GAIN_DEP_STEP_TABLE
D/ACDB-LOADER(  274): ACDB -> AUDIO_SET_AUDPROC_VOL_CAL
D/ACDB-LOADER(  274): ACDB -> send_afe_cal
D/ACDB-LOADER(  274): ACDB -> ACDB_CMD_GET_AFE_COMMON_TABLE
D/ACDB-LOADER(  274): ACDB -> AUDIO_SET_AFE_CAL
D/ACDB-LOADER(  274): ACDB -> send_hw_delay : acdb_id = 14 path = 0
D/ACDB-LOADER(  274): ACDB -> ACDB_AVSYNC_INFO: ACDB_CMD_GET_DEVICE_PROPERTY
I/audio_hw_utils(  274): audio_extn_utils_send_app_type_cfg app_type 69936, acdb_dev_id 14, sample_rate 48000
D/audio_hw_primary(  274): select_devices: done
D/UIAutomatorStub( 6033): URI: /jsonrpc/0, Method: POST, params, {NanoHttpd.QUERY_STRING=null}, files: {postData={"jsonrpc": "2.0", "id": "5fa7da2fe0762f87a9a8a3f135cd5c0c", "method": "waitForExists", "params": [{"mask": 1, "childOrSibling": [], "childOrSiblingSelector": [], "text": "\u6d4b\u8bd5\u5de5\u5177"}, 5000]}}
W/QueryController( 6033): Could not detect idle state.
D/MyApplication(12459): Add activity=com.test.ui.activities.other.test_tools.TestToolsActivity
I/ViewRootImpl(12459): CPU Rendering VSync enable = true
V/WindowManager(  791): Adding window Window{34ab84b6 u0 com.test.ui.activities.nihao/com.test.ui.activities.other.test_tools.TestToolsActivity} at 5 of 10 (after Window{e1257de u0 com.test.ui.activities.nihao/com.test.ui.activities.MainActivity})
I/ActivityManager(  791): Displayed com.test.ui.activities.nihao/com.test.ui.activities.other.test_tools.TestToolsActivity: +135ms
E/AudioPolicyManager(  274): unknown stream type 13
E/AudioPolicyManager(  274): unknown stream type 13
E/AudioPolicyManager(  274): unknown stream type 13
E/AudioPolicyManager(  274): unknown stream type 13
E/AudioPolicyManager(  274): unknown stream type 13
E/AudioPolicyManager(  274): unknown stream type 13
E/AudioPolicyManager(  274): unknown stream type 13
E/AudioPolicyManager(  274): unknown stream type 13
E/AudioPolicyManager(  274): unknown stream type 13
E/AudioPolicyManager(  274): unknown stream type 13
E/AudioPolicyManager(  274): unknown stream type 13
E/AudioPolicyManager(  274): unknown stream type 13
E/AudioPolicyManager(  274): unknown stream type 13
E/AudioPolicyManager(  274): unknown stream type 13
E/AudioPolicyManager(  274): unknown stream type 13
E/AudioPolicyManager(  274): unknown stream type 13
E/AudioPolicyManager(  274): unknown stream type 13
D/UIAutomatorStub( 6033): URI: /jsonrpc/0, Method: POST, params, {NanoHttpd.QUERY_STRING=null}, files: {postData={"jsonrpc": "2.0", "id": "619bc25b2a40ffbdb49534b64e6f247b", "method": "objInfo", "params": [{"mask": 1, "childOrSibling": [], "childOrSiblingSelector": [], "text": "\u6d4b\u8bd5\u5de5\u5177"}]}}
W/QueryController( 6033): Could not detect idle state.
D/OpenGLRenderer(12459): endAllStagingAnimators on 0xb80b0fc0 (RippleDrawable) with handle 0xb7ff24f0
I/Timeline(12459): Timeline: Activity_idle id: android.os.BinderProxy@1a84c7 time:44066326
W/QueryController( 6033): Could not detect idle state.
I/Timeline(  791): Timeline: Activity_windows_visible id: ActivityRecord{126813ea u0 com.test.ui.activities.nihao/com.test.ui.activities.other.test_tools.TestToolsActivity t1027} time:44066609
D/UIAutomatorStub( 6033): URI: /jsonrpc/0, Method: POST, params, {NanoHttpd.QUERY_STRING=null}, files: {postData={"jsonrpc": "2.0", "id": "daed3e87fc0211b8c3b62ac9a1ac6826", "method": "objInfo", "params": [{"mask": 1, "childOrSibling": [], "childOrSiblingSelector": [], "text": "\u6d4b\u8bd5\u5de5\u5177"}]}}
W/QueryController( 6033): Could not detect idle state.
W/QueryController( 6033): Could not detect idle state.
D/wpa_supplicant(27986): wlan0: Control interface command 'SIGNAL_POLL'
V/WLAN_PSA(  281): NL MSG, len[4026], NL type[0x1C] WNI type[0x5900] len[41487]
V/WLAN_PSA(  281): NL MSG, PID: 281
D/UIAutomatorStub( 6033): URI: /jsonrpc/0, Method: POST, params, {NanoHttpd.QUERY_STRING=null}, files: {postData={"jsonrpc": "2.0", "id": "35f1b67b50a05e3d1a6127ed69c15aee", "method": "objInfo", "params": [{"mask": 1, "childOrSibling": [], "childOrSiblingSelector": [], "text": "\u6d4b\u8bd5\u5de5\u5177"}]}}
W/QueryController( 6033): Could not detect idle state.
W/QueryController( 6033): Could not detect idle state.
W/linker  (12936): /data/local/tmp/minicap: unused DT entry: type 0x6ffffffe arg 0x14a8
W/linker  (12936): /data/local/tmp/minicap: unused DT entry: type 0x6fffffff arg 0x2
W/linker  (12940): /data/local/tmp/minicap: unused DT entry: type 0x6ffffffe arg 0x14a8
W/linker  (12940): /data/local/tmp/minicap: unused DT entry: type 0x6fffffff arg 0x2
I/SurfaceFlinger(  259): EGL information:
I/SurfaceFlinger(  259): vendor    : Android
I/SurfaceFlinger(  259): version   : 1.4 Android META-EGL
I/SurfaceFlinger(  259): extensions: EGL_KHR_get_all_proc_addresses EGL_ANDROID_presentation_time EGL_KHR_image EGL_KHR_image_base EGL_KHR_lock_surface EGL_KHR_gl_texture_2D_image EGL_KHR_gl_texture_cubemap_image EGL_KHR_gl_renderbuffer_image EGL_KHR_fence_sync EGL_KHR_create_context EGL_EXT_create_context_robustness EGL_ANDROID_image_native_buffer EGL_KHR_wait_sync EGL_ANDROID_recordable 
I/SurfaceFlinger(  259): Client API: OpenGL_ES
I/SurfaceFlinger(  259): EGLSurface: 8-8-8-8, config=0x5
I/SurfaceFlinger(  259): FPS: 54
W/libEGL  (  259): EGLNativeWindowType 0xb7881c60 disconnect failed
